[0.009s] Invoking command in '/home/user/dobot_ws/build/linkattacher_msgs': CMAKE_PREFIX_PATH=${CMAKE_PREFIX_PATH}:/home/user/dobot_ws/install/servo_action:/home/user/dobot_ws/install/dobot_moveit:/home/user/dobot_ws/install/dobot_demo:/opt/ros/humble /usr/bin/cmake /home/user/dobot_ws/src/IFRA_LinkAttacher/linkattacher_msgs -DCMAKE_INSTALL_PREFIX=/home/user/dobot_ws/install/linkattacher_msgs
[0.051s] -- The C compiler identification is GNU 12.3.0
[0.094s] -- The CXX compiler identification is GNU 12.3.0
[0.099s] -- Detecting C compiler ABI info
[0.150s] -- Detecting C compiler ABI info - done
[0.157s] -- Check for working C compiler: /usr/bin/cc - skipped
[0.157s] -- Detecting C compile features
[0.157s] -- Detecting C compile features - done
[0.159s] -- Detecting CXX compiler ABI info
[0.218s] -- Detecting CXX compiler ABI info - done
[0.225s] -- Check for working CXX compiler: /usr/bin/c++ - skipped
[0.225s] -- Detecting CXX compile features
[0.226s] -- Detecting CXX compile features - done
[0.228s] -- Found ament_cmake: 1.3.14 (/opt/ros/humble/share/ament_cmake/cmake)
[0.331s] -- Found Python3: /usr/bin/python3 (found version "3.10.12") found components: Interpreter 
[0.410s] -- Found ament_lint_auto: 0.12.15 (/opt/ros/humble/share/ament_lint_auto/cmake)
[0.478s] -- Found rosidl_default_generators: 1.2.1 (/opt/ros/humble/share/rosidl_default_generators/cmake)
[0.481s] -- Using all available rosidl_typesupport_c: rosidl_typesupport_fastrtps_c;rosidl_typesupport_introspection_c
[0.488s] -- Found rosidl_adapter: 3.1.8 (/opt/ros/humble/share/rosidl_adapter/cmake)
[0.525s] -- Using all available rosidl_typesupport_cpp: rosidl_typesupport_fastrtps_cpp;rosidl_typesupport_introspection_cpp
[0.703s] -- Found ament_cmake_ros: 0.10.0 (/opt/ros/humble/share/ament_cmake_ros/cmake)
[0.830s] -- Using all available rosidl_typesupport_c: rosidl_typesupport_fastrtps_c;rosidl_typesupport_introspection_c
[0.990s] -- Using all available rosidl_typesupport_cpp: rosidl_typesupport_fastrtps_cpp;rosidl_typesupport_introspection_cpp
[1.004s] -- Found PythonInterp: /usr/bin/python3 (found suitable version "3.10.12", minimum required is "3.6") 
[1.006s] -- Found python_cmake_module: 0.10.0 (/opt/ros/humble/share/python_cmake_module/cmake)
[1.022s] -- Found PythonLibs: /usr/lib/x86_64-linux-gnu/libpython3.10.so (found suitable version "3.10.12", minimum required is "3.5") 
[1.022s] -- Using PYTHON_EXECUTABLE: /usr/bin/python3
[1.022s] -- Using PYTHON_INCLUDE_DIRS: /usr/include/python3.10
[1.022s] -- Using PYTHON_LIBRARIES: /usr/lib/x86_64-linux-gnu/libpython3.10.so
[1.035s] -- Found PythonExtra: .so  
[1.100s] -- Added test 'copyright' to check source files copyright and LICENSE
[1.102s] -- Added test 'lint_cmake' to check CMake code style
[1.103s] -- Added test 'xmllint' to check XML markup files
[1.107s] -- Configuring done
[1.134s] -- Generating done
[1.142s] -- Build files have been written to: /home/user/dobot_ws/build/linkattacher_msgs
[1.148s] Invoked command in '/home/user/dobot_ws/build/linkattacher_msgs' returned '0': CMAKE_PREFIX_PATH=${CMAKE_PREFIX_PATH}:/home/user/dobot_ws/install/servo_action:/home/user/dobot_ws/install/dobot_moveit:/home/user/dobot_ws/install/dobot_demo:/opt/ros/humble /usr/bin/cmake /home/user/dobot_ws/src/IFRA_LinkAttacher/linkattacher_msgs -DCMAKE_INSTALL_PREFIX=/home/user/dobot_ws/install/linkattacher_msgs
[1.149s] Invoking command in '/home/user/dobot_ws/build/linkattacher_msgs': CMAKE_PREFIX_PATH=${CMAKE_PREFIX_PATH}:/home/user/dobot_ws/install/servo_action:/home/user/dobot_ws/install/dobot_moveit:/home/user/dobot_ws/install/dobot_demo:/opt/ros/humble /usr/bin/cmake --build /home/user/dobot_ws/build/linkattacher_msgs -- -j16 -l16
[1.176s] [  2%] [34m[1mGenerating C code for ROS interfaces[0m
[1.183s] [  7%] [34m[1mGenerating C++ code for ROS interfaces[0m
[1.183s] [  7%] [34m[1mGenerating Rust code for ROS interfaces[0m
[1.190s] [  7%] Built target ament_cmake_python_copy_linkattacher_msgs
[1.369s] running egg_info
[1.370s] creating linkattacher_msgs.egg-info
[1.370s] writing linkattacher_msgs.egg-info/PKG-INFO
[1.370s] writing dependency_links to linkattacher_msgs.egg-info/dependency_links.txt
[1.370s] writing top-level names to linkattacher_msgs.egg-info/top_level.txt
[1.370s] writing manifest file 'linkattacher_msgs.egg-info/SOURCES.txt'
[1.372s] reading manifest file 'linkattacher_msgs.egg-info/SOURCES.txt'
[1.372s] writing manifest file 'linkattacher_msgs.egg-info/SOURCES.txt'
[1.391s] [  7%] Built target ament_cmake_python_build_linkattacher_msgs_egg
[1.465s] [  7%] Built target linkattacher_msgs__rs
[1.541s] [  7%] Built target linkattacher_msgs__cpp
[1.549s] [ 15%] [34m[1mGenerating C++ introspection for ROS interfaces[0m
[1.549s] [ 15%] [34m[1mGenerating C++ type support dispatch for ROS interfaces[0m
[1.549s] [ 15%] [34m[1mGenerating C++ type support for eProsima Fast-RTPS[0m
[1.584s] [ 20%] [32mBuilding C object CMakeFiles/linkattacher_msgs__rosidl_generator_c.dir/rosidl_generator_c/linkattacher_msgs/srv/detail/attach_link__functions.c.o[0m
[1.584s] [ 20%] [32mBuilding C object CMakeFiles/linkattacher_msgs__rosidl_generator_c.dir/rosidl_generator_c/linkattacher_msgs/srv/detail/detach_link__functions.c.o[0m
[1.637s] [ 22%] [32m[1mLinking C shared library liblinkattacher_msgs__rosidl_generator_c.so[0m
[1.664s] [ 22%] Built target linkattacher_msgs__rosidl_generator_c
[1.671s] [ 30%] [34m[1mGenerating C introspection for ROS interfaces[0m
[1.672s] [ 30%] [34m[1mGenerating C type support for eProsima Fast-RTPS[0m
[1.672s] [ 30%] [34m[1mGenerating C type support dispatch for ROS interfaces[0m
[1.854s] [ 35%] [32mBuilding CXX object CMakeFiles/linkattacher_msgs__rosidl_typesupport_cpp.dir/rosidl_typesupport_cpp/linkattacher_msgs/srv/attach_link__type_support.cpp.o[0m
[1.854s] [ 35%] [32mBuilding CXX object CMakeFiles/linkattacher_msgs__rosidl_typesupport_cpp.dir/rosidl_typesupport_cpp/linkattacher_msgs/srv/detach_link__type_support.cpp.o[0m
[1.879s] [ 37%] [32mBuilding CXX object CMakeFiles/linkattacher_msgs__rosidl_typesupport_introspection_cpp.dir/rosidl_typesupport_introspection_cpp/linkattacher_msgs/srv/detail/detach_link__type_support.cpp.o[0m
[1.879s] [ 40%] [32mBuilding CXX object CMakeFiles/linkattacher_msgs__rosidl_typesupport_introspection_cpp.dir/rosidl_typesupport_introspection_cpp/linkattacher_msgs/srv/detail/attach_link__type_support.cpp.o[0m
[1.910s] [ 42%] [32mBuilding CXX object CMakeFiles/linkattacher_msgs__rosidl_typesupport_fastrtps_cpp.dir/rosidl_typesupport_fastrtps_cpp/linkattacher_msgs/srv/detail/dds_fastrtps/attach_link__type_support.cpp.o[0m
[1.913s] [ 45%] [32mBuilding CXX object CMakeFiles/linkattacher_msgs__rosidl_typesupport_fastrtps_cpp.dir/rosidl_typesupport_fastrtps_cpp/linkattacher_msgs/srv/detail/dds_fastrtps/detach_link__type_support.cpp.o[0m
[1.998s] [ 47%] [32mBuilding CXX object CMakeFiles/linkattacher_msgs__rosidl_typesupport_c.dir/rosidl_typesupport_c/linkattacher_msgs/srv/attach_link__type_support.cpp.o[0m
[1.999s] [ 50%] [32mBuilding CXX object CMakeFiles/linkattacher_msgs__rosidl_typesupport_c.dir/rosidl_typesupport_c/linkattacher_msgs/srv/detach_link__type_support.cpp.o[0m
[2.037s] [ 52%] [32m[1mLinking CXX shared library liblinkattacher_msgs__rosidl_typesupport_c.so[0m
[2.046s] [ 55%] [32mBuilding CXX object CMakeFiles/linkattacher_msgs__rosidl_typesupport_fastrtps_c.dir/rosidl_typesupport_fastrtps_c/linkattacher_msgs/srv/detail/attach_link__type_support_c.cpp.o[0m
[2.049s] [ 57%] [32mBuilding CXX object CMakeFiles/linkattacher_msgs__rosidl_typesupport_fastrtps_c.dir/rosidl_typesupport_fastrtps_c/linkattacher_msgs/srv/detail/detach_link__type_support_c.cpp.o[0m
[2.075s] [ 57%] Built target linkattacher_msgs__rosidl_typesupport_c
[2.081s] [ 60%] [32mBuilding C object CMakeFiles/linkattacher_msgs__rosidl_typesupport_introspection_c.dir/rosidl_typesupport_introspection_c/linkattacher_msgs/srv/detail/detach_link__type_support.c.o[0m
[2.081s] [ 62%] [32mBuilding C object CMakeFiles/linkattacher_msgs__rosidl_typesupport_introspection_c.dir/rosidl_typesupport_introspection_c/linkattacher_msgs/srv/detail/attach_link__type_support.c.o[0m
[2.113s] [ 65%] [32m[1mLinking C shared library liblinkattacher_msgs__rosidl_typesupport_introspection_c.so[0m
[2.137s] [ 65%] Built target linkattacher_msgs__rosidl_typesupport_introspection_c
[2.169s] [ 67%] [32m[1mLinking CXX shared library liblinkattacher_msgs__rosidl_typesupport_cpp.so[0m
[2.202s] [ 67%] Built target linkattacher_msgs__rosidl_typesupport_cpp
[2.298s] [ 70%] [32m[1mLinking CXX shared library liblinkattacher_msgs__rosidl_typesupport_introspection_cpp.so[0m
[2.348s] [ 70%] Built target linkattacher_msgs__rosidl_typesupport_introspection_cpp
[2.415s] [ 72%] [32m[1mLinking CXX shared library liblinkattacher_msgs__rosidl_typesupport_fastrtps_c.so[0m
[2.415s] [ 75%] [32m[1mLinking CXX shared library liblinkattacher_msgs__rosidl_typesupport_fastrtps_cpp.so[0m
[2.471s] [ 75%] Built target linkattacher_msgs__rosidl_typesupport_fastrtps_cpp
[2.471s] [ 75%] Built target linkattacher_msgs__rosidl_typesupport_fastrtps_c
[2.485s] [ 75%] Built target linkattacher_msgs
[2.500s] [ 77%] [34m[1mGenerating Python code for ROS interfaces[0m
[3.057s] [ 77%] Built target linkattacher_msgs__py
[3.072s] [ 82%] [32mBuilding C object CMakeFiles/linkattacher_msgs__rosidl_generator_py.dir/rosidl_generator_py/linkattacher_msgs/srv/_detach_link_s.c.o[0m
[3.072s] [ 82%] [32mBuilding C object CMakeFiles/linkattacher_msgs__rosidl_generator_py.dir/rosidl_generator_py/linkattacher_msgs/srv/_attach_link_s.c.o[0m
[3.161s] [ 85%] [32m[1mLinking C shared library rosidl_generator_py/linkattacher_msgs/liblinkattacher_msgs__rosidl_generator_py.so[0m
[3.190s] [ 85%] Built target linkattacher_msgs__rosidl_generator_py
[3.204s] [ 90%] [32mBuilding C object CMakeFiles/linkattacher_msgs__rosidl_typesupport_c__pyext.dir/rosidl_generator_py/linkattacher_msgs/_linkattacher_msgs_s.ep.rosidl_typesupport_c.c.o[0m
[3.204s] [ 90%] [32mBuilding C object CMakeFiles/linkattacher_msgs__rosidl_typesupport_introspection_c__pyext.dir/rosidl_generator_py/linkattacher_msgs/_linkattacher_msgs_s.ep.rosidl_typesupport_introspection_c.c.o[0m
[3.204s] [ 92%] [32mBuilding C object CMakeFiles/linkattacher_msgs__rosidl_typesupport_fastrtps_c__pyext.dir/rosidl_generator_py/linkattacher_msgs/_linkattacher_msgs_s.ep.rosidl_typesupport_fastrtps_c.c.o[0m
[3.289s] [ 95%] [32m[1mLinking C shared library rosidl_generator_py/linkattacher_msgs/linkattacher_msgs_s__rosidl_typesupport_c.cpython-310-x86_64-linux-gnu.so[0m
[3.290s] [ 97%] [32m[1mLinking C shared library rosidl_generator_py/linkattacher_msgs/linkattacher_msgs_s__rosidl_typesupport_fastrtps_c.cpython-310-x86_64-linux-gnu.so[0m
[3.290s] [100%] [32m[1mLinking C shared library rosidl_generator_py/linkattacher_msgs/linkattacher_msgs_s__rosidl_typesupport_introspection_c.cpython-310-x86_64-linux-gnu.so[0m
[3.314s] [100%] Built target linkattacher_msgs__rosidl_typesupport_c__pyext
[3.315s] [100%] Built target linkattacher_msgs__rosidl_typesupport_fastrtps_c__pyext
[3.316s] [100%] Built target linkattacher_msgs__rosidl_typesupport_introspection_c__pyext
[3.325s] Invoked command in '/home/user/dobot_ws/build/linkattacher_msgs' returned '0': CMAKE_PREFIX_PATH=${CMAKE_PREFIX_PATH}:/home/user/dobot_ws/install/servo_action:/home/user/dobot_ws/install/dobot_moveit:/home/user/dobot_ws/install/dobot_demo:/opt/ros/humble /usr/bin/cmake --build /home/user/dobot_ws/build/linkattacher_msgs -- -j16 -l16
[3.332s] Invoking command in '/home/user/dobot_ws/build/linkattacher_msgs': CMAKE_PREFIX_PATH=${CMAKE_PREFIX_PATH}:/home/user/dobot_ws/install/servo_action:/home/user/dobot_ws/install/dobot_moveit:/home/user/dobot_ws/install/dobot_demo:/opt/ros/humble /usr/bin/cmake --install /home/user/dobot_ws/build/linkattacher_msgs
[3.337s] -- Install configuration: ""
[3.337s] -- Installing: /home/user/dobot_ws/install/linkattacher_msgs/share/linkattacher_msgs/srv
[3.337s] -- Installing: /home/user/dobot_ws/install/linkattacher_msgs/share/linkattacher_msgs/srv/AttachLink.srv
[3.337s] -- Installing: /home/user/dobot_ws/install/linkattacher_msgs/share/linkattacher_msgs/srv/DetachLink.srv
[3.338s] -- Installing: /home/user/dobot_ws/install/linkattacher_msgs/share/ament_index/resource_index/rosidl_interfaces/linkattacher_msgs
[3.338s] -- Installing: /home/user/dobot_ws/install/linkattacher_msgs/include/linkattacher_msgs/linkattacher_msgs
[3.338s] -- Installing: /home/user/dobot_ws/install/linkattacher_msgs/include/linkattacher_msgs/linkattacher_msgs/msg
[3.338s] -- Installing: /home/user/dobot_ws/install/linkattacher_msgs/include/linkattacher_msgs/linkattacher_msgs/msg/rosidl_generator_c__visibility_control.h
[3.338s] -- Installing: /home/user/dobot_ws/install/linkattacher_msgs/include/linkattacher_msgs/linkattacher_msgs/srv
[3.338s] -- Installing: /home/user/dobot_ws/install/linkattacher_msgs/include/linkattacher_msgs/linkattacher_msgs/srv/detach_link.h
[3.338s] -- Installing: /home/user/dobot_ws/install/linkattacher_msgs/include/linkattacher_msgs/linkattacher_msgs/srv/detail
[3.338s] -- Installing: /home/user/dobot_ws/install/linkattacher_msgs/include/linkattacher_msgs/linkattacher_msgs/srv/detail/detach_link__functions.h
[3.338s] -- Installing: /home/user/dobot_ws/install/linkattacher_msgs/include/linkattacher_msgs/linkattacher_msgs/srv/detail/detach_link__functions.c
[3.338s] -- Installing: /home/user/dobot_ws/install/linkattacher_msgs/include/linkattacher_msgs/linkattacher_msgs/srv/detail/attach_link__functions.c
[3.338s] -- Installing: /home/user/dobot_ws/install/linkattacher_msgs/include/linkattacher_msgs/linkattacher_msgs/srv/detail/attach_link__type_support.h
[3.338s] -- Installing: /home/user/dobot_ws/install/linkattacher_msgs/include/linkattacher_msgs/linkattacher_msgs/srv/detail/detach_link__struct.h
[3.338s] -- Installing: /home/user/dobot_ws/install/linkattacher_msgs/include/linkattacher_msgs/linkattacher_msgs/srv/detail/attach_link__functions.h
[3.339s] -- Installing: /home/user/dobot_ws/install/linkattacher_msgs/include/linkattacher_msgs/linkattacher_msgs/srv/detail/attach_link__struct.h
[3.339s] -- Installing: /home/user/dobot_ws/install/linkattacher_msgs/include/linkattacher_msgs/linkattacher_msgs/srv/detail/detach_link__type_support.h
[3.339s] -- Installing: /home/user/dobot_ws/install/linkattacher_msgs/include/linkattacher_msgs/linkattacher_msgs/srv/attach_link.h
[3.339s] -- Installing: /home/user/dobot_ws/install/linkattacher_msgs/share/linkattacher_msgs/environment/library_path.sh
[3.339s] -- Installing: /home/user/dobot_ws/install/linkattacher_msgs/share/linkattacher_msgs/environment/library_path.dsv
[3.339s] -- Installing: /home/user/dobot_ws/install/linkattacher_msgs/lib/liblinkattacher_msgs__rosidl_generator_c.so
[3.339s] -- Set runtime path of "/home/user/dobot_ws/install/linkattacher_msgs/lib/liblinkattacher_msgs__rosidl_generator_c.so" to ""
[3.339s] -- Up-to-date: /home/user/dobot_ws/install/linkattacher_msgs/include/linkattacher_msgs/linkattacher_msgs
[3.339s] -- Up-to-date: /home/user/dobot_ws/install/linkattacher_msgs/include/linkattacher_msgs/linkattacher_msgs/msg
[3.340s] -- Installing: /home/user/dobot_ws/install/linkattacher_msgs/include/linkattacher_msgs/linkattacher_msgs/msg/rosidl_typesupport_fastrtps_c__visibility_control.h
[3.340s] -- Up-to-date: /home/user/dobot_ws/install/linkattacher_msgs/include/linkattacher_msgs/linkattacher_msgs/srv
[3.340s] -- Up-to-date: /home/user/dobot_ws/install/linkattacher_msgs/include/linkattacher_msgs/linkattacher_msgs/srv/detail
[3.340s] -- Installing: /home/user/dobot_ws/install/linkattacher_msgs/include/linkattacher_msgs/linkattacher_msgs/srv/detail/attach_link__rosidl_typesupport_fastrtps_c.h
[3.340s] -- Installing: /home/user/dobot_ws/install/linkattacher_msgs/include/linkattacher_msgs/linkattacher_msgs/srv/detail/detach_link__rosidl_typesupport_fastrtps_c.h
[3.340s] -- Installing: /home/user/dobot_ws/install/linkattacher_msgs/lib/liblinkattacher_msgs__rosidl_typesupport_fastrtps_c.so
[3.340s] -- Set runtime path of "/home/user/dobot_ws/install/linkattacher_msgs/lib/liblinkattacher_msgs__rosidl_typesupport_fastrtps_c.so" to ""
[3.340s] -- Up-to-date: /home/user/dobot_ws/install/linkattacher_msgs/include/linkattacher_msgs/linkattacher_msgs
[3.340s] -- Up-to-date: /home/user/dobot_ws/install/linkattacher_msgs/include/linkattacher_msgs/linkattacher_msgs/msg
[3.340s] -- Installing: /home/user/dobot_ws/install/linkattacher_msgs/include/linkattacher_msgs/linkattacher_msgs/msg/rosidl_typesupport_introspection_c__visibility_control.h
[3.340s] -- Up-to-date: /home/user/dobot_ws/install/linkattacher_msgs/include/linkattacher_msgs/linkattacher_msgs/srv
[3.340s] -- Up-to-date: /home/user/dobot_ws/install/linkattacher_msgs/include/linkattacher_msgs/linkattacher_msgs/srv/detail
[3.340s] -- Installing: /home/user/dobot_ws/install/linkattacher_msgs/include/linkattacher_msgs/linkattacher_msgs/srv/detail/attach_link__type_support.c
[3.341s] -- Installing: /home/user/dobot_ws/install/linkattacher_msgs/include/linkattacher_msgs/linkattacher_msgs/srv/detail/detach_link__type_support.c
[3.341s] -- Installing: /home/user/dobot_ws/install/linkattacher_msgs/include/linkattacher_msgs/linkattacher_msgs/srv/detail/detach_link__rosidl_typesupport_introspection_c.h
[3.341s] -- Installing: /home/user/dobot_ws/install/linkattacher_msgs/include/linkattacher_msgs/linkattacher_msgs/srv/detail/attach_link__rosidl_typesupport_introspection_c.h
[3.341s] -- Installing: /home/user/dobot_ws/install/linkattacher_msgs/lib/liblinkattacher_msgs__rosidl_typesupport_introspection_c.so
[3.341s] -- Set runtime path of "/home/user/dobot_ws/install/linkattacher_msgs/lib/liblinkattacher_msgs__rosidl_typesupport_introspection_c.so" to ""
[3.341s] -- Installing: /home/user/dobot_ws/install/linkattacher_msgs/lib/liblinkattacher_msgs__rosidl_typesupport_c.so
[3.342s] -- Set runtime path of "/home/user/dobot_ws/install/linkattacher_msgs/lib/liblinkattacher_msgs__rosidl_typesupport_c.so" to ""
[3.342s] -- Up-to-date: /home/user/dobot_ws/install/linkattacher_msgs/include/linkattacher_msgs/linkattacher_msgs
[3.342s] -- Up-to-date: /home/user/dobot_ws/install/linkattacher_msgs/include/linkattacher_msgs/linkattacher_msgs/msg
[3.342s] -- Installing: /home/user/dobot_ws/install/linkattacher_msgs/include/linkattacher_msgs/linkattacher_msgs/msg/rosidl_generator_cpp__visibility_control.hpp
[3.342s] -- Up-to-date: /home/user/dobot_ws/install/linkattacher_msgs/include/linkattacher_msgs/linkattacher_msgs/srv
[3.342s] -- Installing: /home/user/dobot_ws/install/linkattacher_msgs/include/linkattacher_msgs/linkattacher_msgs/srv/attach_link.hpp
[3.342s] -- Installing: /home/user/dobot_ws/install/linkattacher_msgs/include/linkattacher_msgs/linkattacher_msgs/srv/detach_link.hpp
[3.342s] -- Up-to-date: /home/user/dobot_ws/install/linkattacher_msgs/include/linkattacher_msgs/linkattacher_msgs/srv/detail
[3.342s] -- Installing: /home/user/dobot_ws/install/linkattacher_msgs/include/linkattacher_msgs/linkattacher_msgs/srv/detail/attach_link__traits.hpp
[3.342s] -- Installing: /home/user/dobot_ws/install/linkattacher_msgs/include/linkattacher_msgs/linkattacher_msgs/srv/detail/attach_link__builder.hpp
[3.342s] -- Installing: /home/user/dobot_ws/install/linkattacher_msgs/include/linkattacher_msgs/linkattacher_msgs/srv/detail/detach_link__type_support.hpp
[3.342s] -- Installing: /home/user/dobot_ws/install/linkattacher_msgs/include/linkattacher_msgs/linkattacher_msgs/srv/detail/detach_link__struct.hpp
[3.342s] -- Installing: /home/user/dobot_ws/install/linkattacher_msgs/include/linkattacher_msgs/linkattacher_msgs/srv/detail/detach_link__traits.hpp
[3.343s] -- Installing: /home/user/dobot_ws/install/linkattacher_msgs/include/linkattacher_msgs/linkattacher_msgs/srv/detail/attach_link__struct.hpp
[3.343s] -- Installing: /home/user/dobot_ws/install/linkattacher_msgs/include/linkattacher_msgs/linkattacher_msgs/srv/detail/detach_link__builder.hpp
[3.343s] -- Installing: /home/user/dobot_ws/install/linkattacher_msgs/include/linkattacher_msgs/linkattacher_msgs/srv/detail/attach_link__type_support.hpp
[3.343s] -- Up-to-date: /home/user/dobot_ws/install/linkattacher_msgs/include/linkattacher_msgs/linkattacher_msgs
[3.343s] -- Up-to-date: /home/user/dobot_ws/install/linkattacher_msgs/include/linkattacher_msgs/linkattacher_msgs/msg
[3.343s] -- Installing: /home/user/dobot_ws/install/linkattacher_msgs/include/linkattacher_msgs/linkattacher_msgs/msg/rosidl_typesupport_fastrtps_cpp__visibility_control.h
[3.343s] -- Up-to-date: /home/user/dobot_ws/install/linkattacher_msgs/include/linkattacher_msgs/linkattacher_msgs/srv
[3.343s] -- Up-to-date: /home/user/dobot_ws/install/linkattacher_msgs/include/linkattacher_msgs/linkattacher_msgs/srv/detail
[3.343s] -- Installing: /home/user/dobot_ws/install/linkattacher_msgs/include/linkattacher_msgs/linkattacher_msgs/srv/detail/dds_fastrtps
[3.343s] -- Installing: /home/user/dobot_ws/install/linkattacher_msgs/include/linkattacher_msgs/linkattacher_msgs/srv/detail/detach_link__rosidl_typesupport_fastrtps_cpp.hpp
[3.344s] -- Installing: /home/user/dobot_ws/install/linkattacher_msgs/include/linkattacher_msgs/linkattacher_msgs/srv/detail/attach_link__rosidl_typesupport_fastrtps_cpp.hpp
[3.344s] -- Installing: /home/user/dobot_ws/install/linkattacher_msgs/lib/liblinkattacher_msgs__rosidl_typesupport_fastrtps_cpp.so
[3.344s] -- Set runtime path of "/home/user/dobot_ws/install/linkattacher_msgs/lib/liblinkattacher_msgs__rosidl_typesupport_fastrtps_cpp.so" to ""
[3.344s] -- Up-to-date: /home/user/dobot_ws/install/linkattacher_msgs/include/linkattacher_msgs/linkattacher_msgs
[3.344s] -- Up-to-date: /home/user/dobot_ws/install/linkattacher_msgs/include/linkattacher_msgs/linkattacher_msgs/srv
[3.344s] -- Up-to-date: /home/user/dobot_ws/install/linkattacher_msgs/include/linkattacher_msgs/linkattacher_msgs/srv/detail
[3.344s] -- Installing: /home/user/dobot_ws/install/linkattacher_msgs/include/linkattacher_msgs/linkattacher_msgs/srv/detail/attach_link__rosidl_typesupport_introspection_cpp.hpp
[3.344s] -- Installing: /home/user/dobot_ws/install/linkattacher_msgs/include/linkattacher_msgs/linkattacher_msgs/srv/detail/detach_link__type_support.cpp
[3.344s] -- Installing: /home/user/dobot_ws/install/linkattacher_msgs/include/linkattacher_msgs/linkattacher_msgs/srv/detail/detach_link__rosidl_typesupport_introspection_cpp.hpp
[3.344s] -- Installing: /home/user/dobot_ws/install/linkattacher_msgs/include/linkattacher_msgs/linkattacher_msgs/srv/detail/attach_link__type_support.cpp
[3.345s] -- Installing: /home/user/dobot_ws/install/linkattacher_msgs/lib/liblinkattacher_msgs__rosidl_typesupport_introspection_cpp.so
[3.345s] -- Set runtime path of "/home/user/dobot_ws/install/linkattacher_msgs/lib/liblinkattacher_msgs__rosidl_typesupport_introspection_cpp.so" to ""
[3.345s] -- Installing: /home/user/dobot_ws/install/linkattacher_msgs/lib/liblinkattacher_msgs__rosidl_typesupport_cpp.so
[3.345s] -- Set runtime path of "/home/user/dobot_ws/install/linkattacher_msgs/lib/liblinkattacher_msgs__rosidl_typesupport_cpp.so" to ""
[3.346s] -- Installing: /home/user/dobot_ws/install/linkattacher_msgs/share/linkattacher_msgs/environment/pythonpath.sh
[3.346s] -- Installing: /home/user/dobot_ws/install/linkattacher_msgs/share/linkattacher_msgs/environment/pythonpath.dsv
[3.346s] -- Installing: /home/user/dobot_ws/install/linkattacher_msgs/local/lib/python3.10/dist-packages/linkattacher_msgs-0.0.0-py3.10.egg-info
[3.346s] -- Installing: /home/user/dobot_ws/install/linkattacher_msgs/local/lib/python3.10/dist-packages/linkattacher_msgs-0.0.0-py3.10.egg-info/SOURCES.txt
[3.346s] -- Installing: /home/user/dobot_ws/install/linkattacher_msgs/local/lib/python3.10/dist-packages/linkattacher_msgs-0.0.0-py3.10.egg-info/top_level.txt
[3.346s] -- Installing: /home/user/dobot_ws/install/linkattacher_msgs/local/lib/python3.10/dist-packages/linkattacher_msgs-0.0.0-py3.10.egg-info/PKG-INFO
[3.346s] -- Installing: /home/user/dobot_ws/install/linkattacher_msgs/local/lib/python3.10/dist-packages/linkattacher_msgs-0.0.0-py3.10.egg-info/dependency_links.txt
[3.347s] -- Installing: /home/user/dobot_ws/install/linkattacher_msgs/local/lib/python3.10/dist-packages/linkattacher_msgs
[3.347s] -- Installing: /home/user/dobot_ws/install/linkattacher_msgs/local/lib/python3.10/dist-packages/linkattacher_msgs/linkattacher_msgs_s__rosidl_typesupport_introspection_c.cpython-310-x86_64-linux-gnu.so
[3.347s] -- Installing: /home/user/dobot_ws/install/linkattacher_msgs/local/lib/python3.10/dist-packages/linkattacher_msgs/linkattacher_msgs_s__rosidl_typesupport_fastrtps_c.cpython-310-x86_64-linux-gnu.so
[3.347s] -- Installing: /home/user/dobot_ws/install/linkattacher_msgs/local/lib/python3.10/dist-packages/linkattacher_msgs/_linkattacher_msgs_s.ep.rosidl_typesupport_introspection_c.c
[3.347s] -- Installing: /home/user/dobot_ws/install/linkattacher_msgs/local/lib/python3.10/dist-packages/linkattacher_msgs/__init__.py
[3.347s] -- Installing: /home/user/dobot_ws/install/linkattacher_msgs/local/lib/python3.10/dist-packages/linkattacher_msgs/_linkattacher_msgs_s.ep.rosidl_typesupport_fastrtps_c.c
[3.347s] -- Installing: /home/user/dobot_ws/install/linkattacher_msgs/local/lib/python3.10/dist-packages/linkattacher_msgs/linkattacher_msgs_s__rosidl_typesupport_c.cpython-310-x86_64-linux-gnu.so
[3.347s] -- Installing: /home/user/dobot_ws/install/linkattacher_msgs/local/lib/python3.10/dist-packages/linkattacher_msgs/srv
[3.347s] -- Installing: /home/user/dobot_ws/install/linkattacher_msgs/local/lib/python3.10/dist-packages/linkattacher_msgs/srv/_detach_link.py
[3.348s] -- Installing: /home/user/dobot_ws/install/linkattacher_msgs/local/lib/python3.10/dist-packages/linkattacher_msgs/srv/_detach_link_s.c
[3.348s] -- Installing: /home/user/dobot_ws/install/linkattacher_msgs/local/lib/python3.10/dist-packages/linkattacher_msgs/srv/_attach_link_s.c
[3.348s] -- Installing: /home/user/dobot_ws/install/linkattacher_msgs/local/lib/python3.10/dist-packages/linkattacher_msgs/srv/__init__.py
[3.348s] -- Installing: /home/user/dobot_ws/install/linkattacher_msgs/local/lib/python3.10/dist-packages/linkattacher_msgs/srv/_attach_link.py
[3.348s] -- Installing: /home/user/dobot_ws/install/linkattacher_msgs/local/lib/python3.10/dist-packages/linkattacher_msgs/liblinkattacher_msgs__rosidl_generator_py.so
[3.348s] -- Installing: /home/user/dobot_ws/install/linkattacher_msgs/local/lib/python3.10/dist-packages/linkattacher_msgs/_linkattacher_msgs_s.ep.rosidl_typesupport_c.c
[3.378s] Listing '/home/user/dobot_ws/install/linkattacher_msgs/local/lib/python3.10/dist-packages/linkattacher_msgs'...
[3.378s] Compiling '/home/user/dobot_ws/install/linkattacher_msgs/local/lib/python3.10/dist-packages/linkattacher_msgs/__init__.py'...
[3.378s] Listing '/home/user/dobot_ws/install/linkattacher_msgs/local/lib/python3.10/dist-packages/linkattacher_msgs/srv'...
[3.378s] Compiling '/home/user/dobot_ws/install/linkattacher_msgs/local/lib/python3.10/dist-packages/linkattacher_msgs/srv/__init__.py'...
[3.378s] Compiling '/home/user/dobot_ws/install/linkattacher_msgs/local/lib/python3.10/dist-packages/linkattacher_msgs/srv/_attach_link.py'...
[3.378s] Compiling '/home/user/dobot_ws/install/linkattacher_msgs/local/lib/python3.10/dist-packages/linkattacher_msgs/srv/_detach_link.py'...
[3.381s] -- Installing: /home/user/dobot_ws/install/linkattacher_msgs/local/lib/python3.10/dist-packages/linkattacher_msgs/linkattacher_msgs_s__rosidl_typesupport_fastrtps_c.cpython-310-x86_64-linux-gnu.so
[3.381s] -- Set runtime path of "/home/user/dobot_ws/install/linkattacher_msgs/local/lib/python3.10/dist-packages/linkattacher_msgs/linkattacher_msgs_s__rosidl_typesupport_fastrtps_c.cpython-310-x86_64-linux-gnu.so" to ""
[3.382s] -- Installing: /home/user/dobot_ws/install/linkattacher_msgs/local/lib/python3.10/dist-packages/linkattacher_msgs/linkattacher_msgs_s__rosidl_typesupport_introspection_c.cpython-310-x86_64-linux-gnu.so
[3.382s] -- Set runtime path of "/home/user/dobot_ws/install/linkattacher_msgs/local/lib/python3.10/dist-packages/linkattacher_msgs/linkattacher_msgs_s__rosidl_typesupport_introspection_c.cpython-310-x86_64-linux-gnu.so" to ""
[3.382s] -- Installing: /home/user/dobot_ws/install/linkattacher_msgs/local/lib/python3.10/dist-packages/linkattacher_msgs/linkattacher_msgs_s__rosidl_typesupport_c.cpython-310-x86_64-linux-gnu.so
[3.382s] -- Set runtime path of "/home/user/dobot_ws/install/linkattacher_msgs/local/lib/python3.10/dist-packages/linkattacher_msgs/linkattacher_msgs_s__rosidl_typesupport_c.cpython-310-x86_64-linux-gnu.so" to ""
[3.382s] -- Installing: /home/user/dobot_ws/install/linkattacher_msgs/lib/liblinkattacher_msgs__rosidl_generator_py.so
[3.383s] -- Set runtime path of "/home/user/dobot_ws/install/linkattacher_msgs/lib/liblinkattacher_msgs__rosidl_generator_py.so" to ""
[3.383s] -- Installing: /home/user/dobot_ws/install/linkattacher_msgs/share/ament_index/resource_index/rust_packages/linkattacher_msgs
[3.383s] -- Installing: /home/user/dobot_ws/install/linkattacher_msgs/share/linkattacher_msgs/rust
[3.383s] -- Installing: /home/user/dobot_ws/install/linkattacher_msgs/share/linkattacher_msgs/rust/src
[3.383s] -- Installing: /home/user/dobot_ws/install/linkattacher_msgs/share/linkattacher_msgs/rust/src/srv
[3.383s] -- Installing: /home/user/dobot_ws/install/linkattacher_msgs/share/linkattacher_msgs/rust/src/srv/rmw.rs
[3.383s] -- Installing: /home/user/dobot_ws/install/linkattacher_msgs/share/linkattacher_msgs/rust/src/lib.rs
[3.383s] -- Installing: /home/user/dobot_ws/install/linkattacher_msgs/share/linkattacher_msgs/rust/src/srv.rs
[3.383s] -- Installing: /home/user/dobot_ws/install/linkattacher_msgs/share/linkattacher_msgs/rust/build.rs
[3.384s] -- Installing: /home/user/dobot_ws/install/linkattacher_msgs/share/linkattacher_msgs/rust/Cargo.toml
[3.384s] -- Installing: /home/user/dobot_ws/install/linkattacher_msgs/share/linkattacher_msgs/srv/AttachLink.idl
[3.384s] -- Installing: /home/user/dobot_ws/install/linkattacher_msgs/share/linkattacher_msgs/srv/DetachLink.idl
[3.384s] -- Up-to-date: /home/user/dobot_ws/install/linkattacher_msgs/share/linkattacher_msgs/srv/AttachLink.srv
[3.384s] -- Installing: /home/user/dobot_ws/install/linkattacher_msgs/share/linkattacher_msgs/srv/AttachLink_Request.msg
[3.384s] -- Installing: /home/user/dobot_ws/install/linkattacher_msgs/share/linkattacher_msgs/srv/AttachLink_Response.msg
[3.384s] -- Up-to-date: /home/user/dobot_ws/install/linkattacher_msgs/share/linkattacher_msgs/srv/DetachLink.srv
[3.384s] -- Installing: /home/user/dobot_ws/install/linkattacher_msgs/share/linkattacher_msgs/srv/DetachLink_Request.msg
[3.384s] -- Installing: /home/user/dobot_ws/install/linkattacher_msgs/share/linkattacher_msgs/srv/DetachLink_Response.msg
[3.385s] -- Installing: /home/user/dobot_ws/install/linkattacher_msgs/share/ament_index/resource_index/package_run_dependencies/linkattacher_msgs
[3.385s] -- Installing: /home/user/dobot_ws/install/linkattacher_msgs/share/ament_index/resource_index/parent_prefix_path/linkattacher_msgs
[3.385s] -- Installing: /home/user/dobot_ws/install/linkattacher_msgs/share/linkattacher_msgs/environment/ament_prefix_path.sh
[3.385s] -- Installing: /home/user/dobot_ws/install/linkattacher_msgs/share/linkattacher_msgs/environment/ament_prefix_path.dsv
[3.385s] -- Installing: /home/user/dobot_ws/install/linkattacher_msgs/share/linkattacher_msgs/environment/path.sh
[3.385s] -- Installing: /home/user/dobot_ws/install/linkattacher_msgs/share/linkattacher_msgs/environment/path.dsv
[3.385s] -- Installing: /home/user/dobot_ws/install/linkattacher_msgs/share/linkattacher_msgs/local_setup.bash
[3.385s] -- Installing: /home/user/dobot_ws/install/linkattacher_msgs/share/linkattacher_msgs/local_setup.sh
[3.386s] -- Installing: /home/user/dobot_ws/install/linkattacher_msgs/share/linkattacher_msgs/local_setup.zsh
[3.386s] -- Installing: /home/user/dobot_ws/install/linkattacher_msgs/share/linkattacher_msgs/local_setup.dsv
[3.386s] -- Installing: /home/user/dobot_ws/install/linkattacher_msgs/share/linkattacher_msgs/package.dsv
[3.386s] -- Installing: /home/user/dobot_ws/install/linkattacher_msgs/share/ament_index/resource_index/packages/linkattacher_msgs
[3.386s] -- Installing: /home/user/dobot_ws/install/linkattacher_msgs/share/linkattacher_msgs/cmake/export_linkattacher_msgs__rosidl_generator_cExport.cmake
[3.386s] -- Installing: /home/user/dobot_ws/install/linkattacher_msgs/share/linkattacher_msgs/cmake/export_linkattacher_msgs__rosidl_generator_cExport-noconfig.cmake
[3.386s] -- Installing: /home/user/dobot_ws/install/linkattacher_msgs/share/linkattacher_msgs/cmake/export_linkattacher_msgs__rosidl_typesupport_fastrtps_cExport.cmake
[3.387s] -- Installing: /home/user/dobot_ws/install/linkattacher_msgs/share/linkattacher_msgs/cmake/export_linkattacher_msgs__rosidl_typesupport_fastrtps_cExport-noconfig.cmake
[3.387s] -- Installing: /home/user/dobot_ws/install/linkattacher_msgs/share/linkattacher_msgs/cmake/linkattacher_msgs__rosidl_typesupport_introspection_cExport.cmake
[3.387s] -- Installing: /home/user/dobot_ws/install/linkattacher_msgs/share/linkattacher_msgs/cmake/linkattacher_msgs__rosidl_typesupport_introspection_cExport-noconfig.cmake
[3.387s] -- Installing: /home/user/dobot_ws/install/linkattacher_msgs/share/linkattacher_msgs/cmake/linkattacher_msgs__rosidl_typesupport_cExport.cmake
[3.387s] -- Installing: /home/user/dobot_ws/install/linkattacher_msgs/share/linkattacher_msgs/cmake/linkattacher_msgs__rosidl_typesupport_cExport-noconfig.cmake
[3.387s] -- Installing: /home/user/dobot_ws/install/linkattacher_msgs/share/linkattacher_msgs/cmake/export_linkattacher_msgs__rosidl_generator_cppExport.cmake
[3.387s] -- Installing: /home/user/dobot_ws/install/linkattacher_msgs/share/linkattacher_msgs/cmake/export_linkattacher_msgs__rosidl_typesupport_fastrtps_cppExport.cmake
[3.388s] -- Installing: /home/user/dobot_ws/install/linkattacher_msgs/share/linkattacher_msgs/cmake/export_linkattacher_msgs__rosidl_typesupport_fastrtps_cppExport-noconfig.cmake
[3.388s] -- Installing: /home/user/dobot_ws/install/linkattacher_msgs/share/linkattacher_msgs/cmake/linkattacher_msgs__rosidl_typesupport_introspection_cppExport.cmake
[3.388s] -- Installing: /home/user/dobot_ws/install/linkattacher_msgs/share/linkattacher_msgs/cmake/linkattacher_msgs__rosidl_typesupport_introspection_cppExport-noconfig.cmake
[3.388s] -- Installing: /home/user/dobot_ws/install/linkattacher_msgs/share/linkattacher_msgs/cmake/linkattacher_msgs__rosidl_typesupport_cppExport.cmake
[3.388s] -- Installing: /home/user/dobot_ws/install/linkattacher_msgs/share/linkattacher_msgs/cmake/linkattacher_msgs__rosidl_typesupport_cppExport-noconfig.cmake
[3.388s] -- Installing: /home/user/dobot_ws/install/linkattacher_msgs/share/linkattacher_msgs/cmake/export_linkattacher_msgs__rosidl_generator_pyExport.cmake
[3.388s] -- Installing: /home/user/dobot_ws/install/linkattacher_msgs/share/linkattacher_msgs/cmake/export_linkattacher_msgs__rosidl_generator_pyExport-noconfig.cmake
[3.388s] -- Installing: /home/user/dobot_ws/install/linkattacher_msgs/share/linkattacher_msgs/cmake/rosidl_cmake-extras.cmake
[3.389s] -- Installing: /home/user/dobot_ws/install/linkattacher_msgs/share/linkattacher_msgs/cmake/ament_cmake_export_include_directories-extras.cmake
[3.389s] -- Installing: /home/user/dobot_ws/install/linkattacher_msgs/share/linkattacher_msgs/cmake/ament_cmake_export_libraries-extras.cmake
[3.389s] -- Installing: /home/user/dobot_ws/install/linkattacher_msgs/share/linkattacher_msgs/cmake/ament_cmake_export_targets-extras.cmake
[3.389s] -- Installing: /home/user/dobot_ws/install/linkattacher_msgs/share/linkattacher_msgs/cmake/rosidl_cmake_export_typesupport_targets-extras.cmake
[3.389s] -- Installing: /home/user/dobot_ws/install/linkattacher_msgs/share/linkattacher_msgs/cmake/ament_cmake_export_dependencies-extras.cmake
[3.389s] -- Installing: /home/user/dobot_ws/install/linkattacher_msgs/share/linkattacher_msgs/cmake/rosidl_cmake_export_typesupport_libraries-extras.cmake
[3.389s] -- Installing: /home/user/dobot_ws/install/linkattacher_msgs/share/linkattacher_msgs/cmake/linkattacher_msgsConfig.cmake
[3.389s] -- Installing: /home/user/dobot_ws/install/linkattacher_msgs/share/linkattacher_msgs/cmake/linkattacher_msgsConfig-version.cmake
[3.390s] -- Installing: /home/user/dobot_ws/install/linkattacher_msgs/share/linkattacher_msgs/package.xml
[3.392s] Invoked command in '/home/user/dobot_ws/build/linkattacher_msgs' returned '0': CMAKE_PREFIX_PATH=${CMAKE_PREFIX_PATH}:/home/user/dobot_ws/install/servo_action:/home/user/dobot_ws/install/dobot_moveit:/home/user/dobot_ws/install/dobot_demo:/opt/ros/humble /usr/bin/cmake --install /home/user/dobot_ws/build/linkattacher_msgs
