running egg_info
creating ../../../build/ariac_db/ariac_db.egg-info
writing ../../../build/ariac_db/ariac_db.egg-info/PKG-INFO
writing dependency_links to ../../../build/ariac_db/ariac_db.egg-info/dependency_links.txt
writing entry points to ../../../build/ariac_db/ariac_db.egg-info/entry_points.txt
writing requirements to ../../../build/ariac_db/ariac_db.egg-info/requires.txt
writing top-level names to ../../../build/ariac_db/ariac_db.egg-info/top_level.txt
writing manifest file '../../../build/ariac_db/ariac_db.egg-info/SOURCES.txt'
reading manifest file '../../../build/ariac_db/ariac_db.egg-info/SOURCES.txt'
adding license file 'LICENSE'
writing manifest file '../../../build/ariac_db/ariac_db.egg-info/SOURCES.txt'
running build
running build_py
creating /home/user/dobot_ws/build/ariac_db/build
creating /home/user/dobot_ws/build/ariac_db/build/lib
creating /home/user/dobot_ws/build/ariac_db/build/lib/ariac_db
copying ariac_db/structures.py -> /home/user/dobot_ws/build/ariac_db/build/lib/ariac_db
copying ariac_db/__init__.py -> /home/user/dobot_ws/build/ariac_db/build/lib/ariac_db
copying ariac_db/manager.py -> /home/user/dobot_ws/build/ariac_db/build/lib/ariac_db
copying ariac_db/scoring.py -> /home/user/dobot_ws/build/ariac_db/build/lib/ariac_db
running install
running install_lib
creating /home/user/dobot_ws/install/ariac_db/lib/python3.10/site-packages/ariac_db
copying /home/user/dobot_ws/build/ariac_db/build/lib/ariac_db/structures.py -> /home/user/dobot_ws/install/ariac_db/lib/python3.10/site-packages/ariac_db
copying /home/user/dobot_ws/build/ariac_db/build/lib/ariac_db/__init__.py -> /home/user/dobot_ws/install/ariac_db/lib/python3.10/site-packages/ariac_db
copying /home/user/dobot_ws/build/ariac_db/build/lib/ariac_db/manager.py -> /home/user/dobot_ws/install/ariac_db/lib/python3.10/site-packages/ariac_db
copying /home/user/dobot_ws/build/ariac_db/build/lib/ariac_db/scoring.py -> /home/user/dobot_ws/install/ariac_db/lib/python3.10/site-packages/ariac_db
byte-compiling /home/user/dobot_ws/install/ariac_db/lib/python3.10/site-packages/ariac_db/structures.py to structures.cpython-310.pyc
byte-compiling /home/user/dobot_ws/install/ariac_db/lib/python3.10/site-packages/ariac_db/__init__.py to __init__.cpython-310.pyc
byte-compiling /home/user/dobot_ws/install/ariac_db/lib/python3.10/site-packages/ariac_db/manager.py to manager.cpython-310.pyc
byte-compiling /home/user/dobot_ws/install/ariac_db/lib/python3.10/site-packages/ariac_db/scoring.py to scoring.cpython-310.pyc
running install_data
creating /home/user/dobot_ws/install/ariac_db/share/ament_index
creating /home/user/dobot_ws/install/ariac_db/share/ament_index/resource_index
creating /home/user/dobot_ws/install/ariac_db/share/ament_index/resource_index/packages
copying resource/ariac_db -> /home/user/dobot_ws/install/ariac_db/share/ament_index/resource_index/packages
copying package.xml -> /home/user/dobot_ws/install/ariac_db/share/ariac_db
creating /home/user/dobot_ws/install/ariac_db/share/ariac_db/schema
copying schema/ariac.sql -> /home/user/dobot_ws/install/ariac_db/share/ariac_db/schema
creating /home/user/dobot_ws/install/ariac_db/share/ariac_db/config
copying config/scoring_weights.yaml -> /home/user/dobot_ws/install/ariac_db/share/ariac_db/config
running install_egg_info
Copying ../../../build/ariac_db/ariac_db.egg-info to /home/user/dobot_ws/install/ariac_db/lib/python3.10/site-packages/ariac_db-2025.3.4-py3.10.egg-info
running install_scripts
writing list of installed files to '/home/user/dobot_ws/build/ariac_db/install.log'
