[1.772s] Invoking command in '/home/user/dobot_ws/src/ARIAC/ariac_setup': PYTHONPATH=/home/user/dobot_ws/build/ariac_setup/prefix_override:/usr/lib/python3/dist-packages/colcon_core/task/python/colcon_distutils_commands:/home/user/dobot_ws/install/ariac_setup/lib/python3.10/site-packages:${PYTHONPATH} /usr/bin/python3 -W ignore:setup.py install is deprecated -W ignore:easy_install command is deprecated setup.py egg_info --egg-base ../../../build/ariac_setup build --build-base /home/user/dobot_ws/build/ariac_setup/build install --record /home/user/dobot_ws/build/ariac_setup/install.log --single-version-externally-managed install_data
[1.793s] running egg_info
[1.793s] creating ../../../build/ariac_setup/ariac_setup.egg-info
[1.793s] writing ../../../build/ariac_setup/ariac_setup.egg-info/PKG-INFO
[1.793s] writing dependency_links to ../../../build/ariac_setup/ariac_setup.egg-info/dependency_links.txt
[1.794s] writing entry points to ../../../build/ariac_setup/ariac_setup.egg-info/entry_points.txt
[1.794s] writing requirements to ../../../build/ariac_setup/ariac_setup.egg-info/requires.txt
[1.794s] writing top-level names to ../../../build/ariac_setup/ariac_setup.egg-info/top_level.txt
[1.794s] writing manifest file '../../../build/ariac_setup/ariac_setup.egg-info/SOURCES.txt'
[1.794s] reading manifest file '../../../build/ariac_setup/ariac_setup.egg-info/SOURCES.txt'
[1.794s] writing manifest file '../../../build/ariac_setup/ariac_setup.egg-info/SOURCES.txt'
[1.795s] running build
[1.795s] running build_py
[1.795s] creating /home/user/dobot_ws/build/ariac_setup/build
[1.795s] creating /home/user/dobot_ws/build/ariac_setup/build/lib
[1.795s] creating /home/user/dobot_ws/build/ariac_setup/build/lib/ariac_setup
[1.795s] copying ariac_setup/startup.py -> /home/user/dobot_ws/build/ariac_setup/build/lib/ariac_setup
[1.795s] copying ariac_setup/ready.py -> /home/user/dobot_ws/build/ariac_setup/build/lib/ariac_setup
[1.796s] copying ariac_setup/sensor_spawner.py -> /home/user/dobot_ws/build/ariac_setup/build/lib/ariac_setup
[1.796s] copying ariac_setup/structures.py -> /home/user/dobot_ws/build/ariac_setup/build/lib/ariac_setup
[1.797s] copying ariac_setup/__init__.py -> /home/user/dobot_ws/build/ariac_setup/build/lib/ariac_setup
[1.797s] copying ariac_setup/param_setter.py -> /home/user/dobot_ws/build/ariac_setup/build/lib/ariac_setup
[1.797s] copying ariac_setup/utils.py -> /home/user/dobot_ws/build/ariac_setup/build/lib/ariac_setup
[1.797s] copying ariac_setup/user_config_parser.py -> /home/user/dobot_ws/build/ariac_setup/build/lib/ariac_setup
[1.798s] copying ariac_setup/controller_starter.py -> /home/user/dobot_ws/build/ariac_setup/build/lib/ariac_setup
[1.798s] copying ariac_setup/score_logger.py -> /home/user/dobot_ws/build/ariac_setup/build/lib/ariac_setup
[1.798s] copying ariac_setup/yaml_validation.py -> /home/user/dobot_ws/build/ariac_setup/build/lib/ariac_setup
[1.798s] running install
[1.798s] running install_lib
[1.798s] creating /home/user/dobot_ws/install/ariac_setup/lib/python3.10/site-packages/ariac_setup
[1.798s] copying /home/user/dobot_ws/build/ariac_setup/build/lib/ariac_setup/startup.py -> /home/user/dobot_ws/install/ariac_setup/lib/python3.10/site-packages/ariac_setup
[1.799s] copying /home/user/dobot_ws/build/ariac_setup/build/lib/ariac_setup/ready.py -> /home/user/dobot_ws/install/ariac_setup/lib/python3.10/site-packages/ariac_setup
[1.799s] copying /home/user/dobot_ws/build/ariac_setup/build/lib/ariac_setup/sensor_spawner.py -> /home/user/dobot_ws/install/ariac_setup/lib/python3.10/site-packages/ariac_setup
[1.799s] copying /home/user/dobot_ws/build/ariac_setup/build/lib/ariac_setup/structures.py -> /home/user/dobot_ws/install/ariac_setup/lib/python3.10/site-packages/ariac_setup
[1.799s] copying /home/user/dobot_ws/build/ariac_setup/build/lib/ariac_setup/__init__.py -> /home/user/dobot_ws/install/ariac_setup/lib/python3.10/site-packages/ariac_setup
[1.799s] copying /home/user/dobot_ws/build/ariac_setup/build/lib/ariac_setup/param_setter.py -> /home/user/dobot_ws/install/ariac_setup/lib/python3.10/site-packages/ariac_setup
[1.799s] copying /home/user/dobot_ws/build/ariac_setup/build/lib/ariac_setup/utils.py -> /home/user/dobot_ws/install/ariac_setup/lib/python3.10/site-packages/ariac_setup
[1.800s] copying /home/user/dobot_ws/build/ariac_setup/build/lib/ariac_setup/user_config_parser.py -> /home/user/dobot_ws/install/ariac_setup/lib/python3.10/site-packages/ariac_setup
[1.800s] copying /home/user/dobot_ws/build/ariac_setup/build/lib/ariac_setup/controller_starter.py -> /home/user/dobot_ws/install/ariac_setup/lib/python3.10/site-packages/ariac_setup
[1.800s] copying /home/user/dobot_ws/build/ariac_setup/build/lib/ariac_setup/score_logger.py -> /home/user/dobot_ws/install/ariac_setup/lib/python3.10/site-packages/ariac_setup
[1.801s] copying /home/user/dobot_ws/build/ariac_setup/build/lib/ariac_setup/yaml_validation.py -> /home/user/dobot_ws/install/ariac_setup/lib/python3.10/site-packages/ariac_setup
[1.801s] byte-compiling /home/user/dobot_ws/install/ariac_setup/lib/python3.10/site-packages/ariac_setup/startup.py to startup.cpython-310.pyc
[1.801s] byte-compiling /home/user/dobot_ws/install/ariac_setup/lib/python3.10/site-packages/ariac_setup/ready.py to ready.cpython-310.pyc
[1.802s] byte-compiling /home/user/dobot_ws/install/ariac_setup/lib/python3.10/site-packages/ariac_setup/sensor_spawner.py to sensor_spawner.cpython-310.pyc
[1.802s] byte-compiling /home/user/dobot_ws/install/ariac_setup/lib/python3.10/site-packages/ariac_setup/structures.py to structures.cpython-310.pyc
[1.803s] byte-compiling /home/user/dobot_ws/install/ariac_setup/lib/python3.10/site-packages/ariac_setup/__init__.py to __init__.cpython-310.pyc
[1.803s] byte-compiling /home/user/dobot_ws/install/ariac_setup/lib/python3.10/site-packages/ariac_setup/param_setter.py to param_setter.cpython-310.pyc
[1.803s] byte-compiling /home/user/dobot_ws/install/ariac_setup/lib/python3.10/site-packages/ariac_setup/utils.py to utils.cpython-310.pyc
[1.804s] byte-compiling /home/user/dobot_ws/install/ariac_setup/lib/python3.10/site-packages/ariac_setup/user_config_parser.py to user_config_parser.cpython-310.pyc
[1.805s] byte-compiling /home/user/dobot_ws/install/ariac_setup/lib/python3.10/site-packages/ariac_setup/controller_starter.py to controller_starter.cpython-310.pyc
[1.805s] byte-compiling /home/user/dobot_ws/install/ariac_setup/lib/python3.10/site-packages/ariac_setup/score_logger.py to score_logger.cpython-310.pyc
[1.805s] byte-compiling /home/user/dobot_ws/install/ariac_setup/lib/python3.10/site-packages/ariac_setup/yaml_validation.py to yaml_validation.cpython-310.pyc
[1.805s] running install_data
[1.806s] creating /home/user/dobot_ws/install/ariac_setup/share/ament_index
[1.806s] creating /home/user/dobot_ws/install/ariac_setup/share/ament_index/resource_index
[1.806s] creating /home/user/dobot_ws/install/ariac_setup/share/ament_index/resource_index/packages
[1.806s] copying resource/ariac_setup -> /home/user/dobot_ws/install/ariac_setup/share/ament_index/resource_index/packages
[1.806s] copying package.xml -> /home/user/dobot_ws/install/ariac_setup/share/ariac_setup
[1.807s] creating /home/user/dobot_ws/install/ariac_setup/share/ariac_setup/config
[1.807s] copying config/defects.yaml -> /home/user/dobot_ws/install/ariac_setup/share/ariac_setup/config
[1.807s] copying config/user_config_schema.json -> /home/user/dobot_ws/install/ariac_setup/share/ariac_setup/config
[1.807s] copying config/trial_schema.json -> /home/user/dobot_ws/install/ariac_setup/share/ariac_setup/config
[1.808s] running install_egg_info
[1.808s] Copying ../../../build/ariac_setup/ariac_setup.egg-info to /home/user/dobot_ws/install/ariac_setup/lib/python3.10/site-packages/ariac_setup-2025.3.4-py3.10.egg-info
[1.808s] running install_scripts
[1.825s] Installing ready script to /home/user/dobot_ws/install/ariac_setup/lib/ariac_setup
[1.826s] Installing score_logger script to /home/user/dobot_ws/install/ariac_setup/lib/ariac_setup
[1.826s] Installing startup script to /home/user/dobot_ws/install/ariac_setup/lib/ariac_setup
[1.826s] writing list of installed files to '/home/user/dobot_ws/build/ariac_setup/install.log'
[1.846s] Invoked command in '/home/user/dobot_ws/src/ARIAC/ariac_setup' returned '0': PYTHONPATH=/home/user/dobot_ws/build/ariac_setup/prefix_override:/usr/lib/python3/dist-packages/colcon_core/task/python/colcon_distutils_commands:/home/user/dobot_ws/install/ariac_setup/lib/python3.10/site-packages:${PYTHONPATH} /usr/bin/python3 -W ignore:setup.py install is deprecated -W ignore:easy_install command is deprecated setup.py egg_info --egg-base ../../../build/ariac_setup build --build-base /home/user/dobot_ws/build/ariac_setup/build install --record /home/user/dobot_ws/build/ariac_setup/install.log --single-version-externally-managed install_data
