[0.940s] Invoking command in '/home/user/dobot_ws/src/DOBOT_6Axis_ROS2_V4/dobot_moveit': PYTHONPATH=/home/user/dobot_ws/build/dobot_moveit/prefix_override:/usr/lib/python3/dist-packages/colcon_core/task/python/colcon_distutils_commands:/home/user/dobot_ws/install/dobot_moveit/lib/python3.10/site-packages:${PYTHONPATH} /usr/bin/python3 -W ignore:setup.py install is deprecated -W ignore:easy_install command is deprecated setup.py egg_info --egg-base ../../../build/dobot_moveit build --build-base /home/user/dobot_ws/build/dobot_moveit/build install --record /home/user/dobot_ws/build/dobot_moveit/install.log --single-version-externally-managed install_data
[1.122s] running egg_info
[1.123s] creating ../../../build/dobot_moveit/dobot_moveit.egg-info
[1.123s] writing ../../../build/dobot_moveit/dobot_moveit.egg-info/PKG-INFO
[1.123s] writing dependency_links to ../../../build/dobot_moveit/dobot_moveit.egg-info/dependency_links.txt
[1.123s] writing entry points to ../../../build/dobot_moveit/dobot_moveit.egg-info/entry_points.txt
[1.123s] writing requirements to ../../../build/dobot_moveit/dobot_moveit.egg-info/requires.txt
[1.123s] writing top-level names to ../../../build/dobot_moveit/dobot_moveit.egg-info/top_level.txt
[1.123s] writing manifest file '../../../build/dobot_moveit/dobot_moveit.egg-info/SOURCES.txt'
[1.125s] reading manifest file '../../../build/dobot_moveit/dobot_moveit.egg-info/SOURCES.txt'
[1.125s] writing manifest file '../../../build/dobot_moveit/dobot_moveit.egg-info/SOURCES.txt'
[1.125s] running build
[1.126s] running build_py
[1.126s] creating /home/user/dobot_ws/build/dobot_moveit/build
[1.126s] creating /home/user/dobot_ws/build/dobot_moveit/build/lib
[1.126s] creating /home/user/dobot_ws/build/dobot_moveit/build/lib/dobot_moveit
[1.126s] copying dobot_moveit/__init__.py -> /home/user/dobot_ws/build/dobot_moveit/build/lib/dobot_moveit
[1.126s] copying dobot_moveit/action_move_server.py -> /home/user/dobot_ws/build/dobot_moveit/build/lib/dobot_moveit
[1.126s] copying dobot_moveit/joint_states.py -> /home/user/dobot_ws/build/dobot_moveit/build/lib/dobot_moveit
[1.127s] running install
[1.127s] running install_lib
[1.127s] creating /home/user/dobot_ws/install/dobot_moveit/lib/python3.10/site-packages/dobot_moveit
[1.127s] copying /home/user/dobot_ws/build/dobot_moveit/build/lib/dobot_moveit/__init__.py -> /home/user/dobot_ws/install/dobot_moveit/lib/python3.10/site-packages/dobot_moveit
[1.127s] copying /home/user/dobot_ws/build/dobot_moveit/build/lib/dobot_moveit/action_move_server.py -> /home/user/dobot_ws/install/dobot_moveit/lib/python3.10/site-packages/dobot_moveit
[1.127s] copying /home/user/dobot_ws/build/dobot_moveit/build/lib/dobot_moveit/joint_states.py -> /home/user/dobot_ws/install/dobot_moveit/lib/python3.10/site-packages/dobot_moveit
[1.128s] byte-compiling /home/user/dobot_ws/install/dobot_moveit/lib/python3.10/site-packages/dobot_moveit/__init__.py to __init__.cpython-310.pyc
[1.128s] byte-compiling /home/user/dobot_ws/install/dobot_moveit/lib/python3.10/site-packages/dobot_moveit/action_move_server.py to action_move_server.cpython-310.pyc
[1.128s] byte-compiling /home/user/dobot_ws/install/dobot_moveit/lib/python3.10/site-packages/dobot_moveit/joint_states.py to joint_states.cpython-310.pyc
[1.128s] running install_data
[1.128s] creating /home/user/dobot_ws/install/dobot_moveit/share/ament_index
[1.128s] creating /home/user/dobot_ws/install/dobot_moveit/share/ament_index/resource_index
[1.129s] creating /home/user/dobot_ws/install/dobot_moveit/share/ament_index/resource_index/packages
[1.129s] copying resource/dobot_moveit -> /home/user/dobot_ws/install/dobot_moveit/share/ament_index/resource_index/packages
[1.129s] copying package.xml -> /home/user/dobot_ws/install/dobot_moveit/share/dobot_moveit
[1.129s] creating /home/user/dobot_ws/install/dobot_moveit/share/dobot_moveit/launch
[1.129s] copying launch/dobot_joint.launch.py -> /home/user/dobot_ws/install/dobot_moveit/share/dobot_moveit/launch
[1.129s] copying launch/moveit_demo.launch.py -> /home/user/dobot_ws/install/dobot_moveit/share/dobot_moveit/launch
[1.129s] copying launch/dobot_moveit.launch.py -> /home/user/dobot_ws/install/dobot_moveit/share/dobot_moveit/launch
[1.129s] copying launch/moveit_gazebo.launch.py -> /home/user/dobot_ws/install/dobot_moveit/share/dobot_moveit/launch
[1.129s] running install_egg_info
[1.130s] Copying ../../../build/dobot_moveit/dobot_moveit.egg-info to /home/user/dobot_ws/install/dobot_moveit/lib/python3.10/site-packages/dobot_moveit-0.0.0-py3.10.egg-info
[1.131s] running install_scripts
[1.149s] Installing action_move_server script to /home/user/dobot_ws/install/dobot_moveit/lib/dobot_moveit
[1.149s] Installing joint_states script to /home/user/dobot_ws/install/dobot_moveit/lib/dobot_moveit
[1.149s] writing list of installed files to '/home/user/dobot_ws/build/dobot_moveit/install.log'
[1.175s] Invoked command in '/home/user/dobot_ws/src/DOBOT_6Axis_ROS2_V4/dobot_moveit' returned '0': PYTHONPATH=/home/user/dobot_ws/build/dobot_moveit/prefix_override:/usr/lib/python3/dist-packages/colcon_core/task/python/colcon_distutils_commands:/home/user/dobot_ws/install/dobot_moveit/lib/python3.10/site-packages:${PYTHONPATH} /usr/bin/python3 -W ignore:setup.py install is deprecated -W ignore:easy_install command is deprecated setup.py egg_info --egg-base ../../../build/dobot_moveit build --build-base /home/user/dobot_ws/build/dobot_moveit/build install --record /home/user/dobot_ws/build/dobot_moveit/install.log --single-version-externally-managed install_data
