[0.683s] Invoking command in '/home/user/dobot_ws/build/dobot_demo_cpp': CMAKE_PREFIX_PATH=${CMAKE_PREFIX_PATH}:/home/user/dobot_ws/install/servo_action:/home/user/dobot_ws/install/dobot_moveit:/home/user/dobot_ws/install/dobot_demo:/opt/ros/humble /usr/bin/cmake --build /home/user/dobot_ws/build/dobot_demo_cpp -- -j16 -l16
[1.094s] [35m[1mConsolidate compiler generated dependencies of target gemini_demo[0m
[1.095s] [100%] Built target gemini_demo
[1.101s] Invoked command in '/home/user/dobot_ws/build/dobot_demo_cpp' returned '0': CMAKE_PREFIX_PATH=${CMAKE_PREFIX_PATH}:/home/user/dobot_ws/install/servo_action:/home/user/dobot_ws/install/dobot_moveit:/home/user/dobot_ws/install/dobot_demo:/opt/ros/humble /usr/bin/cmake --build /home/user/dobot_ws/build/dobot_demo_cpp -- -j16 -l16
[1.103s] Invoking command in '/home/user/dobot_ws/build/dobot_demo_cpp': CMAKE_PREFIX_PATH=${CMAKE_PREFIX_PATH}:/home/user/dobot_ws/install/servo_action:/home/user/dobot_ws/install/dobot_moveit:/home/user/dobot_ws/install/dobot_demo:/opt/ros/humble /usr/bin/cmake --install /home/user/dobot_ws/build/dobot_demo_cpp
[1.191s] -- Install configuration: ""
[1.191s] -- Up-to-date: /home/user/dobot_ws/install/dobot_demo_cpp/lib/dobot_demo_cpp/gemini_demo
[1.191s] -- Up-to-date: /home/user/dobot_ws/install/dobot_demo_cpp/share/ament_index/resource_index/package_run_dependencies/dobot_demo_cpp
[1.192s] -- Up-to-date: /home/user/dobot_ws/install/dobot_demo_cpp/share/ament_index/resource_index/parent_prefix_path/dobot_demo_cpp
[1.192s] -- Up-to-date: /home/user/dobot_ws/install/dobot_demo_cpp/share/dobot_demo_cpp/environment/ament_prefix_path.sh
[1.192s] -- Up-to-date: /home/user/dobot_ws/install/dobot_demo_cpp/share/dobot_demo_cpp/environment/ament_prefix_path.dsv
[1.192s] -- Up-to-date: /home/user/dobot_ws/install/dobot_demo_cpp/share/dobot_demo_cpp/environment/path.sh
[1.193s] -- Up-to-date: /home/user/dobot_ws/install/dobot_demo_cpp/share/dobot_demo_cpp/environment/path.dsv
[1.193s] -- Up-to-date: /home/user/dobot_ws/install/dobot_demo_cpp/share/dobot_demo_cpp/local_setup.bash
[1.193s] -- Up-to-date: /home/user/dobot_ws/install/dobot_demo_cpp/share/dobot_demo_cpp/local_setup.sh
[1.193s] -- Up-to-date: /home/user/dobot_ws/install/dobot_demo_cpp/share/dobot_demo_cpp/local_setup.zsh
[1.193s] -- Up-to-date: /home/user/dobot_ws/install/dobot_demo_cpp/share/dobot_demo_cpp/local_setup.dsv
[1.194s] -- Installing: /home/user/dobot_ws/install/dobot_demo_cpp/share/dobot_demo_cpp/package.dsv
[1.195s] -- Up-to-date: /home/user/dobot_ws/install/dobot_demo_cpp/share/ament_index/resource_index/packages/dobot_demo_cpp
[1.195s] -- Up-to-date: /home/user/dobot_ws/install/dobot_demo_cpp/share/dobot_demo_cpp/cmake/dobot_demo_cppConfig.cmake
[1.195s] -- Up-to-date: /home/user/dobot_ws/install/dobot_demo_cpp/share/dobot_demo_cpp/cmake/dobot_demo_cppConfig-version.cmake
[1.195s] -- Up-to-date: /home/user/dobot_ws/install/dobot_demo_cpp/share/dobot_demo_cpp/package.xml
[1.647s] Invoked command in '/home/user/dobot_ws/build/dobot_demo_cpp' returned '0': CMAKE_PREFIX_PATH=${CMAKE_PREFIX_PATH}:/home/user/dobot_ws/install/servo_action:/home/user/dobot_ws/install/dobot_moveit:/home/user/dobot_ws/install/dobot_demo:/opt/ros/humble /usr/bin/cmake --install /home/user/dobot_ws/build/dobot_demo_cpp
