-- Found ament_cmake: 1.3.14 (/opt/ros/humble/share/ament_cmake/cmake)
-- Found ros_gz: 0.244.24 (/opt/ros/humble/share/ros_gz/cmake)
-- Found rclcpp: 16.0.19 (/opt/ros/humble/share/rclcpp/cmake)
-- Found rosidl_generator_c: 3.1.8 (/opt/ros/humble/share/rosidl_generator_c/cmake)
-- Found rosidl_adapter: 3.1.8 (/opt/ros/humble/share/rosidl_adapter/cmake)
-- Found rosidl_generator_cpp: 3.1.8 (/opt/ros/humble/share/rosidl_generator_cpp/cmake)
-- Using all available rosidl_typesupport_c: rosidl_typesupport_fastrtps_c;rosidl_typesupport_introspection_c
-- Using all available rosidl_typesupport_cpp: rosidl_typesupport_fastrtps_cpp;rosidl_typesupport_introspection_cpp
-- Found rmw_implementation_cmake: 6.1.2 (/opt/ros/humble/share/rmw_implementation_cmake/cmake)
-- Found rmw_fastrtps_cpp: 6.2.10 (/opt/ros/humble/share/rmw_fastrtps_cpp/cmake)
-- Found OpenSSL: /usr/lib/x86_64-linux-gnu/libcrypto.so (found version "3.0.2")  
-- Found FastRTPS: /opt/ros/humble/include  
-- Using RMW implementation 'rmw_fastrtps_cpp' as default
-- Looking for pthread.h
-- Looking for pthread.h - found
-- Performing Test CMAKE_HAVE_LIBC_PTHREAD
-- Performing Test CMAKE_HAVE_LIBC_PTHREAD - Success
-- Found Threads: TRUE  
-- Configuring done
-- Generating done
-- Build files have been written to: /home/user/dobot_ws/build/ariac_gz
-- Install configuration: ""
-- Installing: /home/user/dobot_ws/install/ariac_gz/share/ariac_gz/config
-- Installing: /home/user/dobot_ws/install/ariac_gz/share/ariac_gz/config/gui.config
-- Installing: /home/user/dobot_ws/install/ariac_gz/share/ariac_gz/launch
-- Installing: /home/user/dobot_ws/install/ariac_gz/share/ariac_gz/launch/robot.launch.py
-- Installing: /home/user/dobot_ws/install/ariac_gz/share/ariac_gz/launch/ariac.launch.py
-- Installing: /home/user/dobot_ws/install/ariac_gz/share/ariac_gz/models
-- Installing: /home/user/dobot_ws/install/ariac_gz/share/ariac_gz/models/tool_holder
-- Installing: /home/user/dobot_ws/install/ariac_gz/share/ariac_gz/models/tool_holder/model.config
-- Installing: /home/user/dobot_ws/install/ariac_gz/share/ariac_gz/models/tool_holder/meshes
-- Installing: /home/user/dobot_ws/install/ariac_gz/share/ariac_gz/models/tool_holder/meshes/tool_holder.stl
-- Installing: /home/user/dobot_ws/install/ariac_gz/share/ariac_gz/models/tool_holder/meshes/textures
-- Installing: /home/user/dobot_ws/install/ariac_gz/share/ariac_gz/models/tool_holder/meshes/textures/Metal009_1K-PNG_Color.png
-- Installing: /home/user/dobot_ws/install/ariac_gz/share/ariac_gz/models/tool_holder/meshes/textures/Plastic011_1K-PNG_Color.png
-- Installing: /home/user/dobot_ws/install/ariac_gz/share/ariac_gz/models/tool_holder/meshes/tool_holder.bin
-- Installing: /home/user/dobot_ws/install/ariac_gz/share/ariac_gz/models/tool_holder/meshes/tool_holder.gltf
-- Installing: /home/user/dobot_ws/install/ariac_gz/share/ariac_gz/models/tool_holder/model.sdf
-- Installing: /home/user/dobot_ws/install/ariac_gz/share/ariac_gz/models/bins
-- Installing: /home/user/dobot_ws/install/ariac_gz/share/ariac_gz/models/bins/recycling_bin
-- Installing: /home/user/dobot_ws/install/ariac_gz/share/ariac_gz/models/bins/recycling_bin/model.config
-- Installing: /home/user/dobot_ws/install/ariac_gz/share/ariac_gz/models/bins/recycling_bin/model.sdf
-- Installing: /home/user/dobot_ws/install/ariac_gz/share/ariac_gz/models/bins/meshes
-- Installing: /home/user/dobot_ws/install/ariac_gz/share/ariac_gz/models/bins/meshes/blue_bin.dae
-- Installing: /home/user/dobot_ws/install/ariac_gz/share/ariac_gz/models/bins/meshes/Plastic015A_1K-PNG_Color.png
-- Installing: /home/user/dobot_ws/install/ariac_gz/share/ariac_gz/models/bins/meshes/Plastic017B_1K-PNG_Color.png
-- Installing: /home/user/dobot_ws/install/ariac_gz/share/ariac_gz/models/bins/meshes/green_bin.dae
-- Installing: /home/user/dobot_ws/install/ariac_gz/share/ariac_gz/models/bins/disposal_bin
-- Installing: /home/user/dobot_ws/install/ariac_gz/share/ariac_gz/models/bins/disposal_bin/model.config
-- Installing: /home/user/dobot_ws/install/ariac_gz/share/ariac_gz/models/bins/disposal_bin/model.sdf
-- Installing: /home/user/dobot_ws/install/ariac_gz/share/ariac_gz/models/assembly_conveyor
-- Installing: /home/user/dobot_ws/install/ariac_gz/share/ariac_gz/models/assembly_conveyor/model.config
-- Installing: /home/user/dobot_ws/install/ariac_gz/share/ariac_gz/models/assembly_conveyor/meshes
-- Installing: /home/user/dobot_ws/install/ariac_gz/share/ariac_gz/models/assembly_conveyor/meshes/belt.stl
-- Installing: /home/user/dobot_ws/install/ariac_gz/share/ariac_gz/models/assembly_conveyor/meshes/textures
-- Installing: /home/user/dobot_ws/install/ariac_gz/share/ariac_gz/models/assembly_conveyor/meshes/textures/metal_assembly_conveyor.png
-- Installing: /home/user/dobot_ws/install/ariac_gz/share/ariac_gz/models/assembly_conveyor/meshes/textures/black_color.png
-- Installing: /home/user/dobot_ws/install/ariac_gz/share/ariac_gz/models/assembly_conveyor/meshes/assembly_conveyor.bin
-- Installing: /home/user/dobot_ws/install/ariac_gz/share/ariac_gz/models/assembly_conveyor/meshes/base.stl
-- Installing: /home/user/dobot_ws/install/ariac_gz/share/ariac_gz/models/assembly_conveyor/meshes/section_1_belt.stl
-- Installing: /home/user/dobot_ws/install/ariac_gz/share/ariac_gz/models/assembly_conveyor/meshes/assembly_conveyor.gltf
-- Installing: /home/user/dobot_ws/install/ariac_gz/share/ariac_gz/models/assembly_conveyor/model.sdf
-- Installing: /home/user/dobot_ws/install/ariac_gz/share/ariac_gz/models/boxes
-- Installing: /home/user/dobot_ws/install/ariac_gz/share/ariac_gz/models/boxes/model.config
-- Installing: /home/user/dobot_ws/install/ariac_gz/share/ariac_gz/models/boxes/thumbnails
-- Installing: /home/user/dobot_ws/install/ariac_gz/share/ariac_gz/models/boxes/thumbnails/1.jpg
-- Installing: /home/user/dobot_ws/install/ariac_gz/share/ariac_gz/models/boxes/thumbnails/2.jpg
-- Installing: /home/user/dobot_ws/install/ariac_gz/share/ariac_gz/models/boxes/thumbnails/4.jpg
-- Installing: /home/user/dobot_ws/install/ariac_gz/share/ariac_gz/models/boxes/thumbnails/3.jpg
-- Installing: /home/user/dobot_ws/install/ariac_gz/share/ariac_gz/models/boxes/thumbnails/0.jpg
-- Installing: /home/user/dobot_ws/install/ariac_gz/share/ariac_gz/models/boxes/metadata.pbtxt
-- Installing: /home/user/dobot_ws/install/ariac_gz/share/ariac_gz/models/boxes/meshes
-- Installing: /home/user/dobot_ws/install/ariac_gz/share/ariac_gz/models/boxes/meshes/texture.png
-- Installing: /home/user/dobot_ws/install/ariac_gz/share/ariac_gz/models/boxes/meshes/model.mtl
-- Installing: /home/user/dobot_ws/install/ariac_gz/share/ariac_gz/models/boxes/meshes/model.obj
-- Installing: /home/user/dobot_ws/install/ariac_gz/share/ariac_gz/models/boxes/model.sdf
-- Installing: /home/user/dobot_ws/install/ariac_gz/share/ariac_gz/models/high_priority_tray_shelves
-- Installing: /home/user/dobot_ws/install/ariac_gz/share/ariac_gz/models/high_priority_tray_shelves/model.config
-- Installing: /home/user/dobot_ws/install/ariac_gz/share/ariac_gz/models/high_priority_tray_shelves/meshes
-- Installing: /home/user/dobot_ws/install/ariac_gz/share/ariac_gz/models/high_priority_tray_shelves/meshes/high_priority_tray_shelf.bin
-- Installing: /home/user/dobot_ws/install/ariac_gz/share/ariac_gz/models/high_priority_tray_shelves/meshes/high_priority_tray_shelf.gltf
-- Installing: /home/user/dobot_ws/install/ariac_gz/share/ariac_gz/models/high_priority_tray_shelves/model.sdf
-- Installing: /home/user/dobot_ws/install/ariac_gz/share/ariac_gz/models/status_light
-- Installing: /home/user/dobot_ws/install/ariac_gz/share/ariac_gz/models/status_light/model.config
-- Installing: /home/user/dobot_ws/install/ariac_gz/share/ariac_gz/models/status_light/model.sdf
-- Installing: /home/user/dobot_ws/install/ariac_gz/share/ariac_gz/models/kit_tray_shelves
-- Installing: /home/user/dobot_ws/install/ariac_gz/share/ariac_gz/models/kit_tray_shelves/model.config
-- Installing: /home/user/dobot_ws/install/ariac_gz/share/ariac_gz/models/kit_tray_shelves/meshes
-- Installing: /home/user/dobot_ws/install/ariac_gz/share/ariac_gz/models/kit_tray_shelves/meshes/kit_tray_shelf.bin
-- Installing: /home/user/dobot_ws/install/ariac_gz/share/ariac_gz/models/kit_tray_shelves/meshes/kit_tray_shelf.gltf
-- Installing: /home/user/dobot_ws/install/ariac_gz/share/ariac_gz/models/kit_tray_shelves/model.sdf
-- Installing: /home/user/dobot_ws/install/ariac_gz/share/ariac_gz/models/battery_cell
-- Installing: /home/user/dobot_ws/install/ariac_gz/share/ariac_gz/models/battery_cell/model.config
-- Installing: /home/user/dobot_ws/install/ariac_gz/share/ariac_gz/models/battery_cell/meshes
-- Installing: /home/user/dobot_ws/install/ariac_gz/share/ariac_gz/models/battery_cell/meshes/li-ion
-- Installing: /home/user/dobot_ws/install/ariac_gz/share/ariac_gz/models/battery_cell/meshes/li-ion/defect_5.glb
-- Installing: /home/user/dobot_ws/install/ariac_gz/share/ariac_gz/models/battery_cell/meshes/li-ion/defect_4.glb
-- Installing: /home/user/dobot_ws/install/ariac_gz/share/ariac_gz/models/battery_cell/meshes/li-ion/defect_1.glb
-- Installing: /home/user/dobot_ws/install/ariac_gz/share/ariac_gz/models/battery_cell/meshes/li-ion/base.glb
-- Installing: /home/user/dobot_ws/install/ariac_gz/share/ariac_gz/models/battery_cell/meshes/li-ion/defect_3.glb
-- Installing: /home/user/dobot_ws/install/ariac_gz/share/ariac_gz/models/battery_cell/meshes/li-ion/defect_8.glb
-- Installing: /home/user/dobot_ws/install/ariac_gz/share/ariac_gz/models/battery_cell/meshes/li-ion/defect_9.glb
-- Installing: /home/user/dobot_ws/install/ariac_gz/share/ariac_gz/models/battery_cell/meshes/li-ion/defect_7.glb
-- Installing: /home/user/dobot_ws/install/ariac_gz/share/ariac_gz/models/battery_cell/meshes/li-ion/defect_2.glb
-- Installing: /home/user/dobot_ws/install/ariac_gz/share/ariac_gz/models/battery_cell/meshes/li-ion/defect_6.glb
-- Installing: /home/user/dobot_ws/install/ariac_gz/share/ariac_gz/models/battery_cell/meshes/li-ion/defect_10.glb
-- Installing: /home/user/dobot_ws/install/ariac_gz/share/ariac_gz/models/battery_cell/meshes/nimh
-- Installing: /home/user/dobot_ws/install/ariac_gz/share/ariac_gz/models/battery_cell/meshes/nimh/defect_5.glb
-- Installing: /home/user/dobot_ws/install/ariac_gz/share/ariac_gz/models/battery_cell/meshes/nimh/defect_4.glb
-- Installing: /home/user/dobot_ws/install/ariac_gz/share/ariac_gz/models/battery_cell/meshes/nimh/defect_1.glb
-- Installing: /home/user/dobot_ws/install/ariac_gz/share/ariac_gz/models/battery_cell/meshes/nimh/base.glb
-- Installing: /home/user/dobot_ws/install/ariac_gz/share/ariac_gz/models/battery_cell/meshes/nimh/defect_3.glb
-- Installing: /home/user/dobot_ws/install/ariac_gz/share/ariac_gz/models/battery_cell/meshes/nimh/defect_8.glb
-- Installing: /home/user/dobot_ws/install/ariac_gz/share/ariac_gz/models/battery_cell/meshes/nimh/defect_9.glb
-- Installing: /home/user/dobot_ws/install/ariac_gz/share/ariac_gz/models/battery_cell/meshes/nimh/defect_7.glb
-- Installing: /home/user/dobot_ws/install/ariac_gz/share/ariac_gz/models/battery_cell/meshes/nimh/defect_2.glb
-- Installing: /home/user/dobot_ws/install/ariac_gz/share/ariac_gz/models/battery_cell/meshes/nimh/defect_6.glb
-- Installing: /home/user/dobot_ws/install/ariac_gz/share/ariac_gz/models/battery_cell/meshes/nimh/defect_10.glb
-- Installing: /home/user/dobot_ws/install/ariac_gz/share/ariac_gz/models/battery_cell/model.sdf
-- Installing: /home/user/dobot_ws/install/ariac_gz/share/ariac_gz/models/vacuum_tools
-- Installing: /home/user/dobot_ws/install/ariac_gz/share/ariac_gz/models/vacuum_tools/vg_4
-- Installing: /home/user/dobot_ws/install/ariac_gz/share/ariac_gz/models/vacuum_tools/vg_4/model.config
-- Installing: /home/user/dobot_ws/install/ariac_gz/share/ariac_gz/models/vacuum_tools/vg_4/model.sdf
-- Installing: /home/user/dobot_ws/install/ariac_gz/share/ariac_gz/models/vacuum_tools/meshes
-- Installing: /home/user/dobot_ws/install/ariac_gz/share/ariac_gz/models/vacuum_tools/meshes/vg_2_visual.gltf
-- Installing: /home/user/dobot_ws/install/ariac_gz/share/ariac_gz/models/vacuum_tools/meshes/textures
-- Installing: /home/user/dobot_ws/install/ariac_gz/share/ariac_gz/models/vacuum_tools/meshes/textures/Plastic011_1K-PNG_Color.png
-- Installing: /home/user/dobot_ws/install/ariac_gz/share/ariac_gz/models/vacuum_tools/meshes/vg_4_visual.gltf
-- Installing: /home/user/dobot_ws/install/ariac_gz/share/ariac_gz/models/vacuum_tools/meshes/vg_2_visual.bin
-- Installing: /home/user/dobot_ws/install/ariac_gz/share/ariac_gz/models/vacuum_tools/meshes/vg_4_visual.bin
-- Installing: /home/user/dobot_ws/install/ariac_gz/share/ariac_gz/models/vacuum_tools/meshes/vg_2_collision.stl
-- Installing: /home/user/dobot_ws/install/ariac_gz/share/ariac_gz/models/vacuum_tools/meshes/vg_4_collision.stl
-- Installing: /home/user/dobot_ws/install/ariac_gz/share/ariac_gz/models/vacuum_tools/vg_2
-- Installing: /home/user/dobot_ws/install/ariac_gz/share/ariac_gz/models/vacuum_tools/vg_2/model.config
-- Installing: /home/user/dobot_ws/install/ariac_gz/share/ariac_gz/models/vacuum_tools/vg_2/model.sdf
-- Installing: /home/user/dobot_ws/install/ariac_gz/share/ariac_gz/models/robot_stand
-- Installing: /home/user/dobot_ws/install/ariac_gz/share/ariac_gz/models/robot_stand/model.config
-- Installing: /home/user/dobot_ws/install/ariac_gz/share/ariac_gz/models/robot_stand/meshes
-- Installing: /home/user/dobot_ws/install/ariac_gz/share/ariac_gz/models/robot_stand/meshes/textures
-- Installing: /home/user/dobot_ws/install/ariac_gz/share/ariac_gz/models/robot_stand/meshes/textures/Metal009_1K-PNG_Color.png
-- Installing: /home/user/dobot_ws/install/ariac_gz/share/ariac_gz/models/robot_stand/meshes/textures/Rubber004_1K-PNG_Color.png
-- Installing: /home/user/dobot_ws/install/ariac_gz/share/ariac_gz/models/robot_stand/meshes/textures/Plastic011_1K-PNG_Color.png
-- Installing: /home/user/dobot_ws/install/ariac_gz/share/ariac_gz/models/robot_stand/meshes/robot_stand.bin
-- Installing: /home/user/dobot_ws/install/ariac_gz/share/ariac_gz/models/robot_stand/meshes/robot_stand.gltf
-- Installing: /home/user/dobot_ws/install/ariac_gz/share/ariac_gz/models/robot_stand/model.sdf
-- Installing: /home/user/dobot_ws/install/ariac_gz/share/ariac_gz/models/TrolleyBox1
-- Installing: /home/user/dobot_ws/install/ariac_gz/share/ariac_gz/models/TrolleyBox1/model.config
-- Installing: /home/user/dobot_ws/install/ariac_gz/share/ariac_gz/models/TrolleyBox1/thumbnails
-- Installing: /home/user/dobot_ws/install/ariac_gz/share/ariac_gz/models/TrolleyBox1/thumbnails/2.png
-- Installing: /home/user/dobot_ws/install/ariac_gz/share/ariac_gz/models/TrolleyBox1/thumbnails/3.png
-- Installing: /home/user/dobot_ws/install/ariac_gz/share/ariac_gz/models/TrolleyBox1/thumbnails/4.png
-- Installing: /home/user/dobot_ws/install/ariac_gz/share/ariac_gz/models/TrolleyBox1/thumbnails/5.png
-- Installing: /home/user/dobot_ws/install/ariac_gz/share/ariac_gz/models/TrolleyBox1/thumbnails/1.png
-- Installing: /home/user/dobot_ws/install/ariac_gz/share/ariac_gz/models/TrolleyBox1/meshes
-- Installing: /home/user/dobot_ws/install/ariac_gz/share/ariac_gz/models/TrolleyBox1/meshes/TrolleyBox1.mtl
-- Installing: /home/user/dobot_ws/install/ariac_gz/share/ariac_gz/models/TrolleyBox1/meshes/blue.png
-- Installing: /home/user/dobot_ws/install/ariac_gz/share/ariac_gz/models/TrolleyBox1/meshes/close.png
-- Installing: /home/user/dobot_ws/install/ariac_gz/share/ariac_gz/models/TrolleyBox1/meshes/sealed.png
-- Installing: /home/user/dobot_ws/install/ariac_gz/share/ariac_gz/models/TrolleyBox1/meshes/TrolleyBox1_Col.mtl
-- Installing: /home/user/dobot_ws/install/ariac_gz/share/ariac_gz/models/TrolleyBox1/meshes/open.png
-- Installing: /home/user/dobot_ws/install/ariac_gz/share/ariac_gz/models/TrolleyBox1/meshes/TrolleyBox1_Col.obj
-- Installing: /home/user/dobot_ws/install/ariac_gz/share/ariac_gz/models/TrolleyBox1/meshes/TrolleyBox1.obj
-- Installing: /home/user/dobot_ws/install/ariac_gz/share/ariac_gz/models/TrolleyBox1/model.sdf
-- Installing: /home/user/dobot_ws/install/ariac_gz/share/ariac_gz/models/recorders
-- Installing: /home/user/dobot_ws/install/ariac_gz/share/ariac_gz/models/recorders/vertical_recorder
-- Installing: /home/user/dobot_ws/install/ariac_gz/share/ariac_gz/models/recorders/vertical_recorder/model.config
-- Installing: /home/user/dobot_ws/install/ariac_gz/share/ariac_gz/models/recorders/vertical_recorder/model.sdf
-- Installing: /home/user/dobot_ws/install/ariac_gz/share/ariac_gz/models/recorders/horizontal_recorder
-- Installing: /home/user/dobot_ws/install/ariac_gz/share/ariac_gz/models/recorders/horizontal_recorder/model.config
-- Installing: /home/user/dobot_ws/install/ariac_gz/share/ariac_gz/models/recorders/horizontal_recorder/model.sdf
-- Installing: /home/user/dobot_ws/install/ariac_gz/share/ariac_gz/models/inspection_conveyor
-- Installing: /home/user/dobot_ws/install/ariac_gz/share/ariac_gz/models/inspection_conveyor/model.config
-- Installing: /home/user/dobot_ws/install/ariac_gz/share/ariac_gz/models/inspection_conveyor/meshes
-- Installing: /home/user/dobot_ws/install/ariac_gz/share/ariac_gz/models/inspection_conveyor/meshes/conveyor.glb
-- Installing: /home/user/dobot_ws/install/ariac_gz/share/ariac_gz/models/inspection_conveyor/meshes/conveyor_door.glb
-- Installing: /home/user/dobot_ws/install/ariac_gz/share/ariac_gz/models/inspection_conveyor/model.sdf
-- Installing: /home/user/dobot_ws/install/ariac_gz/share/ariac_gz/models/floor
-- Installing: /home/user/dobot_ws/install/ariac_gz/share/ariac_gz/models/floor/model.config
-- Installing: /home/user/dobot_ws/install/ariac_gz/share/ariac_gz/models/floor/meshes
-- Installing: /home/user/dobot_ws/install/ariac_gz/share/ariac_gz/models/floor/meshes/floor.glb
-- Installing: /home/user/dobot_ws/install/ariac_gz/share/ariac_gz/models/floor/model.sdf
-- Installing: /home/user/dobot_ws/install/ariac_gz/share/ariac_gz/models/agv
-- Installing: /home/user/dobot_ws/install/ariac_gz/share/ariac_gz/models/agv/model.config
-- Installing: /home/user/dobot_ws/install/ariac_gz/share/ariac_gz/models/agv/meshes
-- Installing: /home/user/dobot_ws/install/ariac_gz/share/ariac_gz/models/agv/meshes/agv.glb
-- Installing: /home/user/dobot_ws/install/ariac_gz/share/ariac_gz/models/agv/model.sdf
-- Installing: /home/user/dobot_ws/install/ariac_gz/share/ariac_gz/models/walls
-- Installing: /home/user/dobot_ws/install/ariac_gz/share/ariac_gz/models/walls/model.config
-- Installing: /home/user/dobot_ws/install/ariac_gz/share/ariac_gz/models/walls/meshes
-- Installing: /home/user/dobot_ws/install/ariac_gz/share/ariac_gz/models/walls/meshes/walls.glb
-- Installing: /home/user/dobot_ws/install/ariac_gz/share/ariac_gz/models/walls/model.sdf
-- Installing: /home/user/dobot_ws/install/ariac_gz/share/ariac_gz/models/module_shelves
-- Installing: /home/user/dobot_ws/install/ariac_gz/share/ariac_gz/models/module_shelves/model.config
-- Installing: /home/user/dobot_ws/install/ariac_gz/share/ariac_gz/models/module_shelves/meshes
-- Installing: /home/user/dobot_ws/install/ariac_gz/share/ariac_gz/models/module_shelves/meshes/module_shelf.bin
-- Installing: /home/user/dobot_ws/install/ariac_gz/share/ariac_gz/models/module_shelves/meshes/module_shelf.gltf
-- Installing: /home/user/dobot_ws/install/ariac_gz/share/ariac_gz/models/module_shelves/model.sdf
-- Installing: /home/user/dobot_ws/install/ariac_gz/share/ariac_gz/models/assembly_table
-- Installing: /home/user/dobot_ws/install/ariac_gz/share/ariac_gz/models/assembly_table/model.config
-- Installing: /home/user/dobot_ws/install/ariac_gz/share/ariac_gz/models/assembly_table/meshes
-- Installing: /home/user/dobot_ws/install/ariac_gz/share/ariac_gz/models/assembly_table/meshes/textures
-- Installing: /home/user/dobot_ws/install/ariac_gz/share/ariac_gz/models/assembly_table/meshes/textures/Metal009_1K-PNG_Color.png
-- Installing: /home/user/dobot_ws/install/ariac_gz/share/ariac_gz/models/assembly_table/meshes/assembly_table.bin
-- Installing: /home/user/dobot_ws/install/ariac_gz/share/ariac_gz/models/assembly_table/meshes/assembly_table.gltf
-- Installing: /home/user/dobot_ws/install/ariac_gz/share/ariac_gz/models/assembly_table/model.sdf
-- Installing: /home/user/dobot_ws/install/ariac_gz/share/ariac_gz/models/sensors
-- Installing: /home/user/dobot_ws/install/ariac_gz/share/ariac_gz/models/sensors/lidar
-- Installing: /home/user/dobot_ws/install/ariac_gz/share/ariac_gz/models/sensors/lidar/model.config
-- Installing: /home/user/dobot_ws/install/ariac_gz/share/ariac_gz/models/sensors/lidar/meshes
-- Installing: /home/user/dobot_ws/install/ariac_gz/share/ariac_gz/models/sensors/lidar/meshes/lidar.glb
-- Installing: /home/user/dobot_ws/install/ariac_gz/share/ariac_gz/models/sensors/lidar/model.sdf
-- Installing: /home/user/dobot_ws/install/ariac_gz/share/ariac_gz/models/sensors/distance
-- Installing: /home/user/dobot_ws/install/ariac_gz/share/ariac_gz/models/sensors/distance/model.config
-- Installing: /home/user/dobot_ws/install/ariac_gz/share/ariac_gz/models/sensors/distance/meshes
-- Installing: /home/user/dobot_ws/install/ariac_gz/share/ariac_gz/models/sensors/distance/meshes/distance_sensor.glb
-- Installing: /home/user/dobot_ws/install/ariac_gz/share/ariac_gz/models/sensors/distance/model.sdf
-- Installing: /home/user/dobot_ws/install/ariac_gz/share/ariac_gz/models/sensors/break_beam
-- Installing: /home/user/dobot_ws/install/ariac_gz/share/ariac_gz/models/sensors/break_beam/model.config
-- Installing: /home/user/dobot_ws/install/ariac_gz/share/ariac_gz/models/sensors/break_beam/meshes
-- Installing: /home/user/dobot_ws/install/ariac_gz/share/ariac_gz/models/sensors/break_beam/meshes/break_beam.glb
-- Installing: /home/user/dobot_ws/install/ariac_gz/share/ariac_gz/models/sensors/break_beam/model.sdf
-- Installing: /home/user/dobot_ws/install/ariac_gz/share/ariac_gz/models/sensors/camera
-- Installing: /home/user/dobot_ws/install/ariac_gz/share/ariac_gz/models/sensors/camera/model.config
-- Installing: /home/user/dobot_ws/install/ariac_gz/share/ariac_gz/models/sensors/camera/meshes
-- Installing: /home/user/dobot_ws/install/ariac_gz/share/ariac_gz/models/sensors/camera/meshes/camera.glb
-- Installing: /home/user/dobot_ws/install/ariac_gz/share/ariac_gz/models/sensors/camera/model.sdf
-- Installing: /home/user/dobot_ws/install/ariac_gz/share/ariac_gz/models/voltage_tester
-- Installing: /home/user/dobot_ws/install/ariac_gz/share/ariac_gz/models/voltage_tester/model.config
-- Installing: /home/user/dobot_ws/install/ariac_gz/share/ariac_gz/models/voltage_tester/meshes
-- Installing: /home/user/dobot_ws/install/ariac_gz/share/ariac_gz/models/voltage_tester/meshes/voltage_tester.glb
-- Installing: /home/user/dobot_ws/install/ariac_gz/share/ariac_gz/models/voltage_tester/model.sdf
-- Installing: /home/user/dobot_ws/install/ariac_gz/share/ariac_gz/models/battery_module
-- Installing: /home/user/dobot_ws/install/ariac_gz/share/ariac_gz/models/battery_module/bottom_shell
-- Installing: /home/user/dobot_ws/install/ariac_gz/share/ariac_gz/models/battery_module/bottom_shell/model.config
-- Installing: /home/user/dobot_ws/install/ariac_gz/share/ariac_gz/models/battery_module/bottom_shell/model.sdf
-- Installing: /home/user/dobot_ws/install/ariac_gz/share/ariac_gz/models/battery_module/meshes
-- Installing: /home/user/dobot_ws/install/ariac_gz/share/ariac_gz/models/battery_module/meshes/collision
-- Installing: /home/user/dobot_ws/install/ariac_gz/share/ariac_gz/models/battery_module/meshes/collision/bottom_shell.stl
-- Installing: /home/user/dobot_ws/install/ariac_gz/share/ariac_gz/models/battery_module/meshes/collision/top_shell_vg_2.stl
-- Installing: /home/user/dobot_ws/install/ariac_gz/share/ariac_gz/models/battery_module/meshes/collision/top_shell_vg_4.stl
-- Installing: /home/user/dobot_ws/install/ariac_gz/share/ariac_gz/models/battery_module/meshes/visual
-- Installing: /home/user/dobot_ws/install/ariac_gz/share/ariac_gz/models/battery_module/meshes/visual/top_shell.glb
-- Installing: /home/user/dobot_ws/install/ariac_gz/share/ariac_gz/models/battery_module/meshes/visual/black_nist_shell_logo.png
-- Installing: /home/user/dobot_ws/install/ariac_gz/share/ariac_gz/models/battery_module/meshes/visual/weld_plate.stl
-- Installing: /home/user/dobot_ws/install/ariac_gz/share/ariac_gz/models/battery_module/meshes/visual/bottom_shell.glb
-- Installing: /home/user/dobot_ws/install/ariac_gz/share/ariac_gz/models/battery_module/meshes/visual/weld_bead.stl
-- Installing: /home/user/dobot_ws/install/ariac_gz/share/ariac_gz/models/battery_module/top_shell
-- Installing: /home/user/dobot_ws/install/ariac_gz/share/ariac_gz/models/battery_module/top_shell/model.config
-- Installing: /home/user/dobot_ws/install/ariac_gz/share/ariac_gz/models/battery_module/top_shell/model.sdf
-- Installing: /home/user/dobot_ws/install/ariac_gz/share/ariac_gz/models/kit_tray
-- Installing: /home/user/dobot_ws/install/ariac_gz/share/ariac_gz/models/kit_tray/model.config
-- Installing: /home/user/dobot_ws/install/ariac_gz/share/ariac_gz/models/kit_tray/meshes
-- Installing: /home/user/dobot_ws/install/ariac_gz/share/ariac_gz/models/kit_tray/meshes/kit_tray_visual.glb
-- Installing: /home/user/dobot_ws/install/ariac_gz/share/ariac_gz/models/kit_tray/meshes/kit_tray_collision.stl
-- Installing: /home/user/dobot_ws/install/ariac_gz/share/ariac_gz/models/kit_tray/meshes/kit_tray_slot_collision.stl
-- Installing: /home/user/dobot_ws/install/ariac_gz/share/ariac_gz/models/kit_tray/model.sdf
-- Installing: /home/user/dobot_ws/install/ariac_gz/share/ariac_gz/models/shelf
-- Installing: /home/user/dobot_ws/install/ariac_gz/share/ariac_gz/models/shelf/model.config
-- Installing: /home/user/dobot_ws/install/ariac_gz/share/ariac_gz/models/shelf/meshes
-- Installing: /home/user/dobot_ws/install/ariac_gz/share/ariac_gz/models/shelf/meshes/Box_paper_04_1_Base_Color.png
-- Installing: /home/user/dobot_ws/install/ariac_gz/share/ariac_gz/models/shelf/meshes/shelf_big_movai.dae
-- Installing: /home/user/dobot_ws/install/ariac_gz/share/ariac_gz/models/shelf/model.sdf
-- Installing: /home/user/dobot_ws/install/ariac_gz/share/ariac_gz/models/voltage_testing_stand
-- Installing: /home/user/dobot_ws/install/ariac_gz/share/ariac_gz/models/voltage_testing_stand/model.config
-- Installing: /home/user/dobot_ws/install/ariac_gz/share/ariac_gz/models/voltage_testing_stand/meshes
-- Installing: /home/user/dobot_ws/install/ariac_gz/share/ariac_gz/models/voltage_testing_stand/meshes/voltage_testing_stand.glb
-- Installing: /home/user/dobot_ws/install/ariac_gz/share/ariac_gz/models/voltage_testing_stand/model.sdf
-- Installing: /home/user/dobot_ws/install/ariac_gz/share/ariac_gz/world
-- Installing: /home/user/dobot_ws/install/ariac_gz/share/ariac_gz/world/ariac.world
-- Installing: /home/user/dobot_ws/install/ariac_gz/share/ariac_gz/environment/ariac_gz.dsv
-- Installing: /home/user/dobot_ws/install/ariac_gz/share/ariac_gz/environment/ariac_gz.sh
-- Installing: /home/user/dobot_ws/install/ariac_gz/share/ament_index/resource_index/package_run_dependencies/ariac_gz
-- Installing: /home/user/dobot_ws/install/ariac_gz/share/ament_index/resource_index/parent_prefix_path/ariac_gz
-- Installing: /home/user/dobot_ws/install/ariac_gz/share/ariac_gz/environment/ament_prefix_path.sh
-- Installing: /home/user/dobot_ws/install/ariac_gz/share/ariac_gz/environment/ament_prefix_path.dsv
-- Installing: /home/user/dobot_ws/install/ariac_gz/share/ariac_gz/environment/path.sh
-- Installing: /home/user/dobot_ws/install/ariac_gz/share/ariac_gz/environment/path.dsv
-- Installing: /home/user/dobot_ws/install/ariac_gz/share/ariac_gz/local_setup.bash
-- Installing: /home/user/dobot_ws/install/ariac_gz/share/ariac_gz/local_setup.sh
-- Installing: /home/user/dobot_ws/install/ariac_gz/share/ariac_gz/local_setup.zsh
-- Installing: /home/user/dobot_ws/install/ariac_gz/share/ariac_gz/local_setup.dsv
-- Installing: /home/user/dobot_ws/install/ariac_gz/share/ariac_gz/package.dsv
-- Installing: /home/user/dobot_ws/install/ariac_gz/share/ament_index/resource_index/packages/ariac_gz
-- Installing: /home/user/dobot_ws/install/ariac_gz/share/ariac_gz/cmake/ariac_gzConfig.cmake
-- Installing: /home/user/dobot_ws/install/ariac_gz/share/ariac_gz/cmake/ariac_gzConfig-version.cmake
-- Installing: /home/user/dobot_ws/install/ariac_gz/share/ariac_gz/package.xml
