[0.006s] Invoking command in '/home/user/dobot_ws/build/cra_description': CMAKE_PREFIX_PATH=${CMAKE_PREFIX_PATH}:/home/user/dobot_ws/install/servo_action:/home/user/dobot_ws/install/dobot_moveit:/home/user/dobot_ws/install/dobot_demo:/opt/ros/humble /usr/bin/cmake --build /home/user/dobot_ws/build/cra_description -- -j16 -l16
[0.032s] Invoked command in '/home/user/dobot_ws/build/cra_description' returned '0': CMAKE_PREFIX_PATH=${CMAKE_PREFIX_PATH}:/home/user/dobot_ws/install/servo_action:/home/user/dobot_ws/install/dobot_moveit:/home/user/dobot_ws/install/dobot_demo:/opt/ros/humble /usr/bin/cmake --build /home/user/dobot_ws/build/cra_description -- -j16 -l16
[0.033s] Invoking command in '/home/user/dobot_ws/build/cra_description': CMAKE_PREFIX_PATH=${CMAKE_PREFIX_PATH}:/home/user/dobot_ws/install/servo_action:/home/user/dobot_ws/install/dobot_moveit:/home/user/dobot_ws/install/dobot_demo:/opt/ros/humble /usr/bin/cmake --install /home/user/dobot_ws/build/cra_description
[0.038s] -- Install configuration: ""
[0.038s] -- Up-to-date: /home/user/dobot_ws/install/cra_description/share/ament_index/resource_index/package_run_dependencies/cra_description
[0.038s] -- Up-to-date: /home/user/dobot_ws/install/cra_description/share/ament_index/resource_index/parent_prefix_path/cra_description
[0.038s] -- Up-to-date: /home/user/dobot_ws/install/cra_description/share/cra_description/environment/ament_prefix_path.sh
[0.038s] -- Up-to-date: /home/user/dobot_ws/install/cra_description/share/cra_description/environment/ament_prefix_path.dsv
[0.039s] -- Up-to-date: /home/user/dobot_ws/install/cra_description/share/cra_description/environment/path.sh
[0.039s] -- Up-to-date: /home/user/dobot_ws/install/cra_description/share/cra_description/environment/path.dsv
[0.039s] -- Up-to-date: /home/user/dobot_ws/install/cra_description/share/cra_description/local_setup.bash
[0.039s] -- Up-to-date: /home/user/dobot_ws/install/cra_description/share/cra_description/local_setup.sh
[0.039s] -- Up-to-date: /home/user/dobot_ws/install/cra_description/share/cra_description/local_setup.zsh
[0.039s] -- Up-to-date: /home/user/dobot_ws/install/cra_description/share/cra_description/local_setup.dsv
[0.039s] -- Installing: /home/user/dobot_ws/install/cra_description/share/cra_description/package.dsv
[0.040s] -- Up-to-date: /home/user/dobot_ws/install/cra_description/share/ament_index/resource_index/packages/cra_description
[0.040s] -- Up-to-date: /home/user/dobot_ws/install/cra_description/share/cra_description/cmake/cra_descriptionConfig.cmake
[0.040s] -- Up-to-date: /home/user/dobot_ws/install/cra_description/share/cra_description/cmake/cra_descriptionConfig-version.cmake
[0.040s] -- Up-to-date: /home/user/dobot_ws/install/cra_description/share/cra_description/package.xml
[0.040s] -- Up-to-date: /home/user/dobot_ws/install/cra_description/share/cra_description/urdf
[0.040s] -- Up-to-date: /home/user/dobot_ws/install/cra_description/share/cra_description/urdf/cr10_robot.xacro
[0.041s] -- Up-to-date: /home/user/dobot_ws/install/cra_description/share/cra_description/urdf/gripper.xacro
[0.041s] -- Up-to-date: /home/user/dobot_ws/install/cra_description/share/cra_description/urdf/nova5_robot.xacro
[0.041s] -- Up-to-date: /home/user/dobot_ws/install/cra_description/share/cra_description/urdf/cr20_robot.xacro
[0.041s] -- Up-to-date: /home/user/dobot_ws/install/cra_description/share/cra_description/urdf/cr3_robot.xacro
[0.041s] -- Up-to-date: /home/user/dobot_ws/install/cra_description/share/cra_description/urdf/cr30h_robot.xacro
[0.041s] -- Up-to-date: /home/user/dobot_ws/install/cra_description/share/cra_description/urdf/me6_robot.xacro
[0.041s] -- Up-to-date: /home/user/dobot_ws/install/cra_description/share/cra_description/urdf/cr16_robot.xacro
[0.041s] -- Up-to-date: /home/user/dobot_ws/install/cra_description/share/cra_description/urdf/cr12_robot.xacro
[0.041s] -- Up-to-date: /home/user/dobot_ws/install/cra_description/share/cra_description/urdf/nova2_robot.xacro
[0.041s] -- Up-to-date: /home/user/dobot_ws/install/cra_description/share/cra_description/urdf/cr10af_robot.xacro
[0.041s] -- Up-to-date: /home/user/dobot_ws/install/cra_description/share/cra_description/urdf/cr5_robot.xacro
[0.041s] -- Installing: /home/user/dobot_ws/install/cra_description/share/cra_description/urdf/cr7_robot.xacro
[0.041s] -- Up-to-date: /home/user/dobot_ws/install/cra_description/share/cra_description/urdf/cr7_robot.xacro.bak
[0.041s] -- Up-to-date: /home/user/dobot_ws/install/cra_description/share/cra_description/meshes
[0.041s] -- Up-to-date: /home/user/dobot_ws/install/cra_description/share/cra_description/meshes/cr3
[0.041s] -- Up-to-date: /home/user/dobot_ws/install/cra_description/share/cra_description/meshes/cr3/J3.STL
[0.041s] -- Up-to-date: /home/user/dobot_ws/install/cra_description/share/cra_description/meshes/cr3/J6.STL
[0.041s] -- Up-to-date: /home/user/dobot_ws/install/cra_description/share/cra_description/meshes/cr3/J1.STL
[0.041s] -- Up-to-date: /home/user/dobot_ws/install/cra_description/share/cra_description/meshes/cr3/base_link.STL
[0.042s] -- Up-to-date: /home/user/dobot_ws/install/cra_description/share/cra_description/meshes/cr3/J4.STL
[0.042s] -- Up-to-date: /home/user/dobot_ws/install/cra_description/share/cra_description/meshes/cr3/J2.STL
[0.042s] -- Up-to-date: /home/user/dobot_ws/install/cra_description/share/cra_description/meshes/cr3/J5.STL
[0.042s] -- Up-to-date: /home/user/dobot_ws/install/cra_description/share/cra_description/meshes/cr5
[0.043s] -- Up-to-date: /home/user/dobot_ws/install/cra_description/share/cra_description/meshes/cr5/J3.STL
[0.043s] -- Up-to-date: /home/user/dobot_ws/install/cra_description/share/cra_description/meshes/cr5/J6.STL
[0.043s] -- Up-to-date: /home/user/dobot_ws/install/cra_description/share/cra_description/meshes/cr5/J1.STL
[0.044s] -- Up-to-date: /home/user/dobot_ws/install/cra_description/share/cra_description/meshes/cr5/base_link.STL
[0.044s] -- Up-to-date: /home/user/dobot_ws/install/cra_description/share/cra_description/meshes/cr5/J4.STL
[0.044s] -- Up-to-date: /home/user/dobot_ws/install/cra_description/share/cra_description/meshes/cr5/J2.STL
[0.044s] -- Up-to-date: /home/user/dobot_ws/install/cra_description/share/cra_description/meshes/cr5/J5.STL
[0.044s] -- Up-to-date: /home/user/dobot_ws/install/cra_description/share/cra_description/meshes/nova2
[0.044s] -- Up-to-date: /home/user/dobot_ws/install/cra_description/share/cra_description/meshes/nova2/Link3.STL
[0.044s] -- Up-to-date: /home/user/dobot_ws/install/cra_description/share/cra_description/meshes/nova2/Link5.STL
[0.044s] -- Up-to-date: /home/user/dobot_ws/install/cra_description/share/cra_description/meshes/nova2/Link1.STL
[0.044s] -- Up-to-date: /home/user/dobot_ws/install/cra_description/share/cra_description/meshes/nova2/Link2.STL
[0.044s] -- Up-to-date: /home/user/dobot_ws/install/cra_description/share/cra_description/meshes/nova2/Link6.STL
[0.044s] -- Up-to-date: /home/user/dobot_ws/install/cra_description/share/cra_description/meshes/nova2/Link4.STL
[0.044s] -- Up-to-date: /home/user/dobot_ws/install/cra_description/share/cra_description/meshes/nova2/base_link.STL
[0.045s] -- Up-to-date: /home/user/dobot_ws/install/cra_description/share/cra_description/meshes/cr12
[0.045s] -- Up-to-date: /home/user/dobot_ws/install/cra_description/share/cra_description/meshes/cr12/J3.STL
[0.045s] -- Up-to-date: /home/user/dobot_ws/install/cra_description/share/cra_description/meshes/cr12/J6.STL
[0.045s] -- Up-to-date: /home/user/dobot_ws/install/cra_description/share/cra_description/meshes/cr12/J1.STL
[0.045s] -- Up-to-date: /home/user/dobot_ws/install/cra_description/share/cra_description/meshes/cr12/base_link0.STL
[0.045s] -- Up-to-date: /home/user/dobot_ws/install/cra_description/share/cra_description/meshes/cr12/J4.STL
[0.045s] -- Up-to-date: /home/user/dobot_ws/install/cra_description/share/cra_description/meshes/cr12/J2.STL
[0.045s] -- Up-to-date: /home/user/dobot_ws/install/cra_description/share/cra_description/meshes/cr12/J5.STL
[0.045s] -- Up-to-date: /home/user/dobot_ws/install/cra_description/share/cra_description/meshes/cr10
[0.045s] -- Up-to-date: /home/user/dobot_ws/install/cra_description/share/cra_description/meshes/cr10/Link3.STL
[0.045s] -- Up-to-date: /home/user/dobot_ws/install/cra_description/share/cra_description/meshes/cr10/Link5.STL
[0.045s] -- Up-to-date: /home/user/dobot_ws/install/cra_description/share/cra_description/meshes/cr10/Link1.STL
[0.045s] -- Up-to-date: /home/user/dobot_ws/install/cra_description/share/cra_description/meshes/cr10/Link2.STL
[0.046s] -- Up-to-date: /home/user/dobot_ws/install/cra_description/share/cra_description/meshes/cr10/Link6.STL
[0.046s] -- Up-to-date: /home/user/dobot_ws/install/cra_description/share/cra_description/meshes/cr10/Link4.STL
[0.046s] -- Up-to-date: /home/user/dobot_ws/install/cra_description/share/cra_description/meshes/cr10/base_link.STL
[0.046s] -- Up-to-date: /home/user/dobot_ws/install/cra_description/share/cra_description/meshes/me6
[0.047s] -- Up-to-date: /home/user/dobot_ws/install/cra_description/share/cra_description/meshes/me6/Link3.STL
[0.047s] -- Up-to-date: /home/user/dobot_ws/install/cra_description/share/cra_description/meshes/me6/Link5.STL
[0.047s] -- Up-to-date: /home/user/dobot_ws/install/cra_description/share/cra_description/meshes/me6/Link1.STL
[0.047s] -- Up-to-date: /home/user/dobot_ws/install/cra_description/share/cra_description/meshes/me6/Link2.STL
[0.047s] -- Up-to-date: /home/user/dobot_ws/install/cra_description/share/cra_description/meshes/me6/Link6.STL
[0.048s] -- Up-to-date: /home/user/dobot_ws/install/cra_description/share/cra_description/meshes/me6/Link4.STL
[0.048s] -- Up-to-date: /home/user/dobot_ws/install/cra_description/share/cra_description/meshes/me6/base_link.STL
[0.048s] -- Up-to-date: /home/user/dobot_ws/install/cra_description/share/cra_description/meshes/cr20
[0.048s] -- Up-to-date: /home/user/dobot_ws/install/cra_description/share/cra_description/meshes/cr20/Link3.STL
[0.048s] -- Up-to-date: /home/user/dobot_ws/install/cra_description/share/cra_description/meshes/cr20/Link5.STL
[0.050s] -- Up-to-date: /home/user/dobot_ws/install/cra_description/share/cra_description/meshes/cr20/Link1.STL
[0.050s] -- Up-to-date: /home/user/dobot_ws/install/cra_description/share/cra_description/meshes/cr20/Link2.STL
[0.050s] -- Up-to-date: /home/user/dobot_ws/install/cra_description/share/cra_description/meshes/cr20/Link6.STL
[0.050s] -- Up-to-date: /home/user/dobot_ws/install/cra_description/share/cra_description/meshes/cr20/Link4.STL
[0.051s] -- Up-to-date: /home/user/dobot_ws/install/cra_description/share/cra_description/meshes/cr20/base_link.STL
[0.051s] -- Up-to-date: /home/user/dobot_ws/install/cra_description/share/cra_description/meshes/cr30h
[0.051s] -- Up-to-date: /home/user/dobot_ws/install/cra_description/share/cra_description/meshes/cr30h/Link3.STL
[0.051s] -- Up-to-date: /home/user/dobot_ws/install/cra_description/share/cra_description/meshes/cr30h/Link5.STL
[0.051s] -- Up-to-date: /home/user/dobot_ws/install/cra_description/share/cra_description/meshes/cr30h/Link1.STL
[0.051s] -- Up-to-date: /home/user/dobot_ws/install/cra_description/share/cra_description/meshes/cr30h/Link2.STL
[0.052s] -- Up-to-date: /home/user/dobot_ws/install/cra_description/share/cra_description/meshes/cr30h/Link6.STL
[0.052s] -- Up-to-date: /home/user/dobot_ws/install/cra_description/share/cra_description/meshes/cr30h/Link4.STL
[0.052s] -- Up-to-date: /home/user/dobot_ws/install/cra_description/share/cra_description/meshes/cr30h/base_link.STL
[0.052s] -- Up-to-date: /home/user/dobot_ws/install/cra_description/share/cra_description/meshes/nova5
[0.052s] -- Up-to-date: /home/user/dobot_ws/install/cra_description/share/cra_description/meshes/nova5/Link3.STL
[0.052s] -- Up-to-date: /home/user/dobot_ws/install/cra_description/share/cra_description/meshes/nova5/Link5.STL
[0.052s] -- Up-to-date: /home/user/dobot_ws/install/cra_description/share/cra_description/meshes/nova5/Link1.STL
[0.052s] -- Up-to-date: /home/user/dobot_ws/install/cra_description/share/cra_description/meshes/nova5/Link2.STL
[0.052s] -- Up-to-date: /home/user/dobot_ws/install/cra_description/share/cra_description/meshes/nova5/Link6.STL
[0.053s] -- Up-to-date: /home/user/dobot_ws/install/cra_description/share/cra_description/meshes/nova5/Link4.STL
[0.053s] -- Up-to-date: /home/user/dobot_ws/install/cra_description/share/cra_description/meshes/nova5/base_link.STL
[0.053s] -- Up-to-date: /home/user/dobot_ws/install/cra_description/share/cra_description/meshes/cr7
[0.053s] -- Up-to-date: /home/user/dobot_ws/install/cra_description/share/cra_description/meshes/cr7/J3.STL
[0.054s] -- Up-to-date: /home/user/dobot_ws/install/cra_description/share/cra_description/meshes/cr7/J6.STL
[0.054s] -- Up-to-date: /home/user/dobot_ws/install/cra_description/share/cra_description/meshes/cr7/J1.STL
[0.054s] -- Up-to-date: /home/user/dobot_ws/install/cra_description/share/cra_description/meshes/cr7/base_link0.STL
[0.054s] -- Up-to-date: /home/user/dobot_ws/install/cra_description/share/cra_description/meshes/cr7/J4.STL
[0.054s] -- Up-to-date: /home/user/dobot_ws/install/cra_description/share/cra_description/meshes/cr7/J2.STL
[0.054s] -- Up-to-date: /home/user/dobot_ws/install/cra_description/share/cra_description/meshes/cr7/J5.STL
[0.054s] -- Up-to-date: /home/user/dobot_ws/install/cra_description/share/cra_description/meshes/cr16
[0.054s] -- Up-to-date: /home/user/dobot_ws/install/cra_description/share/cra_description/meshes/cr16/Link3.STL
[0.054s] -- Up-to-date: /home/user/dobot_ws/install/cra_description/share/cra_description/meshes/cr16/Link5.STL
[0.054s] -- Up-to-date: /home/user/dobot_ws/install/cra_description/share/cra_description/meshes/cr16/Link1.STL
[0.055s] -- Up-to-date: /home/user/dobot_ws/install/cra_description/share/cra_description/meshes/cr16/Link2.STL
[0.055s] -- Up-to-date: /home/user/dobot_ws/install/cra_description/share/cra_description/meshes/cr16/Link6.STL
[0.055s] -- Up-to-date: /home/user/dobot_ws/install/cra_description/share/cra_description/meshes/cr16/Link4.STL
[0.055s] -- Up-to-date: /home/user/dobot_ws/install/cra_description/share/cra_description/meshes/cr16/base_link.STL
[0.055s] -- Up-to-date: /home/user/dobot_ws/install/cra_description/share/cra_description/meshes/cr10af
[0.055s] -- Up-to-date: /home/user/dobot_ws/install/cra_description/share/cra_description/meshes/cr10af/J3.STL
[0.055s] -- Up-to-date: /home/user/dobot_ws/install/cra_description/share/cra_description/meshes/cr10af/J6.STL
[0.055s] -- Up-to-date: /home/user/dobot_ws/install/cra_description/share/cra_description/meshes/cr10af/J1.STL
[0.055s] -- Up-to-date: /home/user/dobot_ws/install/cra_description/share/cra_description/meshes/cr10af/base_link.STL
[0.056s] -- Up-to-date: /home/user/dobot_ws/install/cra_description/share/cra_description/meshes/cr10af/J4.STL
[0.056s] -- Up-to-date: /home/user/dobot_ws/install/cra_description/share/cra_description/meshes/cr10af/J2.STL
[0.056s] -- Up-to-date: /home/user/dobot_ws/install/cra_description/share/cra_description/meshes/cr10af/J5.STL
[0.056s] Invoked command in '/home/user/dobot_ws/build/cra_description' returned '0': CMAKE_PREFIX_PATH=${CMAKE_PREFIX_PATH}:/home/user/dobot_ws/install/servo_action:/home/user/dobot_ws/install/dobot_moveit:/home/user/dobot_ws/install/dobot_demo:/opt/ros/humble /usr/bin/cmake --install /home/user/dobot_ws/build/cra_description
