-- Found ament_cmake: 1.3.14 (/opt/ros/humble/share/ament_cmake/cmake)
-- Override CMake install command with custom implementation using symlinks instead of copying resources
-- Configuring done
-- Generating done
-- Build files have been written to: /home/user/dobot_ws/build/dobot_gazebo
-- Install configuration: ""
-- Execute custom install script
-- Symlinking: /home/user/dobot_ws/install/dobot_gazebo/share/dobot_gazebo/launch/dobot_gazebo.launch.py
-- Symlinking: /home/user/dobot_ws/install/dobot_gazebo/share/dobot_gazebo/launch/gazebo_moveit.launch.py
-- Symlinking: /home/user/dobot_ws/install/dobot_gazebo/share/dobot_gazebo/launch/gazebo_mpo700_cr7.launch.py
-- Symlinking: /home/user/dobot_ws/install/dobot_gazebo/share/dobot_gazebo/worlds/cr.world
-- Symlinking: /home/user/dobot_ws/install/dobot_gazebo/share/dobot_gazebo/config/moveitcpp.rviz
-- Symlinking: /home/user/dobot_ws/install/dobot_gazebo/share/ament_index/resource_index/package_run_dependencies/dobot_gazebo
-- Symlinking: /home/user/dobot_ws/install/dobot_gazebo/share/ament_index/resource_index/parent_prefix_path/dobot_gazebo
-- Symlinking: /home/user/dobot_ws/install/dobot_gazebo/share/dobot_gazebo/environment/ament_prefix_path.sh
-- Symlinking: /home/user/dobot_ws/install/dobot_gazebo/share/dobot_gazebo/environment/ament_prefix_path.dsv
-- Symlinking: /home/user/dobot_ws/install/dobot_gazebo/share/dobot_gazebo/environment/path.sh
-- Symlinking: /home/user/dobot_ws/install/dobot_gazebo/share/dobot_gazebo/environment/path.dsv
-- Symlinking: /home/user/dobot_ws/install/dobot_gazebo/share/dobot_gazebo/local_setup.bash
-- Symlinking: /home/user/dobot_ws/install/dobot_gazebo/share/dobot_gazebo/local_setup.sh
-- Symlinking: /home/user/dobot_ws/install/dobot_gazebo/share/dobot_gazebo/local_setup.zsh
-- Symlinking: /home/user/dobot_ws/install/dobot_gazebo/share/dobot_gazebo/local_setup.dsv
-- Symlinking: /home/user/dobot_ws/install/dobot_gazebo/share/dobot_gazebo/package.dsv
-- Symlinking: /home/user/dobot_ws/install/dobot_gazebo/share/ament_index/resource_index/packages/dobot_gazebo
-- Symlinking: /home/user/dobot_ws/install/dobot_gazebo/share/dobot_gazebo/cmake/dobot_gazeboConfig.cmake
-- Symlinking: /home/user/dobot_ws/install/dobot_gazebo/share/dobot_gazebo/cmake/dobot_gazeboConfig-version.cmake
-- Symlinking: /home/user/dobot_ws/install/dobot_gazebo/share/dobot_gazebo/package.xml
