-- Install configuration: ""
-- Up-to-date: /home/user/dobot_ws/install/ariac_description/share/ariac_description/config
-- Up-to-date: /home/user/dobot_ws/install/ariac_description/share/ariac_description/config/inspection_robot_2_positions.yaml
-- Up-to-date: /home/user/dobot_ws/install/ariac_description/share/ariac_description/config/assembly_robot_1_positions.yaml
-- Up-to-date: /home/user/dobot_ws/install/ariac_description/share/ariac_description/config/assembly_robot_2_controllers.yaml
-- Up-to-date: /home/user/dobot_ws/install/ariac_description/share/ariac_description/config/inspection_robot_2_controllers.yaml
-- Up-to-date: /home/user/dobot_ws/install/ariac_description/share/ariac_description/config/inspection_robot_1_positions.yaml
-- Up-to-date: /home/user/dobot_ws/install/ariac_description/share/ariac_description/config/assembly_robot_1_controllers.yaml
-- Up-to-date: /home/user/dobot_ws/install/ariac_description/share/ariac_description/config/inspection_robot_1_controllers.yaml
-- Up-to-date: /home/user/dobot_ws/install/ariac_description/share/ariac_description/config/gantry_welder_controllers.yaml
-- Up-to-date: /home/user/dobot_ws/install/ariac_description/share/ariac_description/config/assembly_robot_2_positions.yaml
-- Up-to-date: /home/user/dobot_ws/install/ariac_description/share/ariac_description/meshes
-- Up-to-date: /home/user/dobot_ws/install/ariac_description/share/ariac_description/meshes/tool_changer
-- Up-to-date: /home/user/dobot_ws/install/ariac_description/share/ariac_description/meshes/tool_changer/tool_changer.glb
-- Up-to-date: /home/user/dobot_ws/install/ariac_description/share/ariac_description/meshes/gantry_welder
-- Up-to-date: /home/user/dobot_ws/install/ariac_description/share/ariac_description/meshes/gantry_welder/right_support.stl
-- Up-to-date: /home/user/dobot_ws/install/ariac_description/share/ariac_description/meshes/gantry_welder/left_support.stl
-- Up-to-date: /home/user/dobot_ws/install/ariac_description/share/ariac_description/meshes/gantry_welder/rail.stl
-- Up-to-date: /home/user/dobot_ws/install/ariac_description/share/ariac_description/meshes/gantry_welder/carriage.stl
-- Up-to-date: /home/user/dobot_ws/install/ariac_description/share/ariac_description/meshes/gantry_welder/welder.stl
-- Up-to-date: /home/user/dobot_ws/install/ariac_description/share/ariac_description/meshes/gantry_welder/electrode.stl
-- Up-to-date: /home/user/dobot_ws/install/ariac_description/share/ariac_description/meshes/robotiq
-- Up-to-date: /home/user/dobot_ws/install/ariac_description/share/ariac_description/meshes/robotiq/collision
-- Up-to-date: /home/user/dobot_ws/install/ariac_description/share/ariac_description/meshes/robotiq/collision/right_finger_tip.stl
-- Up-to-date: /home/user/dobot_ws/install/ariac_description/share/ariac_description/meshes/robotiq/collision/right_finger.stl
-- Up-to-date: /home/user/dobot_ws/install/ariac_description/share/ariac_description/meshes/robotiq/collision/robotiq_base.stl
-- Up-to-date: /home/user/dobot_ws/install/ariac_description/share/ariac_description/meshes/robotiq/collision/right_knuckle.stl
-- Up-to-date: /home/user/dobot_ws/install/ariac_description/share/ariac_description/meshes/robotiq/collision/left_knuckle.stl
-- Up-to-date: /home/user/dobot_ws/install/ariac_description/share/ariac_description/meshes/robotiq/collision/ur_to_robotiq_adapter.stl
-- Up-to-date: /home/user/dobot_ws/install/ariac_description/share/ariac_description/meshes/robotiq/collision/left_finger.stl
-- Up-to-date: /home/user/dobot_ws/install/ariac_description/share/ariac_description/meshes/robotiq/collision/right_inner_knuckle.stl
-- Up-to-date: /home/user/dobot_ws/install/ariac_description/share/ariac_description/meshes/robotiq/collision/left_finger_tip.stl
-- Up-to-date: /home/user/dobot_ws/install/ariac_description/share/ariac_description/meshes/robotiq/collision/left_inner_knuckle.stl
-- Up-to-date: /home/user/dobot_ws/install/ariac_description/share/ariac_description/meshes/robotiq/visual
-- Up-to-date: /home/user/dobot_ws/install/ariac_description/share/ariac_description/meshes/robotiq/visual/robotiq_base.dae
-- Up-to-date: /home/user/dobot_ws/install/ariac_description/share/ariac_description/meshes/robotiq/visual/right_knuckle.dae
-- Up-to-date: /home/user/dobot_ws/install/ariac_description/share/ariac_description/meshes/robotiq/visual/left_finger_tip.dae
-- Up-to-date: /home/user/dobot_ws/install/ariac_description/share/ariac_description/meshes/robotiq/visual/left_inner_knuckle.dae
-- Up-to-date: /home/user/dobot_ws/install/ariac_description/share/ariac_description/meshes/robotiq/visual/right_inner_knuckle.dae
-- Up-to-date: /home/user/dobot_ws/install/ariac_description/share/ariac_description/meshes/robotiq/visual/right_finger_tip.dae
-- Up-to-date: /home/user/dobot_ws/install/ariac_description/share/ariac_description/meshes/robotiq/visual/ur_to_robotiq_adapter.dae
-- Up-to-date: /home/user/dobot_ws/install/ariac_description/share/ariac_description/meshes/robotiq/visual/right_finger.dae
-- Up-to-date: /home/user/dobot_ws/install/ariac_description/share/ariac_description/meshes/robotiq/visual/left_finger.dae
-- Up-to-date: /home/user/dobot_ws/install/ariac_description/share/ariac_description/meshes/robotiq/visual/left_knuckle.dae
-- Up-to-date: /home/user/dobot_ws/install/ariac_description/share/ariac_description/urdf
-- Up-to-date: /home/user/dobot_ws/install/ariac_description/share/ariac_description/urdf/assembly_robot_2.urdf.xacro
-- Up-to-date: /home/user/dobot_ws/install/ariac_description/share/ariac_description/urdf/robotiq.ros2_control.xacro
-- Up-to-date: /home/user/dobot_ws/install/ariac_description/share/ariac_description/urdf/gantry_welder.ros2_control.xacro
-- Up-to-date: /home/user/dobot_ws/install/ariac_description/share/ariac_description/urdf/robot.ros2_control.xacro
-- Up-to-date: /home/user/dobot_ws/install/ariac_description/share/ariac_description/urdf/gantry_welder.urdf.xacro
-- Up-to-date: /home/user/dobot_ws/install/ariac_description/share/ariac_description/urdf/inspection_robot_1.urdf.xacro
-- Up-to-date: /home/user/dobot_ws/install/ariac_description/share/ariac_description/urdf/robotiq_macro.xacro
-- Up-to-date: /home/user/dobot_ws/install/ariac_description/share/ariac_description/urdf/robot_macro.xacro
-- Up-to-date: /home/user/dobot_ws/install/ariac_description/share/ariac_description/urdf/inspection_robot_2.urdf.xacro
-- Up-to-date: /home/user/dobot_ws/install/ariac_description/share/ariac_description/urdf/assembly_robot_1.urdf.xacro
-- Up-to-date: /home/user/dobot_ws/install/ariac_description/share/ariac_description/urdf/gantry_welder_macro.xacro
-- Up-to-date: /home/user/dobot_ws/install/ariac_description/share/ariac_description/environment/ariac_description.dsv
-- Up-to-date: /home/user/dobot_ws/install/ariac_description/share/ariac_description/environment/ariac_description.sh
-- Up-to-date: /home/user/dobot_ws/install/ariac_description/share/ament_index/resource_index/package_run_dependencies/ariac_description
-- Up-to-date: /home/user/dobot_ws/install/ariac_description/share/ament_index/resource_index/parent_prefix_path/ariac_description
-- Up-to-date: /home/user/dobot_ws/install/ariac_description/share/ariac_description/environment/ament_prefix_path.sh
-- Up-to-date: /home/user/dobot_ws/install/ariac_description/share/ariac_description/environment/ament_prefix_path.dsv
-- Up-to-date: /home/user/dobot_ws/install/ariac_description/share/ariac_description/environment/path.sh
-- Up-to-date: /home/user/dobot_ws/install/ariac_description/share/ariac_description/environment/path.dsv
-- Up-to-date: /home/user/dobot_ws/install/ariac_description/share/ariac_description/local_setup.bash
-- Up-to-date: /home/user/dobot_ws/install/ariac_description/share/ariac_description/local_setup.sh
-- Up-to-date: /home/user/dobot_ws/install/ariac_description/share/ariac_description/local_setup.zsh
-- Up-to-date: /home/user/dobot_ws/install/ariac_description/share/ariac_description/local_setup.dsv
-- Up-to-date: /home/user/dobot_ws/install/ariac_description/share/ariac_description/package.dsv
-- Up-to-date: /home/user/dobot_ws/install/ariac_description/share/ament_index/resource_index/packages/ariac_description
-- Up-to-date: /home/user/dobot_ws/install/ariac_description/share/ariac_description/cmake/ariac_descriptionConfig.cmake
-- Up-to-date: /home/user/dobot_ws/install/ariac_description/share/ariac_description/cmake/ariac_descriptionConfig-version.cmake
-- Up-to-date: /home/user/dobot_ws/install/ariac_description/share/ariac_description/package.xml
