[0.459s] Invoking command in '/home/user/dobot_ws/build/ariac_description': CMAKE_PREFIX_PATH=${CMAKE_PREFIX_PATH}:/home/user/dobot_ws/install/servo_action:/home/user/dobot_ws/install/dobot_moveit:/home/user/dobot_ws/install/dobot_demo:/opt/ros/humble /usr/bin/cmake --build /home/user/dobot_ws/build/ariac_description -- -j16 -l16
[1.020s] Invoked command in '/home/user/dobot_ws/build/ariac_description' returned '0': CMAKE_PREFIX_PATH=${CMAKE_PREFIX_PATH}:/home/user/dobot_ws/install/servo_action:/home/user/dobot_ws/install/dobot_moveit:/home/user/dobot_ws/install/dobot_demo:/opt/ros/humble /usr/bin/cmake --build /home/user/dobot_ws/build/ariac_description -- -j16 -l16
[1.021s] Invoking command in '/home/user/dobot_ws/build/ariac_description': CMAKE_PREFIX_PATH=${CMAKE_PREFIX_PATH}:/home/user/dobot_ws/install/servo_action:/home/user/dobot_ws/install/dobot_moveit:/home/user/dobot_ws/install/dobot_demo:/opt/ros/humble /usr/bin/cmake --install /home/user/dobot_ws/build/ariac_description
[1.129s] -- Install configuration: ""
[1.129s] -- Up-to-date: /home/user/dobot_ws/install/ariac_description/share/ariac_description/config
[1.129s] -- Up-to-date: /home/user/dobot_ws/install/ariac_description/share/ariac_description/config/inspection_robot_2_positions.yaml
[1.129s] -- Up-to-date: /home/user/dobot_ws/install/ariac_description/share/ariac_description/config/assembly_robot_1_positions.yaml
[1.129s] -- Up-to-date: /home/user/dobot_ws/install/ariac_description/share/ariac_description/config/assembly_robot_2_controllers.yaml
[1.129s] -- Up-to-date: /home/user/dobot_ws/install/ariac_description/share/ariac_description/config/inspection_robot_2_controllers.yaml
[1.129s] -- Up-to-date: /home/user/dobot_ws/install/ariac_description/share/ariac_description/config/inspection_robot_1_positions.yaml
[1.130s] -- Up-to-date: /home/user/dobot_ws/install/ariac_description/share/ariac_description/config/assembly_robot_1_controllers.yaml
[1.130s] -- Up-to-date: /home/user/dobot_ws/install/ariac_description/share/ariac_description/config/inspection_robot_1_controllers.yaml
[1.130s] -- Up-to-date: /home/user/dobot_ws/install/ariac_description/share/ariac_description/config/gantry_welder_controllers.yaml
[1.130s] -- Up-to-date: /home/user/dobot_ws/install/ariac_description/share/ariac_description/config/assembly_robot_2_positions.yaml
[1.130s] -- Up-to-date: /home/user/dobot_ws/install/ariac_description/share/ariac_description/meshes
[1.130s] -- Up-to-date: /home/user/dobot_ws/install/ariac_description/share/ariac_description/meshes/tool_changer
[1.130s] -- Up-to-date: /home/user/dobot_ws/install/ariac_description/share/ariac_description/meshes/tool_changer/tool_changer.glb
[1.130s] -- Up-to-date: /home/user/dobot_ws/install/ariac_description/share/ariac_description/meshes/gantry_welder
[1.130s] -- Up-to-date: /home/user/dobot_ws/install/ariac_description/share/ariac_description/meshes/gantry_welder/right_support.stl
[1.131s] -- Up-to-date: /home/user/dobot_ws/install/ariac_description/share/ariac_description/meshes/gantry_welder/left_support.stl
[1.131s] -- Up-to-date: /home/user/dobot_ws/install/ariac_description/share/ariac_description/meshes/gantry_welder/rail.stl
[1.131s] -- Up-to-date: /home/user/dobot_ws/install/ariac_description/share/ariac_description/meshes/gantry_welder/carriage.stl
[1.131s] -- Up-to-date: /home/user/dobot_ws/install/ariac_description/share/ariac_description/meshes/gantry_welder/welder.stl
[1.131s] -- Up-to-date: /home/user/dobot_ws/install/ariac_description/share/ariac_description/meshes/gantry_welder/electrode.stl
[1.131s] -- Up-to-date: /home/user/dobot_ws/install/ariac_description/share/ariac_description/meshes/robotiq
[1.132s] -- Up-to-date: /home/user/dobot_ws/install/ariac_description/share/ariac_description/meshes/robotiq/collision
[1.132s] -- Up-to-date: /home/user/dobot_ws/install/ariac_description/share/ariac_description/meshes/robotiq/collision/right_finger_tip.stl
[1.132s] -- Up-to-date: /home/user/dobot_ws/install/ariac_description/share/ariac_description/meshes/robotiq/collision/right_finger.stl
[1.132s] -- Up-to-date: /home/user/dobot_ws/install/ariac_description/share/ariac_description/meshes/robotiq/collision/robotiq_base.stl
[1.132s] -- Up-to-date: /home/user/dobot_ws/install/ariac_description/share/ariac_description/meshes/robotiq/collision/right_knuckle.stl
[1.132s] -- Up-to-date: /home/user/dobot_ws/install/ariac_description/share/ariac_description/meshes/robotiq/collision/left_knuckle.stl
[1.133s] -- Up-to-date: /home/user/dobot_ws/install/ariac_description/share/ariac_description/meshes/robotiq/collision/ur_to_robotiq_adapter.stl
[1.133s] -- Up-to-date: /home/user/dobot_ws/install/ariac_description/share/ariac_description/meshes/robotiq/collision/left_finger.stl
[1.133s] -- Up-to-date: /home/user/dobot_ws/install/ariac_description/share/ariac_description/meshes/robotiq/collision/right_inner_knuckle.stl
[1.133s] -- Up-to-date: /home/user/dobot_ws/install/ariac_description/share/ariac_description/meshes/robotiq/collision/left_finger_tip.stl
[1.133s] -- Up-to-date: /home/user/dobot_ws/install/ariac_description/share/ariac_description/meshes/robotiq/collision/left_inner_knuckle.stl
[1.134s] -- Up-to-date: /home/user/dobot_ws/install/ariac_description/share/ariac_description/meshes/robotiq/visual
[1.134s] -- Up-to-date: /home/user/dobot_ws/install/ariac_description/share/ariac_description/meshes/robotiq/visual/robotiq_base.dae
[1.134s] -- Up-to-date: /home/user/dobot_ws/install/ariac_description/share/ariac_description/meshes/robotiq/visual/right_knuckle.dae
[1.134s] -- Up-to-date: /home/user/dobot_ws/install/ariac_description/share/ariac_description/meshes/robotiq/visual/left_finger_tip.dae
[1.134s] -- Up-to-date: /home/user/dobot_ws/install/ariac_description/share/ariac_description/meshes/robotiq/visual/left_inner_knuckle.dae
[1.134s] -- Up-to-date: /home/user/dobot_ws/install/ariac_description/share/ariac_description/meshes/robotiq/visual/right_inner_knuckle.dae
[1.135s] -- Up-to-date: /home/user/dobot_ws/install/ariac_description/share/ariac_description/meshes/robotiq/visual/right_finger_tip.dae
[1.135s] -- Up-to-date: /home/user/dobot_ws/install/ariac_description/share/ariac_description/meshes/robotiq/visual/ur_to_robotiq_adapter.dae
[1.135s] -- Up-to-date: /home/user/dobot_ws/install/ariac_description/share/ariac_description/meshes/robotiq/visual/right_finger.dae
[1.135s] -- Up-to-date: /home/user/dobot_ws/install/ariac_description/share/ariac_description/meshes/robotiq/visual/left_finger.dae
[1.135s] -- Up-to-date: /home/user/dobot_ws/install/ariac_description/share/ariac_description/meshes/robotiq/visual/left_knuckle.dae
[1.135s] -- Up-to-date: /home/user/dobot_ws/install/ariac_description/share/ariac_description/urdf
[1.136s] -- Up-to-date: /home/user/dobot_ws/install/ariac_description/share/ariac_description/urdf/assembly_robot_2.urdf.xacro
[1.136s] -- Up-to-date: /home/user/dobot_ws/install/ariac_description/share/ariac_description/urdf/robotiq.ros2_control.xacro
[1.136s] -- Up-to-date: /home/user/dobot_ws/install/ariac_description/share/ariac_description/urdf/gantry_welder.ros2_control.xacro
[1.136s] -- Up-to-date: /home/user/dobot_ws/install/ariac_description/share/ariac_description/urdf/robot.ros2_control.xacro
[1.136s] -- Up-to-date: /home/user/dobot_ws/install/ariac_description/share/ariac_description/urdf/gantry_welder.urdf.xacro
[1.136s] -- Up-to-date: /home/user/dobot_ws/install/ariac_description/share/ariac_description/urdf/inspection_robot_1.urdf.xacro
[1.137s] -- Up-to-date: /home/user/dobot_ws/install/ariac_description/share/ariac_description/urdf/robotiq_macro.xacro
[1.138s] -- Up-to-date: /home/user/dobot_ws/install/ariac_description/share/ariac_description/urdf/robot_macro.xacro
[1.139s] -- Up-to-date: /home/user/dobot_ws/install/ariac_description/share/ariac_description/urdf/inspection_robot_2.urdf.xacro
[1.139s] -- Up-to-date: /home/user/dobot_ws/install/ariac_description/share/ariac_description/urdf/assembly_robot_1.urdf.xacro
[1.139s] -- Up-to-date: /home/user/dobot_ws/install/ariac_description/share/ariac_description/urdf/gantry_welder_macro.xacro
[1.140s] -- Up-to-date: /home/user/dobot_ws/install/ariac_description/share/ariac_description/environment/ariac_description.dsv
[1.140s] -- Up-to-date: /home/user/dobot_ws/install/ariac_description/share/ariac_description/environment/ariac_description.sh
[1.140s] -- Up-to-date: /home/user/dobot_ws/install/ariac_description/share/ament_index/resource_index/package_run_dependencies/ariac_description
[1.141s] -- Up-to-date: /home/user/dobot_ws/install/ariac_description/share/ament_index/resource_index/parent_prefix_path/ariac_description
[1.141s] -- Up-to-date: /home/user/dobot_ws/install/ariac_description/share/ariac_description/environment/ament_prefix_path.sh
[1.141s] -- Up-to-date: /home/user/dobot_ws/install/ariac_description/share/ariac_description/environment/ament_prefix_path.dsv
[1.141s] -- Up-to-date: /home/user/dobot_ws/install/ariac_description/share/ariac_description/environment/path.sh
[1.141s] -- Up-to-date: /home/user/dobot_ws/install/ariac_description/share/ariac_description/environment/path.dsv
[1.141s] -- Up-to-date: /home/user/dobot_ws/install/ariac_description/share/ariac_description/local_setup.bash
[1.147s] -- Up-to-date: /home/user/dobot_ws/install/ariac_description/share/ariac_description/local_setup.sh
[1.147s] -- Up-to-date: /home/user/dobot_ws/install/ariac_description/share/ariac_description/local_setup.zsh
[1.147s] -- Up-to-date: /home/user/dobot_ws/install/ariac_description/share/ariac_description/local_setup.dsv
[1.147s] -- Up-to-date: /home/user/dobot_ws/install/ariac_description/share/ariac_description/package.dsv
[1.148s] -- Up-to-date: /home/user/dobot_ws/install/ariac_description/share/ament_index/resource_index/packages/ariac_description
[1.163s] -- Up-to-date: /home/user/dobot_ws/install/ariac_description/share/ariac_description/cmake/ariac_descriptionConfig.cmake
[1.163s] -- Up-to-date: /home/user/dobot_ws/install/ariac_description/share/ariac_description/cmake/ariac_descriptionConfig-version.cmake
[1.163s] -- Up-to-date: /home/user/dobot_ws/install/ariac_description/share/ariac_description/package.xml
[1.511s] Invoked command in '/home/user/dobot_ws/build/ariac_description' returned '0': CMAKE_PREFIX_PATH=${CMAKE_PREFIX_PATH}:/home/user/dobot_ws/install/servo_action:/home/user/dobot_ws/install/dobot_moveit:/home/user/dobot_ws/install/dobot_demo:/opt/ros/humble /usr/bin/cmake --install /home/user/dobot_ws/build/ariac_description
