[0.002s] Invoking command in '/home/user/dobot_ws/build/dobot_gazebo': CMAKE_PREFIX_PATH=/home/user/dobot_ws/install/cra_description:/home/user/dobot_ws/install/onrobot_2fg7_description:/home/user/dobot_ws/install/ros2_linkattacher:/home/user/dobot_ws/install/dobot_gazebo:/home/user/dobot_ws/install/linkattacher_msgs:/home/user/dobot_ws/install/cr7_moveit:/home/user/dobot_ws/install/dobot_rviz:/home/user/dobot_ws/install/cr_robot_ros2:/home/user/dobot_ws/install/dobot_msgs_v4:/home/user/dobot_ws/install/dobot_demo_cpp:/home/user/dobot_ws/install/servo_action:/home/user/dobot_ws/install/dobot_moveit:/home/user/dobot_ws/install/dobot_demo:/opt/ros/humble /usr/bin/cmake --build /home/user/dobot_ws/build/dobot_gazebo -- -j16 -l16
[0.009s] Invoked command in '/home/user/dobot_ws/build/dobot_gazebo' returned '0': CMAKE_PREFIX_PATH=/home/user/dobot_ws/install/cra_description:/home/user/dobot_ws/install/onrobot_2fg7_description:/home/user/dobot_ws/install/ros2_linkattacher:/home/user/dobot_ws/install/dobot_gazebo:/home/user/dobot_ws/install/linkattacher_msgs:/home/user/dobot_ws/install/cr7_moveit:/home/user/dobot_ws/install/dobot_rviz:/home/user/dobot_ws/install/cr_robot_ros2:/home/user/dobot_ws/install/dobot_msgs_v4:/home/user/dobot_ws/install/dobot_demo_cpp:/home/user/dobot_ws/install/servo_action:/home/user/dobot_ws/install/dobot_moveit:/home/user/dobot_ws/install/dobot_demo:/opt/ros/humble /usr/bin/cmake --build /home/user/dobot_ws/build/dobot_gazebo -- -j16 -l16
[0.009s] Invoking command in '/home/user/dobot_ws/build/dobot_gazebo': CMAKE_PREFIX_PATH=/home/user/dobot_ws/install/cra_description:/home/user/dobot_ws/install/onrobot_2fg7_description:/home/user/dobot_ws/install/ros2_linkattacher:/home/user/dobot_ws/install/dobot_gazebo:/home/user/dobot_ws/install/linkattacher_msgs:/home/user/dobot_ws/install/cr7_moveit:/home/user/dobot_ws/install/dobot_rviz:/home/user/dobot_ws/install/cr_robot_ros2:/home/user/dobot_ws/install/dobot_msgs_v4:/home/user/dobot_ws/install/dobot_demo_cpp:/home/user/dobot_ws/install/servo_action:/home/user/dobot_ws/install/dobot_moveit:/home/user/dobot_ws/install/dobot_demo:/opt/ros/humble /usr/bin/cmake --install /home/user/dobot_ws/build/dobot_gazebo
[0.010s] -- Install configuration: ""
[0.010s] -- Up-to-date: /home/user/dobot_ws/install/dobot_gazebo/share/dobot_gazebo/launch
[0.010s] -- Up-to-date: /home/user/dobot_ws/install/dobot_gazebo/share/dobot_gazebo/launch/gazebo_moveit.launch.py
[0.010s] -- Up-to-date: /home/user/dobot_ws/install/dobot_gazebo/share/dobot_gazebo/launch/dobot_gazebo.launch.py
[0.010s] -- Up-to-date: /home/user/dobot_ws/install/dobot_gazebo/share/dobot_gazebo/worlds
[0.010s] -- Up-to-date: /home/user/dobot_ws/install/dobot_gazebo/share/dobot_gazebo/worlds/small_warehouse
[0.010s] -- Up-to-date: /home/user/dobot_ws/install/dobot_gazebo/share/dobot_gazebo/worlds/cr.world
[0.010s] -- Up-to-date: /home/user/dobot_ws/install/dobot_gazebo/share/dobot_gazebo/worlds/no_roof_small_warehouse
[0.010s] -- Up-to-date: /home/user/dobot_ws/install/dobot_gazebo/share/dobot_gazebo/config
[0.010s] -- Up-to-date: /home/user/dobot_ws/install/dobot_gazebo/share/dobot_gazebo/config/moveitcpp.rviz
[0.010s] -- Up-to-date: /home/user/dobot_ws/install/dobot_gazebo/share/ament_index/resource_index/package_run_dependencies/dobot_gazebo
[0.010s] -- Up-to-date: /home/user/dobot_ws/install/dobot_gazebo/share/ament_index/resource_index/parent_prefix_path/dobot_gazebo
[0.011s] -- Up-to-date: /home/user/dobot_ws/install/dobot_gazebo/share/dobot_gazebo/environment/ament_prefix_path.sh
[0.011s] -- Up-to-date: /home/user/dobot_ws/install/dobot_gazebo/share/dobot_gazebo/environment/ament_prefix_path.dsv
[0.011s] -- Up-to-date: /home/user/dobot_ws/install/dobot_gazebo/share/dobot_gazebo/environment/path.sh
[0.011s] -- Up-to-date: /home/user/dobot_ws/install/dobot_gazebo/share/dobot_gazebo/environment/path.dsv
[0.011s] -- Up-to-date: /home/user/dobot_ws/install/dobot_gazebo/share/dobot_gazebo/local_setup.bash
[0.011s] -- Up-to-date: /home/user/dobot_ws/install/dobot_gazebo/share/dobot_gazebo/local_setup.sh
[0.011s] -- Up-to-date: /home/user/dobot_ws/install/dobot_gazebo/share/dobot_gazebo/local_setup.zsh
[0.011s] -- Up-to-date: /home/user/dobot_ws/install/dobot_gazebo/share/dobot_gazebo/local_setup.dsv
[0.011s] -- Installing: /home/user/dobot_ws/install/dobot_gazebo/share/dobot_gazebo/package.dsv
[0.011s] -- Up-to-date: /home/user/dobot_ws/install/dobot_gazebo/share/ament_index/resource_index/packages/dobot_gazebo
[0.012s] -- Up-to-date: /home/user/dobot_ws/install/dobot_gazebo/share/dobot_gazebo/cmake/dobot_gazeboConfig.cmake
[0.012s] -- Up-to-date: /home/user/dobot_ws/install/dobot_gazebo/share/dobot_gazebo/cmake/dobot_gazeboConfig-version.cmake
[0.012s] -- Up-to-date: /home/user/dobot_ws/install/dobot_gazebo/share/dobot_gazebo/package.xml
[0.013s] Invoked command in '/home/user/dobot_ws/build/dobot_gazebo' returned '0': CMAKE_PREFIX_PATH=/home/user/dobot_ws/install/cra_description:/home/user/dobot_ws/install/onrobot_2fg7_description:/home/user/dobot_ws/install/ros2_linkattacher:/home/user/dobot_ws/install/dobot_gazebo:/home/user/dobot_ws/install/linkattacher_msgs:/home/user/dobot_ws/install/cr7_moveit:/home/user/dobot_ws/install/dobot_rviz:/home/user/dobot_ws/install/cr_robot_ros2:/home/user/dobot_ws/install/dobot_msgs_v4:/home/user/dobot_ws/install/dobot_demo_cpp:/home/user/dobot_ws/install/servo_action:/home/user/dobot_ws/install/dobot_moveit:/home/user/dobot_ws/install/dobot_demo:/opt/ros/humble /usr/bin/cmake --install /home/user/dobot_ws/build/dobot_gazebo
