[0.026s] Invoking command in '/home/user/dobot_ws/build/onrobot_2fg7_description': CMAKE_PREFIX_PATH=${CMAKE_PREFIX_PATH}:/home/user/dobot_ws/install/servo_action:/home/user/dobot_ws/install/dobot_moveit:/home/user/dobot_ws/install/dobot_demo:/opt/ros/humble /usr/bin/cmake /home/user/dobot_ws/src/DOBOT_6Axis_ROS2_V4/onrobot_2fg7_description -DCMAKE_INSTALL_PREFIX=/home/user/dobot_ws/install/onrobot_2fg7_description
[0.416s] -- The C compiler identification is GNU 12.3.0
[0.417s] -- The CXX compiler identification is GNU 12.3.0
[0.417s] -- Detecting C compiler ABI info
[0.417s] -- Detecting C compiler ABI info - done
[0.417s] -- Check for working C compiler: /usr/bin/cc - skipped
[0.417s] -- Detecting C compile features
[0.418s] -- Detecting C compile features - done
[0.418s] -- Detecting CXX compiler ABI info
[0.418s] -- Detecting CXX compiler ABI info - done
[0.418s] -- Check for working CXX compiler: /usr/bin/c++ - skipped
[0.418s] -- Detecting CXX compile features
[0.418s] -- Detecting CXX compile features - done
[0.418s] -- Found ament_cmake: 1.3.14 (/opt/ros/humble/share/ament_cmake/cmake)
[0.419s] -- Found Python3: /usr/bin/python3 (found version "3.10.12") found components: Interpreter 
[0.448s] -- Found ament_lint_auto: 0.12.15 (/opt/ros/humble/share/ament_lint_auto/cmake)
[0.512s] -- Added test 'copyright' to check source files copyright and LICENSE
[0.519s] -- Added test 'flake8' to check Python code syntax and style conventions
[0.520s] -- Added test 'lint_cmake' to check CMake code style
[0.521s] -- Added test 'pep257' to check Python code against some of the docstring style conventions in PEP 257
[0.524s] -- Added test 'xmllint' to check XML markup files
[0.525s] -- Configuring done
[0.528s] -- Generating done
[0.529s] -- Build files have been written to: /home/user/dobot_ws/build/onrobot_2fg7_description
[0.643s] Invoked command in '/home/user/dobot_ws/build/onrobot_2fg7_description' returned '0': CMAKE_PREFIX_PATH=${CMAKE_PREFIX_PATH}:/home/user/dobot_ws/install/servo_action:/home/user/dobot_ws/install/dobot_moveit:/home/user/dobot_ws/install/dobot_demo:/opt/ros/humble /usr/bin/cmake /home/user/dobot_ws/src/DOBOT_6Axis_ROS2_V4/onrobot_2fg7_description -DCMAKE_INSTALL_PREFIX=/home/user/dobot_ws/install/onrobot_2fg7_description
[0.645s] Invoking command in '/home/user/dobot_ws/build/onrobot_2fg7_description': CMAKE_PREFIX_PATH=${CMAKE_PREFIX_PATH}:/home/user/dobot_ws/install/servo_action:/home/user/dobot_ws/install/dobot_moveit:/home/user/dobot_ws/install/dobot_demo:/opt/ros/humble /usr/bin/cmake --build /home/user/dobot_ws/build/onrobot_2fg7_description -- -j16 -l16
[0.674s] Invoked command in '/home/user/dobot_ws/build/onrobot_2fg7_description' returned '0': CMAKE_PREFIX_PATH=${CMAKE_PREFIX_PATH}:/home/user/dobot_ws/install/servo_action:/home/user/dobot_ws/install/dobot_moveit:/home/user/dobot_ws/install/dobot_demo:/opt/ros/humble /usr/bin/cmake --build /home/user/dobot_ws/build/onrobot_2fg7_description -- -j16 -l16
[0.682s] Invoking command in '/home/user/dobot_ws/build/onrobot_2fg7_description': CMAKE_PREFIX_PATH=${CMAKE_PREFIX_PATH}:/home/user/dobot_ws/install/servo_action:/home/user/dobot_ws/install/dobot_moveit:/home/user/dobot_ws/install/dobot_demo:/opt/ros/humble /usr/bin/cmake --install /home/user/dobot_ws/build/onrobot_2fg7_description
[0.688s] -- Install configuration: ""
[0.688s] -- Installing: /home/user/dobot_ws/install/onrobot_2fg7_description/share/onrobot_2fg7_description/config
[0.688s] -- Installing: /home/user/dobot_ws/install/onrobot_2fg7_description/share/onrobot_2fg7_description/config/onrobot_2fg7_config.rviz
[0.688s] -- Installing: /home/user/dobot_ws/install/onrobot_2fg7_description/share/onrobot_2fg7_description/urdf
[0.688s] -- Installing: /home/user/dobot_ws/install/onrobot_2fg7_description/share/onrobot_2fg7_description/urdf/materials.xacro
[0.689s] -- Installing: /home/user/dobot_ws/install/onrobot_2fg7_description/share/onrobot_2fg7_description/urdf/onrobot_2fg7.urdf.xacro
[0.689s] -- Installing: /home/user/dobot_ws/install/onrobot_2fg7_description/share/onrobot_2fg7_description/urdf/onrobot_2fg7.xacro
[0.689s] -- Installing: /home/user/dobot_ws/install/onrobot_2fg7_description/share/onrobot_2fg7_description/launch
[0.689s] -- Installing: /home/user/dobot_ws/install/onrobot_2fg7_description/share/onrobot_2fg7_description/launch/rviz.launch.py
[0.689s] -- Installing: /home/user/dobot_ws/install/onrobot_2fg7_description/share/onrobot_2fg7_description/meshes
[0.689s] -- Installing: /home/user/dobot_ws/install/onrobot_2fg7_description/share/onrobot_2fg7_description/meshes/finger_link.stl
[0.689s] -- Installing: /home/user/dobot_ws/install/onrobot_2fg7_description/share/onrobot_2fg7_description/meshes/base_link.stl
[0.689s] -- Installing: /home/user/dobot_ws/install/onrobot_2fg7_description/share/onrobot_2fg7_description/ros2_control
[0.689s] -- Installing: /home/user/dobot_ws/install/onrobot_2fg7_description/share/onrobot_2fg7_description/ros2_control/onrobot_2fg7.ros2_control.xacro
[0.689s] -- Installing: /home/user/dobot_ws/install/onrobot_2fg7_description/share/ament_index/resource_index/package_run_dependencies/onrobot_2fg7_description
[0.690s] -- Installing: /home/user/dobot_ws/install/onrobot_2fg7_description/share/ament_index/resource_index/parent_prefix_path/onrobot_2fg7_description
[0.690s] -- Installing: /home/user/dobot_ws/install/onrobot_2fg7_description/share/onrobot_2fg7_description/environment/ament_prefix_path.sh
[0.690s] -- Installing: /home/user/dobot_ws/install/onrobot_2fg7_description/share/onrobot_2fg7_description/environment/ament_prefix_path.dsv
[0.690s] -- Installing: /home/user/dobot_ws/install/onrobot_2fg7_description/share/onrobot_2fg7_description/environment/path.sh
[0.690s] -- Installing: /home/user/dobot_ws/install/onrobot_2fg7_description/share/onrobot_2fg7_description/environment/path.dsv
[0.690s] -- Installing: /home/user/dobot_ws/install/onrobot_2fg7_description/share/onrobot_2fg7_description/local_setup.bash
[0.690s] -- Installing: /home/user/dobot_ws/install/onrobot_2fg7_description/share/onrobot_2fg7_description/local_setup.sh
[0.690s] -- Installing: /home/user/dobot_ws/install/onrobot_2fg7_description/share/onrobot_2fg7_description/local_setup.zsh
[0.690s] -- Installing: /home/user/dobot_ws/install/onrobot_2fg7_description/share/onrobot_2fg7_description/local_setup.dsv
[0.691s] -- Installing: /home/user/dobot_ws/install/onrobot_2fg7_description/share/onrobot_2fg7_description/package.dsv
[0.691s] -- Installing: /home/user/dobot_ws/install/onrobot_2fg7_description/share/ament_index/resource_index/packages/onrobot_2fg7_description
[0.691s] -- Installing: /home/user/dobot_ws/install/onrobot_2fg7_description/share/onrobot_2fg7_description/cmake/onrobot_2fg7_descriptionConfig.cmake
[0.691s] -- Installing: /home/user/dobot_ws/install/onrobot_2fg7_description/share/onrobot_2fg7_description/cmake/onrobot_2fg7_descriptionConfig-version.cmake
[0.691s] -- Installing: /home/user/dobot_ws/install/onrobot_2fg7_description/share/onrobot_2fg7_description/package.xml
[0.694s] Invoked command in '/home/user/dobot_ws/build/onrobot_2fg7_description' returned '0': CMAKE_PREFIX_PATH=${CMAKE_PREFIX_PATH}:/home/user/dobot_ws/install/servo_action:/home/user/dobot_ws/install/dobot_moveit:/home/user/dobot_ws/install/dobot_demo:/opt/ros/humble /usr/bin/cmake --install /home/user/dobot_ws/build/onrobot_2fg7_description
