running egg_info
writing ../../../build/ariac_db/ariac_db.egg-info/PKG-INFO
writing dependency_links to ../../../build/ariac_db/ariac_db.egg-info/dependency_links.txt
writing entry points to ../../../build/ariac_db/ariac_db.egg-info/entry_points.txt
writing requirements to ../../../build/ariac_db/ariac_db.egg-info/requires.txt
writing top-level names to ../../../build/ariac_db/ariac_db.egg-info/top_level.txt
reading manifest file '../../../build/ariac_db/ariac_db.egg-info/SOURCES.txt'
adding license file 'LICENSE'
writing manifest file '../../../build/ariac_db/ariac_db.egg-info/SOURCES.txt'
running build
running build_py
running install
running install_lib
byte-compiling /home/user/dobot_ws/install/ariac_db/lib/python3.10/site-packages/ariac_db/manager.py to manager.cpython-310.pyc
  File "/home/user/dobot_ws/install/ariac_db/lib/python3.10/site-packages/ariac_db/manager.py", line 139
    query = f"SELECT {", ".join([f.name for f in fields(Trial)])} from Trial WHERE trial_id='{trial_id}'"
                       ^
SyntaxError: f-string: expecting '}'

running install_data
running install_egg_info
removing '/home/user/dobot_ws/install/ariac_db/lib/python3.10/site-packages/ariac_db-2025.3.4-py3.10.egg-info' (and everything under it)
Copying ../../../build/ariac_db/ariac_db.egg-info to /home/user/dobot_ws/install/ariac_db/lib/python3.10/site-packages/ariac_db-2025.3.4-py3.10.egg-info
running install_scripts
writing list of installed files to '/home/user/dobot_ws/build/ariac_db/install.log'
