[1.639s] Invoking command in '/home/user/dobot_ws/src/ARIAC/ariac_db': PYTHONPATH=/home/user/dobot_ws/build/ariac_db/prefix_override:/usr/lib/python3/dist-packages/colcon_core/task/python/colcon_distutils_commands:/home/user/dobot_ws/install/ariac_db/lib/python3.10/site-packages:${PYTHONPATH} /usr/bin/python3 -W ignore:setup.py install is deprecated -W ignore:easy_install command is deprecated setup.py egg_info --egg-base ../../../build/ariac_db build --build-base /home/user/dobot_ws/build/ariac_db/build install --record /home/user/dobot_ws/build/ariac_db/install.log --single-version-externally-managed install_data
[1.854s] running egg_info
[1.855s] writing ../../../build/ariac_db/ariac_db.egg-info/PKG-INFO
[1.855s] writing dependency_links to ../../../build/ariac_db/ariac_db.egg-info/dependency_links.txt
[1.855s] writing entry points to ../../../build/ariac_db/ariac_db.egg-info/entry_points.txt
[1.855s] writing requirements to ../../../build/ariac_db/ariac_db.egg-info/requires.txt
[1.855s] writing top-level names to ../../../build/ariac_db/ariac_db.egg-info/top_level.txt
[1.857s] reading manifest file '../../../build/ariac_db/ariac_db.egg-info/SOURCES.txt'
[1.857s] adding license file 'LICENSE'
[1.858s] writing manifest file '../../../build/ariac_db/ariac_db.egg-info/SOURCES.txt'
[1.858s] running build
[1.858s] running build_py
[1.859s] running install
[1.859s] running install_lib
[1.861s] byte-compiling /home/user/dobot_ws/install/ariac_db/lib/python3.10/site-packages/ariac_db/manager.py to manager.cpython-310.pyc
[1.862s]   File "/home/user/dobot_ws/install/ariac_db/lib/python3.10/site-packages/ariac_db/manager.py", line 139
[1.862s]     query = f"SELECT {", ".join([f.name for f in fields(Trial)])} from Trial WHERE trial_id='{trial_id}'"
[1.862s]                        ^
[1.862s] SyntaxError: f-string: expecting '}'
[1.862s] 
[1.863s] running install_data
[1.863s] running install_egg_info
[1.865s] removing '/home/user/dobot_ws/install/ariac_db/lib/python3.10/site-packages/ariac_db-2025.3.4-py3.10.egg-info' (and everything under it)
[1.865s] Copying ../../../build/ariac_db/ariac_db.egg-info to /home/user/dobot_ws/install/ariac_db/lib/python3.10/site-packages/ariac_db-2025.3.4-py3.10.egg-info
[1.866s] running install_scripts
[1.888s] writing list of installed files to '/home/user/dobot_ws/build/ariac_db/install.log'
[1.916s] Invoked command in '/home/user/dobot_ws/src/ARIAC/ariac_db' returned '0': PYTHONPATH=/home/user/dobot_ws/build/ariac_db/prefix_override:/usr/lib/python3/dist-packages/colcon_core/task/python/colcon_distutils_commands:/home/user/dobot_ws/install/ariac_db/lib/python3.10/site-packages:${PYTHONPATH} /usr/bin/python3 -W ignore:setup.py install is deprecated -W ignore:easy_install command is deprecated setup.py egg_info --egg-base ../../../build/ariac_db build --build-base /home/user/dobot_ws/build/ariac_db/build install --record /home/user/dobot_ws/build/ariac_db/install.log --single-version-externally-managed install_data
