[1.622s] Invoking command in '/home/user/dobot_ws/src/ARIAC/ariac_setup': PYTHONPATH=/home/user/dobot_ws/build/ariac_setup/prefix_override:/usr/lib/python3/dist-packages/colcon_core/task/python/colcon_distutils_commands:/home/user/dobot_ws/install/ariac_setup/lib/python3.10/site-packages:${PYTHONPATH} /usr/bin/python3 -W ignore:setup.py install is deprecated -W ignore:easy_install command is deprecated setup.py egg_info --egg-base ../../../build/ariac_setup build --build-base /home/user/dobot_ws/build/ariac_setup/build install --record /home/user/dobot_ws/build/ariac_setup/install.log --single-version-externally-managed install_data
[1.757s] running egg_info
[1.758s] writing ../../../build/ariac_setup/ariac_setup.egg-info/PKG-INFO
[1.758s] writing dependency_links to ../../../build/ariac_setup/ariac_setup.egg-info/dependency_links.txt
[1.758s] writing entry points to ../../../build/ariac_setup/ariac_setup.egg-info/entry_points.txt
[1.758s] writing requirements to ../../../build/ariac_setup/ariac_setup.egg-info/requires.txt
[1.758s] writing top-level names to ../../../build/ariac_setup/ariac_setup.egg-info/top_level.txt
[1.760s] reading manifest file '../../../build/ariac_setup/ariac_setup.egg-info/SOURCES.txt'
[1.761s] writing manifest file '../../../build/ariac_setup/ariac_setup.egg-info/SOURCES.txt'
[1.761s] running build
[1.761s] running build_py
[1.761s] running install
[1.762s] running install_lib
[1.763s] running install_data
[1.763s] running install_egg_info
[1.765s] removing '/home/user/dobot_ws/install/ariac_setup/lib/python3.10/site-packages/ariac_setup-2025.3.4-py3.10.egg-info' (and everything under it)
[1.765s] Copying ../../../build/ariac_setup/ariac_setup.egg-info to /home/user/dobot_ws/install/ariac_setup/lib/python3.10/site-packages/ariac_setup-2025.3.4-py3.10.egg-info
[1.766s] running install_scripts
[1.789s] Installing ready script to /home/user/dobot_ws/install/ariac_setup/lib/ariac_setup
[1.789s] Installing score_logger script to /home/user/dobot_ws/install/ariac_setup/lib/ariac_setup
[1.789s] Installing startup script to /home/user/dobot_ws/install/ariac_setup/lib/ariac_setup
[1.790s] writing list of installed files to '/home/user/dobot_ws/build/ariac_setup/install.log'
[1.850s] Invoked command in '/home/user/dobot_ws/src/ARIAC/ariac_setup' returned '0': PYTHONPATH=/home/user/dobot_ws/build/ariac_setup/prefix_override:/usr/lib/python3/dist-packages/colcon_core/task/python/colcon_distutils_commands:/home/user/dobot_ws/install/ariac_setup/lib/python3.10/site-packages:${PYTHONPATH} /usr/bin/python3 -W ignore:setup.py install is deprecated -W ignore:easy_install command is deprecated setup.py egg_info --egg-base ../../../build/ariac_setup build --build-base /home/user/dobot_ws/build/ariac_setup/build install --record /home/user/dobot_ws/build/ariac_setup/install.log --single-version-externally-managed install_data
