[0.950s] Invoking command in '/home/user/dobot_ws/src/DOBOT_6Axis_ROS2_V4/dobot_demo': PYTHONPATH=/home/user/dobot_ws/build/dobot_demo/prefix_override:/usr/lib/python3/dist-packages/colcon_core/task/python/colcon_distutils_commands:/home/user/dobot_ws/install/dobot_demo/lib/python3.10/site-packages:${PYTHONPATH} /usr/bin/python3 -W ignore:setup.py install is deprecated -W ignore:easy_install command is deprecated setup.py egg_info --egg-base ../../../build/dobot_demo build --build-base /home/user/dobot_ws/build/dobot_demo/build install --record /home/user/dobot_ws/build/dobot_demo/install.log --single-version-externally-managed install_data
[1.127s] running egg_info
[1.128s] creating ../../../build/dobot_demo/dobot_demo.egg-info
[1.128s] writing ../../../build/dobot_demo/dobot_demo.egg-info/PKG-INFO
[1.128s] writing dependency_links to ../../../build/dobot_demo/dobot_demo.egg-info/dependency_links.txt
[1.128s] writing entry points to ../../../build/dobot_demo/dobot_demo.egg-info/entry_points.txt
[1.128s] writing requirements to ../../../build/dobot_demo/dobot_demo.egg-info/requires.txt
[1.128s] writing top-level names to ../../../build/dobot_demo/dobot_demo.egg-info/top_level.txt
[1.128s] writing manifest file '../../../build/dobot_demo/dobot_demo.egg-info/SOURCES.txt'
[1.129s] reading manifest file '../../../build/dobot_demo/dobot_demo.egg-info/SOURCES.txt'
[1.130s] writing manifest file '../../../build/dobot_demo/dobot_demo.egg-info/SOURCES.txt'
[1.130s] running build
[1.130s] running build_py
[1.130s] creating /home/user/dobot_ws/build/dobot_demo/build
[1.130s] creating /home/user/dobot_ws/build/dobot_demo/build/lib
[1.130s] creating /home/user/dobot_ws/build/dobot_demo/build/lib/dobot_demo
[1.131s] copying dobot_demo/__init__.py -> /home/user/dobot_ws/build/dobot_demo/build/lib/dobot_demo
[1.131s] copying dobot_demo/demo.py -> /home/user/dobot_ws/build/dobot_demo/build/lib/dobot_demo
[1.131s] running install
[1.132s] running install_lib
[1.132s] creating /home/user/dobot_ws/install/dobot_demo/lib/python3.10/site-packages/dobot_demo
[1.132s] copying /home/user/dobot_ws/build/dobot_demo/build/lib/dobot_demo/__init__.py -> /home/user/dobot_ws/install/dobot_demo/lib/python3.10/site-packages/dobot_demo
[1.132s] copying /home/user/dobot_ws/build/dobot_demo/build/lib/dobot_demo/demo.py -> /home/user/dobot_ws/install/dobot_demo/lib/python3.10/site-packages/dobot_demo
[1.133s] byte-compiling /home/user/dobot_ws/install/dobot_demo/lib/python3.10/site-packages/dobot_demo/__init__.py to __init__.cpython-310.pyc
[1.133s] byte-compiling /home/user/dobot_ws/install/dobot_demo/lib/python3.10/site-packages/dobot_demo/demo.py to demo.cpython-310.pyc
[1.133s] running install_data
[1.133s] creating /home/user/dobot_ws/install/dobot_demo/share/ament_index
[1.134s] creating /home/user/dobot_ws/install/dobot_demo/share/ament_index/resource_index
[1.134s] creating /home/user/dobot_ws/install/dobot_demo/share/ament_index/resource_index/packages
[1.134s] copying resource/dobot_demo -> /home/user/dobot_ws/install/dobot_demo/share/ament_index/resource_index/packages
[1.134s] copying package.xml -> /home/user/dobot_ws/install/dobot_demo/share/dobot_demo
[1.134s] running install_egg_info
[1.135s] Copying ../../../build/dobot_demo/dobot_demo.egg-info to /home/user/dobot_ws/install/dobot_demo/lib/python3.10/site-packages/dobot_demo-0.0.0-py3.10.egg-info
[1.135s] running install_scripts
[1.152s] Installing demo script to /home/user/dobot_ws/install/dobot_demo/lib/dobot_demo
[1.152s] writing list of installed files to '/home/user/dobot_ws/build/dobot_demo/install.log'
[1.175s] Invoked command in '/home/user/dobot_ws/src/DOBOT_6Axis_ROS2_V4/dobot_demo' returned '0': PYTHONPATH=/home/user/dobot_ws/build/dobot_demo/prefix_override:/usr/lib/python3/dist-packages/colcon_core/task/python/colcon_distutils_commands:/home/user/dobot_ws/install/dobot_demo/lib/python3.10/site-packages:${PYTHONPATH} /usr/bin/python3 -W ignore:setup.py install is deprecated -W ignore:easy_install command is deprecated setup.py egg_info --egg-base ../../../build/dobot_demo build --build-base /home/user/dobot_ws/build/dobot_demo/build install --record /home/user/dobot_ws/build/dobot_demo/install.log --single-version-externally-managed install_data
