[0.161s] Invoking command in '/home/user/dobot_ws/build/robotiq_gripper_controller': AMENT_PREFIX_PATH=/home/user/dobot_ws/install/ariac_interfaces:${AMENT_PREFIX_PATH} CMAKE_PREFIX_PATH=/home/user/dobot_ws/install/ariac_interfaces:/home/user/dobot_ws/install/ros2_linkattacher:/home/user/dobot_ws/install/linkattacher_msgs:/home/user/dobot_ws/install/ariac_gz:/home/user/dobot_ws/install/onrobot_2fg7_description:/home/user/dobot_ws/install/cr7_moveit:/home/user/dobot_ws/install/dobot_rviz:/home/user/dobot_ws/install/cr_robot_ros2:/home/user/dobot_ws/install/dobot_msgs_v4:/home/user/dobot_ws/install/dobot_gazebo:/home/user/dobot_ws/install/dobot_demo_cpp:/home/user/dobot_ws/install/cra_description:/home/user/dobot_ws/install/ariac_setup:/home/user/dobot_ws/install/servo_action:/home/user/dobot_ws/install/dobot_moveit:/home/user/dobot_ws/install/dobot_demo:/opt/ros/humble LD_LIBRARY_PATH=/home/user/dobot_ws/install/ariac_interfaces/lib:${LD_LIBRARY_PATH} PYTHONPATH=/home/user/dobot_ws/install/ariac_interfaces/local/lib/python3.10/dist-packages:${PYTHONPATH} /usr/bin/cmake --build /home/user/dobot_ws/build/robotiq_gripper_controller -- -j16 -l16
[0.211s] [ 50%] Built target robotiq_gripper_controller_parameters
[0.215s] [35m[1mConsolidate compiler generated dependencies of target robotiq_gripper_controller[0m
[0.231s] [ 75%] [32mBuilding CXX object CMakeFiles/robotiq_gripper_controller.dir/src/robotiq_gripper_controller.cpp.o[0m
[2.227s] [01m[K/home/user/dobot_ws/src/ARIAC/robotiq_gripper_controller/src/robotiq_gripper_controller.cpp:[m[K In member function ‘[01m[Kvirtual CallbackReturn robotiq_gripper_controller::RobotiqGripperController::on_activate(const rclcpp_lifecycle::State&)[m[K’:
[2.227s] [01m[K/home/user/dobot_ws/src/ARIAC/robotiq_gripper_controller/src/robotiq_gripper_controller.cpp:46:51:[m[K [01;31m[Kerror: [m[K‘[01m[K__gnu_cxx::__alloc_traits<std::allocator<hardware_interface::LoanedStateInterface>, hardware_interface::LoanedStateInterface>::value_type[m[K’ {aka ‘[01m[Kclass hardware_interface::LoanedStateInterface[m[K’} has no member named ‘[01m[Kget_optional[m[K’
[2.227s]    46 |   auto current_joint_angle = state_interfaces_[0].[01;31m[Kget_optional[m[K();
[2.227s]       |                                                   [01;31m[K^~~~~~~~~~~~[m[K
[2.227s] [01m[K/home/user/dobot_ws/src/ARIAC/robotiq_gripper_controller/src/robotiq_gripper_controller.cpp:[m[K In member function ‘[01m[Kvirtual controller_interface::return_type robotiq_gripper_controller::RobotiqGripperController::update(const rclcpp::Time&, const rclcpp::Duration&)[m[K’:
[2.227s] [01m[K/home/user/dobot_ws/src/ARIAC/robotiq_gripper_controller/src/robotiq_gripper_controller.cpp:92:52:[m[K [01;31m[Kerror: [m[K‘[01m[K__gnu_cxx::__alloc_traits<std::allocator<hardware_interface::LoanedStateInterface>, hardware_interface::LoanedStateInterface>::value_type[m[K’ {aka ‘[01m[Kclass hardware_interface::LoanedStateInterface[m[K’} has no member named ‘[01m[Kget_optional[m[K’
[2.228s]    92 |   auto joint_angle_optional = state_interfaces_[0].[01;31m[Kget_optional[m[K();
[2.228s]       |                                                    [01;31m[K^~~~~~~~~~~~[m[K
[2.228s] [01m[K/home/user/dobot_ws/src/ARIAC/robotiq_gripper_controller/src/robotiq_gripper_controller.cpp:103:54:[m[K [01;31m[Kerror: [m[K‘[01m[K__gnu_cxx::__alloc_traits<std::allocator<hardware_interface::LoanedStateInterface>, hardware_interface::LoanedStateInterface>::value_type[m[K’ {aka ‘[01m[Kclass hardware_interface::LoanedStateInterface[m[K’} has no member named ‘[01m[Kget_optional[m[K’
[2.228s]   103 |   auto current_joint_velocity = state_interfaces_[1].[01;31m[Kget_optional[m[K();
[2.228s]       |                                                      [01;31m[K^~~~~~~~~~~~[m[K
[2.236s] [01m[K/home/user/dobot_ws/src/ARIAC/robotiq_gripper_controller/src/robotiq_gripper_controller.cpp:209:40:[m[K [01;31m[Kerror: [m[Kcould not convert ‘[01m[K(&((robotiq_gripper_controller::RobotiqGripperController*)this)->robotiq_gripper_controller::RobotiqGripperController::<anonymous>.controller_interface::ControllerInterface::<anonymous>.controller_interface::ControllerInterfaceBase::command_interfaces_.std::vector<hardware_interface::LoanedCommandInterface>::operator[](0))->hardware_interface::LoanedCommandInterface::set_value(((robotiq_gripper_controller::RobotiqGripperController*)this)->robotiq_gripper_controller::RobotiqGripperController::desired_joint_position_)[m[K’ from ‘[01m[Kvoid[m[K’ to ‘[01m[Kbool[m[K’
[2.236s]   209 |   if (![01;31m[Kcommand_interfaces_[0].set_value(desired_joint_position_)[m[K) {
[2.236s]       |        [01;31m[K~~~~~~~~~~~~~~~~~~~~~~~~~~~~~~~~^~~~~~~~~~~~~~~~~~~~~~~~~[m[K
[2.236s]       |                                        [01;31m[K|[m[K
[2.236s]       |                                        [01;31m[Kvoid[m[K
[2.236s] [01m[K/home/user/dobot_ws/src/ARIAC/robotiq_gripper_controller/src/robotiq_gripper_controller.cpp:209:40:[m[K [01;31m[Kerror: [m[Kin argument to unary !
[2.801s] [01m[K/home/user/dobot_ws/src/ARIAC/robotiq_gripper_controller/src/robotiq_gripper_controller.cpp:[m[K In member function ‘[01m[Kvirtual CallbackReturn robotiq_gripper_controller::RobotiqGripperController::on_activate(const rclcpp_lifecycle::State&)[m[K’:
[2.801s] [01m[K/home/user/dobot_ws/src/ARIAC/robotiq_gripper_controller/src/robotiq_gripper_controller.cpp:56:1:[m[K [01;35m[Kwarning: [m[Kcontrol reaches end of non-void function [[01;35m[K]8;;https://gcc.gnu.org/onlinedocs/gcc/Warning-Options.html#index-Wreturn-type-Wreturn-type]8;;[m[K]
[2.801s]    56 | [01;35m[K}[m[K
[2.801s]       | [01;35m[K^[m[K
[2.846s] gmake[2]: *** [CMakeFiles/robotiq_gripper_controller.dir/build.make:76: CMakeFiles/robotiq_gripper_controller.dir/src/robotiq_gripper_controller.cpp.o] Error 1
[2.847s] gmake[1]: *** [CMakeFiles/Makefile2:165: CMakeFiles/robotiq_gripper_controller.dir/all] Error 2
[2.847s] gmake: *** [Makefile:146: all] Error 2
