[0.035s] Invoking command in '/home/user/dobot_ws/build/cr7_moveit': CMAKE_PREFIX_PATH=/home/user/dobot_ws/install/dobot_rviz:/home/user/dobot_ws/install/ros2_linkattacher:/home/user/dobot_ws/install/dobot_gazebo:/home/user/dobot_ws/install/cra_description:/home/user/dobot_ws/install/onrobot_2fg7_description:/home/user/dobot_ws/install/linkattacher_msgs:/home/user/dobot_ws/install/cr7_moveit:/home/user/dobot_ws/install/cr_robot_ros2:/home/user/dobot_ws/install/dobot_msgs_v4:/home/user/dobot_ws/install/dobot_demo_cpp:/home/user/dobot_ws/install/servo_action:/home/user/dobot_ws/install/dobot_moveit:/home/user/dobot_ws/install/dobot_demo:/opt/ros/humble /usr/bin/cmake --build /home/user/dobot_ws/build/cr7_moveit -- -j16 -l16
[0.066s] Invoked command in '/home/user/dobot_ws/build/cr7_moveit' returned '0': CMAKE_PREFIX_PATH=/home/user/dobot_ws/install/dobot_rviz:/home/user/dobot_ws/install/ros2_linkattacher:/home/user/dobot_ws/install/dobot_gazebo:/home/user/dobot_ws/install/cra_description:/home/user/dobot_ws/install/onrobot_2fg7_description:/home/user/dobot_ws/install/linkattacher_msgs:/home/user/dobot_ws/install/cr7_moveit:/home/user/dobot_ws/install/cr_robot_ros2:/home/user/dobot_ws/install/dobot_msgs_v4:/home/user/dobot_ws/install/dobot_demo_cpp:/home/user/dobot_ws/install/servo_action:/home/user/dobot_ws/install/dobot_moveit:/home/user/dobot_ws/install/dobot_demo:/opt/ros/humble /usr/bin/cmake --build /home/user/dobot_ws/build/cr7_moveit -- -j16 -l16
[0.067s] Invoking command in '/home/user/dobot_ws/build/cr7_moveit': CMAKE_PREFIX_PATH=/home/user/dobot_ws/install/dobot_rviz:/home/user/dobot_ws/install/ros2_linkattacher:/home/user/dobot_ws/install/dobot_gazebo:/home/user/dobot_ws/install/cra_description:/home/user/dobot_ws/install/onrobot_2fg7_description:/home/user/dobot_ws/install/linkattacher_msgs:/home/user/dobot_ws/install/cr7_moveit:/home/user/dobot_ws/install/cr_robot_ros2:/home/user/dobot_ws/install/dobot_msgs_v4:/home/user/dobot_ws/install/dobot_demo_cpp:/home/user/dobot_ws/install/servo_action:/home/user/dobot_ws/install/dobot_moveit:/home/user/dobot_ws/install/dobot_demo:/opt/ros/humble /usr/bin/cmake --install /home/user/dobot_ws/build/cr7_moveit
[0.068s] -- Install configuration: ""
[0.068s] -- Up-to-date: /home/user/dobot_ws/install/cr7_moveit/share/ament_index/resource_index/package_run_dependencies/cr7_moveit
[0.068s] -- Up-to-date: /home/user/dobot_ws/install/cr7_moveit/share/ament_index/resource_index/parent_prefix_path/cr7_moveit
[0.068s] -- Up-to-date: /home/user/dobot_ws/install/cr7_moveit/share/cr7_moveit/environment/ament_prefix_path.sh
[0.068s] -- Up-to-date: /home/user/dobot_ws/install/cr7_moveit/share/cr7_moveit/environment/ament_prefix_path.dsv
[0.068s] -- Up-to-date: /home/user/dobot_ws/install/cr7_moveit/share/cr7_moveit/environment/path.sh
[0.068s] -- Up-to-date: /home/user/dobot_ws/install/cr7_moveit/share/cr7_moveit/environment/path.dsv
[0.068s] -- Up-to-date: /home/user/dobot_ws/install/cr7_moveit/share/cr7_moveit/local_setup.bash
[0.068s] -- Up-to-date: /home/user/dobot_ws/install/cr7_moveit/share/cr7_moveit/local_setup.sh
[0.068s] -- Up-to-date: /home/user/dobot_ws/install/cr7_moveit/share/cr7_moveit/local_setup.zsh
[0.069s] -- Up-to-date: /home/user/dobot_ws/install/cr7_moveit/share/cr7_moveit/local_setup.dsv
[0.069s] -- Installing: /home/user/dobot_ws/install/cr7_moveit/share/cr7_moveit/package.dsv
[0.069s] -- Up-to-date: /home/user/dobot_ws/install/cr7_moveit/share/ament_index/resource_index/packages/cr7_moveit
[0.069s] -- Up-to-date: /home/user/dobot_ws/install/cr7_moveit/share/cr7_moveit/cmake/cr7_moveitConfig.cmake
[0.069s] -- Up-to-date: /home/user/dobot_ws/install/cr7_moveit/share/cr7_moveit/cmake/cr7_moveitConfig-version.cmake
[0.069s] -- Up-to-date: /home/user/dobot_ws/install/cr7_moveit/share/cr7_moveit/package.xml
[0.069s] -- Up-to-date: /home/user/dobot_ws/install/cr7_moveit/share/cr7_moveit/launch
[0.069s] -- Up-to-date: /home/user/dobot_ws/install/cr7_moveit/share/cr7_moveit/launch/spawn_controllers.launch.py
[0.069s] -- Up-to-date: /home/user/dobot_ws/install/cr7_moveit/share/cr7_moveit/launch/moveit_rviz.launch.py
[0.069s] -- Up-to-date: /home/user/dobot_ws/install/cr7_moveit/share/cr7_moveit/launch/setup_assistant.launch.py
[0.070s] -- Up-to-date: /home/user/dobot_ws/install/cr7_moveit/share/cr7_moveit/launch/dobot_moveit.launch.py
[0.070s] -- Up-to-date: /home/user/dobot_ws/install/cr7_moveit/share/cr7_moveit/launch/demo.launch.py
[0.070s] -- Up-to-date: /home/user/dobot_ws/install/cr7_moveit/share/cr7_moveit/launch/move_group.launch.py
[0.070s] -- Up-to-date: /home/user/dobot_ws/install/cr7_moveit/share/cr7_moveit/launch/rsp.launch.py
[0.070s] -- Up-to-date: /home/user/dobot_ws/install/cr7_moveit/share/cr7_moveit/launch/moveit_gazebo.launch.py
[0.070s] -- Up-to-date: /home/user/dobot_ws/install/cr7_moveit/share/cr7_moveit/launch/static_virtual_joint_tfs.launch.py
[0.070s] -- Up-to-date: /home/user/dobot_ws/install/cr7_moveit/share/cr7_moveit/launch/warehouse_db.launch.py
[0.070s] -- Up-to-date: /home/user/dobot_ws/install/cr7_moveit/share/cr7_moveit/config
[0.070s] -- Up-to-date: /home/user/dobot_ws/install/cr7_moveit/share/cr7_moveit/config/moveit.rviz
[0.071s] -- Up-to-date: /home/user/dobot_ws/install/cr7_moveit/share/cr7_moveit/config/cr7_robot.ros2_control.xacro
[0.071s] -- Up-to-date: /home/user/dobot_ws/install/cr7_moveit/share/cr7_moveit/config/moveit_controllers.yaml
[0.071s] -- Up-to-date: /home/user/dobot_ws/install/cr7_moveit/share/cr7_moveit/config/kinematics.yaml
[0.071s] -- Up-to-date: /home/user/dobot_ws/install/cr7_moveit/share/cr7_moveit/config/joint_limits.yaml
[0.071s] -- Up-to-date: /home/user/dobot_ws/install/cr7_moveit/share/cr7_moveit/config/pilz_cartesian_limits.yaml
[0.071s] -- Up-to-date: /home/user/dobot_ws/install/cr7_moveit/share/cr7_moveit/config/cr7_robot.srdf
[0.071s] -- Up-to-date: /home/user/dobot_ws/install/cr7_moveit/share/cr7_moveit/config/cr7_robot.urdf.xacro
[0.071s] -- Up-to-date: /home/user/dobot_ws/install/cr7_moveit/share/cr7_moveit/config/ros2_controllers.yaml
[0.071s] -- Up-to-date: /home/user/dobot_ws/install/cr7_moveit/share/cr7_moveit/config/initial_positions.yaml
[0.072s] -- Up-to-date: /home/user/dobot_ws/install/cr7_moveit/share/cr7_moveit/.setup_assistant
[0.073s] Invoked command in '/home/user/dobot_ws/build/cr7_moveit' returned '0': CMAKE_PREFIX_PATH=/home/user/dobot_ws/install/dobot_rviz:/home/user/dobot_ws/install/ros2_linkattacher:/home/user/dobot_ws/install/dobot_gazebo:/home/user/dobot_ws/install/cra_description:/home/user/dobot_ws/install/onrobot_2fg7_description:/home/user/dobot_ws/install/linkattacher_msgs:/home/user/dobot_ws/install/cr7_moveit:/home/user/dobot_ws/install/cr_robot_ros2:/home/user/dobot_ws/install/dobot_msgs_v4:/home/user/dobot_ws/install/dobot_demo_cpp:/home/user/dobot_ws/install/servo_action:/home/user/dobot_ws/install/dobot_moveit:/home/user/dobot_ws/install/dobot_demo:/opt/ros/humble /usr/bin/cmake --install /home/user/dobot_ws/build/cr7_moveit
