[0.007s] Invoking command in '/home/user/dobot_ws/build/cr7_moveit': CMAKE_PREFIX_PATH=/home/user/dobot_ws/install/dobot_rviz:/home/user/dobot_ws/install/onrobot_2fg7_description:/home/user/dobot_ws/install/cr7_moveit:/home/user/dobot_ws/install/cr_robot_ros2:/home/user/dobot_ws/install/dobot_msgs_v4:/home/user/dobot_ws/install/dobot_gazebo:/home/user/dobot_ws/install/dobot_demo_cpp:/home/user/dobot_ws/install/cra_description:/home/user/dobot_ws/install/servo_action:/home/user/dobot_ws/install/dobot_moveit:/home/user/dobot_ws/install/dobot_demo:/opt/ros/humble /usr/bin/cmake /home/user/dobot_ws/src/DOBOT_6Axis_ROS2_V4/cr7_moveit -DCMAKE_INSTALL_PREFIX=/home/user/dobot_ws/install/cr7_moveit
[0.053s] -- The C compiler identification is GNU 12.3.0
[0.103s] -- The CXX compiler identification is GNU 12.3.0
[0.109s] -- Detecting C compiler ABI info
[0.166s] -- Detecting C compiler ABI info - done
[0.173s] -- Check for working C compiler: /usr/bin/cc - skipped
[0.173s] -- Detecting C compile features
[0.173s] -- Detecting C compile features - done
[0.176s] -- Detecting CXX compiler ABI info
[0.247s] -- Detecting CXX compiler ABI info - done
[0.258s] -- Check for working CXX compiler: /usr/bin/c++ - skipped
[0.259s] -- Detecting CXX compile features
[0.259s] -- Detecting CXX compile features - done
[0.262s] -- Found ament_cmake: 1.3.14 (/opt/ros/humble/share/ament_cmake/cmake)
[0.371s] -- Found Python3: /usr/bin/python3 (found version "3.10.12") found components: Interpreter 
[0.517s] -- Configuring done
[0.519s] -- Generating done
[0.520s] -- Build files have been written to: /home/user/dobot_ws/build/cr7_moveit
[0.524s] Invoked command in '/home/user/dobot_ws/build/cr7_moveit' returned '0': CMAKE_PREFIX_PATH=/home/user/dobot_ws/install/dobot_rviz:/home/user/dobot_ws/install/onrobot_2fg7_description:/home/user/dobot_ws/install/cr7_moveit:/home/user/dobot_ws/install/cr_robot_ros2:/home/user/dobot_ws/install/dobot_msgs_v4:/home/user/dobot_ws/install/dobot_gazebo:/home/user/dobot_ws/install/dobot_demo_cpp:/home/user/dobot_ws/install/cra_description:/home/user/dobot_ws/install/servo_action:/home/user/dobot_ws/install/dobot_moveit:/home/user/dobot_ws/install/dobot_demo:/opt/ros/humble /usr/bin/cmake /home/user/dobot_ws/src/DOBOT_6Axis_ROS2_V4/cr7_moveit -DCMAKE_INSTALL_PREFIX=/home/user/dobot_ws/install/cr7_moveit
[0.527s] Invoking command in '/home/user/dobot_ws/build/cr7_moveit': CMAKE_PREFIX_PATH=/home/user/dobot_ws/install/dobot_rviz:/home/user/dobot_ws/install/onrobot_2fg7_description:/home/user/dobot_ws/install/cr7_moveit:/home/user/dobot_ws/install/cr_robot_ros2:/home/user/dobot_ws/install/dobot_msgs_v4:/home/user/dobot_ws/install/dobot_gazebo:/home/user/dobot_ws/install/dobot_demo_cpp:/home/user/dobot_ws/install/cra_description:/home/user/dobot_ws/install/servo_action:/home/user/dobot_ws/install/dobot_moveit:/home/user/dobot_ws/install/dobot_demo:/opt/ros/humble /usr/bin/cmake --build /home/user/dobot_ws/build/cr7_moveit -- -j16 -l16
[0.554s] Invoked command in '/home/user/dobot_ws/build/cr7_moveit' returned '0': CMAKE_PREFIX_PATH=/home/user/dobot_ws/install/dobot_rviz:/home/user/dobot_ws/install/onrobot_2fg7_description:/home/user/dobot_ws/install/cr7_moveit:/home/user/dobot_ws/install/cr_robot_ros2:/home/user/dobot_ws/install/dobot_msgs_v4:/home/user/dobot_ws/install/dobot_gazebo:/home/user/dobot_ws/install/dobot_demo_cpp:/home/user/dobot_ws/install/cra_description:/home/user/dobot_ws/install/servo_action:/home/user/dobot_ws/install/dobot_moveit:/home/user/dobot_ws/install/dobot_demo:/opt/ros/humble /usr/bin/cmake --build /home/user/dobot_ws/build/cr7_moveit -- -j16 -l16
[0.556s] Invoking command in '/home/user/dobot_ws/build/cr7_moveit': CMAKE_PREFIX_PATH=/home/user/dobot_ws/install/dobot_rviz:/home/user/dobot_ws/install/onrobot_2fg7_description:/home/user/dobot_ws/install/cr7_moveit:/home/user/dobot_ws/install/cr_robot_ros2:/home/user/dobot_ws/install/dobot_msgs_v4:/home/user/dobot_ws/install/dobot_gazebo:/home/user/dobot_ws/install/dobot_demo_cpp:/home/user/dobot_ws/install/cra_description:/home/user/dobot_ws/install/servo_action:/home/user/dobot_ws/install/dobot_moveit:/home/user/dobot_ws/install/dobot_demo:/opt/ros/humble /usr/bin/cmake --install /home/user/dobot_ws/build/cr7_moveit
[0.561s] -- Install configuration: ""
[0.561s] -- Installing: /home/user/dobot_ws/install/cr7_moveit/share/ament_index/resource_index/package_run_dependencies/cr7_moveit
[0.561s] -- Installing: /home/user/dobot_ws/install/cr7_moveit/share/ament_index/resource_index/parent_prefix_path/cr7_moveit
[0.561s] -- Installing: /home/user/dobot_ws/install/cr7_moveit/share/cr7_moveit/environment/ament_prefix_path.sh
[0.562s] -- Installing: /home/user/dobot_ws/install/cr7_moveit/share/cr7_moveit/environment/ament_prefix_path.dsv
[0.562s] -- Installing: /home/user/dobot_ws/install/cr7_moveit/share/cr7_moveit/environment/path.sh
[0.562s] -- Installing: /home/user/dobot_ws/install/cr7_moveit/share/cr7_moveit/environment/path.dsv
[0.562s] -- Installing: /home/user/dobot_ws/install/cr7_moveit/share/cr7_moveit/local_setup.bash
[0.562s] -- Installing: /home/user/dobot_ws/install/cr7_moveit/share/cr7_moveit/local_setup.sh
[0.562s] -- Installing: /home/user/dobot_ws/install/cr7_moveit/share/cr7_moveit/local_setup.zsh
[0.563s] -- Installing: /home/user/dobot_ws/install/cr7_moveit/share/cr7_moveit/local_setup.dsv
[0.563s] -- Installing: /home/user/dobot_ws/install/cr7_moveit/share/cr7_moveit/package.dsv
[0.563s] -- Installing: /home/user/dobot_ws/install/cr7_moveit/share/ament_index/resource_index/packages/cr7_moveit
[0.565s] -- Installing: /home/user/dobot_ws/install/cr7_moveit/share/cr7_moveit/cmake/cr7_moveitConfig.cmake
[0.566s] -- Installing: /home/user/dobot_ws/install/cr7_moveit/share/cr7_moveit/cmake/cr7_moveitConfig-version.cmake
[0.566s] -- Installing: /home/user/dobot_ws/install/cr7_moveit/share/cr7_moveit/package.xml
[0.566s] -- Installing: /home/user/dobot_ws/install/cr7_moveit/share/cr7_moveit/launch
[0.566s] -- Installing: /home/user/dobot_ws/install/cr7_moveit/share/cr7_moveit/launch/spawn_controllers.launch.py
[0.566s] -- Installing: /home/user/dobot_ws/install/cr7_moveit/share/cr7_moveit/launch/moveit_rviz.launch.py
[0.567s] -- Installing: /home/user/dobot_ws/install/cr7_moveit/share/cr7_moveit/launch/setup_assistant.launch.py
[0.567s] -- Installing: /home/user/dobot_ws/install/cr7_moveit/share/cr7_moveit/launch/dobot_moveit.launch.py
[0.567s] -- Installing: /home/user/dobot_ws/install/cr7_moveit/share/cr7_moveit/launch/demo.launch.py
[0.567s] -- Installing: /home/user/dobot_ws/install/cr7_moveit/share/cr7_moveit/launch/move_group.launch.py
[0.567s] -- Installing: /home/user/dobot_ws/install/cr7_moveit/share/cr7_moveit/launch/rsp.launch.py
[0.567s] -- Installing: /home/user/dobot_ws/install/cr7_moveit/share/cr7_moveit/launch/moveit_gazebo.launch.py
[0.567s] -- Installing: /home/user/dobot_ws/install/cr7_moveit/share/cr7_moveit/launch/static_virtual_joint_tfs.launch.py
[0.568s] -- Installing: /home/user/dobot_ws/install/cr7_moveit/share/cr7_moveit/launch/warehouse_db.launch.py
[0.568s] -- Installing: /home/user/dobot_ws/install/cr7_moveit/share/cr7_moveit/config
[0.569s] -- Installing: /home/user/dobot_ws/install/cr7_moveit/share/cr7_moveit/config/moveit.rviz
[0.569s] -- Installing: /home/user/dobot_ws/install/cr7_moveit/share/cr7_moveit/config/cr7_robot.ros2_control.xacro
[0.569s] -- Installing: /home/user/dobot_ws/install/cr7_moveit/share/cr7_moveit/config/moveit_controllers.yaml
[0.569s] -- Installing: /home/user/dobot_ws/install/cr7_moveit/share/cr7_moveit/config/kinematics.yaml
[0.569s] -- Installing: /home/user/dobot_ws/install/cr7_moveit/share/cr7_moveit/config/joint_limits.yaml
[0.569s] -- Installing: /home/user/dobot_ws/install/cr7_moveit/share/cr7_moveit/config/pilz_cartesian_limits.yaml
[0.569s] -- Installing: /home/user/dobot_ws/install/cr7_moveit/share/cr7_moveit/config/cr7_robot.srdf
[0.569s] -- Installing: /home/user/dobot_ws/install/cr7_moveit/share/cr7_moveit/config/cr7_robot.urdf.xacro
[0.569s] -- Installing: /home/user/dobot_ws/install/cr7_moveit/share/cr7_moveit/config/ros2_controllers.yaml
[0.569s] -- Installing: /home/user/dobot_ws/install/cr7_moveit/share/cr7_moveit/config/initial_positions.yaml
[0.569s] -- Installing: /home/user/dobot_ws/install/cr7_moveit/share/cr7_moveit/.setup_assistant
[0.570s] Invoked command in '/home/user/dobot_ws/build/cr7_moveit' returned '0': CMAKE_PREFIX_PATH=/home/user/dobot_ws/install/dobot_rviz:/home/user/dobot_ws/install/onrobot_2fg7_description:/home/user/dobot_ws/install/cr7_moveit:/home/user/dobot_ws/install/cr_robot_ros2:/home/user/dobot_ws/install/dobot_msgs_v4:/home/user/dobot_ws/install/dobot_gazebo:/home/user/dobot_ws/install/dobot_demo_cpp:/home/user/dobot_ws/install/cra_description:/home/user/dobot_ws/install/servo_action:/home/user/dobot_ws/install/dobot_moveit:/home/user/dobot_ws/install/dobot_demo:/opt/ros/humble /usr/bin/cmake --install /home/user/dobot_ws/build/cr7_moveit
