[0.010s] Invoking command in '/home/user/dobot_ws/build/ariac_gz': AMENT_PREFIX_PATH=/home/user/dobot_ws/install/ariac_setup:/home/user/dobot_ws/install/servo_action:/home/user/dobot_ws/install/ros2_linkattacher:/home/user/dobot_ws/install/dobot_gazebo:/home/user/dobot_ws/install/cra_description:/home/user/dobot_ws/install/onrobot_2fg7_description:/home/user/dobot_ws/install/linkattacher_msgs:/home/user/dobot_ws/install/cr7_moveit:/home/user/dobot_ws/install/dobot_rviz:/home/user/dobot_ws/install/cr_robot_ros2:/home/user/dobot_ws/install/dobot_msgs_v4:/home/user/dobot_ws/install/dobot_moveit:/home/user/dobot_ws/install/dobot_demo_cpp:/home/user/dobot_ws/install/dobot_demo:/home/user/dobot_ws/install/ariac_gz:/home/user/dobot_ws/install/ariac_interfaces:/home/user/dobot_ws/install/ariac_description:/home/user/dobot_ws/install/ariac_db:/opt/ros/humble CMAKE_PREFIX_PATH=${CMAKE_PREFIX_PATH}:/home/user/dobot_ws/install/servo_action:/home/user/dobot_ws/install/dobot_moveit:/home/user/dobot_ws/install/dobot_demo:/home/user/dobot_ws/install/ariac_setup:/home/user/dobot_ws/install/ariac_db:/opt/ros/humble PYTHONPATH=/home/user/dobot_ws/install/ariac_setup/lib/python3.10/site-packages:/home/user/dobot_ws/install/servo_action/lib/python3.10/site-packages:/home/user/dobot_ws/install/linkattacher_msgs/local/lib/python3.10/dist-packages:/home/user/dobot_ws/install/dobot_msgs_v4/local/lib/python3.10/dist-packages:/home/user/dobot_ws/install/dobot_moveit/lib/python3.10/site-packages:/home/user/dobot_ws/install/dobot_demo/lib/python3.10/site-packages:/home/user/dobot_ws/install/ariac_interfaces/local/lib/python3.10/dist-packages:/home/user/dobot_ws/install/ariac_db/lib/python3.10/site-packages:/opt/ros/humble/lib/python3.10/site-packages:/opt/ros/humble/local/lib/python3.10/dist-packages /usr/bin/cmake --build /home/user/dobot_ws/build/ariac_gz -- -j16 -l16
[0.041s] Invoked command in '/home/user/dobot_ws/build/ariac_gz' returned '0': AMENT_PREFIX_PATH=/home/user/dobot_ws/install/ariac_setup:/home/user/dobot_ws/install/servo_action:/home/user/dobot_ws/install/ros2_linkattacher:/home/user/dobot_ws/install/dobot_gazebo:/home/user/dobot_ws/install/cra_description:/home/user/dobot_ws/install/onrobot_2fg7_description:/home/user/dobot_ws/install/linkattacher_msgs:/home/user/dobot_ws/install/cr7_moveit:/home/user/dobot_ws/install/dobot_rviz:/home/user/dobot_ws/install/cr_robot_ros2:/home/user/dobot_ws/install/dobot_msgs_v4:/home/user/dobot_ws/install/dobot_moveit:/home/user/dobot_ws/install/dobot_demo_cpp:/home/user/dobot_ws/install/dobot_demo:/home/user/dobot_ws/install/ariac_gz:/home/user/dobot_ws/install/ariac_interfaces:/home/user/dobot_ws/install/ariac_description:/home/user/dobot_ws/install/ariac_db:/opt/ros/humble CMAKE_PREFIX_PATH=${CMAKE_PREFIX_PATH}:/home/user/dobot_ws/install/servo_action:/home/user/dobot_ws/install/dobot_moveit:/home/user/dobot_ws/install/dobot_demo:/home/user/dobot_ws/install/ariac_setup:/home/user/dobot_ws/install/ariac_db:/opt/ros/humble PYTHONPATH=/home/user/dobot_ws/install/ariac_setup/lib/python3.10/site-packages:/home/user/dobot_ws/install/servo_action/lib/python3.10/site-packages:/home/user/dobot_ws/install/linkattacher_msgs/local/lib/python3.10/dist-packages:/home/user/dobot_ws/install/dobot_msgs_v4/local/lib/python3.10/dist-packages:/home/user/dobot_ws/install/dobot_moveit/lib/python3.10/site-packages:/home/user/dobot_ws/install/dobot_demo/lib/python3.10/site-packages:/home/user/dobot_ws/install/ariac_interfaces/local/lib/python3.10/dist-packages:/home/user/dobot_ws/install/ariac_db/lib/python3.10/site-packages:/opt/ros/humble/lib/python3.10/site-packages:/opt/ros/humble/local/lib/python3.10/dist-packages /usr/bin/cmake --build /home/user/dobot_ws/build/ariac_gz -- -j16 -l16
[0.049s] Invoking command in '/home/user/dobot_ws/build/ariac_gz': AMENT_PREFIX_PATH=/home/user/dobot_ws/install/ariac_setup:/home/user/dobot_ws/install/servo_action:/home/user/dobot_ws/install/ros2_linkattacher:/home/user/dobot_ws/install/dobot_gazebo:/home/user/dobot_ws/install/cra_description:/home/user/dobot_ws/install/onrobot_2fg7_description:/home/user/dobot_ws/install/linkattacher_msgs:/home/user/dobot_ws/install/cr7_moveit:/home/user/dobot_ws/install/dobot_rviz:/home/user/dobot_ws/install/cr_robot_ros2:/home/user/dobot_ws/install/dobot_msgs_v4:/home/user/dobot_ws/install/dobot_moveit:/home/user/dobot_ws/install/dobot_demo_cpp:/home/user/dobot_ws/install/dobot_demo:/home/user/dobot_ws/install/ariac_gz:/home/user/dobot_ws/install/ariac_interfaces:/home/user/dobot_ws/install/ariac_description:/home/user/dobot_ws/install/ariac_db:/opt/ros/humble CMAKE_PREFIX_PATH=${CMAKE_PREFIX_PATH}:/home/user/dobot_ws/install/servo_action:/home/user/dobot_ws/install/dobot_moveit:/home/user/dobot_ws/install/dobot_demo:/home/user/dobot_ws/install/ariac_setup:/home/user/dobot_ws/install/ariac_db:/opt/ros/humble PYTHONPATH=/home/user/dobot_ws/install/ariac_setup/lib/python3.10/site-packages:/home/user/dobot_ws/install/servo_action/lib/python3.10/site-packages:/home/user/dobot_ws/install/linkattacher_msgs/local/lib/python3.10/dist-packages:/home/user/dobot_ws/install/dobot_msgs_v4/local/lib/python3.10/dist-packages:/home/user/dobot_ws/install/dobot_moveit/lib/python3.10/site-packages:/home/user/dobot_ws/install/dobot_demo/lib/python3.10/site-packages:/home/user/dobot_ws/install/ariac_interfaces/local/lib/python3.10/dist-packages:/home/user/dobot_ws/install/ariac_db/lib/python3.10/site-packages:/opt/ros/humble/lib/python3.10/site-packages:/opt/ros/humble/local/lib/python3.10/dist-packages /usr/bin/cmake --install /home/user/dobot_ws/build/ariac_gz
[0.055s] -- Install configuration: ""
[0.055s] -- Up-to-date: /home/user/dobot_ws/install/ariac_gz/share/ariac_gz/config
[0.055s] -- Up-to-date: /home/user/dobot_ws/install/ariac_gz/share/ariac_gz/config/gui.config
[0.057s] -- Up-to-date: /home/user/dobot_ws/install/ariac_gz/share/ariac_gz/launch
[0.059s] -- Up-to-date: /home/user/dobot_ws/install/ariac_gz/share/ariac_gz/launch/robot.launch.py
[0.060s] -- Up-to-date: /home/user/dobot_ws/install/ariac_gz/share/ariac_gz/launch/ariac.launch.py
[0.060s] -- Up-to-date: /home/user/dobot_ws/install/ariac_gz/share/ariac_gz/models
[0.060s] -- Up-to-date: /home/user/dobot_ws/install/ariac_gz/share/ariac_gz/models/tool_holder
[0.060s] -- Up-to-date: /home/user/dobot_ws/install/ariac_gz/share/ariac_gz/models/tool_holder/model.config
[0.060s] -- Up-to-date: /home/user/dobot_ws/install/ariac_gz/share/ariac_gz/models/tool_holder/meshes
[0.060s] -- Up-to-date: /home/user/dobot_ws/install/ariac_gz/share/ariac_gz/models/tool_holder/meshes/tool_holder.stl
[0.060s] -- Up-to-date: /home/user/dobot_ws/install/ariac_gz/share/ariac_gz/models/tool_holder/meshes/textures
[0.060s] -- Up-to-date: /home/user/dobot_ws/install/ariac_gz/share/ariac_gz/models/tool_holder/meshes/textures/Metal009_1K-PNG_Color.png
[0.060s] -- Up-to-date: /home/user/dobot_ws/install/ariac_gz/share/ariac_gz/models/tool_holder/meshes/textures/Plastic011_1K-PNG_Color.png
[0.060s] -- Up-to-date: /home/user/dobot_ws/install/ariac_gz/share/ariac_gz/models/tool_holder/meshes/tool_holder.bin
[0.060s] -- Up-to-date: /home/user/dobot_ws/install/ariac_gz/share/ariac_gz/models/tool_holder/meshes/tool_holder.gltf
[0.060s] -- Up-to-date: /home/user/dobot_ws/install/ariac_gz/share/ariac_gz/models/tool_holder/model.sdf
[0.060s] -- Up-to-date: /home/user/dobot_ws/install/ariac_gz/share/ariac_gz/models/bins
[0.060s] -- Up-to-date: /home/user/dobot_ws/install/ariac_gz/share/ariac_gz/models/bins/recycling_bin
[0.060s] -- Up-to-date: /home/user/dobot_ws/install/ariac_gz/share/ariac_gz/models/bins/recycling_bin/model.config
[0.060s] -- Up-to-date: /home/user/dobot_ws/install/ariac_gz/share/ariac_gz/models/bins/recycling_bin/model.sdf
[0.061s] -- Up-to-date: /home/user/dobot_ws/install/ariac_gz/share/ariac_gz/models/bins/meshes
[0.061s] -- Up-to-date: /home/user/dobot_ws/install/ariac_gz/share/ariac_gz/models/bins/meshes/blue_bin.dae
[0.061s] -- Up-to-date: /home/user/dobot_ws/install/ariac_gz/share/ariac_gz/models/bins/meshes/Plastic015A_1K-PNG_Color.png
[0.061s] -- Up-to-date: /home/user/dobot_ws/install/ariac_gz/share/ariac_gz/models/bins/meshes/Plastic017B_1K-PNG_Color.png
[0.061s] -- Up-to-date: /home/user/dobot_ws/install/ariac_gz/share/ariac_gz/models/bins/meshes/green_bin.dae
[0.061s] -- Up-to-date: /home/user/dobot_ws/install/ariac_gz/share/ariac_gz/models/bins/disposal_bin
[0.061s] -- Up-to-date: /home/user/dobot_ws/install/ariac_gz/share/ariac_gz/models/bins/disposal_bin/model.config
[0.061s] -- Up-to-date: /home/user/dobot_ws/install/ariac_gz/share/ariac_gz/models/bins/disposal_bin/model.sdf
[0.061s] -- Up-to-date: /home/user/dobot_ws/install/ariac_gz/share/ariac_gz/models/assembly_conveyor
[0.061s] -- Up-to-date: /home/user/dobot_ws/install/ariac_gz/share/ariac_gz/models/assembly_conveyor/model.config
[0.061s] -- Up-to-date: /home/user/dobot_ws/install/ariac_gz/share/ariac_gz/models/assembly_conveyor/meshes
[0.061s] -- Up-to-date: /home/user/dobot_ws/install/ariac_gz/share/ariac_gz/models/assembly_conveyor/meshes/belt.stl
[0.061s] -- Up-to-date: /home/user/dobot_ws/install/ariac_gz/share/ariac_gz/models/assembly_conveyor/meshes/textures
[0.061s] -- Up-to-date: /home/user/dobot_ws/install/ariac_gz/share/ariac_gz/models/assembly_conveyor/meshes/textures/metal_assembly_conveyor.png
[0.061s] -- Up-to-date: /home/user/dobot_ws/install/ariac_gz/share/ariac_gz/models/assembly_conveyor/meshes/textures/black_color.png
[0.061s] -- Up-to-date: /home/user/dobot_ws/install/ariac_gz/share/ariac_gz/models/assembly_conveyor/meshes/assembly_conveyor.bin
[0.061s] -- Up-to-date: /home/user/dobot_ws/install/ariac_gz/share/ariac_gz/models/assembly_conveyor/meshes/base.stl
[0.061s] -- Up-to-date: /home/user/dobot_ws/install/ariac_gz/share/ariac_gz/models/assembly_conveyor/meshes/section_1_belt.stl
[0.062s] -- Up-to-date: /home/user/dobot_ws/install/ariac_gz/share/ariac_gz/models/assembly_conveyor/meshes/assembly_conveyor.gltf
[0.062s] -- Up-to-date: /home/user/dobot_ws/install/ariac_gz/share/ariac_gz/models/assembly_conveyor/model.sdf
[0.062s] -- Up-to-date: /home/user/dobot_ws/install/ariac_gz/share/ariac_gz/models/boxes
[0.062s] -- Up-to-date: /home/user/dobot_ws/install/ariac_gz/share/ariac_gz/models/boxes/model.config
[0.062s] -- Up-to-date: /home/user/dobot_ws/install/ariac_gz/share/ariac_gz/models/boxes/thumbnails
[0.062s] -- Up-to-date: /home/user/dobot_ws/install/ariac_gz/share/ariac_gz/models/boxes/thumbnails/1.jpg
[0.062s] -- Up-to-date: /home/user/dobot_ws/install/ariac_gz/share/ariac_gz/models/boxes/thumbnails/2.jpg
[0.062s] -- Up-to-date: /home/user/dobot_ws/install/ariac_gz/share/ariac_gz/models/boxes/thumbnails/4.jpg
[0.062s] -- Up-to-date: /home/user/dobot_ws/install/ariac_gz/share/ariac_gz/models/boxes/thumbnails/3.jpg
[0.062s] -- Up-to-date: /home/user/dobot_ws/install/ariac_gz/share/ariac_gz/models/boxes/thumbnails/0.jpg
[0.062s] -- Up-to-date: /home/user/dobot_ws/install/ariac_gz/share/ariac_gz/models/boxes/metadata.pbtxt
[0.062s] -- Up-to-date: /home/user/dobot_ws/install/ariac_gz/share/ariac_gz/models/boxes/meshes
[0.062s] -- Up-to-date: /home/user/dobot_ws/install/ariac_gz/share/ariac_gz/models/boxes/meshes/texture.png
[0.063s] -- Up-to-date: /home/user/dobot_ws/install/ariac_gz/share/ariac_gz/models/boxes/meshes/model.mtl
[0.063s] -- Up-to-date: /home/user/dobot_ws/install/ariac_gz/share/ariac_gz/models/boxes/meshes/model.obj
[0.063s] -- Up-to-date: /home/user/dobot_ws/install/ariac_gz/share/ariac_gz/models/boxes/model.sdf
[0.063s] -- Up-to-date: /home/user/dobot_ws/install/ariac_gz/share/ariac_gz/models/high_priority_tray_shelves
[0.063s] -- Up-to-date: /home/user/dobot_ws/install/ariac_gz/share/ariac_gz/models/high_priority_tray_shelves/model.config
[0.063s] -- Up-to-date: /home/user/dobot_ws/install/ariac_gz/share/ariac_gz/models/high_priority_tray_shelves/meshes
[0.063s] -- Up-to-date: /home/user/dobot_ws/install/ariac_gz/share/ariac_gz/models/high_priority_tray_shelves/meshes/high_priority_tray_shelf.bin
[0.063s] -- Up-to-date: /home/user/dobot_ws/install/ariac_gz/share/ariac_gz/models/high_priority_tray_shelves/meshes/high_priority_tray_shelf.gltf
[0.063s] -- Up-to-date: /home/user/dobot_ws/install/ariac_gz/share/ariac_gz/models/high_priority_tray_shelves/model.sdf
[0.063s] -- Up-to-date: /home/user/dobot_ws/install/ariac_gz/share/ariac_gz/models/status_light
[0.063s] -- Up-to-date: /home/user/dobot_ws/install/ariac_gz/share/ariac_gz/models/status_light/model.config
[0.063s] -- Up-to-date: /home/user/dobot_ws/install/ariac_gz/share/ariac_gz/models/status_light/model.sdf
[0.063s] -- Up-to-date: /home/user/dobot_ws/install/ariac_gz/share/ariac_gz/models/kit_tray_shelves
[0.064s] -- Up-to-date: /home/user/dobot_ws/install/ariac_gz/share/ariac_gz/models/kit_tray_shelves/model.config
[0.064s] -- Up-to-date: /home/user/dobot_ws/install/ariac_gz/share/ariac_gz/models/kit_tray_shelves/meshes
[0.064s] -- Up-to-date: /home/user/dobot_ws/install/ariac_gz/share/ariac_gz/models/kit_tray_shelves/meshes/kit_tray_shelf.bin
[0.064s] -- Up-to-date: /home/user/dobot_ws/install/ariac_gz/share/ariac_gz/models/kit_tray_shelves/meshes/kit_tray_shelf.gltf
[0.064s] -- Up-to-date: /home/user/dobot_ws/install/ariac_gz/share/ariac_gz/models/kit_tray_shelves/model.sdf
[0.064s] -- Up-to-date: /home/user/dobot_ws/install/ariac_gz/share/ariac_gz/models/battery_cell
[0.064s] -- Up-to-date: /home/user/dobot_ws/install/ariac_gz/share/ariac_gz/models/battery_cell/model.config
[0.064s] -- Up-to-date: /home/user/dobot_ws/install/ariac_gz/share/ariac_gz/models/battery_cell/meshes
[0.064s] -- Up-to-date: /home/user/dobot_ws/install/ariac_gz/share/ariac_gz/models/battery_cell/meshes/li-ion
[0.064s] -- Up-to-date: /home/user/dobot_ws/install/ariac_gz/share/ariac_gz/models/battery_cell/meshes/li-ion/defect_5.glb
[0.064s] -- Up-to-date: /home/user/dobot_ws/install/ariac_gz/share/ariac_gz/models/battery_cell/meshes/li-ion/defect_4.glb
[0.064s] -- Up-to-date: /home/user/dobot_ws/install/ariac_gz/share/ariac_gz/models/battery_cell/meshes/li-ion/defect_1.glb
[0.065s] -- Up-to-date: /home/user/dobot_ws/install/ariac_gz/share/ariac_gz/models/battery_cell/meshes/li-ion/base.glb
[0.065s] -- Up-to-date: /home/user/dobot_ws/install/ariac_gz/share/ariac_gz/models/battery_cell/meshes/li-ion/defect_3.glb
[0.065s] -- Up-to-date: /home/user/dobot_ws/install/ariac_gz/share/ariac_gz/models/battery_cell/meshes/li-ion/defect_8.glb
[0.065s] -- Up-to-date: /home/user/dobot_ws/install/ariac_gz/share/ariac_gz/models/battery_cell/meshes/li-ion/defect_9.glb
[0.065s] -- Up-to-date: /home/user/dobot_ws/install/ariac_gz/share/ariac_gz/models/battery_cell/meshes/li-ion/defect_7.glb
[0.065s] -- Up-to-date: /home/user/dobot_ws/install/ariac_gz/share/ariac_gz/models/battery_cell/meshes/li-ion/defect_2.glb
[0.065s] -- Up-to-date: /home/user/dobot_ws/install/ariac_gz/share/ariac_gz/models/battery_cell/meshes/li-ion/defect_6.glb
[0.065s] -- Up-to-date: /home/user/dobot_ws/install/ariac_gz/share/ariac_gz/models/battery_cell/meshes/li-ion/defect_10.glb
[0.065s] -- Up-to-date: /home/user/dobot_ws/install/ariac_gz/share/ariac_gz/models/battery_cell/meshes/nimh
[0.065s] -- Up-to-date: /home/user/dobot_ws/install/ariac_gz/share/ariac_gz/models/battery_cell/meshes/nimh/defect_5.glb
[0.065s] -- Up-to-date: /home/user/dobot_ws/install/ariac_gz/share/ariac_gz/models/battery_cell/meshes/nimh/defect_4.glb
[0.066s] -- Up-to-date: /home/user/dobot_ws/install/ariac_gz/share/ariac_gz/models/battery_cell/meshes/nimh/defect_1.glb
[0.066s] -- Up-to-date: /home/user/dobot_ws/install/ariac_gz/share/ariac_gz/models/battery_cell/meshes/nimh/base.glb
[0.066s] -- Up-to-date: /home/user/dobot_ws/install/ariac_gz/share/ariac_gz/models/battery_cell/meshes/nimh/defect_3.glb
[0.066s] -- Up-to-date: /home/user/dobot_ws/install/ariac_gz/share/ariac_gz/models/battery_cell/meshes/nimh/defect_8.glb
[0.066s] -- Up-to-date: /home/user/dobot_ws/install/ariac_gz/share/ariac_gz/models/battery_cell/meshes/nimh/defect_9.glb
[0.066s] -- Up-to-date: /home/user/dobot_ws/install/ariac_gz/share/ariac_gz/models/battery_cell/meshes/nimh/defect_7.glb
[0.066s] -- Up-to-date: /home/user/dobot_ws/install/ariac_gz/share/ariac_gz/models/battery_cell/meshes/nimh/defect_2.glb
[0.067s] -- Up-to-date: /home/user/dobot_ws/install/ariac_gz/share/ariac_gz/models/battery_cell/meshes/nimh/defect_6.glb
[0.067s] -- Up-to-date: /home/user/dobot_ws/install/ariac_gz/share/ariac_gz/models/battery_cell/meshes/nimh/defect_10.glb
[0.067s] -- Up-to-date: /home/user/dobot_ws/install/ariac_gz/share/ariac_gz/models/battery_cell/model.sdf
[0.067s] -- Up-to-date: /home/user/dobot_ws/install/ariac_gz/share/ariac_gz/models/vacuum_tools
[0.067s] -- Up-to-date: /home/user/dobot_ws/install/ariac_gz/share/ariac_gz/models/vacuum_tools/vg_4
[0.067s] -- Up-to-date: /home/user/dobot_ws/install/ariac_gz/share/ariac_gz/models/vacuum_tools/vg_4/model.config
[0.067s] -- Up-to-date: /home/user/dobot_ws/install/ariac_gz/share/ariac_gz/models/vacuum_tools/vg_4/model.sdf
[0.067s] -- Up-to-date: /home/user/dobot_ws/install/ariac_gz/share/ariac_gz/models/vacuum_tools/meshes
[0.068s] -- Up-to-date: /home/user/dobot_ws/install/ariac_gz/share/ariac_gz/models/vacuum_tools/meshes/vg_2_visual.gltf
[0.068s] -- Up-to-date: /home/user/dobot_ws/install/ariac_gz/share/ariac_gz/models/vacuum_tools/meshes/textures
[0.068s] -- Up-to-date: /home/user/dobot_ws/install/ariac_gz/share/ariac_gz/models/vacuum_tools/meshes/textures/Plastic011_1K-PNG_Color.png
[0.068s] -- Up-to-date: /home/user/dobot_ws/install/ariac_gz/share/ariac_gz/models/vacuum_tools/meshes/vg_4_visual.gltf
[0.068s] -- Up-to-date: /home/user/dobot_ws/install/ariac_gz/share/ariac_gz/models/vacuum_tools/meshes/vg_2_visual.bin
[0.068s] -- Up-to-date: /home/user/dobot_ws/install/ariac_gz/share/ariac_gz/models/vacuum_tools/meshes/vg_4_visual.bin
[0.068s] -- Up-to-date: /home/user/dobot_ws/install/ariac_gz/share/ariac_gz/models/vacuum_tools/meshes/vg_2_collision.stl
[0.068s] -- Up-to-date: /home/user/dobot_ws/install/ariac_gz/share/ariac_gz/models/vacuum_tools/meshes/vg_4_collision.stl
[0.069s] -- Up-to-date: /home/user/dobot_ws/install/ariac_gz/share/ariac_gz/models/vacuum_tools/vg_2
[0.069s] -- Up-to-date: /home/user/dobot_ws/install/ariac_gz/share/ariac_gz/models/vacuum_tools/vg_2/model.config
[0.069s] -- Up-to-date: /home/user/dobot_ws/install/ariac_gz/share/ariac_gz/models/vacuum_tools/vg_2/model.sdf
[0.069s] -- Up-to-date: /home/user/dobot_ws/install/ariac_gz/share/ariac_gz/models/robot_stand
[0.069s] -- Up-to-date: /home/user/dobot_ws/install/ariac_gz/share/ariac_gz/models/robot_stand/model.config
[0.069s] -- Up-to-date: /home/user/dobot_ws/install/ariac_gz/share/ariac_gz/models/robot_stand/meshes
[0.069s] -- Up-to-date: /home/user/dobot_ws/install/ariac_gz/share/ariac_gz/models/robot_stand/meshes/textures
[0.069s] -- Up-to-date: /home/user/dobot_ws/install/ariac_gz/share/ariac_gz/models/robot_stand/meshes/textures/Metal009_1K-PNG_Color.png
[0.069s] -- Up-to-date: /home/user/dobot_ws/install/ariac_gz/share/ariac_gz/models/robot_stand/meshes/textures/Rubber004_1K-PNG_Color.png
[0.069s] -- Up-to-date: /home/user/dobot_ws/install/ariac_gz/share/ariac_gz/models/robot_stand/meshes/textures/Plastic011_1K-PNG_Color.png
[0.069s] -- Up-to-date: /home/user/dobot_ws/install/ariac_gz/share/ariac_gz/models/robot_stand/meshes/robot_stand.bin
[0.069s] -- Up-to-date: /home/user/dobot_ws/install/ariac_gz/share/ariac_gz/models/robot_stand/meshes/robot_stand.gltf
[0.070s] -- Up-to-date: /home/user/dobot_ws/install/ariac_gz/share/ariac_gz/models/robot_stand/model.sdf
[0.070s] -- Up-to-date: /home/user/dobot_ws/install/ariac_gz/share/ariac_gz/models/TrolleyBox1
[0.070s] -- Up-to-date: /home/user/dobot_ws/install/ariac_gz/share/ariac_gz/models/TrolleyBox1/model.config
[0.070s] -- Up-to-date: /home/user/dobot_ws/install/ariac_gz/share/ariac_gz/models/TrolleyBox1/thumbnails
[0.070s] -- Up-to-date: /home/user/dobot_ws/install/ariac_gz/share/ariac_gz/models/TrolleyBox1/thumbnails/2.png
[0.070s] -- Up-to-date: /home/user/dobot_ws/install/ariac_gz/share/ariac_gz/models/TrolleyBox1/thumbnails/3.png
[0.070s] -- Up-to-date: /home/user/dobot_ws/install/ariac_gz/share/ariac_gz/models/TrolleyBox1/thumbnails/4.png
[0.070s] -- Up-to-date: /home/user/dobot_ws/install/ariac_gz/share/ariac_gz/models/TrolleyBox1/thumbnails/5.png
[0.070s] -- Up-to-date: /home/user/dobot_ws/install/ariac_gz/share/ariac_gz/models/TrolleyBox1/thumbnails/1.png
[0.070s] -- Up-to-date: /home/user/dobot_ws/install/ariac_gz/share/ariac_gz/models/TrolleyBox1/meshes
[0.070s] -- Up-to-date: /home/user/dobot_ws/install/ariac_gz/share/ariac_gz/models/TrolleyBox1/meshes/TrolleyBox1.mtl
[0.070s] -- Up-to-date: /home/user/dobot_ws/install/ariac_gz/share/ariac_gz/models/TrolleyBox1/meshes/blue.png
[0.070s] -- Up-to-date: /home/user/dobot_ws/install/ariac_gz/share/ariac_gz/models/TrolleyBox1/meshes/close.png
[0.071s] -- Up-to-date: /home/user/dobot_ws/install/ariac_gz/share/ariac_gz/models/TrolleyBox1/meshes/sealed.png
[0.071s] -- Up-to-date: /home/user/dobot_ws/install/ariac_gz/share/ariac_gz/models/TrolleyBox1/meshes/TrolleyBox1_Col.mtl
[0.071s] -- Up-to-date: /home/user/dobot_ws/install/ariac_gz/share/ariac_gz/models/TrolleyBox1/meshes/open.png
[0.071s] -- Up-to-date: /home/user/dobot_ws/install/ariac_gz/share/ariac_gz/models/TrolleyBox1/meshes/TrolleyBox1_Col.obj
[0.071s] -- Up-to-date: /home/user/dobot_ws/install/ariac_gz/share/ariac_gz/models/TrolleyBox1/meshes/TrolleyBox1.obj
[0.071s] -- Up-to-date: /home/user/dobot_ws/install/ariac_gz/share/ariac_gz/models/TrolleyBox1/model.sdf
[0.071s] -- Up-to-date: /home/user/dobot_ws/install/ariac_gz/share/ariac_gz/models/recorders
[0.071s] -- Up-to-date: /home/user/dobot_ws/install/ariac_gz/share/ariac_gz/models/recorders/vertical_recorder
[0.071s] -- Up-to-date: /home/user/dobot_ws/install/ariac_gz/share/ariac_gz/models/recorders/vertical_recorder/model.config
[0.071s] -- Up-to-date: /home/user/dobot_ws/install/ariac_gz/share/ariac_gz/models/recorders/vertical_recorder/model.sdf
[0.071s] -- Up-to-date: /home/user/dobot_ws/install/ariac_gz/share/ariac_gz/models/recorders/horizontal_recorder
[0.071s] -- Up-to-date: /home/user/dobot_ws/install/ariac_gz/share/ariac_gz/models/recorders/horizontal_recorder/model.config
[0.071s] -- Up-to-date: /home/user/dobot_ws/install/ariac_gz/share/ariac_gz/models/recorders/horizontal_recorder/model.sdf
[0.071s] -- Up-to-date: /home/user/dobot_ws/install/ariac_gz/share/ariac_gz/models/inspection_conveyor
[0.072s] -- Up-to-date: /home/user/dobot_ws/install/ariac_gz/share/ariac_gz/models/inspection_conveyor/model.config
[0.072s] -- Up-to-date: /home/user/dobot_ws/install/ariac_gz/share/ariac_gz/models/inspection_conveyor/meshes
[0.072s] -- Up-to-date: /home/user/dobot_ws/install/ariac_gz/share/ariac_gz/models/inspection_conveyor/meshes/conveyor.glb
[0.072s] -- Up-to-date: /home/user/dobot_ws/install/ariac_gz/share/ariac_gz/models/inspection_conveyor/meshes/conveyor_door.glb
[0.072s] -- Up-to-date: /home/user/dobot_ws/install/ariac_gz/share/ariac_gz/models/inspection_conveyor/model.sdf
[0.072s] -- Up-to-date: /home/user/dobot_ws/install/ariac_gz/share/ariac_gz/models/floor
[0.072s] -- Up-to-date: /home/user/dobot_ws/install/ariac_gz/share/ariac_gz/models/floor/model.config
[0.072s] -- Up-to-date: /home/user/dobot_ws/install/ariac_gz/share/ariac_gz/models/floor/meshes
[0.072s] -- Up-to-date: /home/user/dobot_ws/install/ariac_gz/share/ariac_gz/models/floor/meshes/floor.glb
[0.072s] -- Up-to-date: /home/user/dobot_ws/install/ariac_gz/share/ariac_gz/models/floor/model.sdf
[0.072s] -- Up-to-date: /home/user/dobot_ws/install/ariac_gz/share/ariac_gz/models/agv
[0.072s] -- Up-to-date: /home/user/dobot_ws/install/ariac_gz/share/ariac_gz/models/agv/model.config
[0.072s] -- Up-to-date: /home/user/dobot_ws/install/ariac_gz/share/ariac_gz/models/agv/meshes
[0.072s] -- Up-to-date: /home/user/dobot_ws/install/ariac_gz/share/ariac_gz/models/agv/meshes/agv.glb
[0.072s] -- Up-to-date: /home/user/dobot_ws/install/ariac_gz/share/ariac_gz/models/agv/model.sdf
[0.073s] -- Up-to-date: /home/user/dobot_ws/install/ariac_gz/share/ariac_gz/models/walls
[0.073s] -- Up-to-date: /home/user/dobot_ws/install/ariac_gz/share/ariac_gz/models/walls/model.config
[0.073s] -- Up-to-date: /home/user/dobot_ws/install/ariac_gz/share/ariac_gz/models/walls/meshes
[0.073s] -- Up-to-date: /home/user/dobot_ws/install/ariac_gz/share/ariac_gz/models/walls/meshes/walls.glb
[0.073s] -- Up-to-date: /home/user/dobot_ws/install/ariac_gz/share/ariac_gz/models/walls/model.sdf
[0.073s] -- Up-to-date: /home/user/dobot_ws/install/ariac_gz/share/ariac_gz/models/module_shelves
[0.073s] -- Up-to-date: /home/user/dobot_ws/install/ariac_gz/share/ariac_gz/models/module_shelves/model.config
[0.073s] -- Up-to-date: /home/user/dobot_ws/install/ariac_gz/share/ariac_gz/models/module_shelves/meshes
[0.073s] -- Up-to-date: /home/user/dobot_ws/install/ariac_gz/share/ariac_gz/models/module_shelves/meshes/module_shelf.bin
[0.073s] -- Up-to-date: /home/user/dobot_ws/install/ariac_gz/share/ariac_gz/models/module_shelves/meshes/module_shelf.gltf
[0.073s] -- Up-to-date: /home/user/dobot_ws/install/ariac_gz/share/ariac_gz/models/module_shelves/model.sdf
[0.073s] -- Up-to-date: /home/user/dobot_ws/install/ariac_gz/share/ariac_gz/models/assembly_table
[0.073s] -- Up-to-date: /home/user/dobot_ws/install/ariac_gz/share/ariac_gz/models/assembly_table/model.config
[0.073s] -- Up-to-date: /home/user/dobot_ws/install/ariac_gz/share/ariac_gz/models/assembly_table/meshes
[0.074s] -- Up-to-date: /home/user/dobot_ws/install/ariac_gz/share/ariac_gz/models/assembly_table/meshes/textures
[0.074s] -- Up-to-date: /home/user/dobot_ws/install/ariac_gz/share/ariac_gz/models/assembly_table/meshes/textures/Metal009_1K-PNG_Color.png
[0.074s] -- Up-to-date: /home/user/dobot_ws/install/ariac_gz/share/ariac_gz/models/assembly_table/meshes/assembly_table.bin
[0.074s] -- Up-to-date: /home/user/dobot_ws/install/ariac_gz/share/ariac_gz/models/assembly_table/meshes/assembly_table.gltf
[0.074s] -- Up-to-date: /home/user/dobot_ws/install/ariac_gz/share/ariac_gz/models/assembly_table/model.sdf
[0.074s] -- Up-to-date: /home/user/dobot_ws/install/ariac_gz/share/ariac_gz/models/sensors
[0.074s] -- Up-to-date: /home/user/dobot_ws/install/ariac_gz/share/ariac_gz/models/sensors/lidar
[0.074s] -- Up-to-date: /home/user/dobot_ws/install/ariac_gz/share/ariac_gz/models/sensors/lidar/model.config
[0.074s] -- Up-to-date: /home/user/dobot_ws/install/ariac_gz/share/ariac_gz/models/sensors/lidar/meshes
[0.074s] -- Up-to-date: /home/user/dobot_ws/install/ariac_gz/share/ariac_gz/models/sensors/lidar/meshes/lidar.glb
[0.074s] -- Up-to-date: /home/user/dobot_ws/install/ariac_gz/share/ariac_gz/models/sensors/lidar/model.sdf
[0.074s] -- Up-to-date: /home/user/dobot_ws/install/ariac_gz/share/ariac_gz/models/sensors/distance
[0.074s] -- Up-to-date: /home/user/dobot_ws/install/ariac_gz/share/ariac_gz/models/sensors/distance/model.config
[0.074s] -- Up-to-date: /home/user/dobot_ws/install/ariac_gz/share/ariac_gz/models/sensors/distance/meshes
[0.074s] -- Up-to-date: /home/user/dobot_ws/install/ariac_gz/share/ariac_gz/models/sensors/distance/meshes/distance_sensor.glb
[0.075s] -- Up-to-date: /home/user/dobot_ws/install/ariac_gz/share/ariac_gz/models/sensors/distance/model.sdf
[0.075s] -- Up-to-date: /home/user/dobot_ws/install/ariac_gz/share/ariac_gz/models/sensors/break_beam
[0.075s] -- Up-to-date: /home/user/dobot_ws/install/ariac_gz/share/ariac_gz/models/sensors/break_beam/model.config
[0.075s] -- Up-to-date: /home/user/dobot_ws/install/ariac_gz/share/ariac_gz/models/sensors/break_beam/meshes
[0.075s] -- Up-to-date: /home/user/dobot_ws/install/ariac_gz/share/ariac_gz/models/sensors/break_beam/meshes/break_beam.glb
[0.075s] -- Up-to-date: /home/user/dobot_ws/install/ariac_gz/share/ariac_gz/models/sensors/break_beam/model.sdf
[0.075s] -- Up-to-date: /home/user/dobot_ws/install/ariac_gz/share/ariac_gz/models/sensors/camera
[0.075s] -- Up-to-date: /home/user/dobot_ws/install/ariac_gz/share/ariac_gz/models/sensors/camera/model.config
[0.076s] -- Up-to-date: /home/user/dobot_ws/install/ariac_gz/share/ariac_gz/models/sensors/camera/meshes
[0.076s] -- Up-to-date: /home/user/dobot_ws/install/ariac_gz/share/ariac_gz/models/sensors/camera/meshes/camera.glb
[0.076s] -- Up-to-date: /home/user/dobot_ws/install/ariac_gz/share/ariac_gz/models/sensors/camera/model.sdf
[0.076s] -- Up-to-date: /home/user/dobot_ws/install/ariac_gz/share/ariac_gz/models/voltage_tester
[0.076s] -- Up-to-date: /home/user/dobot_ws/install/ariac_gz/share/ariac_gz/models/voltage_tester/model.config
[0.076s] -- Up-to-date: /home/user/dobot_ws/install/ariac_gz/share/ariac_gz/models/voltage_tester/meshes
[0.077s] -- Up-to-date: /home/user/dobot_ws/install/ariac_gz/share/ariac_gz/models/voltage_tester/meshes/voltage_tester.glb
[0.077s] -- Up-to-date: /home/user/dobot_ws/install/ariac_gz/share/ariac_gz/models/voltage_tester/model.sdf
[0.077s] -- Up-to-date: /home/user/dobot_ws/install/ariac_gz/share/ariac_gz/models/battery_module
[0.077s] -- Up-to-date: /home/user/dobot_ws/install/ariac_gz/share/ariac_gz/models/battery_module/bottom_shell
[0.077s] -- Up-to-date: /home/user/dobot_ws/install/ariac_gz/share/ariac_gz/models/battery_module/bottom_shell/model.config
[0.077s] -- Up-to-date: /home/user/dobot_ws/install/ariac_gz/share/ariac_gz/models/battery_module/bottom_shell/model.sdf
[0.077s] -- Up-to-date: /home/user/dobot_ws/install/ariac_gz/share/ariac_gz/models/battery_module/meshes
[0.077s] -- Up-to-date: /home/user/dobot_ws/install/ariac_gz/share/ariac_gz/models/battery_module/meshes/collision
[0.077s] -- Up-to-date: /home/user/dobot_ws/install/ariac_gz/share/ariac_gz/models/battery_module/meshes/collision/bottom_shell.stl
[0.077s] -- Up-to-date: /home/user/dobot_ws/install/ariac_gz/share/ariac_gz/models/battery_module/meshes/collision/top_shell_vg_2.stl
[0.077s] -- Up-to-date: /home/user/dobot_ws/install/ariac_gz/share/ariac_gz/models/battery_module/meshes/collision/top_shell_vg_4.stl
[0.077s] -- Up-to-date: /home/user/dobot_ws/install/ariac_gz/share/ariac_gz/models/battery_module/meshes/visual
[0.078s] -- Up-to-date: /home/user/dobot_ws/install/ariac_gz/share/ariac_gz/models/battery_module/meshes/visual/top_shell.glb
[0.078s] -- Up-to-date: /home/user/dobot_ws/install/ariac_gz/share/ariac_gz/models/battery_module/meshes/visual/black_nist_shell_logo.png
[0.078s] -- Up-to-date: /home/user/dobot_ws/install/ariac_gz/share/ariac_gz/models/battery_module/meshes/visual/weld_plate.stl
[0.078s] -- Up-to-date: /home/user/dobot_ws/install/ariac_gz/share/ariac_gz/models/battery_module/meshes/visual/bottom_shell.glb
[0.079s] -- Up-to-date: /home/user/dobot_ws/install/ariac_gz/share/ariac_gz/models/battery_module/meshes/visual/weld_bead.stl
[0.079s] -- Up-to-date: /home/user/dobot_ws/install/ariac_gz/share/ariac_gz/models/battery_module/top_shell
[0.079s] -- Up-to-date: /home/user/dobot_ws/install/ariac_gz/share/ariac_gz/models/battery_module/top_shell/model.config
[0.079s] -- Up-to-date: /home/user/dobot_ws/install/ariac_gz/share/ariac_gz/models/battery_module/top_shell/model.sdf
[0.079s] -- Up-to-date: /home/user/dobot_ws/install/ariac_gz/share/ariac_gz/models/kit_tray
[0.079s] -- Up-to-date: /home/user/dobot_ws/install/ariac_gz/share/ariac_gz/models/kit_tray/model.config
[0.079s] -- Up-to-date: /home/user/dobot_ws/install/ariac_gz/share/ariac_gz/models/kit_tray/meshes
[0.080s] -- Up-to-date: /home/user/dobot_ws/install/ariac_gz/share/ariac_gz/models/kit_tray/meshes/kit_tray_visual.glb
[0.080s] -- Up-to-date: /home/user/dobot_ws/install/ariac_gz/share/ariac_gz/models/kit_tray/meshes/kit_tray_collision.stl
[0.080s] -- Up-to-date: /home/user/dobot_ws/install/ariac_gz/share/ariac_gz/models/kit_tray/meshes/kit_tray_slot_collision.stl
[0.081s] -- Up-to-date: /home/user/dobot_ws/install/ariac_gz/share/ariac_gz/models/kit_tray/model.sdf
[0.081s] -- Up-to-date: /home/user/dobot_ws/install/ariac_gz/share/ariac_gz/models/shelf
[0.082s] -- Up-to-date: /home/user/dobot_ws/install/ariac_gz/share/ariac_gz/models/shelf/model.config
[0.082s] -- Up-to-date: /home/user/dobot_ws/install/ariac_gz/share/ariac_gz/models/shelf/meshes
[0.082s] -- Up-to-date: /home/user/dobot_ws/install/ariac_gz/share/ariac_gz/models/shelf/meshes/Box_paper_04_1_Base_Color.png
[0.082s] -- Up-to-date: /home/user/dobot_ws/install/ariac_gz/share/ariac_gz/models/shelf/meshes/shelf_big_movai.dae
[0.083s] -- Up-to-date: /home/user/dobot_ws/install/ariac_gz/share/ariac_gz/models/shelf/model.sdf
[0.083s] -- Up-to-date: /home/user/dobot_ws/install/ariac_gz/share/ariac_gz/models/voltage_testing_stand
[0.083s] -- Up-to-date: /home/user/dobot_ws/install/ariac_gz/share/ariac_gz/models/voltage_testing_stand/model.config
[0.083s] -- Up-to-date: /home/user/dobot_ws/install/ariac_gz/share/ariac_gz/models/voltage_testing_stand/meshes
[0.084s] -- Up-to-date: /home/user/dobot_ws/install/ariac_gz/share/ariac_gz/models/voltage_testing_stand/meshes/voltage_testing_stand.glb
[0.084s] -- Up-to-date: /home/user/dobot_ws/install/ariac_gz/share/ariac_gz/models/voltage_testing_stand/model.sdf
[0.084s] -- Installing: /home/user/dobot_ws/install/ariac_gz/share/ariac_gz/models/agv_with_cr7
[0.084s] -- Installing: /home/user/dobot_ws/install/ariac_gz/share/ariac_gz/models/agv_with_cr7/model.config
[0.085s] -- Installing: /home/user/dobot_ws/install/ariac_gz/share/ariac_gz/models/agv_with_cr7/meshes
[0.085s] -- Installing: /home/user/dobot_ws/install/ariac_gz/share/ariac_gz/models/agv_with_cr7/meshes/cr7
[0.085s] -- Installing: /home/user/dobot_ws/install/ariac_gz/share/ariac_gz/models/agv_with_cr7/meshes/cr7/J3.STL
[0.085s] -- Installing: /home/user/dobot_ws/install/ariac_gz/share/ariac_gz/models/agv_with_cr7/meshes/cr7/J6.STL
[0.085s] -- Installing: /home/user/dobot_ws/install/ariac_gz/share/ariac_gz/models/agv_with_cr7/meshes/cr7/J1.STL
[0.085s] -- Installing: /home/user/dobot_ws/install/ariac_gz/share/ariac_gz/models/agv_with_cr7/meshes/cr7/base_link0.STL
[0.086s] -- Installing: /home/user/dobot_ws/install/ariac_gz/share/ariac_gz/models/agv_with_cr7/meshes/cr7/J4.STL
[0.086s] -- Installing: /home/user/dobot_ws/install/ariac_gz/share/ariac_gz/models/agv_with_cr7/meshes/cr7/J2.STL
[0.086s] -- Installing: /home/user/dobot_ws/install/ariac_gz/share/ariac_gz/models/agv_with_cr7/meshes/cr7/J5.STL
[0.086s] -- Installing: /home/user/dobot_ws/install/ariac_gz/share/ariac_gz/models/agv_with_cr7/meshes/gripper
[0.086s] -- Installing: /home/user/dobot_ws/install/ariac_gz/share/ariac_gz/models/agv_with_cr7/meshes/gripper/finger_link.stl
[0.086s] -- Installing: /home/user/dobot_ws/install/ariac_gz/share/ariac_gz/models/agv_with_cr7/meshes/gripper/base_link.stl
[0.087s] -- Installing: /home/user/dobot_ws/install/ariac_gz/share/ariac_gz/models/agv_with_cr7/model.sdf
[0.087s] -- Up-to-date: /home/user/dobot_ws/install/ariac_gz/share/ariac_gz/world
[0.087s] -- Installing: /home/user/dobot_ws/install/ariac_gz/share/ariac_gz/world/ariac.world
[0.087s] -- Up-to-date: /home/user/dobot_ws/install/ariac_gz/share/ariac_gz/environment/ariac_gz.dsv
[0.087s] -- Up-to-date: /home/user/dobot_ws/install/ariac_gz/share/ariac_gz/environment/ariac_gz.sh
[0.087s] -- Up-to-date: /home/user/dobot_ws/install/ariac_gz/share/ament_index/resource_index/package_run_dependencies/ariac_gz
[0.087s] -- Up-to-date: /home/user/dobot_ws/install/ariac_gz/share/ament_index/resource_index/parent_prefix_path/ariac_gz
[0.087s] -- Up-to-date: /home/user/dobot_ws/install/ariac_gz/share/ariac_gz/environment/ament_prefix_path.sh
[0.087s] -- Up-to-date: /home/user/dobot_ws/install/ariac_gz/share/ariac_gz/environment/ament_prefix_path.dsv
[0.087s] -- Up-to-date: /home/user/dobot_ws/install/ariac_gz/share/ariac_gz/environment/path.sh
[0.088s] -- Up-to-date: /home/user/dobot_ws/install/ariac_gz/share/ariac_gz/environment/path.dsv
[0.088s] -- Up-to-date: /home/user/dobot_ws/install/ariac_gz/share/ariac_gz/local_setup.bash
[0.088s] -- Up-to-date: /home/user/dobot_ws/install/ariac_gz/share/ariac_gz/local_setup.sh
[0.088s] -- Up-to-date: /home/user/dobot_ws/install/ariac_gz/share/ariac_gz/local_setup.zsh
[0.088s] -- Up-to-date: /home/user/dobot_ws/install/ariac_gz/share/ariac_gz/local_setup.dsv
[0.088s] -- Up-to-date: /home/user/dobot_ws/install/ariac_gz/share/ariac_gz/package.dsv
[0.088s] -- Up-to-date: /home/user/dobot_ws/install/ariac_gz/share/ament_index/resource_index/packages/ariac_gz
[0.088s] -- Up-to-date: /home/user/dobot_ws/install/ariac_gz/share/ariac_gz/cmake/ariac_gzConfig.cmake
[0.089s] -- Up-to-date: /home/user/dobot_ws/install/ariac_gz/share/ariac_gz/cmake/ariac_gzConfig-version.cmake
[0.089s] -- Up-to-date: /home/user/dobot_ws/install/ariac_gz/share/ariac_gz/package.xml
[0.089s] Invoked command in '/home/user/dobot_ws/build/ariac_gz' returned '0': AMENT_PREFIX_PATH=/home/user/dobot_ws/install/ariac_setup:/home/user/dobot_ws/install/servo_action:/home/user/dobot_ws/install/ros2_linkattacher:/home/user/dobot_ws/install/dobot_gazebo:/home/user/dobot_ws/install/cra_description:/home/user/dobot_ws/install/onrobot_2fg7_description:/home/user/dobot_ws/install/linkattacher_msgs:/home/user/dobot_ws/install/cr7_moveit:/home/user/dobot_ws/install/dobot_rviz:/home/user/dobot_ws/install/cr_robot_ros2:/home/user/dobot_ws/install/dobot_msgs_v4:/home/user/dobot_ws/install/dobot_moveit:/home/user/dobot_ws/install/dobot_demo_cpp:/home/user/dobot_ws/install/dobot_demo:/home/user/dobot_ws/install/ariac_gz:/home/user/dobot_ws/install/ariac_interfaces:/home/user/dobot_ws/install/ariac_description:/home/user/dobot_ws/install/ariac_db:/opt/ros/humble CMAKE_PREFIX_PATH=${CMAKE_PREFIX_PATH}:/home/user/dobot_ws/install/servo_action:/home/user/dobot_ws/install/dobot_moveit:/home/user/dobot_ws/install/dobot_demo:/home/user/dobot_ws/install/ariac_setup:/home/user/dobot_ws/install/ariac_db:/opt/ros/humble PYTHONPATH=/home/user/dobot_ws/install/ariac_setup/lib/python3.10/site-packages:/home/user/dobot_ws/install/servo_action/lib/python3.10/site-packages:/home/user/dobot_ws/install/linkattacher_msgs/local/lib/python3.10/dist-packages:/home/user/dobot_ws/install/dobot_msgs_v4/local/lib/python3.10/dist-packages:/home/user/dobot_ws/install/dobot_moveit/lib/python3.10/site-packages:/home/user/dobot_ws/install/dobot_demo/lib/python3.10/site-packages:/home/user/dobot_ws/install/ariac_interfaces/local/lib/python3.10/dist-packages:/home/user/dobot_ws/install/ariac_db/lib/python3.10/site-packages:/opt/ros/humble/lib/python3.10/site-packages:/opt/ros/humble/local/lib/python3.10/dist-packages /usr/bin/cmake --install /home/user/dobot_ws/build/ariac_gz
