[0.220s] Invoking command in '/home/user/dobot_ws/build/dobot_rviz': CMAKE_PREFIX_PATH=${CMAKE_PREFIX_PATH}:/home/user/dobot_ws/install/servo_action:/home/user/dobot_ws/install/dobot_moveit:/home/user/dobot_ws/install/dobot_demo:/opt/ros/humble /usr/bin/cmake --build /home/user/dobot_ws/build/dobot_rviz -- -j16 -l16
[1.026s] Invoked command in '/home/user/dobot_ws/build/dobot_rviz' returned '0': CMAKE_PREFIX_PATH=${CMAKE_PREFIX_PATH}:/home/user/dobot_ws/install/servo_action:/home/user/dobot_ws/install/dobot_moveit:/home/user/dobot_ws/install/dobot_demo:/opt/ros/humble /usr/bin/cmake --build /home/user/dobot_ws/build/dobot_rviz -- -j16 -l16
[1.028s] Invoking command in '/home/user/dobot_ws/build/dobot_rviz': CMAKE_PREFIX_PATH=${CMAKE_PREFIX_PATH}:/home/user/dobot_ws/install/servo_action:/home/user/dobot_ws/install/dobot_moveit:/home/user/dobot_ws/install/dobot_demo:/opt/ros/humble /usr/bin/cmake --install /home/user/dobot_ws/build/dobot_rviz
[1.060s] -- Install configuration: ""
[1.061s] -- Up-to-date: /home/user/dobot_ws/install/dobot_rviz/share/dobot_rviz/launch
[1.061s] -- Up-to-date: /home/user/dobot_ws/install/dobot_rviz/share/dobot_rviz/launch/dobot_rviz.launch.py
[1.061s] -- Up-to-date: /home/user/dobot_ws/install/dobot_rviz/share/dobot_rviz/urdf
[1.062s] -- Up-to-date: /home/user/dobot_ws/install/dobot_rviz/share/dobot_rviz/urdf/cr20_robot.urdf
[1.062s] -- Up-to-date: /home/user/dobot_ws/install/dobot_rviz/share/dobot_rviz/urdf/cr12_robot.urdf
[1.063s] -- Up-to-date: /home/user/dobot_ws/install/dobot_rviz/share/dobot_rviz/urdf/cr5_robot.urdf
[1.063s] -- Up-to-date: /home/user/dobot_ws/install/dobot_rviz/share/dobot_rviz/urdf/nova5_robot.urdf
[1.063s] -- Up-to-date: /home/user/dobot_ws/install/dobot_rviz/share/dobot_rviz/urdf/me6_robot.urdf
[1.065s] -- Up-to-date: /home/user/dobot_ws/install/dobot_rviz/share/dobot_rviz/urdf/cr10_robot.urdf
[1.065s] -- Up-to-date: /home/user/dobot_ws/install/dobot_rviz/share/dobot_rviz/urdf/cr16_robot.urdf
[1.065s] -- Up-to-date: /home/user/dobot_ws/install/dobot_rviz/share/dobot_rviz/urdf/cr7_robot.urdf
[1.066s] -- Up-to-date: /home/user/dobot_ws/install/dobot_rviz/share/dobot_rviz/urdf/cr3_robot.urdf
[1.067s] -- Up-to-date: /home/user/dobot_ws/install/dobot_rviz/share/dobot_rviz/urdf/nova2_robot.urdf
[1.067s] -- Up-to-date: /home/user/dobot_ws/install/dobot_rviz/share/dobot_rviz/urdf/cr30h_robot.urdf
[1.068s] -- Up-to-date: /home/user/dobot_ws/install/dobot_rviz/share/dobot_rviz/urdf/cr10af_robot.urdf
[1.068s] -- Up-to-date: /home/user/dobot_ws/install/dobot_rviz/share/dobot_rviz/rviz
[1.068s] -- Up-to-date: /home/user/dobot_ws/install/dobot_rviz/share/dobot_rviz/rviz/urdf.rviz
[1.069s] -- Up-to-date: /home/user/dobot_ws/install/dobot_rviz/share/dobot_rviz/meshes
[1.069s] -- Up-to-date: /home/user/dobot_ws/install/dobot_rviz/share/dobot_rviz/meshes/cr3
[1.070s] -- Up-to-date: /home/user/dobot_ws/install/dobot_rviz/share/dobot_rviz/meshes/cr3/J3.STL
[1.070s] -- Up-to-date: /home/user/dobot_ws/install/dobot_rviz/share/dobot_rviz/meshes/cr3/J6.STL
[1.070s] -- Up-to-date: /home/user/dobot_ws/install/dobot_rviz/share/dobot_rviz/meshes/cr3/J1.STL
[1.071s] -- Up-to-date: /home/user/dobot_ws/install/dobot_rviz/share/dobot_rviz/meshes/cr3/base_link.STL
[1.071s] -- Up-to-date: /home/user/dobot_ws/install/dobot_rviz/share/dobot_rviz/meshes/cr3/J4.STL
[1.071s] -- Up-to-date: /home/user/dobot_ws/install/dobot_rviz/share/dobot_rviz/meshes/cr3/J2.STL
[1.072s] -- Up-to-date: /home/user/dobot_ws/install/dobot_rviz/share/dobot_rviz/meshes/cr3/J5.STL
[1.072s] -- Up-to-date: /home/user/dobot_ws/install/dobot_rviz/share/dobot_rviz/meshes/cr5
[1.073s] -- Up-to-date: /home/user/dobot_ws/install/dobot_rviz/share/dobot_rviz/meshes/cr5/J3.STL
[1.073s] -- Up-to-date: /home/user/dobot_ws/install/dobot_rviz/share/dobot_rviz/meshes/cr5/J6.STL
[1.073s] -- Up-to-date: /home/user/dobot_ws/install/dobot_rviz/share/dobot_rviz/meshes/cr5/J1.STL
[1.073s] -- Up-to-date: /home/user/dobot_ws/install/dobot_rviz/share/dobot_rviz/meshes/cr5/base_link.STL
[1.073s] -- Up-to-date: /home/user/dobot_ws/install/dobot_rviz/share/dobot_rviz/meshes/cr5/J4.STL
[1.074s] -- Up-to-date: /home/user/dobot_ws/install/dobot_rviz/share/dobot_rviz/meshes/cr5/J2.STL
[1.074s] -- Up-to-date: /home/user/dobot_ws/install/dobot_rviz/share/dobot_rviz/meshes/cr5/J5.STL
[1.075s] -- Up-to-date: /home/user/dobot_ws/install/dobot_rviz/share/dobot_rviz/meshes/nova2
[1.075s] -- Up-to-date: /home/user/dobot_ws/install/dobot_rviz/share/dobot_rviz/meshes/nova2/Link3.STL
[1.076s] -- Up-to-date: /home/user/dobot_ws/install/dobot_rviz/share/dobot_rviz/meshes/nova2/Link5.STL
[1.076s] -- Up-to-date: /home/user/dobot_ws/install/dobot_rviz/share/dobot_rviz/meshes/nova2/Link1.STL
[1.077s] -- Up-to-date: /home/user/dobot_ws/install/dobot_rviz/share/dobot_rviz/meshes/nova2/Link2.STL
[1.077s] -- Up-to-date: /home/user/dobot_ws/install/dobot_rviz/share/dobot_rviz/meshes/nova2/Link6.STL
[1.078s] -- Up-to-date: /home/user/dobot_ws/install/dobot_rviz/share/dobot_rviz/meshes/nova2/Link4.STL
[1.078s] -- Up-to-date: /home/user/dobot_ws/install/dobot_rviz/share/dobot_rviz/meshes/nova2/base_link.STL
[1.078s] -- Up-to-date: /home/user/dobot_ws/install/dobot_rviz/share/dobot_rviz/meshes/cr12
[1.078s] -- Up-to-date: /home/user/dobot_ws/install/dobot_rviz/share/dobot_rviz/meshes/cr12/J3.STL
[1.079s] -- Up-to-date: /home/user/dobot_ws/install/dobot_rviz/share/dobot_rviz/meshes/cr12/J6.STL
[1.079s] -- Up-to-date: /home/user/dobot_ws/install/dobot_rviz/share/dobot_rviz/meshes/cr12/J1.STL
[1.079s] -- Up-to-date: /home/user/dobot_ws/install/dobot_rviz/share/dobot_rviz/meshes/cr12/base_link0.STL
[1.080s] -- Up-to-date: /home/user/dobot_ws/install/dobot_rviz/share/dobot_rviz/meshes/cr12/J4.STL
[1.080s] -- Up-to-date: /home/user/dobot_ws/install/dobot_rviz/share/dobot_rviz/meshes/cr12/J2.STL
[1.082s] -- Up-to-date: /home/user/dobot_ws/install/dobot_rviz/share/dobot_rviz/meshes/cr12/J5.STL
[1.083s] -- Up-to-date: /home/user/dobot_ws/install/dobot_rviz/share/dobot_rviz/meshes/cr10
[1.084s] -- Up-to-date: /home/user/dobot_ws/install/dobot_rviz/share/dobot_rviz/meshes/cr10/Link3.STL
[1.086s] -- Up-to-date: /home/user/dobot_ws/install/dobot_rviz/share/dobot_rviz/meshes/cr10/Link5.STL
[1.086s] -- Up-to-date: /home/user/dobot_ws/install/dobot_rviz/share/dobot_rviz/meshes/cr10/Link1.STL
[1.088s] -- Up-to-date: /home/user/dobot_ws/install/dobot_rviz/share/dobot_rviz/meshes/cr10/Link2.STL
[1.088s] -- Up-to-date: /home/user/dobot_ws/install/dobot_rviz/share/dobot_rviz/meshes/cr10/Link6.STL
[1.090s] -- Up-to-date: /home/user/dobot_ws/install/dobot_rviz/share/dobot_rviz/meshes/cr10/Link4.STL
[1.091s] -- Up-to-date: /home/user/dobot_ws/install/dobot_rviz/share/dobot_rviz/meshes/cr10/base_link.STL
[1.092s] -- Up-to-date: /home/user/dobot_ws/install/dobot_rviz/share/dobot_rviz/meshes/me6
[1.092s] -- Up-to-date: /home/user/dobot_ws/install/dobot_rviz/share/dobot_rviz/meshes/me6/Link3.STL
[1.093s] -- Up-to-date: /home/user/dobot_ws/install/dobot_rviz/share/dobot_rviz/meshes/me6/Link5.STL
[1.093s] -- Up-to-date: /home/user/dobot_ws/install/dobot_rviz/share/dobot_rviz/meshes/me6/Link1.STL
[1.094s] -- Up-to-date: /home/user/dobot_ws/install/dobot_rviz/share/dobot_rviz/meshes/me6/Link2.STL
[1.094s] -- Up-to-date: /home/user/dobot_ws/install/dobot_rviz/share/dobot_rviz/meshes/me6/Link6.STL
[1.095s] -- Up-to-date: /home/user/dobot_ws/install/dobot_rviz/share/dobot_rviz/meshes/me6/Link4.STL
[1.095s] -- Up-to-date: /home/user/dobot_ws/install/dobot_rviz/share/dobot_rviz/meshes/me6/base_link.STL
[1.095s] -- Up-to-date: /home/user/dobot_ws/install/dobot_rviz/share/dobot_rviz/meshes/cr20
[1.096s] -- Up-to-date: /home/user/dobot_ws/install/dobot_rviz/share/dobot_rviz/meshes/cr20/Link3.STL
[1.096s] -- Up-to-date: /home/user/dobot_ws/install/dobot_rviz/share/dobot_rviz/meshes/cr20/Link5.STL
[1.096s] -- Up-to-date: /home/user/dobot_ws/install/dobot_rviz/share/dobot_rviz/meshes/cr20/Link1.STL
[1.097s] -- Up-to-date: /home/user/dobot_ws/install/dobot_rviz/share/dobot_rviz/meshes/cr20/Link2.STL
[1.098s] -- Up-to-date: /home/user/dobot_ws/install/dobot_rviz/share/dobot_rviz/meshes/cr20/Link6.STL
[1.098s] -- Up-to-date: /home/user/dobot_ws/install/dobot_rviz/share/dobot_rviz/meshes/cr20/Link4.STL
[1.099s] -- Up-to-date: /home/user/dobot_ws/install/dobot_rviz/share/dobot_rviz/meshes/cr20/base_link.STL
[1.099s] -- Up-to-date: /home/user/dobot_ws/install/dobot_rviz/share/dobot_rviz/meshes/cr30h
[1.100s] -- Up-to-date: /home/user/dobot_ws/install/dobot_rviz/share/dobot_rviz/meshes/cr30h/Link3.STL
[1.100s] -- Up-to-date: /home/user/dobot_ws/install/dobot_rviz/share/dobot_rviz/meshes/cr30h/Link5.STL
[1.101s] -- Up-to-date: /home/user/dobot_ws/install/dobot_rviz/share/dobot_rviz/meshes/cr30h/Link1.STL
[1.101s] -- Up-to-date: /home/user/dobot_ws/install/dobot_rviz/share/dobot_rviz/meshes/cr30h/Link2.STL
[1.103s] -- Up-to-date: /home/user/dobot_ws/install/dobot_rviz/share/dobot_rviz/meshes/cr30h/Link6.STL
[1.103s] -- Up-to-date: /home/user/dobot_ws/install/dobot_rviz/share/dobot_rviz/meshes/cr30h/Link4.STL
[1.104s] -- Up-to-date: /home/user/dobot_ws/install/dobot_rviz/share/dobot_rviz/meshes/cr30h/base_link.STL
[1.104s] -- Up-to-date: /home/user/dobot_ws/install/dobot_rviz/share/dobot_rviz/meshes/nova5
[1.104s] -- Up-to-date: /home/user/dobot_ws/install/dobot_rviz/share/dobot_rviz/meshes/nova5/Link3.STL
[1.105s] -- Up-to-date: /home/user/dobot_ws/install/dobot_rviz/share/dobot_rviz/meshes/nova5/Link5.STL
[1.105s] -- Up-to-date: /home/user/dobot_ws/install/dobot_rviz/share/dobot_rviz/meshes/nova5/Link1.STL
[1.105s] -- Up-to-date: /home/user/dobot_ws/install/dobot_rviz/share/dobot_rviz/meshes/nova5/Link2.STL
[1.106s] -- Up-to-date: /home/user/dobot_ws/install/dobot_rviz/share/dobot_rviz/meshes/nova5/Link6.STL
[1.122s] -- Up-to-date: /home/user/dobot_ws/install/dobot_rviz/share/dobot_rviz/meshes/nova5/Link4.STL
[1.122s] -- Up-to-date: /home/user/dobot_ws/install/dobot_rviz/share/dobot_rviz/meshes/nova5/base_link.STL
[1.123s] -- Up-to-date: /home/user/dobot_ws/install/dobot_rviz/share/dobot_rviz/meshes/cr7
[1.123s] -- Up-to-date: /home/user/dobot_ws/install/dobot_rviz/share/dobot_rviz/meshes/cr7/J3.STL
[1.123s] -- Up-to-date: /home/user/dobot_ws/install/dobot_rviz/share/dobot_rviz/meshes/cr7/J6.STL
[1.123s] -- Up-to-date: /home/user/dobot_ws/install/dobot_rviz/share/dobot_rviz/meshes/cr7/J1.STL
[1.123s] -- Up-to-date: /home/user/dobot_ws/install/dobot_rviz/share/dobot_rviz/meshes/cr7/base_link0.STL
[1.123s] -- Up-to-date: /home/user/dobot_ws/install/dobot_rviz/share/dobot_rviz/meshes/cr7/J4.STL
[1.124s] -- Up-to-date: /home/user/dobot_ws/install/dobot_rviz/share/dobot_rviz/meshes/cr7/J2.STL
[1.124s] -- Up-to-date: /home/user/dobot_ws/install/dobot_rviz/share/dobot_rviz/meshes/cr7/J5.STL
[1.124s] -- Up-to-date: /home/user/dobot_ws/install/dobot_rviz/share/dobot_rviz/meshes/cr16
[1.124s] -- Up-to-date: /home/user/dobot_ws/install/dobot_rviz/share/dobot_rviz/meshes/cr16/Link3.STL
[1.124s] -- Up-to-date: /home/user/dobot_ws/install/dobot_rviz/share/dobot_rviz/meshes/cr16/Link5.STL
[1.124s] -- Up-to-date: /home/user/dobot_ws/install/dobot_rviz/share/dobot_rviz/meshes/cr16/Link1.STL
[1.124s] -- Up-to-date: /home/user/dobot_ws/install/dobot_rviz/share/dobot_rviz/meshes/cr16/Link2.STL
[1.125s] -- Up-to-date: /home/user/dobot_ws/install/dobot_rviz/share/dobot_rviz/meshes/cr16/Link6.STL
[1.125s] -- Up-to-date: /home/user/dobot_ws/install/dobot_rviz/share/dobot_rviz/meshes/cr16/Link4.STL
[1.125s] -- Up-to-date: /home/user/dobot_ws/install/dobot_rviz/share/dobot_rviz/meshes/cr16/base_link.STL
[1.125s] -- Up-to-date: /home/user/dobot_ws/install/dobot_rviz/share/dobot_rviz/meshes/cr10af
[1.125s] -- Up-to-date: /home/user/dobot_ws/install/dobot_rviz/share/dobot_rviz/meshes/cr10af/J3.STL
[1.125s] -- Up-to-date: /home/user/dobot_ws/install/dobot_rviz/share/dobot_rviz/meshes/cr10af/J6.STL
[1.125s] -- Up-to-date: /home/user/dobot_ws/install/dobot_rviz/share/dobot_rviz/meshes/cr10af/J1.STL
[1.126s] -- Up-to-date: /home/user/dobot_ws/install/dobot_rviz/share/dobot_rviz/meshes/cr10af/base_link.STL
[1.126s] -- Up-to-date: /home/user/dobot_ws/install/dobot_rviz/share/dobot_rviz/meshes/cr10af/J4.STL
[1.126s] -- Up-to-date: /home/user/dobot_ws/install/dobot_rviz/share/dobot_rviz/meshes/cr10af/J2.STL
[1.126s] -- Up-to-date: /home/user/dobot_ws/install/dobot_rviz/share/dobot_rviz/meshes/cr10af/J5.STL
[1.127s] -- Up-to-date: /home/user/dobot_ws/install/dobot_rviz/share/ament_index/resource_index/package_run_dependencies/dobot_rviz
[1.127s] -- Up-to-date: /home/user/dobot_ws/install/dobot_rviz/share/ament_index/resource_index/parent_prefix_path/dobot_rviz
[1.127s] -- Up-to-date: /home/user/dobot_ws/install/dobot_rviz/share/dobot_rviz/environment/ament_prefix_path.sh
[1.127s] -- Up-to-date: /home/user/dobot_ws/install/dobot_rviz/share/dobot_rviz/environment/ament_prefix_path.dsv
[1.127s] -- Up-to-date: /home/user/dobot_ws/install/dobot_rviz/share/dobot_rviz/environment/path.sh
[1.128s] -- Up-to-date: /home/user/dobot_ws/install/dobot_rviz/share/dobot_rviz/environment/path.dsv
[1.128s] -- Up-to-date: /home/user/dobot_ws/install/dobot_rviz/share/dobot_rviz/local_setup.bash
[1.128s] -- Up-to-date: /home/user/dobot_ws/install/dobot_rviz/share/dobot_rviz/local_setup.sh
[1.128s] -- Up-to-date: /home/user/dobot_ws/install/dobot_rviz/share/dobot_rviz/local_setup.zsh
[1.129s] -- Up-to-date: /home/user/dobot_ws/install/dobot_rviz/share/dobot_rviz/local_setup.dsv
[1.129s] -- Installing: /home/user/dobot_ws/install/dobot_rviz/share/dobot_rviz/package.dsv
[1.129s] -- Up-to-date: /home/user/dobot_ws/install/dobot_rviz/share/ament_index/resource_index/packages/dobot_rviz
[1.129s] -- Up-to-date: /home/user/dobot_ws/install/dobot_rviz/share/dobot_rviz/cmake/dobot_rvizConfig.cmake
[1.131s] -- Up-to-date: /home/user/dobot_ws/install/dobot_rviz/share/dobot_rviz/cmake/dobot_rvizConfig-version.cmake
[1.131s] -- Up-to-date: /home/user/dobot_ws/install/dobot_rviz/share/dobot_rviz/package.xml
[1.518s] Invoked command in '/home/user/dobot_ws/build/dobot_rviz' returned '0': CMAKE_PREFIX_PATH=${CMAKE_PREFIX_PATH}:/home/user/dobot_ws/install/servo_action:/home/user/dobot_ws/install/dobot_moveit:/home/user/dobot_ws/install/dobot_demo:/opt/ros/humble /usr/bin/cmake --install /home/user/dobot_ws/build/dobot_rviz
