running egg_info
writing ../../../build/ariac_setup/ariac_setup.egg-info/PKG-INFO
writing dependency_links to ../../../build/ariac_setup/ariac_setup.egg-info/dependency_links.txt
writing entry points to ../../../build/ariac_setup/ariac_setup.egg-info/entry_points.txt
writing requirements to ../../../build/ariac_setup/ariac_setup.egg-info/requires.txt
writing top-level names to ../../../build/ariac_setup/ariac_setup.egg-info/top_level.txt
reading manifest file '../../../build/ariac_setup/ariac_setup.egg-info/SOURCES.txt'
writing manifest file '../../../build/ariac_setup/ariac_setup.egg-info/SOURCES.txt'
running build
running build_py
running install
running install_lib
creating /home/user/dobot_ws/install/ariac_setup/lib/python3.10/site-packages/ariac_setup
copying /home/user/dobot_ws/build/ariac_setup/build/lib/ariac_setup/startup.py -> /home/user/dobot_ws/install/ariac_setup/lib/python3.10/site-packages/ariac_setup
copying /home/user/dobot_ws/build/ariac_setup/build/lib/ariac_setup/ready.py -> /home/user/dobot_ws/install/ariac_setup/lib/python3.10/site-packages/ariac_setup
copying /home/user/dobot_ws/build/ariac_setup/build/lib/ariac_setup/sensor_spawner.py -> /home/user/dobot_ws/install/ariac_setup/lib/python3.10/site-packages/ariac_setup
copying /home/user/dobot_ws/build/ariac_setup/build/lib/ariac_setup/structures.py -> /home/user/dobot_ws/install/ariac_setup/lib/python3.10/site-packages/ariac_setup
copying /home/user/dobot_ws/build/ariac_setup/build/lib/ariac_setup/__init__.py -> /home/user/dobot_ws/install/ariac_setup/lib/python3.10/site-packages/ariac_setup
copying /home/user/dobot_ws/build/ariac_setup/build/lib/ariac_setup/param_setter.py -> /home/user/dobot_ws/install/ariac_setup/lib/python3.10/site-packages/ariac_setup
copying /home/user/dobot_ws/build/ariac_setup/build/lib/ariac_setup/utils.py -> /home/user/dobot_ws/install/ariac_setup/lib/python3.10/site-packages/ariac_setup
copying /home/user/dobot_ws/build/ariac_setup/build/lib/ariac_setup/user_config_parser.py -> /home/user/dobot_ws/install/ariac_setup/lib/python3.10/site-packages/ariac_setup
copying /home/user/dobot_ws/build/ariac_setup/build/lib/ariac_setup/controller_starter.py -> /home/user/dobot_ws/install/ariac_setup/lib/python3.10/site-packages/ariac_setup
copying /home/user/dobot_ws/build/ariac_setup/build/lib/ariac_setup/score_logger.py -> /home/user/dobot_ws/install/ariac_setup/lib/python3.10/site-packages/ariac_setup
copying /home/user/dobot_ws/build/ariac_setup/build/lib/ariac_setup/yaml_validation.py -> /home/user/dobot_ws/install/ariac_setup/lib/python3.10/site-packages/ariac_setup
byte-compiling /home/user/dobot_ws/install/ariac_setup/lib/python3.10/site-packages/ariac_setup/startup.py to startup.cpython-310.pyc
byte-compiling /home/user/dobot_ws/install/ariac_setup/lib/python3.10/site-packages/ariac_setup/ready.py to ready.cpython-310.pyc
byte-compiling /home/user/dobot_ws/install/ariac_setup/lib/python3.10/site-packages/ariac_setup/sensor_spawner.py to sensor_spawner.cpython-310.pyc
byte-compiling /home/user/dobot_ws/install/ariac_setup/lib/python3.10/site-packages/ariac_setup/structures.py to structures.cpython-310.pyc
byte-compiling /home/user/dobot_ws/install/ariac_setup/lib/python3.10/site-packages/ariac_setup/__init__.py to __init__.cpython-310.pyc
byte-compiling /home/user/dobot_ws/install/ariac_setup/lib/python3.10/site-packages/ariac_setup/param_setter.py to param_setter.cpython-310.pyc
byte-compiling /home/user/dobot_ws/install/ariac_setup/lib/python3.10/site-packages/ariac_setup/utils.py to utils.cpython-310.pyc
byte-compiling /home/user/dobot_ws/install/ariac_setup/lib/python3.10/site-packages/ariac_setup/user_config_parser.py to user_config_parser.cpython-310.pyc
byte-compiling /home/user/dobot_ws/install/ariac_setup/lib/python3.10/site-packages/ariac_setup/controller_starter.py to controller_starter.cpython-310.pyc
byte-compiling /home/user/dobot_ws/install/ariac_setup/lib/python3.10/site-packages/ariac_setup/score_logger.py to score_logger.cpython-310.pyc
byte-compiling /home/user/dobot_ws/install/ariac_setup/lib/python3.10/site-packages/ariac_setup/yaml_validation.py to yaml_validation.cpython-310.pyc
running install_data
creating /home/user/dobot_ws/install/ariac_setup/share/ament_index
creating /home/user/dobot_ws/install/ariac_setup/share/ament_index/resource_index
creating /home/user/dobot_ws/install/ariac_setup/share/ament_index/resource_index/packages
copying resource/ariac_setup -> /home/user/dobot_ws/install/ariac_setup/share/ament_index/resource_index/packages
copying package.xml -> /home/user/dobot_ws/install/ariac_setup/share/ariac_setup
creating /home/user/dobot_ws/install/ariac_setup/share/ariac_setup/config
copying config/defects.yaml -> /home/user/dobot_ws/install/ariac_setup/share/ariac_setup/config
copying config/user_config_schema.json -> /home/user/dobot_ws/install/ariac_setup/share/ariac_setup/config
copying config/trial_schema.json -> /home/user/dobot_ws/install/ariac_setup/share/ariac_setup/config
running install_egg_info
Copying ../../../build/ariac_setup/ariac_setup.egg-info to /home/user/dobot_ws/install/ariac_setup/lib/python3.10/site-packages/ariac_setup-2025.3.4-py3.10.egg-info
running install_scripts
Installing ready script to /home/user/dobot_ws/install/ariac_setup/lib/ariac_setup
Installing score_logger script to /home/user/dobot_ws/install/ariac_setup/lib/ariac_setup
Installing startup script to /home/user/dobot_ws/install/ariac_setup/lib/ariac_setup
writing list of installed files to '/home/user/dobot_ws/build/ariac_setup/install.log'
