[1.569s] Invoking command in '/home/user/dobot_ws/src/ARIAC/ariac_setup': PYTHONPATH=/home/user/dobot_ws/build/ariac_setup/prefix_override:/usr/lib/python3/dist-packages/colcon_core/task/python/colcon_distutils_commands:/home/user/dobot_ws/install/ariac_setup/lib/python3.10/site-packages:${PYTHONPATH} /usr/bin/python3 -W ignore:setup.py install is deprecated -W ignore:easy_install command is deprecated setup.py egg_info --egg-base ../../../build/ariac_setup build --build-base /home/user/dobot_ws/build/ariac_setup/build install --record /home/user/dobot_ws/build/ariac_setup/install.log --single-version-externally-managed install_data
[1.750s] running egg_info
[1.751s] writing ../../../build/ariac_setup/ariac_setup.egg-info/PKG-INFO
[1.751s] writing dependency_links to ../../../build/ariac_setup/ariac_setup.egg-info/dependency_links.txt
[1.751s] writing entry points to ../../../build/ariac_setup/ariac_setup.egg-info/entry_points.txt
[1.751s] writing requirements to ../../../build/ariac_setup/ariac_setup.egg-info/requires.txt
[1.751s] writing top-level names to ../../../build/ariac_setup/ariac_setup.egg-info/top_level.txt
[1.753s] reading manifest file '../../../build/ariac_setup/ariac_setup.egg-info/SOURCES.txt'
[1.754s] writing manifest file '../../../build/ariac_setup/ariac_setup.egg-info/SOURCES.txt'
[1.754s] running build
[1.754s] running build_py
[1.755s] running install
[1.755s] running install_lib
[1.756s] creating /home/user/dobot_ws/install/ariac_setup/lib/python3.10/site-packages/ariac_setup
[1.756s] copying /home/user/dobot_ws/build/ariac_setup/build/lib/ariac_setup/startup.py -> /home/user/dobot_ws/install/ariac_setup/lib/python3.10/site-packages/ariac_setup
[1.756s] copying /home/user/dobot_ws/build/ariac_setup/build/lib/ariac_setup/ready.py -> /home/user/dobot_ws/install/ariac_setup/lib/python3.10/site-packages/ariac_setup
[1.756s] copying /home/user/dobot_ws/build/ariac_setup/build/lib/ariac_setup/sensor_spawner.py -> /home/user/dobot_ws/install/ariac_setup/lib/python3.10/site-packages/ariac_setup
[1.756s] copying /home/user/dobot_ws/build/ariac_setup/build/lib/ariac_setup/structures.py -> /home/user/dobot_ws/install/ariac_setup/lib/python3.10/site-packages/ariac_setup
[1.756s] copying /home/user/dobot_ws/build/ariac_setup/build/lib/ariac_setup/__init__.py -> /home/user/dobot_ws/install/ariac_setup/lib/python3.10/site-packages/ariac_setup
[1.757s] copying /home/user/dobot_ws/build/ariac_setup/build/lib/ariac_setup/param_setter.py -> /home/user/dobot_ws/install/ariac_setup/lib/python3.10/site-packages/ariac_setup
[1.757s] copying /home/user/dobot_ws/build/ariac_setup/build/lib/ariac_setup/utils.py -> /home/user/dobot_ws/install/ariac_setup/lib/python3.10/site-packages/ariac_setup
[1.757s] copying /home/user/dobot_ws/build/ariac_setup/build/lib/ariac_setup/user_config_parser.py -> /home/user/dobot_ws/install/ariac_setup/lib/python3.10/site-packages/ariac_setup
[1.757s] copying /home/user/dobot_ws/build/ariac_setup/build/lib/ariac_setup/controller_starter.py -> /home/user/dobot_ws/install/ariac_setup/lib/python3.10/site-packages/ariac_setup
[1.757s] copying /home/user/dobot_ws/build/ariac_setup/build/lib/ariac_setup/score_logger.py -> /home/user/dobot_ws/install/ariac_setup/lib/python3.10/site-packages/ariac_setup
[1.757s] copying /home/user/dobot_ws/build/ariac_setup/build/lib/ariac_setup/yaml_validation.py -> /home/user/dobot_ws/install/ariac_setup/lib/python3.10/site-packages/ariac_setup
[1.758s] byte-compiling /home/user/dobot_ws/install/ariac_setup/lib/python3.10/site-packages/ariac_setup/startup.py to startup.cpython-310.pyc
[1.758s] byte-compiling /home/user/dobot_ws/install/ariac_setup/lib/python3.10/site-packages/ariac_setup/ready.py to ready.cpython-310.pyc
[1.758s] byte-compiling /home/user/dobot_ws/install/ariac_setup/lib/python3.10/site-packages/ariac_setup/sensor_spawner.py to sensor_spawner.cpython-310.pyc
[1.759s] byte-compiling /home/user/dobot_ws/install/ariac_setup/lib/python3.10/site-packages/ariac_setup/structures.py to structures.cpython-310.pyc
[1.761s] byte-compiling /home/user/dobot_ws/install/ariac_setup/lib/python3.10/site-packages/ariac_setup/__init__.py to __init__.cpython-310.pyc
[1.761s] byte-compiling /home/user/dobot_ws/install/ariac_setup/lib/python3.10/site-packages/ariac_setup/param_setter.py to param_setter.cpython-310.pyc
[1.761s] byte-compiling /home/user/dobot_ws/install/ariac_setup/lib/python3.10/site-packages/ariac_setup/utils.py to utils.cpython-310.pyc
[1.762s] byte-compiling /home/user/dobot_ws/install/ariac_setup/lib/python3.10/site-packages/ariac_setup/user_config_parser.py to user_config_parser.cpython-310.pyc
[1.762s] byte-compiling /home/user/dobot_ws/install/ariac_setup/lib/python3.10/site-packages/ariac_setup/controller_starter.py to controller_starter.cpython-310.pyc
[1.763s] byte-compiling /home/user/dobot_ws/install/ariac_setup/lib/python3.10/site-packages/ariac_setup/score_logger.py to score_logger.cpython-310.pyc
[1.763s] byte-compiling /home/user/dobot_ws/install/ariac_setup/lib/python3.10/site-packages/ariac_setup/yaml_validation.py to yaml_validation.cpython-310.pyc
[1.764s] running install_data
[1.765s] creating /home/user/dobot_ws/install/ariac_setup/share/ament_index
[1.765s] creating /home/user/dobot_ws/install/ariac_setup/share/ament_index/resource_index
[1.765s] creating /home/user/dobot_ws/install/ariac_setup/share/ament_index/resource_index/packages
[1.765s] copying resource/ariac_setup -> /home/user/dobot_ws/install/ariac_setup/share/ament_index/resource_index/packages
[1.765s] copying package.xml -> /home/user/dobot_ws/install/ariac_setup/share/ariac_setup
[1.765s] creating /home/user/dobot_ws/install/ariac_setup/share/ariac_setup/config
[1.765s] copying config/defects.yaml -> /home/user/dobot_ws/install/ariac_setup/share/ariac_setup/config
[1.765s] copying config/user_config_schema.json -> /home/user/dobot_ws/install/ariac_setup/share/ariac_setup/config
[1.766s] copying config/trial_schema.json -> /home/user/dobot_ws/install/ariac_setup/share/ariac_setup/config
[1.766s] running install_egg_info
[1.767s] Copying ../../../build/ariac_setup/ariac_setup.egg-info to /home/user/dobot_ws/install/ariac_setup/lib/python3.10/site-packages/ariac_setup-2025.3.4-py3.10.egg-info
[1.768s] running install_scripts
[1.789s] Installing ready script to /home/user/dobot_ws/install/ariac_setup/lib/ariac_setup
[1.789s] Installing score_logger script to /home/user/dobot_ws/install/ariac_setup/lib/ariac_setup
[1.789s] Installing startup script to /home/user/dobot_ws/install/ariac_setup/lib/ariac_setup
[1.789s] writing list of installed files to '/home/user/dobot_ws/build/ariac_setup/install.log'
