[0.007s] Invoking command in '/home/user/dobot_ws/build/ariac_gz': AMENT_PREFIX_PATH=/home/user/dobot_ws/install/ariac_setup:${AMENT_PREFIX_PATH} CMAKE_PREFIX_PATH=${CMAKE_PREFIX_PATH}:/home/user/dobot_ws/install/servo_action:/home/user/dobot_ws/install/dobot_moveit:/home/user/dobot_ws/install/dobot_demo:/opt/ros/humble PYTHONPATH=/home/user/dobot_ws/install/ariac_setup/lib/python3.10/site-packages:${PYTHONPATH} /usr/bin/cmake /home/user/dobot_ws/src/ARIAC/ariac_gz -DCMAKE_INSTALL_PREFIX=/home/user/dobot_ws/install/ariac_gz
[0.015s] -- Found ament_cmake: 1.3.14 (/opt/ros/humble/share/ament_cmake/cmake)
[0.111s] [31mCMake Error at CMakeLists.txt:16 (find_package):
[0.111s]   By not providing "Findros_gz.cmake" in CMAKE_MODULE_PATH this project has
[0.112s]   asked CMake to find a package configuration file provided by "ros_gz", but
[0.112s]   CMake did not find one.
[0.112s] 
[0.112s]   Could not find a package configuration file provided by "ros_gz" with any
[0.112s]   of the following names:
[0.112s] 
[0.112s]     ros_gzConfig.cmake
[0.112s]     ros_gz-config.cmake
[0.112s] 
[0.112s]   Add the installation prefix of "ros_gz" to CMAKE_PREFIX_PATH or set
[0.112s]   "ros_gz_DIR" to a directory containing one of the above files.  If "ros_gz"
[0.112s]   provides a separate development package or SDK, be sure it has been
[0.112s]   installed.
[0.112s] 
[0.112s] [0m
[0.112s] -- Configuring incomplete, errors occurred!
[0.112s] See also "/home/user/dobot_ws/build/ariac_gz/CMakeFiles/CMakeOutput.log".
[0.113s] Invoked command in '/home/user/dobot_ws/build/ariac_gz' returned '1': AMENT_PREFIX_PATH=/home/user/dobot_ws/install/ariac_setup:${AMENT_PREFIX_PATH} CMAKE_PREFIX_PATH=${CMAKE_PREFIX_PATH}:/home/user/dobot_ws/install/servo_action:/home/user/dobot_ws/install/dobot_moveit:/home/user/dobot_ws/install/dobot_demo:/opt/ros/humble PYTHONPATH=/home/user/dobot_ws/install/ariac_setup/lib/python3.10/site-packages:${PYTHONPATH} /usr/bin/cmake /home/user/dobot_ws/src/ARIAC/ariac_gz -DCMAKE_INSTALL_PREFIX=/home/user/dobot_ws/install/ariac_gz
