[1.579s] Invoking command in '/home/user/dobot_ws/src/DOBOT_6Axis_ROS2_V4/servo_action': PYTHONPATH=/home/user/dobot_ws/build/servo_action/prefix_override:/usr/lib/python3/dist-packages/colcon_core/task/python/colcon_distutils_commands:/home/user/dobot_ws/install/servo_action/lib/python3.10/site-packages:${PYTHONPATH} /usr/bin/python3 -W ignore:setup.py install is deprecated -W ignore:easy_install command is deprecated setup.py egg_info --egg-base ../../../build/servo_action build --build-base /home/user/dobot_ws/build/servo_action/build install --record /home/user/dobot_ws/build/servo_action/install.log --single-version-externally-managed install_data
[1.845s] running egg_info
[1.846s] writing ../../../build/servo_action/servo_action.egg-info/PKG-INFO
[1.847s] writing dependency_links to ../../../build/servo_action/servo_action.egg-info/dependency_links.txt
[1.847s] writing entry points to ../../../build/servo_action/servo_action.egg-info/entry_points.txt
[1.847s] writing requirements to ../../../build/servo_action/servo_action.egg-info/requires.txt
[1.847s] writing top-level names to ../../../build/servo_action/servo_action.egg-info/top_level.txt
[1.849s] reading manifest file '../../../build/servo_action/servo_action.egg-info/SOURCES.txt'
[1.850s] writing manifest file '../../../build/servo_action/servo_action.egg-info/SOURCES.txt'
[1.850s] running build
[1.850s] running build_py
[1.851s] running install
[1.851s] running install_lib
[1.853s] running install_data
[1.853s] running install_egg_info
[1.855s] removing '/home/user/dobot_ws/install/servo_action/lib/python3.10/site-packages/servo_action-0.0.0-py3.10.egg-info' (and everything under it)
[1.855s] Copying ../../../build/servo_action/servo_action.egg-info to /home/user/dobot_ws/install/servo_action/lib/python3.10/site-packages/servo_action-0.0.0-py3.10.egg-info
[1.856s] running install_scripts
[1.883s] Installing Joint_Position script to /home/user/dobot_ws/install/servo_action/lib/servo_action
[1.883s] Installing action_move_client script to /home/user/dobot_ws/install/servo_action/lib/servo_action
[1.884s] writing list of installed files to '/home/user/dobot_ws/build/servo_action/install.log'
[1.915s] Invoked command in '/home/user/dobot_ws/src/DOBOT_6Axis_ROS2_V4/servo_action' returned '0': PYTHONPATH=/home/user/dobot_ws/build/servo_action/prefix_override:/usr/lib/python3/dist-packages/colcon_core/task/python/colcon_distutils_commands:/home/user/dobot_ws/install/servo_action/lib/python3.10/site-packages:${PYTHONPATH} /usr/bin/python3 -W ignore:setup.py install is deprecated -W ignore:easy_install command is deprecated setup.py egg_info --egg-base ../../../build/servo_action build --build-base /home/user/dobot_ws/build/servo_action/build install --record /home/user/dobot_ws/build/servo_action/install.log --single-version-externally-managed install_data
