-- The C compiler identification is GNU 12.3.0
-- The CXX compiler identification is GNU 12.3.0
-- Detecting C compiler ABI info
-- Detecting C compiler ABI info - done
-- Check for working C compiler: /usr/bin/cc - skipped
-- Detecting C compile features
-- Detecting C compile features - done
-- Detecting CXX compiler ABI info
-- Detecting CXX compiler ABI info - done
-- Check for working CXX compiler: /usr/bin/c++ - skipped
-- Detecting CXX compile features
-- Detecting CXX compile features - done
-- Found ament_cmake: 1.3.14 (/opt/ros/humble/share/ament_cmake/cmake)
-- Found Python3: /usr/bin/python3 (found version "3.10.12") found components: Interpreter 
-- Found rclcpp: 16.0.19 (/opt/ros/humble/share/rclcpp/cmake)
-- Found rosidl_generator_c: 3.1.8 (/opt/ros/humble/share/rosidl_generator_c/cmake)
-- Found rosidl_adapter: 3.1.8 (/opt/ros/humble/share/rosidl_adapter/cmake)
-- Found rosidl_generator_cpp: 3.1.8 (/opt/ros/humble/share/rosidl_generator_cpp/cmake)
-- Using all available rosidl_typesupport_c: rosidl_typesupport_fastrtps_c;rosidl_typesupport_introspection_c
-- Using all available rosidl_typesupport_cpp: rosidl_typesupport_fastrtps_cpp;rosidl_typesupport_introspection_cpp
-- Found rmw_implementation_cmake: 6.1.2 (/opt/ros/humble/share/rmw_implementation_cmake/cmake)
-- Found rmw_fastrtps_cpp: 6.2.10 (/opt/ros/humble/share/rmw_fastrtps_cpp/cmake)
-- Found OpenSSL: /usr/lib/x86_64-linux-gnu/libcrypto.so (found version "3.0.2")  
-- Found FastRTPS: /opt/ros/humble/include  
-- Using RMW implementation 'rmw_fastrtps_cpp' as default
-- Looking for pthread.h
-- Looking for pthread.h - found
-- Performing Test CMAKE_HAVE_LIBC_PTHREAD
-- Performing Test CMAKE_HAVE_LIBC_PTHREAD - Success
-- Found Threads: TRUE  
-- Found rclcpp_action: 16.0.19 (/opt/ros/humble/share/rclcpp_action/cmake)
-- Found geometry_msgs: 4.9.1 (/opt/ros/humble/share/geometry_msgs/cmake)
-- Found moveit_msgs: 2.2.1 (/opt/ros/humble/share/moveit_msgs/cmake)
-- Found control_msgs: 4.8.0 (/opt/ros/humble/share/control_msgs/cmake)
-- Configuring done
-- Generating done
-- Build files have been written to: /home/user/dobot_ws/build/dobot_demo_cpp
[ 50%] [32mBuilding CXX object CMakeFiles/gemini_demo.dir/src/gemini_demo.cpp.o[0m
[100%] [32m[1mLinking CXX executable gemini_demo[0m
[100%] Built target gemini_demo
-- Install configuration: ""
-- Installing: /home/user/dobot_ws/install/dobot_demo_cpp/lib/dobot_demo_cpp/gemini_demo
-- Set runtime path of "/home/user/dobot_ws/install/dobot_demo_cpp/lib/dobot_demo_cpp/gemini_demo" to ""
-- Installing: /home/user/dobot_ws/install/dobot_demo_cpp/share/ament_index/resource_index/package_run_dependencies/dobot_demo_cpp
-- Installing: /home/user/dobot_ws/install/dobot_demo_cpp/share/ament_index/resource_index/parent_prefix_path/dobot_demo_cpp
-- Installing: /home/user/dobot_ws/install/dobot_demo_cpp/share/dobot_demo_cpp/environment/ament_prefix_path.sh
-- Installing: /home/user/dobot_ws/install/dobot_demo_cpp/share/dobot_demo_cpp/environment/ament_prefix_path.dsv
-- Installing: /home/user/dobot_ws/install/dobot_demo_cpp/share/dobot_demo_cpp/environment/path.sh
-- Installing: /home/user/dobot_ws/install/dobot_demo_cpp/share/dobot_demo_cpp/environment/path.dsv
-- Installing: /home/user/dobot_ws/install/dobot_demo_cpp/share/dobot_demo_cpp/local_setup.bash
-- Installing: /home/user/dobot_ws/install/dobot_demo_cpp/share/dobot_demo_cpp/local_setup.sh
-- Installing: /home/user/dobot_ws/install/dobot_demo_cpp/share/dobot_demo_cpp/local_setup.zsh
-- Installing: /home/user/dobot_ws/install/dobot_demo_cpp/share/dobot_demo_cpp/local_setup.dsv
-- Installing: /home/user/dobot_ws/install/dobot_demo_cpp/share/dobot_demo_cpp/package.dsv
-- Installing: /home/user/dobot_ws/install/dobot_demo_cpp/share/ament_index/resource_index/packages/dobot_demo_cpp
-- Installing: /home/user/dobot_ws/install/dobot_demo_cpp/share/dobot_demo_cpp/cmake/dobot_demo_cppConfig.cmake
-- Installing: /home/user/dobot_ws/install/dobot_demo_cpp/share/dobot_demo_cpp/cmake/dobot_demo_cppConfig-version.cmake
-- Installing: /home/user/dobot_ws/install/dobot_demo_cpp/share/dobot_demo_cpp/package.xml
