[0.206s] Invoking command in '/home/user/dobot_ws/build/dobot_demo_cpp': CMAKE_PREFIX_PATH=${CMAKE_PREFIX_PATH}:/home/user/dobot_ws/install/servo_action:/home/user/dobot_ws/install/dobot_moveit:/home/user/dobot_ws/install/dobot_demo:/opt/ros/humble /usr/bin/cmake /home/user/dobot_ws/src/DOBOT_6Axis_ROS2_V4/dobot_demo_cpp -DCMAKE_INSTALL_PREFIX=/home/user/dobot_ws/install/dobot_demo_cpp
[0.408s] -- The C compiler identification is GNU 12.3.0
[0.408s] -- The CXX compiler identification is GNU 12.3.0
[0.408s] -- Detecting C compiler ABI info
[0.408s] -- Detecting C compiler ABI info - done
[0.408s] -- Check for working C compiler: /usr/bin/cc - skipped
[0.408s] -- Detecting C compile features
[0.408s] -- Detecting C compile features - done
[0.408s] -- Detecting CXX compiler ABI info
[0.436s] -- Detecting CXX compiler ABI info - done
[0.443s] -- Check for working CXX compiler: /usr/bin/c++ - skipped
[0.443s] -- Detecting CXX compile features
[0.444s] -- Detecting CXX compile features - done
[0.446s] -- Found ament_cmake: 1.3.14 (/opt/ros/humble/share/ament_cmake/cmake)
[0.549s] -- Found Python3: /usr/bin/python3 (found version "3.10.12") found components: Interpreter 
[0.622s] -- Found rclcpp: 16.0.19 (/opt/ros/humble/share/rclcpp/cmake)
[0.656s] -- Found rosidl_generator_c: 3.1.8 (/opt/ros/humble/share/rosidl_generator_c/cmake)
[0.660s] -- Found rosidl_adapter: 3.1.8 (/opt/ros/humble/share/rosidl_adapter/cmake)
[0.670s] -- Found rosidl_generator_cpp: 3.1.8 (/opt/ros/humble/share/rosidl_generator_cpp/cmake)
[0.681s] -- Using all available rosidl_typesupport_c: rosidl_typesupport_fastrtps_c;rosidl_typesupport_introspection_c
[0.695s] -- Using all available rosidl_typesupport_cpp: rosidl_typesupport_fastrtps_cpp;rosidl_typesupport_introspection_cpp
[0.740s] -- Found rmw_implementation_cmake: 6.1.2 (/opt/ros/humble/share/rmw_implementation_cmake/cmake)
[0.743s] -- Found rmw_fastrtps_cpp: 6.2.10 (/opt/ros/humble/share/rmw_fastrtps_cpp/cmake)
[0.818s] -- Found OpenSSL: /usr/lib/x86_64-linux-gnu/libcrypto.so (found version "3.0.2")  
[0.841s] -- Found FastRTPS: /opt/ros/humble/include  
[0.876s] -- Using RMW implementation 'rmw_fastrtps_cpp' as default
[0.884s] -- Looking for pthread.h
[0.947s] -- Looking for pthread.h - found
[0.947s] -- Performing Test CMAKE_HAVE_LIBC_PTHREAD
[1.008s] -- Performing Test CMAKE_HAVE_LIBC_PTHREAD - Success
[1.009s] -- Found Threads: TRUE  
[1.055s] -- Found rclcpp_action: 16.0.19 (/opt/ros/humble/share/rclcpp_action/cmake)
[1.088s] -- Found geometry_msgs: 4.9.1 (/opt/ros/humble/share/geometry_msgs/cmake)
[1.101s] -- Found moveit_msgs: 2.2.1 (/opt/ros/humble/share/moveit_msgs/cmake)
[1.210s] -- Found control_msgs: 4.8.0 (/opt/ros/humble/share/control_msgs/cmake)
[1.288s] -- Configuring done
[1.301s] -- Generating done
[1.307s] -- Build files have been written to: /home/user/dobot_ws/build/dobot_demo_cpp
[1.318s] Invoked command in '/home/user/dobot_ws/build/dobot_demo_cpp' returned '0': CMAKE_PREFIX_PATH=${CMAKE_PREFIX_PATH}:/home/user/dobot_ws/install/servo_action:/home/user/dobot_ws/install/dobot_moveit:/home/user/dobot_ws/install/dobot_demo:/opt/ros/humble /usr/bin/cmake /home/user/dobot_ws/src/DOBOT_6Axis_ROS2_V4/dobot_demo_cpp -DCMAKE_INSTALL_PREFIX=/home/user/dobot_ws/install/dobot_demo_cpp
[1.320s] Invoking command in '/home/user/dobot_ws/build/dobot_demo_cpp': CMAKE_PREFIX_PATH=${CMAKE_PREFIX_PATH}:/home/user/dobot_ws/install/servo_action:/home/user/dobot_ws/install/dobot_moveit:/home/user/dobot_ws/install/dobot_demo:/opt/ros/humble /usr/bin/cmake --build /home/user/dobot_ws/build/dobot_demo_cpp -- -j16 -l16
[1.356s] [ 50%] [32mBuilding CXX object CMakeFiles/gemini_demo.dir/src/gemini_demo.cpp.o[0m
[10.510s] [100%] [32m[1mLinking CXX executable gemini_demo[0m
[10.930s] [100%] Built target gemini_demo
[10.938s] Invoked command in '/home/user/dobot_ws/build/dobot_demo_cpp' returned '0': CMAKE_PREFIX_PATH=${CMAKE_PREFIX_PATH}:/home/user/dobot_ws/install/servo_action:/home/user/dobot_ws/install/dobot_moveit:/home/user/dobot_ws/install/dobot_demo:/opt/ros/humble /usr/bin/cmake --build /home/user/dobot_ws/build/dobot_demo_cpp -- -j16 -l16
[10.939s] Invoking command in '/home/user/dobot_ws/build/dobot_demo_cpp': CMAKE_PREFIX_PATH=${CMAKE_PREFIX_PATH}:/home/user/dobot_ws/install/servo_action:/home/user/dobot_ws/install/dobot_moveit:/home/user/dobot_ws/install/dobot_demo:/opt/ros/humble /usr/bin/cmake --install /home/user/dobot_ws/build/dobot_demo_cpp
[10.944s] -- Install configuration: ""
[10.945s] -- Installing: /home/user/dobot_ws/install/dobot_demo_cpp/lib/dobot_demo_cpp/gemini_demo
[10.948s] -- Set runtime path of "/home/user/dobot_ws/install/dobot_demo_cpp/lib/dobot_demo_cpp/gemini_demo" to ""
[10.948s] -- Installing: /home/user/dobot_ws/install/dobot_demo_cpp/share/ament_index/resource_index/package_run_dependencies/dobot_demo_cpp
[10.948s] -- Installing: /home/user/dobot_ws/install/dobot_demo_cpp/share/ament_index/resource_index/parent_prefix_path/dobot_demo_cpp
[10.948s] -- Installing: /home/user/dobot_ws/install/dobot_demo_cpp/share/dobot_demo_cpp/environment/ament_prefix_path.sh
[10.948s] -- Installing: /home/user/dobot_ws/install/dobot_demo_cpp/share/dobot_demo_cpp/environment/ament_prefix_path.dsv
[10.948s] -- Installing: /home/user/dobot_ws/install/dobot_demo_cpp/share/dobot_demo_cpp/environment/path.sh
[10.948s] -- Installing: /home/user/dobot_ws/install/dobot_demo_cpp/share/dobot_demo_cpp/environment/path.dsv
[10.948s] -- Installing: /home/user/dobot_ws/install/dobot_demo_cpp/share/dobot_demo_cpp/local_setup.bash
[10.949s] -- Installing: /home/user/dobot_ws/install/dobot_demo_cpp/share/dobot_demo_cpp/local_setup.sh
[10.949s] -- Installing: /home/user/dobot_ws/install/dobot_demo_cpp/share/dobot_demo_cpp/local_setup.zsh
[10.949s] -- Installing: /home/user/dobot_ws/install/dobot_demo_cpp/share/dobot_demo_cpp/local_setup.dsv
[10.949s] -- Installing: /home/user/dobot_ws/install/dobot_demo_cpp/share/dobot_demo_cpp/package.dsv
[10.949s] -- Installing: /home/user/dobot_ws/install/dobot_demo_cpp/share/ament_index/resource_index/packages/dobot_demo_cpp
[10.949s] -- Installing: /home/user/dobot_ws/install/dobot_demo_cpp/share/dobot_demo_cpp/cmake/dobot_demo_cppConfig.cmake
[10.949s] -- Installing: /home/user/dobot_ws/install/dobot_demo_cpp/share/dobot_demo_cpp/cmake/dobot_demo_cppConfig-version.cmake
[10.949s] -- Installing: /home/user/dobot_ws/install/dobot_demo_cpp/share/dobot_demo_cpp/package.xml
[10.951s] Invoked command in '/home/user/dobot_ws/build/dobot_demo_cpp' returned '0': CMAKE_PREFIX_PATH=${CMAKE_PREFIX_PATH}:/home/user/dobot_ws/install/servo_action:/home/user/dobot_ws/install/dobot_moveit:/home/user/dobot_ws/install/dobot_demo:/opt/ros/humble /usr/bin/cmake --install /home/user/dobot_ws/build/dobot_demo_cpp
