running egg_info
creating ../../../build/ariac_app/ariac_app.egg-info
writing ../../../build/ariac_app/ariac_app.egg-info/PKG-INFO
writing dependency_links to ../../../build/ariac_app/ariac_app.egg-info/dependency_links.txt
writing entry points to ../../../build/ariac_app/ariac_app.egg-info/entry_points.txt
writing requirements to ../../../build/ariac_app/ariac_app.egg-info/requires.txt
writing top-level names to ../../../build/ariac_app/ariac_app.egg-info/top_level.txt
writing manifest file '../../../build/ariac_app/ariac_app.egg-info/SOURCES.txt'
reading manifest file '../../../build/ariac_app/ariac_app.egg-info/SOURCES.txt'
adding license file 'LICENSE'
writing manifest file '../../../build/ariac_app/ariac_app.egg-info/SOURCES.txt'
running build
running build_py
creating /home/user/dobot_ws/build/ariac_app/build
creating /home/user/dobot_ws/build/ariac_app/build/lib
creating /home/user/dobot_ws/build/ariac_app/build/lib/ariac_app
copying ariac_app/theme.py -> /home/user/dobot_ws/build/ariac_app/build/lib/ariac_app
copying ariac_app/structures.py -> /home/user/dobot_ws/build/ariac_app/build/lib/ariac_app
copying ariac_app/ros_globals.py -> /home/user/dobot_ws/build/ariac_app/build/lib/ariac_app
copying ariac_app/app_node.py -> /home/user/dobot_ws/build/ariac_app/build/lib/ariac_app
copying ariac_app/app.py -> /home/user/dobot_ws/build/ariac_app/build/lib/ariac_app
copying ariac_app/__init__.py -> /home/user/dobot_ws/build/ariac_app/build/lib/ariac_app
copying ariac_app/app_utils.py -> /home/user/dobot_ws/build/ariac_app/build/lib/ariac_app
copying ariac_app/competition_app.py -> /home/user/dobot_ws/build/ariac_app/build/lib/ariac_app
creating /home/user/dobot_ws/build/ariac_app/build/lib/ariac_app/dialogs
copying ariac_app/dialogs/user_config.py -> /home/user/dobot_ws/build/ariac_app/build/lib/ariac_app/dialogs
copying ariac_app/dialogs/trial_config.py -> /home/user/dobot_ws/build/ariac_app/build/lib/ariac_app/dialogs
copying ariac_app/dialogs/trial_finished.py -> /home/user/dobot_ws/build/ariac_app/build/lib/ariac_app/dialogs
copying ariac_app/dialogs/warning.py -> /home/user/dobot_ws/build/ariac_app/build/lib/ariac_app/dialogs
copying ariac_app/dialogs/file_picker.py -> /home/user/dobot_ws/build/ariac_app/build/lib/ariac_app/dialogs
copying ariac_app/dialogs/__init__.py -> /home/user/dobot_ws/build/ariac_app/build/lib/ariac_app/dialogs
copying ariac_app/dialogs/confirmation.py -> /home/user/dobot_ws/build/ariac_app/build/lib/ariac_app/dialogs
creating /home/user/dobot_ws/build/ariac_app/build/lib/ariac_app/pages
copying ariac_app/pages/redirection_page.py -> /home/user/dobot_ws/build/ariac_app/build/lib/ariac_app/pages
copying ariac_app/pages/run_results_page.py -> /home/user/dobot_ws/build/ariac_app/build/lib/ariac_app/pages
copying ariac_app/pages/competition_page.py -> /home/user/dobot_ws/build/ariac_app/build/lib/ariac_app/pages
copying ariac_app/pages/run_page.py -> /home/user/dobot_ws/build/ariac_app/build/lib/ariac_app/pages
copying ariac_app/pages/competition_setup_page.py -> /home/user/dobot_ws/build/ariac_app/build/lib/ariac_app/pages
copying ariac_app/pages/__init__.py -> /home/user/dobot_ws/build/ariac_app/build/lib/ariac_app/pages
copying ariac_app/pages/results_page.py -> /home/user/dobot_ws/build/ariac_app/build/lib/ariac_app/pages
copying ariac_app/pages/home_page.py -> /home/user/dobot_ws/build/ariac_app/build/lib/ariac_app/pages
creating /home/user/dobot_ws/build/ariac_app/build/lib/ariac_app/components
copying ariac_app/components/process_manager.py -> /home/user/dobot_ws/build/ariac_app/build/lib/ariac_app/components
copying ariac_app/components/latex_table.py -> /home/user/dobot_ws/build/ariac_app/build/lib/ariac_app/components
copying ariac_app/components/__init__.py -> /home/user/dobot_ws/build/ariac_app/build/lib/ariac_app/components
running install
running install_lib
creating /home/user/dobot_ws/install/ariac_app/lib/python3.10/site-packages/ariac_app
creating /home/user/dobot_ws/install/ariac_app/lib/python3.10/site-packages/ariac_app/dialogs
copying /home/user/dobot_ws/build/ariac_app/build/lib/ariac_app/dialogs/user_config.py -> /home/user/dobot_ws/install/ariac_app/lib/python3.10/site-packages/ariac_app/dialogs
copying /home/user/dobot_ws/build/ariac_app/build/lib/ariac_app/dialogs/trial_config.py -> /home/user/dobot_ws/install/ariac_app/lib/python3.10/site-packages/ariac_app/dialogs
copying /home/user/dobot_ws/build/ariac_app/build/lib/ariac_app/dialogs/trial_finished.py -> /home/user/dobot_ws/install/ariac_app/lib/python3.10/site-packages/ariac_app/dialogs
copying /home/user/dobot_ws/build/ariac_app/build/lib/ariac_app/dialogs/warning.py -> /home/user/dobot_ws/install/ariac_app/lib/python3.10/site-packages/ariac_app/dialogs
copying /home/user/dobot_ws/build/ariac_app/build/lib/ariac_app/dialogs/file_picker.py -> /home/user/dobot_ws/install/ariac_app/lib/python3.10/site-packages/ariac_app/dialogs
copying /home/user/dobot_ws/build/ariac_app/build/lib/ariac_app/dialogs/__init__.py -> /home/user/dobot_ws/install/ariac_app/lib/python3.10/site-packages/ariac_app/dialogs
copying /home/user/dobot_ws/build/ariac_app/build/lib/ariac_app/dialogs/confirmation.py -> /home/user/dobot_ws/install/ariac_app/lib/python3.10/site-packages/ariac_app/dialogs
copying /home/user/dobot_ws/build/ariac_app/build/lib/ariac_app/theme.py -> /home/user/dobot_ws/install/ariac_app/lib/python3.10/site-packages/ariac_app
copying /home/user/dobot_ws/build/ariac_app/build/lib/ariac_app/structures.py -> /home/user/dobot_ws/install/ariac_app/lib/python3.10/site-packages/ariac_app
copying /home/user/dobot_ws/build/ariac_app/build/lib/ariac_app/ros_globals.py -> /home/user/dobot_ws/install/ariac_app/lib/python3.10/site-packages/ariac_app
copying /home/user/dobot_ws/build/ariac_app/build/lib/ariac_app/app_node.py -> /home/user/dobot_ws/install/ariac_app/lib/python3.10/site-packages/ariac_app
copying /home/user/dobot_ws/build/ariac_app/build/lib/ariac_app/app.py -> /home/user/dobot_ws/install/ariac_app/lib/python3.10/site-packages/ariac_app
copying /home/user/dobot_ws/build/ariac_app/build/lib/ariac_app/__init__.py -> /home/user/dobot_ws/install/ariac_app/lib/python3.10/site-packages/ariac_app
copying /home/user/dobot_ws/build/ariac_app/build/lib/ariac_app/app_utils.py -> /home/user/dobot_ws/install/ariac_app/lib/python3.10/site-packages/ariac_app
creating /home/user/dobot_ws/install/ariac_app/lib/python3.10/site-packages/ariac_app/pages
copying /home/user/dobot_ws/build/ariac_app/build/lib/ariac_app/pages/redirection_page.py -> /home/user/dobot_ws/install/ariac_app/lib/python3.10/site-packages/ariac_app/pages
copying /home/user/dobot_ws/build/ariac_app/build/lib/ariac_app/pages/run_results_page.py -> /home/user/dobot_ws/install/ariac_app/lib/python3.10/site-packages/ariac_app/pages
copying /home/user/dobot_ws/build/ariac_app/build/lib/ariac_app/pages/competition_page.py -> /home/user/dobot_ws/install/ariac_app/lib/python3.10/site-packages/ariac_app/pages
copying /home/user/dobot_ws/build/ariac_app/build/lib/ariac_app/pages/run_page.py -> /home/user/dobot_ws/install/ariac_app/lib/python3.10/site-packages/ariac_app/pages
copying /home/user/dobot_ws/build/ariac_app/build/lib/ariac_app/pages/competition_setup_page.py -> /home/user/dobot_ws/install/ariac_app/lib/python3.10/site-packages/ariac_app/pages
copying /home/user/dobot_ws/build/ariac_app/build/lib/ariac_app/pages/__init__.py -> /home/user/dobot_ws/install/ariac_app/lib/python3.10/site-packages/ariac_app/pages
copying /home/user/dobot_ws/build/ariac_app/build/lib/ariac_app/pages/results_page.py -> /home/user/dobot_ws/install/ariac_app/lib/python3.10/site-packages/ariac_app/pages
copying /home/user/dobot_ws/build/ariac_app/build/lib/ariac_app/pages/home_page.py -> /home/user/dobot_ws/install/ariac_app/lib/python3.10/site-packages/ariac_app/pages
copying /home/user/dobot_ws/build/ariac_app/build/lib/ariac_app/competition_app.py -> /home/user/dobot_ws/install/ariac_app/lib/python3.10/site-packages/ariac_app
creating /home/user/dobot_ws/install/ariac_app/lib/python3.10/site-packages/ariac_app/components
copying /home/user/dobot_ws/build/ariac_app/build/lib/ariac_app/components/process_manager.py -> /home/user/dobot_ws/install/ariac_app/lib/python3.10/site-packages/ariac_app/components
copying /home/user/dobot_ws/build/ariac_app/build/lib/ariac_app/components/latex_table.py -> /home/user/dobot_ws/install/ariac_app/lib/python3.10/site-packages/ariac_app/components
copying /home/user/dobot_ws/build/ariac_app/build/lib/ariac_app/components/__init__.py -> /home/user/dobot_ws/install/ariac_app/lib/python3.10/site-packages/ariac_app/components
byte-compiling /home/user/dobot_ws/install/ariac_app/lib/python3.10/site-packages/ariac_app/dialogs/user_config.py to user_config.cpython-310.pyc
byte-compiling /home/user/dobot_ws/install/ariac_app/lib/python3.10/site-packages/ariac_app/dialogs/trial_config.py to trial_config.cpython-310.pyc
byte-compiling /home/user/dobot_ws/install/ariac_app/lib/python3.10/site-packages/ariac_app/dialogs/trial_finished.py to trial_finished.cpython-310.pyc
byte-compiling /home/user/dobot_ws/install/ariac_app/lib/python3.10/site-packages/ariac_app/dialogs/warning.py to warning.cpython-310.pyc
byte-compiling /home/user/dobot_ws/install/ariac_app/lib/python3.10/site-packages/ariac_app/dialogs/file_picker.py to file_picker.cpython-310.pyc
byte-compiling /home/user/dobot_ws/install/ariac_app/lib/python3.10/site-packages/ariac_app/dialogs/__init__.py to __init__.cpython-310.pyc
byte-compiling /home/user/dobot_ws/install/ariac_app/lib/python3.10/site-packages/ariac_app/dialogs/confirmation.py to confirmation.cpython-310.pyc
byte-compiling /home/user/dobot_ws/install/ariac_app/lib/python3.10/site-packages/ariac_app/theme.py to theme.cpython-310.pyc
byte-compiling /home/user/dobot_ws/install/ariac_app/lib/python3.10/site-packages/ariac_app/structures.py to structures.cpython-310.pyc
byte-compiling /home/user/dobot_ws/install/ariac_app/lib/python3.10/site-packages/ariac_app/ros_globals.py to ros_globals.cpython-310.pyc
byte-compiling /home/user/dobot_ws/install/ariac_app/lib/python3.10/site-packages/ariac_app/app_node.py to app_node.cpython-310.pyc
byte-compiling /home/user/dobot_ws/install/ariac_app/lib/python3.10/site-packages/ariac_app/app.py to app.cpython-310.pyc
byte-compiling /home/user/dobot_ws/install/ariac_app/lib/python3.10/site-packages/ariac_app/__init__.py to __init__.cpython-310.pyc
byte-compiling /home/user/dobot_ws/install/ariac_app/lib/python3.10/site-packages/ariac_app/app_utils.py to app_utils.cpython-310.pyc
byte-compiling /home/user/dobot_ws/install/ariac_app/lib/python3.10/site-packages/ariac_app/pages/redirection_page.py to redirection_page.cpython-310.pyc
byte-compiling /home/user/dobot_ws/install/ariac_app/lib/python3.10/site-packages/ariac_app/pages/run_results_page.py to run_results_page.cpython-310.pyc
byte-compiling /home/user/dobot_ws/install/ariac_app/lib/python3.10/site-packages/ariac_app/pages/competition_page.py to competition_page.cpython-310.pyc
byte-compiling /home/user/dobot_ws/install/ariac_app/lib/python3.10/site-packages/ariac_app/pages/run_page.py to run_page.cpython-310.pyc
byte-compiling /home/user/dobot_ws/install/ariac_app/lib/python3.10/site-packages/ariac_app/pages/competition_setup_page.py to competition_setup_page.cpython-310.pyc
byte-compiling /home/user/dobot_ws/install/ariac_app/lib/python3.10/site-packages/ariac_app/pages/__init__.py to __init__.cpython-310.pyc
byte-compiling /home/user/dobot_ws/install/ariac_app/lib/python3.10/site-packages/ariac_app/pages/results_page.py to results_page.cpython-310.pyc
byte-compiling /home/user/dobot_ws/install/ariac_app/lib/python3.10/site-packages/ariac_app/pages/home_page.py to home_page.cpython-310.pyc
byte-compiling /home/user/dobot_ws/install/ariac_app/lib/python3.10/site-packages/ariac_app/competition_app.py to competition_app.cpython-310.pyc
byte-compiling /home/user/dobot_ws/install/ariac_app/lib/python3.10/site-packages/ariac_app/components/process_manager.py to process_manager.cpython-310.pyc
byte-compiling /home/user/dobot_ws/install/ariac_app/lib/python3.10/site-packages/ariac_app/components/latex_table.py to latex_table.cpython-310.pyc
byte-compiling /home/user/dobot_ws/install/ariac_app/lib/python3.10/site-packages/ariac_app/components/__init__.py to __init__.cpython-310.pyc
running install_data
creating /home/user/dobot_ws/install/ariac_app/share/ament_index
creating /home/user/dobot_ws/install/ariac_app/share/ament_index/resource_index
creating /home/user/dobot_ws/install/ariac_app/share/ament_index/resource_index/packages
copying resource/ariac_app -> /home/user/dobot_ws/install/ariac_app/share/ament_index/resource_index/packages
copying package.xml -> /home/user/dobot_ws/install/ariac_app/share/ariac_app
running install_egg_info
Copying ../../../build/ariac_app/ariac_app.egg-info to /home/user/dobot_ws/install/ariac_app/lib/python3.10/site-packages/ariac_app-2025.3.4-py3.10.egg-info
running install_scripts
Installing app script to /home/user/dobot_ws/install/ariac_app/lib/ariac_app
Installing competition_app script to /home/user/dobot_ws/install/ariac_app/lib/ariac_app
writing list of installed files to '/home/user/dobot_ws/build/ariac_app/install.log'
