[0.450s] Invoking command in '/home/user/dobot_ws/src/ARIAC/ariac_app': AMENT_PREFIX_PATH=/home/user/dobot_ws/install/ariac_interfaces:${AMENT_PREFIX_PATH} CMAKE_PREFIX_PATH=/home/user/dobot_ws/install/ariac_interfaces:${CMAKE_PREFIX_PATH} LD_LIBRARY_PATH=/home/user/dobot_ws/install/ariac_interfaces/lib:${LD_LIBRARY_PATH} PYTHONPATH=/home/user/dobot_ws/build/ariac_app/prefix_override:/usr/lib/python3/dist-packages/colcon_core/task/python/colcon_distutils_commands:/home/user/dobot_ws/install/ariac_app/lib/python3.10/site-packages:/home/user/dobot_ws/install/ariac_interfaces/local/lib/python3.10/dist-packages:${PYTHONPATH} /usr/bin/python3 -W ignore:setup.py install is deprecated -W ignore:easy_install command is deprecated setup.py egg_info --egg-base ../../../build/ariac_app build --build-base /home/user/dobot_ws/build/ariac_app/build install --record /home/user/dobot_ws/build/ariac_app/install.log --single-version-externally-managed install_data
[0.625s] running egg_info
[0.626s] creating ../../../build/ariac_app/ariac_app.egg-info
[0.626s] writing ../../../build/ariac_app/ariac_app.egg-info/PKG-INFO
[0.626s] writing dependency_links to ../../../build/ariac_app/ariac_app.egg-info/dependency_links.txt
[0.626s] writing entry points to ../../../build/ariac_app/ariac_app.egg-info/entry_points.txt
[0.626s] writing requirements to ../../../build/ariac_app/ariac_app.egg-info/requires.txt
[0.626s] writing top-level names to ../../../build/ariac_app/ariac_app.egg-info/top_level.txt
[0.626s] writing manifest file '../../../build/ariac_app/ariac_app.egg-info/SOURCES.txt'
[0.628s] reading manifest file '../../../build/ariac_app/ariac_app.egg-info/SOURCES.txt'
[0.628s] adding license file 'LICENSE'
[0.629s] writing manifest file '../../../build/ariac_app/ariac_app.egg-info/SOURCES.txt'
[0.629s] running build
[0.629s] running build_py
[0.629s] creating /home/user/dobot_ws/build/ariac_app/build
[0.629s] creating /home/user/dobot_ws/build/ariac_app/build/lib
[0.629s] creating /home/user/dobot_ws/build/ariac_app/build/lib/ariac_app
[0.629s] copying ariac_app/theme.py -> /home/user/dobot_ws/build/ariac_app/build/lib/ariac_app
[0.629s] copying ariac_app/structures.py -> /home/user/dobot_ws/build/ariac_app/build/lib/ariac_app
[0.629s] copying ariac_app/ros_globals.py -> /home/user/dobot_ws/build/ariac_app/build/lib/ariac_app
[0.629s] copying ariac_app/app_node.py -> /home/user/dobot_ws/build/ariac_app/build/lib/ariac_app
[0.629s] copying ariac_app/app.py -> /home/user/dobot_ws/build/ariac_app/build/lib/ariac_app
[0.630s] copying ariac_app/__init__.py -> /home/user/dobot_ws/build/ariac_app/build/lib/ariac_app
[0.630s] copying ariac_app/app_utils.py -> /home/user/dobot_ws/build/ariac_app/build/lib/ariac_app
[0.630s] copying ariac_app/competition_app.py -> /home/user/dobot_ws/build/ariac_app/build/lib/ariac_app
[0.630s] creating /home/user/dobot_ws/build/ariac_app/build/lib/ariac_app/dialogs
[0.630s] copying ariac_app/dialogs/user_config.py -> /home/user/dobot_ws/build/ariac_app/build/lib/ariac_app/dialogs
[0.630s] copying ariac_app/dialogs/trial_config.py -> /home/user/dobot_ws/build/ariac_app/build/lib/ariac_app/dialogs
[0.630s] copying ariac_app/dialogs/trial_finished.py -> /home/user/dobot_ws/build/ariac_app/build/lib/ariac_app/dialogs
[0.630s] copying ariac_app/dialogs/warning.py -> /home/user/dobot_ws/build/ariac_app/build/lib/ariac_app/dialogs
[0.631s] copying ariac_app/dialogs/file_picker.py -> /home/user/dobot_ws/build/ariac_app/build/lib/ariac_app/dialogs
[0.631s] copying ariac_app/dialogs/__init__.py -> /home/user/dobot_ws/build/ariac_app/build/lib/ariac_app/dialogs
[0.631s] copying ariac_app/dialogs/confirmation.py -> /home/user/dobot_ws/build/ariac_app/build/lib/ariac_app/dialogs
[0.631s] creating /home/user/dobot_ws/build/ariac_app/build/lib/ariac_app/pages
[0.631s] copying ariac_app/pages/redirection_page.py -> /home/user/dobot_ws/build/ariac_app/build/lib/ariac_app/pages
[0.631s] copying ariac_app/pages/run_results_page.py -> /home/user/dobot_ws/build/ariac_app/build/lib/ariac_app/pages
[0.631s] copying ariac_app/pages/competition_page.py -> /home/user/dobot_ws/build/ariac_app/build/lib/ariac_app/pages
[0.631s] copying ariac_app/pages/run_page.py -> /home/user/dobot_ws/build/ariac_app/build/lib/ariac_app/pages
[0.631s] copying ariac_app/pages/competition_setup_page.py -> /home/user/dobot_ws/build/ariac_app/build/lib/ariac_app/pages
[0.631s] copying ariac_app/pages/__init__.py -> /home/user/dobot_ws/build/ariac_app/build/lib/ariac_app/pages
[0.632s] copying ariac_app/pages/results_page.py -> /home/user/dobot_ws/build/ariac_app/build/lib/ariac_app/pages
[0.632s] copying ariac_app/pages/home_page.py -> /home/user/dobot_ws/build/ariac_app/build/lib/ariac_app/pages
[0.632s] creating /home/user/dobot_ws/build/ariac_app/build/lib/ariac_app/components
[0.632s] copying ariac_app/components/process_manager.py -> /home/user/dobot_ws/build/ariac_app/build/lib/ariac_app/components
[0.632s] copying ariac_app/components/latex_table.py -> /home/user/dobot_ws/build/ariac_app/build/lib/ariac_app/components
[0.632s] copying ariac_app/components/__init__.py -> /home/user/dobot_ws/build/ariac_app/build/lib/ariac_app/components
[0.632s] running install
[0.633s] running install_lib
[0.633s] creating /home/user/dobot_ws/install/ariac_app/lib/python3.10/site-packages/ariac_app
[0.633s] creating /home/user/dobot_ws/install/ariac_app/lib/python3.10/site-packages/ariac_app/dialogs
[0.634s] copying /home/user/dobot_ws/build/ariac_app/build/lib/ariac_app/dialogs/user_config.py -> /home/user/dobot_ws/install/ariac_app/lib/python3.10/site-packages/ariac_app/dialogs
[0.634s] copying /home/user/dobot_ws/build/ariac_app/build/lib/ariac_app/dialogs/trial_config.py -> /home/user/dobot_ws/install/ariac_app/lib/python3.10/site-packages/ariac_app/dialogs
[0.634s] copying /home/user/dobot_ws/build/ariac_app/build/lib/ariac_app/dialogs/trial_finished.py -> /home/user/dobot_ws/install/ariac_app/lib/python3.10/site-packages/ariac_app/dialogs
[0.634s] copying /home/user/dobot_ws/build/ariac_app/build/lib/ariac_app/dialogs/warning.py -> /home/user/dobot_ws/install/ariac_app/lib/python3.10/site-packages/ariac_app/dialogs
[0.634s] copying /home/user/dobot_ws/build/ariac_app/build/lib/ariac_app/dialogs/file_picker.py -> /home/user/dobot_ws/install/ariac_app/lib/python3.10/site-packages/ariac_app/dialogs
[0.634s] copying /home/user/dobot_ws/build/ariac_app/build/lib/ariac_app/dialogs/__init__.py -> /home/user/dobot_ws/install/ariac_app/lib/python3.10/site-packages/ariac_app/dialogs
[0.634s] copying /home/user/dobot_ws/build/ariac_app/build/lib/ariac_app/dialogs/confirmation.py -> /home/user/dobot_ws/install/ariac_app/lib/python3.10/site-packages/ariac_app/dialogs
[0.634s] copying /home/user/dobot_ws/build/ariac_app/build/lib/ariac_app/theme.py -> /home/user/dobot_ws/install/ariac_app/lib/python3.10/site-packages/ariac_app
[0.634s] copying /home/user/dobot_ws/build/ariac_app/build/lib/ariac_app/structures.py -> /home/user/dobot_ws/install/ariac_app/lib/python3.10/site-packages/ariac_app
[0.634s] copying /home/user/dobot_ws/build/ariac_app/build/lib/ariac_app/ros_globals.py -> /home/user/dobot_ws/install/ariac_app/lib/python3.10/site-packages/ariac_app
[0.635s] copying /home/user/dobot_ws/build/ariac_app/build/lib/ariac_app/app_node.py -> /home/user/dobot_ws/install/ariac_app/lib/python3.10/site-packages/ariac_app
[0.635s] copying /home/user/dobot_ws/build/ariac_app/build/lib/ariac_app/app.py -> /home/user/dobot_ws/install/ariac_app/lib/python3.10/site-packages/ariac_app
[0.635s] copying /home/user/dobot_ws/build/ariac_app/build/lib/ariac_app/__init__.py -> /home/user/dobot_ws/install/ariac_app/lib/python3.10/site-packages/ariac_app
[0.635s] copying /home/user/dobot_ws/build/ariac_app/build/lib/ariac_app/app_utils.py -> /home/user/dobot_ws/install/ariac_app/lib/python3.10/site-packages/ariac_app
[0.635s] creating /home/user/dobot_ws/install/ariac_app/lib/python3.10/site-packages/ariac_app/pages
[0.635s] copying /home/user/dobot_ws/build/ariac_app/build/lib/ariac_app/pages/redirection_page.py -> /home/user/dobot_ws/install/ariac_app/lib/python3.10/site-packages/ariac_app/pages
[0.635s] copying /home/user/dobot_ws/build/ariac_app/build/lib/ariac_app/pages/run_results_page.py -> /home/user/dobot_ws/install/ariac_app/lib/python3.10/site-packages/ariac_app/pages
[0.635s] copying /home/user/dobot_ws/build/ariac_app/build/lib/ariac_app/pages/competition_page.py -> /home/user/dobot_ws/install/ariac_app/lib/python3.10/site-packages/ariac_app/pages
[0.635s] copying /home/user/dobot_ws/build/ariac_app/build/lib/ariac_app/pages/run_page.py -> /home/user/dobot_ws/install/ariac_app/lib/python3.10/site-packages/ariac_app/pages
[0.636s] copying /home/user/dobot_ws/build/ariac_app/build/lib/ariac_app/pages/competition_setup_page.py -> /home/user/dobot_ws/install/ariac_app/lib/python3.10/site-packages/ariac_app/pages
[0.636s] copying /home/user/dobot_ws/build/ariac_app/build/lib/ariac_app/pages/__init__.py -> /home/user/dobot_ws/install/ariac_app/lib/python3.10/site-packages/ariac_app/pages
[0.636s] copying /home/user/dobot_ws/build/ariac_app/build/lib/ariac_app/pages/results_page.py -> /home/user/dobot_ws/install/ariac_app/lib/python3.10/site-packages/ariac_app/pages
[0.636s] copying /home/user/dobot_ws/build/ariac_app/build/lib/ariac_app/pages/home_page.py -> /home/user/dobot_ws/install/ariac_app/lib/python3.10/site-packages/ariac_app/pages
[0.636s] copying /home/user/dobot_ws/build/ariac_app/build/lib/ariac_app/competition_app.py -> /home/user/dobot_ws/install/ariac_app/lib/python3.10/site-packages/ariac_app
[0.636s] creating /home/user/dobot_ws/install/ariac_app/lib/python3.10/site-packages/ariac_app/components
[0.636s] copying /home/user/dobot_ws/build/ariac_app/build/lib/ariac_app/components/process_manager.py -> /home/user/dobot_ws/install/ariac_app/lib/python3.10/site-packages/ariac_app/components
[0.636s] copying /home/user/dobot_ws/build/ariac_app/build/lib/ariac_app/components/latex_table.py -> /home/user/dobot_ws/install/ariac_app/lib/python3.10/site-packages/ariac_app/components
[0.636s] copying /home/user/dobot_ws/build/ariac_app/build/lib/ariac_app/components/__init__.py -> /home/user/dobot_ws/install/ariac_app/lib/python3.10/site-packages/ariac_app/components
[0.637s] byte-compiling /home/user/dobot_ws/install/ariac_app/lib/python3.10/site-packages/ariac_app/dialogs/user_config.py to user_config.cpython-310.pyc
[0.640s] byte-compiling /home/user/dobot_ws/install/ariac_app/lib/python3.10/site-packages/ariac_app/dialogs/trial_config.py to trial_config.cpython-310.pyc
[0.641s]   File "/home/user/dobot_ws/install/ariac_app/lib/python3.10/site-packages/ariac_app/dialogs/trial_config.py", line 285
[0.641s]     defects_dict[defect_num] = f"{defect_num} ({defect_info["DESCRIPTION"]})"
[0.641s]                                                              ^^^^^^^^^^^
[0.641s] SyntaxError: f-string: unmatched '['
[0.641s] 
[0.641s] byte-compiling /home/user/dobot_ws/install/ariac_app/lib/python3.10/site-packages/ariac_app/dialogs/trial_finished.py to trial_finished.cpython-310.pyc
[0.641s] byte-compiling /home/user/dobot_ws/install/ariac_app/lib/python3.10/site-packages/ariac_app/dialogs/warning.py to warning.cpython-310.pyc
[0.641s] byte-compiling /home/user/dobot_ws/install/ariac_app/lib/python3.10/site-packages/ariac_app/dialogs/file_picker.py to file_picker.cpython-310.pyc
[0.642s] byte-compiling /home/user/dobot_ws/install/ariac_app/lib/python3.10/site-packages/ariac_app/dialogs/__init__.py to __init__.cpython-310.pyc
[0.642s] byte-compiling /home/user/dobot_ws/install/ariac_app/lib/python3.10/site-packages/ariac_app/dialogs/confirmation.py to confirmation.cpython-310.pyc
[0.642s] byte-compiling /home/user/dobot_ws/install/ariac_app/lib/python3.10/site-packages/ariac_app/theme.py to theme.cpython-310.pyc
[0.643s] byte-compiling /home/user/dobot_ws/install/ariac_app/lib/python3.10/site-packages/ariac_app/structures.py to structures.cpython-310.pyc
[0.644s] byte-compiling /home/user/dobot_ws/install/ariac_app/lib/python3.10/site-packages/ariac_app/ros_globals.py to ros_globals.cpython-310.pyc
[0.644s] byte-compiling /home/user/dobot_ws/install/ariac_app/lib/python3.10/site-packages/ariac_app/app_node.py to app_node.cpython-310.pyc
[0.644s] byte-compiling /home/user/dobot_ws/install/ariac_app/lib/python3.10/site-packages/ariac_app/app.py to app.cpython-310.pyc
[0.645s] byte-compiling /home/user/dobot_ws/install/ariac_app/lib/python3.10/site-packages/ariac_app/__init__.py to __init__.cpython-310.pyc
[0.645s] byte-compiling /home/user/dobot_ws/install/ariac_app/lib/python3.10/site-packages/ariac_app/app_utils.py to app_utils.cpython-310.pyc
[0.645s] byte-compiling /home/user/dobot_ws/install/ariac_app/lib/python3.10/site-packages/ariac_app/pages/redirection_page.py to redirection_page.cpython-310.pyc
[0.645s] byte-compiling /home/user/dobot_ws/install/ariac_app/lib/python3.10/site-packages/ariac_app/pages/run_results_page.py to run_results_page.cpython-310.pyc
[0.647s] byte-compiling /home/user/dobot_ws/install/ariac_app/lib/python3.10/site-packages/ariac_app/pages/competition_page.py to competition_page.cpython-310.pyc
[0.650s] byte-compiling /home/user/dobot_ws/install/ariac_app/lib/python3.10/site-packages/ariac_app/pages/run_page.py to run_page.cpython-310.pyc
[0.652s] byte-compiling /home/user/dobot_ws/install/ariac_app/lib/python3.10/site-packages/ariac_app/pages/competition_setup_page.py to competition_setup_page.cpython-310.pyc
[0.653s] byte-compiling /home/user/dobot_ws/install/ariac_app/lib/python3.10/site-packages/ariac_app/pages/__init__.py to __init__.cpython-310.pyc
[0.653s] byte-compiling /home/user/dobot_ws/install/ariac_app/lib/python3.10/site-packages/ariac_app/pages/results_page.py to results_page.cpython-310.pyc
[0.654s] byte-compiling /home/user/dobot_ws/install/ariac_app/lib/python3.10/site-packages/ariac_app/pages/home_page.py to home_page.cpython-310.pyc
[0.655s]   File "/home/user/dobot_ws/install/ariac_app/lib/python3.10/site-packages/ariac_app/pages/home_page.py", line 501
[0.655s]     f"A database already exists at {str(path.joinpath("ariac.db"))}. Aborting.",
[0.655s]                                                        ^^^^^
[0.655s] SyntaxError: f-string: unmatched '('
[0.655s] 
[0.655s] byte-compiling /home/user/dobot_ws/install/ariac_app/lib/python3.10/site-packages/ariac_app/competition_app.py to competition_app.cpython-310.pyc
[0.655s] byte-compiling /home/user/dobot_ws/install/ariac_app/lib/python3.10/site-packages/ariac_app/components/process_manager.py to process_manager.cpython-310.pyc
[0.656s] byte-compiling /home/user/dobot_ws/install/ariac_app/lib/python3.10/site-packages/ariac_app/components/latex_table.py to latex_table.cpython-310.pyc
[0.656s] byte-compiling /home/user/dobot_ws/install/ariac_app/lib/python3.10/site-packages/ariac_app/components/__init__.py to __init__.cpython-310.pyc
[0.656s] running install_data
[0.656s] creating /home/user/dobot_ws/install/ariac_app/share/ament_index
[0.656s] creating /home/user/dobot_ws/install/ariac_app/share/ament_index/resource_index
[0.656s] creating /home/user/dobot_ws/install/ariac_app/share/ament_index/resource_index/packages
[0.657s] copying resource/ariac_app -> /home/user/dobot_ws/install/ariac_app/share/ament_index/resource_index/packages
[0.657s] copying package.xml -> /home/user/dobot_ws/install/ariac_app/share/ariac_app
[0.657s] running install_egg_info
[0.658s] Copying ../../../build/ariac_app/ariac_app.egg-info to /home/user/dobot_ws/install/ariac_app/lib/python3.10/site-packages/ariac_app-2025.3.4-py3.10.egg-info
[0.659s] running install_scripts
[0.679s] Installing app script to /home/user/dobot_ws/install/ariac_app/lib/ariac_app
[0.679s] Installing competition_app script to /home/user/dobot_ws/install/ariac_app/lib/ariac_app
[0.680s] writing list of installed files to '/home/user/dobot_ws/build/ariac_app/install.log'
