-- Install configuration: ""
-- Up-to-date: /home/user/dobot_ws/install/onrobot_2fg7_description/share/onrobot_2fg7_description/config
-- Up-to-date: /home/user/dobot_ws/install/onrobot_2fg7_description/share/onrobot_2fg7_description/config/onrobot_2fg7_config.rviz
-- Up-to-date: /home/user/dobot_ws/install/onrobot_2fg7_description/share/onrobot_2fg7_description/urdf
-- Up-to-date: /home/user/dobot_ws/install/onrobot_2fg7_description/share/onrobot_2fg7_description/urdf/materials.xacro
-- Up-to-date: /home/user/dobot_ws/install/onrobot_2fg7_description/share/onrobot_2fg7_description/urdf/onrobot_2fg7.urdf.xacro
-- Installing: /home/user/dobot_ws/install/onrobot_2fg7_description/share/onrobot_2fg7_description/urdf/onrobot_2fg7.xacro
-- Up-to-date: /home/user/dobot_ws/install/onrobot_2fg7_description/share/onrobot_2fg7_description/launch
-- Up-to-date: /home/user/dobot_ws/install/onrobot_2fg7_description/share/onrobot_2fg7_description/launch/rviz.launch.py
-- Up-to-date: /home/user/dobot_ws/install/onrobot_2fg7_description/share/onrobot_2fg7_description/meshes
-- Up-to-date: /home/user/dobot_ws/install/onrobot_2fg7_description/share/onrobot_2fg7_description/meshes/finger_link.stl
-- Up-to-date: /home/user/dobot_ws/install/onrobot_2fg7_description/share/onrobot_2fg7_description/meshes/base_link.stl
-- Up-to-date: /home/user/dobot_ws/install/onrobot_2fg7_description/share/onrobot_2fg7_description/ros2_control
-- Up-to-date: /home/user/dobot_ws/install/onrobot_2fg7_description/share/onrobot_2fg7_description/ros2_control/onrobot_2fg7.ros2_control.xacro
-- Up-to-date: /home/user/dobot_ws/install/onrobot_2fg7_description/share/ament_index/resource_index/package_run_dependencies/onrobot_2fg7_description
-- Up-to-date: /home/user/dobot_ws/install/onrobot_2fg7_description/share/ament_index/resource_index/parent_prefix_path/onrobot_2fg7_description
-- Up-to-date: /home/user/dobot_ws/install/onrobot_2fg7_description/share/onrobot_2fg7_description/environment/ament_prefix_path.sh
-- Up-to-date: /home/user/dobot_ws/install/onrobot_2fg7_description/share/onrobot_2fg7_description/environment/ament_prefix_path.dsv
-- Up-to-date: /home/user/dobot_ws/install/onrobot_2fg7_description/share/onrobot_2fg7_description/environment/path.sh
-- Up-to-date: /home/user/dobot_ws/install/onrobot_2fg7_description/share/onrobot_2fg7_description/environment/path.dsv
-- Up-to-date: /home/user/dobot_ws/install/onrobot_2fg7_description/share/onrobot_2fg7_description/local_setup.bash
-- Up-to-date: /home/user/dobot_ws/install/onrobot_2fg7_description/share/onrobot_2fg7_description/local_setup.sh
-- Up-to-date: /home/user/dobot_ws/install/onrobot_2fg7_description/share/onrobot_2fg7_description/local_setup.zsh
-- Up-to-date: /home/user/dobot_ws/install/onrobot_2fg7_description/share/onrobot_2fg7_description/local_setup.dsv
-- Installing: /home/user/dobot_ws/install/onrobot_2fg7_description/share/onrobot_2fg7_description/package.dsv
-- Up-to-date: /home/user/dobot_ws/install/onrobot_2fg7_description/share/ament_index/resource_index/packages/onrobot_2fg7_description
-- Up-to-date: /home/user/dobot_ws/install/onrobot_2fg7_description/share/onrobot_2fg7_description/cmake/onrobot_2fg7_descriptionConfig.cmake
-- Up-to-date: /home/user/dobot_ws/install/onrobot_2fg7_description/share/onrobot_2fg7_description/cmake/onrobot_2fg7_descriptionConfig-version.cmake
-- Up-to-date: /home/user/dobot_ws/install/onrobot_2fg7_description/share/onrobot_2fg7_description/package.xml
