[35m[1mConsolidate compiler generated dependencies of target cr_robot_ros2_node[0m
[100%] Built target cr_robot_ros2_node
-- Install configuration: ""
-- Up-to-date: /home/user/dobot_ws/install/cr_robot_ros2/lib/cr_robot_ros2/cr_robot_ros2_node
-- Up-to-date: /home/user/dobot_ws/install/cr_robot_ros2/share/cr_robot_ros2/launch
-- Up-to-date: /home/user/dobot_ws/install/cr_robot_ros2/share/cr_robot_ros2/launch/dobot_bringup_ros2.launch.py
-- Up-to-date: /home/user/dobot_ws/install/cr_robot_ros2/share/cr_robot_ros2/config
-- Up-to-date: /home/user/dobot_ws/install/cr_robot_ros2/share/cr_robot_ros2/config/param.json
-- Up-to-date: /home/user/dobot_ws/install/cr_robot_ros2/share/ament_index/resource_index/package_run_dependencies/cr_robot_ros2
-- Up-to-date: /home/user/dobot_ws/install/cr_robot_ros2/share/ament_index/resource_index/parent_prefix_path/cr_robot_ros2
-- Up-to-date: /home/user/dobot_ws/install/cr_robot_ros2/share/cr_robot_ros2/environment/ament_prefix_path.sh
-- Up-to-date: /home/user/dobot_ws/install/cr_robot_ros2/share/cr_robot_ros2/environment/ament_prefix_path.dsv
-- Up-to-date: /home/user/dobot_ws/install/cr_robot_ros2/share/cr_robot_ros2/environment/path.sh
-- Up-to-date: /home/user/dobot_ws/install/cr_robot_ros2/share/cr_robot_ros2/environment/path.dsv
-- Up-to-date: /home/user/dobot_ws/install/cr_robot_ros2/share/cr_robot_ros2/local_setup.bash
-- Up-to-date: /home/user/dobot_ws/install/cr_robot_ros2/share/cr_robot_ros2/local_setup.sh
-- Up-to-date: /home/user/dobot_ws/install/cr_robot_ros2/share/cr_robot_ros2/local_setup.zsh
-- Up-to-date: /home/user/dobot_ws/install/cr_robot_ros2/share/cr_robot_ros2/local_setup.dsv
-- Installing: /home/user/dobot_ws/install/cr_robot_ros2/share/cr_robot_ros2/package.dsv
-- Up-to-date: /home/user/dobot_ws/install/cr_robot_ros2/share/ament_index/resource_index/packages/cr_robot_ros2
-- Up-to-date: /home/user/dobot_ws/install/cr_robot_ros2/share/cr_robot_ros2/cmake/cr_robot_ros2Config.cmake
-- Up-to-date: /home/user/dobot_ws/install/cr_robot_ros2/share/cr_robot_ros2/cmake/cr_robot_ros2Config-version.cmake
-- Up-to-date: /home/user/dobot_ws/install/cr_robot_ros2/share/cr_robot_ros2/package.xml
