[0.019s] Invoking command in '/home/user/dobot_ws/build/cr_robot_ros2': CMAKE_PREFIX_PATH=/home/user/dobot_ws/install/dobot_msgs_v4:/home/user/dobot_ws/install/ros2_linkattacher:/home/user/dobot_ws/install/dobot_gazebo:/home/user/dobot_ws/install/cra_description:/home/user/dobot_ws/install/onrobot_2fg7_description:/home/user/dobot_ws/install/linkattacher_msgs:/home/user/dobot_ws/install/cr7_moveit:/home/user/dobot_ws/install/dobot_rviz:/home/user/dobot_ws/install/cr_robot_ros2:/home/user/dobot_ws/install/dobot_demo_cpp:/home/user/dobot_ws/install/servo_action:/home/user/dobot_ws/install/dobot_moveit:/home/user/dobot_ws/install/dobot_demo:/opt/ros/humble LD_LIBRARY_PATH=/home/user/dobot_ws/install/dobot_msgs_v4/lib:/home/user/dobot_ws/install/ros2_linkattacher/lib:/home/user/dobot_ws/install/linkattacher_msgs/lib:/usr/lib/x86_64-linux-gnu/gazebo-11/plugins:/opt/ros/humble/opt/rviz_ogre_vendor/lib:/opt/ros/humble/lib/x86_64-linux-gnu:/opt/ros/humble/lib /usr/bin/cmake --build /home/user/dobot_ws/build/cr_robot_ros2 -- -j16 -l16
[0.025s] [35m[1mConsolidate compiler generated dependencies of target cr_robot_ros2_node[0m
[0.028s] [100%] Built target cr_robot_ros2_node
[0.033s] Invoked command in '/home/user/dobot_ws/build/cr_robot_ros2' returned '0': CMAKE_PREFIX_PATH=/home/user/dobot_ws/install/dobot_msgs_v4:/home/user/dobot_ws/install/ros2_linkattacher:/home/user/dobot_ws/install/dobot_gazebo:/home/user/dobot_ws/install/cra_description:/home/user/dobot_ws/install/onrobot_2fg7_description:/home/user/dobot_ws/install/linkattacher_msgs:/home/user/dobot_ws/install/cr7_moveit:/home/user/dobot_ws/install/dobot_rviz:/home/user/dobot_ws/install/cr_robot_ros2:/home/user/dobot_ws/install/dobot_demo_cpp:/home/user/dobot_ws/install/servo_action:/home/user/dobot_ws/install/dobot_moveit:/home/user/dobot_ws/install/dobot_demo:/opt/ros/humble LD_LIBRARY_PATH=/home/user/dobot_ws/install/dobot_msgs_v4/lib:/home/user/dobot_ws/install/ros2_linkattacher/lib:/home/user/dobot_ws/install/linkattacher_msgs/lib:/usr/lib/x86_64-linux-gnu/gazebo-11/plugins:/opt/ros/humble/opt/rviz_ogre_vendor/lib:/opt/ros/humble/lib/x86_64-linux-gnu:/opt/ros/humble/lib /usr/bin/cmake --build /home/user/dobot_ws/build/cr_robot_ros2 -- -j16 -l16
[0.033s] Invoking command in '/home/user/dobot_ws/build/cr_robot_ros2': CMAKE_PREFIX_PATH=/home/user/dobot_ws/install/dobot_msgs_v4:/home/user/dobot_ws/install/ros2_linkattacher:/home/user/dobot_ws/install/dobot_gazebo:/home/user/dobot_ws/install/cra_description:/home/user/dobot_ws/install/onrobot_2fg7_description:/home/user/dobot_ws/install/linkattacher_msgs:/home/user/dobot_ws/install/cr7_moveit:/home/user/dobot_ws/install/dobot_rviz:/home/user/dobot_ws/install/cr_robot_ros2:/home/user/dobot_ws/install/dobot_demo_cpp:/home/user/dobot_ws/install/servo_action:/home/user/dobot_ws/install/dobot_moveit:/home/user/dobot_ws/install/dobot_demo:/opt/ros/humble LD_LIBRARY_PATH=/home/user/dobot_ws/install/dobot_msgs_v4/lib:/home/user/dobot_ws/install/ros2_linkattacher/lib:/home/user/dobot_ws/install/linkattacher_msgs/lib:/usr/lib/x86_64-linux-gnu/gazebo-11/plugins:/opt/ros/humble/opt/rviz_ogre_vendor/lib:/opt/ros/humble/lib/x86_64-linux-gnu:/opt/ros/humble/lib /usr/bin/cmake --install /home/user/dobot_ws/build/cr_robot_ros2
[0.034s] -- Install configuration: ""
[0.034s] -- Up-to-date: /home/user/dobot_ws/install/cr_robot_ros2/lib/cr_robot_ros2/cr_robot_ros2_node
[0.034s] -- Up-to-date: /home/user/dobot_ws/install/cr_robot_ros2/share/cr_robot_ros2/launch
[0.034s] -- Up-to-date: /home/user/dobot_ws/install/cr_robot_ros2/share/cr_robot_ros2/launch/dobot_bringup_ros2.launch.py
[0.034s] -- Up-to-date: /home/user/dobot_ws/install/cr_robot_ros2/share/cr_robot_ros2/config
[0.034s] -- Up-to-date: /home/user/dobot_ws/install/cr_robot_ros2/share/cr_robot_ros2/config/param.json
[0.034s] -- Up-to-date: /home/user/dobot_ws/install/cr_robot_ros2/share/ament_index/resource_index/package_run_dependencies/cr_robot_ros2
[0.034s] -- Up-to-date: /home/user/dobot_ws/install/cr_robot_ros2/share/ament_index/resource_index/parent_prefix_path/cr_robot_ros2
[0.034s] -- Up-to-date: /home/user/dobot_ws/install/cr_robot_ros2/share/cr_robot_ros2/environment/ament_prefix_path.sh
[0.035s] -- Up-to-date: /home/user/dobot_ws/install/cr_robot_ros2/share/cr_robot_ros2/environment/ament_prefix_path.dsv
[0.035s] -- Up-to-date: /home/user/dobot_ws/install/cr_robot_ros2/share/cr_robot_ros2/environment/path.sh
[0.035s] -- Up-to-date: /home/user/dobot_ws/install/cr_robot_ros2/share/cr_robot_ros2/environment/path.dsv
[0.035s] -- Up-to-date: /home/user/dobot_ws/install/cr_robot_ros2/share/cr_robot_ros2/local_setup.bash
[0.035s] -- Up-to-date: /home/user/dobot_ws/install/cr_robot_ros2/share/cr_robot_ros2/local_setup.sh
[0.035s] -- Up-to-date: /home/user/dobot_ws/install/cr_robot_ros2/share/cr_robot_ros2/local_setup.zsh
[0.035s] -- Up-to-date: /home/user/dobot_ws/install/cr_robot_ros2/share/cr_robot_ros2/local_setup.dsv
[0.035s] -- Installing: /home/user/dobot_ws/install/cr_robot_ros2/share/cr_robot_ros2/package.dsv
[0.035s] -- Up-to-date: /home/user/dobot_ws/install/cr_robot_ros2/share/ament_index/resource_index/packages/cr_robot_ros2
[0.035s] -- Up-to-date: /home/user/dobot_ws/install/cr_robot_ros2/share/cr_robot_ros2/cmake/cr_robot_ros2Config.cmake
[0.035s] -- Up-to-date: /home/user/dobot_ws/install/cr_robot_ros2/share/cr_robot_ros2/cmake/cr_robot_ros2Config-version.cmake
[0.036s] -- Up-to-date: /home/user/dobot_ws/install/cr_robot_ros2/share/cr_robot_ros2/package.xml
[0.036s] Invoked command in '/home/user/dobot_ws/build/cr_robot_ros2' returned '0': CMAKE_PREFIX_PATH=/home/user/dobot_ws/install/dobot_msgs_v4:/home/user/dobot_ws/install/ros2_linkattacher:/home/user/dobot_ws/install/dobot_gazebo:/home/user/dobot_ws/install/cra_description:/home/user/dobot_ws/install/onrobot_2fg7_description:/home/user/dobot_ws/install/linkattacher_msgs:/home/user/dobot_ws/install/cr7_moveit:/home/user/dobot_ws/install/dobot_rviz:/home/user/dobot_ws/install/cr_robot_ros2:/home/user/dobot_ws/install/dobot_demo_cpp:/home/user/dobot_ws/install/servo_action:/home/user/dobot_ws/install/dobot_moveit:/home/user/dobot_ws/install/dobot_demo:/opt/ros/humble LD_LIBRARY_PATH=/home/user/dobot_ws/install/dobot_msgs_v4/lib:/home/user/dobot_ws/install/ros2_linkattacher/lib:/home/user/dobot_ws/install/linkattacher_msgs/lib:/usr/lib/x86_64-linux-gnu/gazebo-11/plugins:/opt/ros/humble/opt/rviz_ogre_vendor/lib:/opt/ros/humble/lib/x86_64-linux-gnu:/opt/ros/humble/lib /usr/bin/cmake --install /home/user/dobot_ws/build/cr_robot_ros2
