running egg_info
writing ../../../build/ariac_setup/ariac_setup.egg-info/PKG-INFO
writing dependency_links to ../../../build/ariac_setup/ariac_setup.egg-info/dependency_links.txt
writing entry points to ../../../build/ariac_setup/ariac_setup.egg-info/entry_points.txt
writing requirements to ../../../build/ariac_setup/ariac_setup.egg-info/requires.txt
writing top-level names to ../../../build/ariac_setup/ariac_setup.egg-info/top_level.txt
reading manifest file '../../../build/ariac_setup/ariac_setup.egg-info/SOURCES.txt'
writing manifest file '../../../build/ariac_setup/ariac_setup.egg-info/SOURCES.txt'
running build
running build_py
running install
running install_lib
running install_data
running install_egg_info
removing '/home/user/dobot_ws/install/ariac_setup/lib/python3.10/site-packages/ariac_setup-2025.3.4-py3.10.egg-info' (and everything under it)
Copying ../../../build/ariac_setup/ariac_setup.egg-info to /home/user/dobot_ws/install/ariac_setup/lib/python3.10/site-packages/ariac_setup-2025.3.4-py3.10.egg-info
running install_scripts
Installing ready script to /home/user/dobot_ws/install/ariac_setup/lib/ariac_setup
Installing score_logger script to /home/user/dobot_ws/install/ariac_setup/lib/ariac_setup
Installing startup script to /home/user/dobot_ws/install/ariac_setup/lib/ariac_setup
writing list of installed files to '/home/user/dobot_ws/build/ariac_setup/install.log'
