[0.010s] Invoking command in '/home/user/dobot_ws/build/cra_description': CMAKE_PREFIX_PATH=/home/user/dobot_ws/install/onrobot_2fg7_description:/home/user/dobot_ws/install/ros2_linkattacher:/home/user/dobot_ws/install/dobot_gazebo:/home/user/dobot_ws/install/cra_description:/home/user/dobot_ws/install/linkattacher_msgs:/home/user/dobot_ws/install/cr7_moveit:/home/user/dobot_ws/install/dobot_rviz:/home/user/dobot_ws/install/cr_robot_ros2:/home/user/dobot_ws/install/dobot_msgs_v4:/home/user/dobot_ws/install/dobot_demo_cpp:/home/user/dobot_ws/install/ariac_gz:/home/user/dobot_ws/install/servo_action:/home/user/dobot_ws/install/dobot_moveit:/home/user/dobot_ws/install/dobot_demo:/home/user/dobot_ws/install/ariac_setup:/opt/ros/humble /usr/bin/cmake --build /home/user/dobot_ws/build/cra_description -- -j16 -l16
[0.040s] Invoked command in '/home/user/dobot_ws/build/cra_description' returned '0': CMAKE_PREFIX_PATH=/home/user/dobot_ws/install/onrobot_2fg7_description:/home/user/dobot_ws/install/ros2_linkattacher:/home/user/dobot_ws/install/dobot_gazebo:/home/user/dobot_ws/install/cra_description:/home/user/dobot_ws/install/linkattacher_msgs:/home/user/dobot_ws/install/cr7_moveit:/home/user/dobot_ws/install/dobot_rviz:/home/user/dobot_ws/install/cr_robot_ros2:/home/user/dobot_ws/install/dobot_msgs_v4:/home/user/dobot_ws/install/dobot_demo_cpp:/home/user/dobot_ws/install/ariac_gz:/home/user/dobot_ws/install/servo_action:/home/user/dobot_ws/install/dobot_moveit:/home/user/dobot_ws/install/dobot_demo:/home/user/dobot_ws/install/ariac_setup:/opt/ros/humble /usr/bin/cmake --build /home/user/dobot_ws/build/cra_description -- -j16 -l16
[0.048s] Invoking command in '/home/user/dobot_ws/build/cra_description': CMAKE_PREFIX_PATH=/home/user/dobot_ws/install/onrobot_2fg7_description:/home/user/dobot_ws/install/ros2_linkattacher:/home/user/dobot_ws/install/dobot_gazebo:/home/user/dobot_ws/install/cra_description:/home/user/dobot_ws/install/linkattacher_msgs:/home/user/dobot_ws/install/cr7_moveit:/home/user/dobot_ws/install/dobot_rviz:/home/user/dobot_ws/install/cr_robot_ros2:/home/user/dobot_ws/install/dobot_msgs_v4:/home/user/dobot_ws/install/dobot_demo_cpp:/home/user/dobot_ws/install/ariac_gz:/home/user/dobot_ws/install/servo_action:/home/user/dobot_ws/install/dobot_moveit:/home/user/dobot_ws/install/dobot_demo:/home/user/dobot_ws/install/ariac_setup:/opt/ros/humble /usr/bin/cmake --install /home/user/dobot_ws/build/cra_description
[0.054s] -- Install configuration: ""
[0.054s] -- Up-to-date: /home/user/dobot_ws/install/cra_description/share/ament_index/resource_index/package_run_dependencies/cra_description
[0.054s] -- Up-to-date: /home/user/dobot_ws/install/cra_description/share/ament_index/resource_index/parent_prefix_path/cra_description
[0.054s] -- Up-to-date: /home/user/dobot_ws/install/cra_description/share/cra_description/environment/ament_prefix_path.sh
[0.054s] -- Up-to-date: /home/user/dobot_ws/install/cra_description/share/cra_description/environment/ament_prefix_path.dsv
[0.054s] -- Up-to-date: /home/user/dobot_ws/install/cra_description/share/cra_description/environment/path.sh
[0.054s] -- Up-to-date: /home/user/dobot_ws/install/cra_description/share/cra_description/environment/path.dsv
[0.054s] -- Up-to-date: /home/user/dobot_ws/install/cra_description/share/cra_description/local_setup.bash
[0.054s] -- Up-to-date: /home/user/dobot_ws/install/cra_description/share/cra_description/local_setup.sh
[0.054s] -- Up-to-date: /home/user/dobot_ws/install/cra_description/share/cra_description/local_setup.zsh
[0.055s] -- Up-to-date: /home/user/dobot_ws/install/cra_description/share/cra_description/local_setup.dsv
[0.056s] -- Installing: /home/user/dobot_ws/install/cra_description/share/cra_description/package.dsv
[0.056s] -- Up-to-date: /home/user/dobot_ws/install/cra_description/share/ament_index/resource_index/packages/cra_description
[0.057s] -- Up-to-date: /home/user/dobot_ws/install/cra_description/share/cra_description/cmake/cra_descriptionConfig.cmake
[0.057s] -- Up-to-date: /home/user/dobot_ws/install/cra_description/share/cra_description/cmake/cra_descriptionConfig-version.cmake
[0.057s] -- Up-to-date: /home/user/dobot_ws/install/cra_description/share/cra_description/package.xml
[0.057s] -- Up-to-date: /home/user/dobot_ws/install/cra_description/share/cra_description/urdf
[0.057s] -- Up-to-date: /home/user/dobot_ws/install/cra_description/share/cra_description/urdf/cr10_robot.xacro
[0.057s] -- Up-to-date: /home/user/dobot_ws/install/cra_description/share/cra_description/urdf/gripper.xacro
[0.057s] -- Up-to-date: /home/user/dobot_ws/install/cra_description/share/cra_description/urdf/nova5_robot.xacro
[0.057s] -- Installing: /home/user/dobot_ws/install/cra_description/share/cra_description/urdf/cr7_on_mpo700.urdf.xacro
[0.057s] -- Up-to-date: /home/user/dobot_ws/install/cra_description/share/cra_description/urdf/cr7_mpo700_gazebo.urdf.xacro
[0.057s] -- Up-to-date: /home/user/dobot_ws/install/cra_description/share/cra_description/urdf/cr20_robot.xacro
[0.058s] -- Up-to-date: /home/user/dobot_ws/install/cra_description/share/cra_description/urdf/cr7_mpo700_body.urdf.xacro
[0.058s] -- Up-to-date: /home/user/dobot_ws/install/cra_description/share/cra_description/urdf/cr3_robot.xacro
[0.058s] -- Up-to-date: /home/user/dobot_ws/install/cra_description/share/cra_description/urdf/cr30h_robot.xacro
[0.058s] -- Up-to-date: /home/user/dobot_ws/install/cra_description/share/cra_description/urdf/me6_robot.xacro
[0.058s] -- Up-to-date: /home/user/dobot_ws/install/cra_description/share/cra_description/urdf/cr16_robot.xacro
[0.058s] -- Up-to-date: /home/user/dobot_ws/install/cra_description/share/cra_description/urdf/cr12_robot.xacro
[0.058s] -- Up-to-date: /home/user/dobot_ws/install/cra_description/share/cra_description/urdf/nova2_robot.xacro
[0.058s] -- Up-to-date: /home/user/dobot_ws/install/cra_description/share/cra_description/urdf/cr10af_robot.xacro
[0.058s] -- Up-to-date: /home/user/dobot_ws/install/cra_description/share/cra_description/urdf/cr5_robot.xacro
[0.058s] -- Up-to-date: /home/user/dobot_ws/install/cra_description/share/cra_description/urdf/cr7_robot.xacro
[0.058s] -- Up-to-date: /home/user/dobot_ws/install/cra_description/share/cra_description/urdf/cr7_robot.xacro.bak
[0.058s] -- Up-to-date: /home/user/dobot_ws/install/cra_description/share/cra_description/meshes
[0.058s] -- Up-to-date: /home/user/dobot_ws/install/cra_description/share/cra_description/meshes/cr3
[0.058s] -- Up-to-date: /home/user/dobot_ws/install/cra_description/share/cra_description/meshes/cr3/J3.STL
[0.059s] -- Up-to-date: /home/user/dobot_ws/install/cra_description/share/cra_description/meshes/cr3/J6.STL
[0.059s] -- Up-to-date: /home/user/dobot_ws/install/cra_description/share/cra_description/meshes/cr3/J1.STL
[0.059s] -- Up-to-date: /home/user/dobot_ws/install/cra_description/share/cra_description/meshes/cr3/base_link.STL
[0.059s] -- Up-to-date: /home/user/dobot_ws/install/cra_description/share/cra_description/meshes/cr3/J4.STL
[0.059s] -- Up-to-date: /home/user/dobot_ws/install/cra_description/share/cra_description/meshes/cr3/J2.STL
[0.059s] -- Up-to-date: /home/user/dobot_ws/install/cra_description/share/cra_description/meshes/cr3/J5.STL
[0.060s] -- Up-to-date: /home/user/dobot_ws/install/cra_description/share/cra_description/meshes/cr5
[0.060s] -- Up-to-date: /home/user/dobot_ws/install/cra_description/share/cra_description/meshes/cr5/J3.STL
[0.060s] -- Up-to-date: /home/user/dobot_ws/install/cra_description/share/cra_description/meshes/cr5/J6.STL
[0.060s] -- Up-to-date: /home/user/dobot_ws/install/cra_description/share/cra_description/meshes/cr5/J1.STL
[0.060s] -- Up-to-date: /home/user/dobot_ws/install/cra_description/share/cra_description/meshes/cr5/base_link.STL
[0.060s] -- Up-to-date: /home/user/dobot_ws/install/cra_description/share/cra_description/meshes/cr5/J4.STL
[0.060s] -- Up-to-date: /home/user/dobot_ws/install/cra_description/share/cra_description/meshes/cr5/J2.STL
[0.061s] -- Up-to-date: /home/user/dobot_ws/install/cra_description/share/cra_description/meshes/cr5/J5.STL
[0.061s] -- Up-to-date: /home/user/dobot_ws/install/cra_description/share/cra_description/meshes/nova2
[0.061s] -- Up-to-date: /home/user/dobot_ws/install/cra_description/share/cra_description/meshes/nova2/Link3.STL
[0.061s] -- Up-to-date: /home/user/dobot_ws/install/cra_description/share/cra_description/meshes/nova2/Link5.STL
[0.061s] -- Up-to-date: /home/user/dobot_ws/install/cra_description/share/cra_description/meshes/nova2/Link1.STL
[0.061s] -- Up-to-date: /home/user/dobot_ws/install/cra_description/share/cra_description/meshes/nova2/Link2.STL
[0.061s] -- Up-to-date: /home/user/dobot_ws/install/cra_description/share/cra_description/meshes/nova2/Link6.STL
[0.062s] -- Up-to-date: /home/user/dobot_ws/install/cra_description/share/cra_description/meshes/nova2/Link4.STL
[0.062s] -- Up-to-date: /home/user/dobot_ws/install/cra_description/share/cra_description/meshes/nova2/base_link.STL
[0.062s] -- Up-to-date: /home/user/dobot_ws/install/cra_description/share/cra_description/meshes/cr12
[0.062s] -- Up-to-date: /home/user/dobot_ws/install/cra_description/share/cra_description/meshes/cr12/J3.STL
[0.062s] -- Up-to-date: /home/user/dobot_ws/install/cra_description/share/cra_description/meshes/cr12/J6.STL
[0.063s] -- Up-to-date: /home/user/dobot_ws/install/cra_description/share/cra_description/meshes/cr12/J1.STL
[0.063s] -- Up-to-date: /home/user/dobot_ws/install/cra_description/share/cra_description/meshes/cr12/base_link0.STL
[0.063s] -- Up-to-date: /home/user/dobot_ws/install/cra_description/share/cra_description/meshes/cr12/J4.STL
[0.063s] -- Up-to-date: /home/user/dobot_ws/install/cra_description/share/cra_description/meshes/cr12/J2.STL
[0.063s] -- Up-to-date: /home/user/dobot_ws/install/cra_description/share/cra_description/meshes/cr12/J5.STL
[0.064s] -- Up-to-date: /home/user/dobot_ws/install/cra_description/share/cra_description/meshes/cr10
[0.064s] -- Up-to-date: /home/user/dobot_ws/install/cra_description/share/cra_description/meshes/cr10/Link3.STL
[0.065s] -- Up-to-date: /home/user/dobot_ws/install/cra_description/share/cra_description/meshes/cr10/Link5.STL
[0.065s] -- Up-to-date: /home/user/dobot_ws/install/cra_description/share/cra_description/meshes/cr10/Link1.STL
[0.065s] -- Up-to-date: /home/user/dobot_ws/install/cra_description/share/cra_description/meshes/cr10/Link2.STL
[0.065s] -- Up-to-date: /home/user/dobot_ws/install/cra_description/share/cra_description/meshes/cr10/Link6.STL
[0.065s] -- Up-to-date: /home/user/dobot_ws/install/cra_description/share/cra_description/meshes/cr10/Link4.STL
[0.066s] -- Up-to-date: /home/user/dobot_ws/install/cra_description/share/cra_description/meshes/cr10/base_link.STL
[0.066s] -- Up-to-date: /home/user/dobot_ws/install/cra_description/share/cra_description/meshes/me6
[0.066s] -- Up-to-date: /home/user/dobot_ws/install/cra_description/share/cra_description/meshes/me6/Link3.STL
[0.066s] -- Up-to-date: /home/user/dobot_ws/install/cra_description/share/cra_description/meshes/me6/Link5.STL
[0.066s] -- Up-to-date: /home/user/dobot_ws/install/cra_description/share/cra_description/meshes/me6/Link1.STL
[0.066s] -- Up-to-date: /home/user/dobot_ws/install/cra_description/share/cra_description/meshes/me6/Link2.STL
[0.066s] -- Up-to-date: /home/user/dobot_ws/install/cra_description/share/cra_description/meshes/me6/Link6.STL
[0.066s] -- Up-to-date: /home/user/dobot_ws/install/cra_description/share/cra_description/meshes/me6/Link4.STL
[0.067s] -- Up-to-date: /home/user/dobot_ws/install/cra_description/share/cra_description/meshes/me6/base_link.STL
[0.067s] -- Up-to-date: /home/user/dobot_ws/install/cra_description/share/cra_description/meshes/cr20
[0.068s] -- Up-to-date: /home/user/dobot_ws/install/cra_description/share/cra_description/meshes/cr20/Link3.STL
[0.068s] -- Up-to-date: /home/user/dobot_ws/install/cra_description/share/cra_description/meshes/cr20/Link5.STL
[0.068s] -- Up-to-date: /home/user/dobot_ws/install/cra_description/share/cra_description/meshes/cr20/Link1.STL
[0.068s] -- Up-to-date: /home/user/dobot_ws/install/cra_description/share/cra_description/meshes/cr20/Link2.STL
[0.069s] -- Up-to-date: /home/user/dobot_ws/install/cra_description/share/cra_description/meshes/cr20/Link6.STL
[0.069s] -- Up-to-date: /home/user/dobot_ws/install/cra_description/share/cra_description/meshes/cr20/Link4.STL
[0.070s] -- Up-to-date: /home/user/dobot_ws/install/cra_description/share/cra_description/meshes/cr20/base_link.STL
[0.070s] -- Up-to-date: /home/user/dobot_ws/install/cra_description/share/cra_description/meshes/cr30h
[0.071s] -- Up-to-date: /home/user/dobot_ws/install/cra_description/share/cra_description/meshes/cr30h/Link3.STL
[0.072s] -- Up-to-date: /home/user/dobot_ws/install/cra_description/share/cra_description/meshes/cr30h/Link5.STL
[0.073s] -- Up-to-date: /home/user/dobot_ws/install/cra_description/share/cra_description/meshes/cr30h/Link1.STL
[0.073s] -- Up-to-date: /home/user/dobot_ws/install/cra_description/share/cra_description/meshes/cr30h/Link2.STL
[0.073s] -- Up-to-date: /home/user/dobot_ws/install/cra_description/share/cra_description/meshes/cr30h/Link6.STL
[0.073s] -- Up-to-date: /home/user/dobot_ws/install/cra_description/share/cra_description/meshes/cr30h/Link4.STL
[0.074s] -- Up-to-date: /home/user/dobot_ws/install/cra_description/share/cra_description/meshes/cr30h/base_link.STL
[0.074s] -- Up-to-date: /home/user/dobot_ws/install/cra_description/share/cra_description/meshes/nova5
[0.075s] -- Up-to-date: /home/user/dobot_ws/install/cra_description/share/cra_description/meshes/nova5/Link3.STL
[0.075s] -- Up-to-date: /home/user/dobot_ws/install/cra_description/share/cra_description/meshes/nova5/Link5.STL
[0.075s] -- Up-to-date: /home/user/dobot_ws/install/cra_description/share/cra_description/meshes/nova5/Link1.STL
[0.076s] -- Up-to-date: /home/user/dobot_ws/install/cra_description/share/cra_description/meshes/nova5/Link2.STL
[0.076s] -- Up-to-date: /home/user/dobot_ws/install/cra_description/share/cra_description/meshes/nova5/Link6.STL
[0.077s] -- Up-to-date: /home/user/dobot_ws/install/cra_description/share/cra_description/meshes/nova5/Link4.STL
[0.077s] -- Up-to-date: /home/user/dobot_ws/install/cra_description/share/cra_description/meshes/nova5/base_link.STL
[0.077s] -- Up-to-date: /home/user/dobot_ws/install/cra_description/share/cra_description/meshes/cr7
[0.077s] -- Up-to-date: /home/user/dobot_ws/install/cra_description/share/cra_description/meshes/cr7/J3.STL
[0.077s] -- Up-to-date: /home/user/dobot_ws/install/cra_description/share/cra_description/meshes/cr7/J6.STL
[0.078s] -- Up-to-date: /home/user/dobot_ws/install/cra_description/share/cra_description/meshes/cr7/J1.STL
[0.079s] -- Up-to-date: /home/user/dobot_ws/install/cra_description/share/cra_description/meshes/cr7/base_link0.STL
[0.079s] -- Up-to-date: /home/user/dobot_ws/install/cra_description/share/cra_description/meshes/cr7/J4.STL
[0.079s] -- Up-to-date: /home/user/dobot_ws/install/cra_description/share/cra_description/meshes/cr7/J2.STL
[0.079s] -- Up-to-date: /home/user/dobot_ws/install/cra_description/share/cra_description/meshes/cr7/J5.STL
[0.079s] -- Up-to-date: /home/user/dobot_ws/install/cra_description/share/cra_description/meshes/cr16
[0.080s] -- Up-to-date: /home/user/dobot_ws/install/cra_description/share/cra_description/meshes/cr16/Link3.STL
[0.080s] -- Up-to-date: /home/user/dobot_ws/install/cra_description/share/cra_description/meshes/cr16/Link5.STL
[0.080s] -- Up-to-date: /home/user/dobot_ws/install/cra_description/share/cra_description/meshes/cr16/Link1.STL
[0.080s] -- Up-to-date: /home/user/dobot_ws/install/cra_description/share/cra_description/meshes/cr16/Link2.STL
[0.080s] -- Up-to-date: /home/user/dobot_ws/install/cra_description/share/cra_description/meshes/cr16/Link6.STL
[0.080s] -- Up-to-date: /home/user/dobot_ws/install/cra_description/share/cra_description/meshes/cr16/Link4.STL
[0.080s] -- Up-to-date: /home/user/dobot_ws/install/cra_description/share/cra_description/meshes/cr16/base_link.STL
[0.080s] -- Up-to-date: /home/user/dobot_ws/install/cra_description/share/cra_description/meshes/cr10af
[0.081s] -- Up-to-date: /home/user/dobot_ws/install/cra_description/share/cra_description/meshes/cr10af/J3.STL
[0.081s] -- Up-to-date: /home/user/dobot_ws/install/cra_description/share/cra_description/meshes/cr10af/J6.STL
[0.081s] -- Up-to-date: /home/user/dobot_ws/install/cra_description/share/cra_description/meshes/cr10af/J1.STL
[0.081s] -- Up-to-date: /home/user/dobot_ws/install/cra_description/share/cra_description/meshes/cr10af/base_link.STL
[0.082s] -- Up-to-date: /home/user/dobot_ws/install/cra_description/share/cra_description/meshes/cr10af/J4.STL
[0.082s] -- Up-to-date: /home/user/dobot_ws/install/cra_description/share/cra_description/meshes/cr10af/J2.STL
[0.082s] -- Up-to-date: /home/user/dobot_ws/install/cra_description/share/cra_description/meshes/cr10af/J5.STL
[0.082s] Invoked command in '/home/user/dobot_ws/build/cra_description' returned '0': CMAKE_PREFIX_PATH=/home/user/dobot_ws/install/onrobot_2fg7_description:/home/user/dobot_ws/install/ros2_linkattacher:/home/user/dobot_ws/install/dobot_gazebo:/home/user/dobot_ws/install/cra_description:/home/user/dobot_ws/install/linkattacher_msgs:/home/user/dobot_ws/install/cr7_moveit:/home/user/dobot_ws/install/dobot_rviz:/home/user/dobot_ws/install/cr_robot_ros2:/home/user/dobot_ws/install/dobot_msgs_v4:/home/user/dobot_ws/install/dobot_demo_cpp:/home/user/dobot_ws/install/ariac_gz:/home/user/dobot_ws/install/servo_action:/home/user/dobot_ws/install/dobot_moveit:/home/user/dobot_ws/install/dobot_demo:/home/user/dobot_ws/install/ariac_setup:/opt/ros/humble /usr/bin/cmake --install /home/user/dobot_ws/build/cra_description
