-- The C compiler identification is GNU 12.3.0
-- The CXX compiler identification is GNU 12.3.0
-- Detecting C compiler ABI info
-- Detecting C compiler ABI info - done
-- Check for working C compiler: /usr/bin/cc - skipped
-- Detecting C compile features
-- Detecting C compile features - done
-- Detecting CXX compiler ABI info
-- Detecting CXX compiler ABI info - done
-- Check for working CXX compiler: /usr/bin/c++ - skipped
-- Detecting CXX compile features
-- Detecting CXX compile features - done
-- Found ament_cmake: 1.3.14 (/opt/ros/humble/share/ament_cmake/cmake)
-- Found Python3: /usr/bin/python3 (found version "3.10.12") found components: Interpreter 
-- Found ament_index_cpp: 1.4.1 (/opt/ros/humble/share/ament_index_cpp/cmake)
[31mCMake Error at CMakeLists.txt:26 (find_package):
  By not providing "Findgz-plugin2.cmake" in CMAKE_MODULE_PATH this project
  has asked CMake to find a package configuration file provided by
  "gz-plugin2", but CMake did not find one.

  Could not find a package configuration file provided by "gz-plugin2" with
  any of the following names:

    gz-plugin2Config.cmake
    gz-plugin2-config.cmake

  Add the installation prefix of "gz-plugin2" to CMAKE_PREFIX_PATH or set
  "gz-plugin2_DIR" to a directory containing one of the above files.  If
  "gz-plugin2" provides a separate development package or SDK, be sure it has
  been installed.

[0m
-- Configuring incomplete, errors occurred!
See also "/home/user/dobot_ws/build/ariac_plugins/CMakeFiles/CMakeOutput.log".
