[0.029s] Invoking command in '/home/user/dobot_ws/build/ariac_plugins': AMENT_PREFIX_PATH=/home/user/dobot_ws/install/ariac_interfaces:${AMENT_PREFIX_PATH} CMAKE_PREFIX_PATH=/home/user/dobot_ws/install/ariac_interfaces:/home/user/dobot_ws/install/ros2_linkattacher:/home/user/dobot_ws/install/dobot_gazebo:/home/user/dobot_ws/install/cra_description:/home/user/dobot_ws/install/onrobot_2fg7_description:/home/user/dobot_ws/install/linkattacher_msgs:/home/user/dobot_ws/install/cr7_moveit:/home/user/dobot_ws/install/dobot_rviz:/home/user/dobot_ws/install/cr_robot_ros2:/home/user/dobot_ws/install/dobot_msgs_v4:/home/user/dobot_ws/install/dobot_demo_cpp:/home/user/dobot_ws/install/servo_action:/home/user/dobot_ws/install/dobot_moveit:/home/user/dobot_ws/install/dobot_demo:/opt/ros/humble LD_LIBRARY_PATH=/home/user/dobot_ws/install/ariac_interfaces/lib:${LD_LIBRARY_PATH} PYTHONPATH=/home/user/dobot_ws/install/ariac_interfaces/local/lib/python3.10/dist-packages:${PYTHONPATH} /usr/bin/cmake /home/user/dobot_ws/src/ARIAC/ariac_plugins -DCMAKE_INSTALL_PREFIX=/home/user/dobot_ws/install/ariac_plugins
[0.075s] -- The C compiler identification is GNU 12.3.0
[0.147s] -- The CXX compiler identification is GNU 12.3.0
[0.157s] -- Detecting C compiler ABI info
[0.217s] -- Detecting C compiler ABI info - done
[0.224s] -- Check for working C compiler: /usr/bin/cc - skipped
[0.224s] -- Detecting C compile features
[0.225s] -- Detecting C compile features - done
[0.227s] -- Detecting CXX compiler ABI info
[0.295s] -- Detecting CXX compiler ABI info - done
[0.307s] -- Check for working CXX compiler: /usr/bin/c++ - skipped
[0.307s] -- Detecting CXX compile features
[0.308s] -- Detecting CXX compile features - done
[0.312s] -- Found ament_cmake: 1.3.14 (/opt/ros/humble/share/ament_cmake/cmake)
[0.440s] -- Found Python3: /usr/bin/python3 (found version "3.10.12") found components: Interpreter 
[0.536s] -- Found ament_index_cpp: 1.4.1 (/opt/ros/humble/share/ament_index_cpp/cmake)
[0.544s] [31mCMake Error at CMakeLists.txt:26 (find_package):
[0.544s]   By not providing "Findgz-plugin2.cmake" in CMAKE_MODULE_PATH this project
[0.545s]   has asked CMake to find a package configuration file provided by
[0.545s]   "gz-plugin2", but CMake did not find one.
[0.545s] 
[0.545s]   Could not find a package configuration file provided by "gz-plugin2" with
[0.545s]   any of the following names:
[0.545s] 
[0.545s]     gz-plugin2Config.cmake
[0.545s]     gz-plugin2-config.cmake
[0.545s] 
[0.545s]   Add the installation prefix of "gz-plugin2" to CMAKE_PREFIX_PATH or set
[0.545s]   "gz-plugin2_DIR" to a directory containing one of the above files.  If
[0.545s]   "gz-plugin2" provides a separate development package or SDK, be sure it has
[0.545s]   been installed.
[0.545s] 
[0.545s] [0m
[0.545s] -- Configuring incomplete, errors occurred!
[0.545s] See also "/home/user/dobot_ws/build/ariac_plugins/CMakeFiles/CMakeOutput.log".
[0.548s] Invoked command in '/home/user/dobot_ws/build/ariac_plugins' returned '1': AMENT_PREFIX_PATH=/home/user/dobot_ws/install/ariac_interfaces:${AMENT_PREFIX_PATH} CMAKE_PREFIX_PATH=/home/user/dobot_ws/install/ariac_interfaces:/home/user/dobot_ws/install/ros2_linkattacher:/home/user/dobot_ws/install/dobot_gazebo:/home/user/dobot_ws/install/cra_description:/home/user/dobot_ws/install/onrobot_2fg7_description:/home/user/dobot_ws/install/linkattacher_msgs:/home/user/dobot_ws/install/cr7_moveit:/home/user/dobot_ws/install/dobot_rviz:/home/user/dobot_ws/install/cr_robot_ros2:/home/user/dobot_ws/install/dobot_msgs_v4:/home/user/dobot_ws/install/dobot_demo_cpp:/home/user/dobot_ws/install/servo_action:/home/user/dobot_ws/install/dobot_moveit:/home/user/dobot_ws/install/dobot_demo:/opt/ros/humble LD_LIBRARY_PATH=/home/user/dobot_ws/install/ariac_interfaces/lib:${LD_LIBRARY_PATH} PYTHONPATH=/home/user/dobot_ws/install/ariac_interfaces/local/lib/python3.10/dist-packages:${PYTHONPATH} /usr/bin/cmake /home/user/dobot_ws/src/ARIAC/ariac_plugins -DCMAKE_INSTALL_PREFIX=/home/user/dobot_ws/install/ariac_plugins
