[0.000000] (-) TimerEvent: {}
[0.000082] (-) JobUnselected: {'identifier': 'ariac_app'}
[0.000104] (-) JobUnselected: {'identifier': 'ariac_db'}
[0.000216] (-) JobUnselected: {'identifier': 'ariac_description'}
[0.000381] (-) JobUnselected: {'identifier': 'ariac_interfaces'}
[0.000431] (-) JobUnselected: {'identifier': 'ariac_plugins'}
[0.000470] (-) JobUnselected: {'identifier': 'ariac_setup'}
[0.000493] (-) JobUnselected: {'identifier': 'cr7_moveit'}
[0.000523] (-) JobUnselected: {'identifier': 'cr_robot_ros2'}
[0.000660] (-) JobUnselected: {'identifier': 'cra_description'}
[0.000721] (-) JobUnselected: {'identifier': 'dobot_demo'}
[0.000735] (-) JobUnselected: {'identifier': 'dobot_demo_cpp'}
[0.000754] (-) JobUnselected: {'identifier': 'dobot_gazebo'}
[0.000773] (-) JobUnselected: {'identifier': 'dobot_moveit'}
[0.000873] (-) JobUnselected: {'identifier': 'dobot_msgs_v4'}
[0.000924] (-) JobUnselected: {'identifier': 'dobot_rviz'}
[0.000947] (-) JobUnselected: {'identifier': 'linkattacher_msgs'}
[0.000962] (-) JobUnselected: {'identifier': 'onrobot_2fg7_description'}
[0.000982] (-) JobUnselected: {'identifier': 'robotiq_gripper_controller'}
[0.001001] (-) JobUnselected: {'identifier': 'ros2_linkattacher'}
[0.001016] (-) JobUnselected: {'identifier': 'servo_action'}
[0.001139] (ariac_gz) JobQueued: {'identifier': 'ariac_gz', 'dependencies': OrderedDict([('ariac_setup', '/home/user/dobot_ws/install/ariac_setup')])}
[0.001172] (ariac_gz) JobStarted: {'identifier': 'ariac_gz'}
[0.018592] (ariac_gz) JobEnded: {'identifier': 'ariac_gz', 'rc': 1}
[0.028809] (-) EventReactorShutdown: {}
