-- The C compiler identification is GNU 12.3.0
-- The CXX compiler identification is GNU 12.3.0
-- Detecting C compiler ABI info
-- Detecting C compiler ABI info - done
-- Check for working C compiler: /usr/bin/cc - skipped
-- Detecting C compile features
-- Detecting C compile features - done
-- Detecting CXX compiler ABI info
-- Detecting CXX compiler ABI info - done
-- Check for working CXX compiler: /usr/bin/c++ - skipped
-- Detecting CXX compile features
-- Detecting CXX compile features - done
-- Found ament_cmake: 1.3.14 (/opt/ros/humble/share/ament_cmake/cmake)
-- Found Python3: /usr/bin/python3 (found version "3.10.12") found components: Interpreter 
-- Found builtin_interfaces: 1.2.2 (/opt/ros/humble/share/builtin_interfaces/cmake)
-- Found rosidl_generator_c: 3.1.8 (/opt/ros/humble/share/rosidl_generator_c/cmake)
-- Found rosidl_adapter: 3.1.8 (/opt/ros/humble/share/rosidl_adapter/cmake)
-- Found rosidl_generator_cpp: 3.1.8 (/opt/ros/humble/share/rosidl_generator_cpp/cmake)
-- Using all available rosidl_typesupport_c: rosidl_typesupport_fastrtps_c;rosidl_typesupport_introspection_c
-- Using all available rosidl_typesupport_cpp: rosidl_typesupport_fastrtps_cpp;rosidl_typesupport_introspection_cpp
-- Found rosidl_default_generators: 1.2.1 (/opt/ros/humble/share/rosidl_default_generators/cmake)
-- Found geometry_msgs: 4.9.1 (/opt/ros/humble/share/geometry_msgs/cmake)
-- Found ament_cmake_cppcheck: 0.12.15 (/opt/ros/humble/share/ament_cmake_cppcheck/cmake)
-- Found ament_cmake_cpplint: 0.12.15 (/opt/ros/humble/share/ament_cmake_cpplint/cmake)
-- Found ament_cmake_uncrustify: 0.12.15 (/opt/ros/humble/share/ament_cmake_uncrustify/cmake)
-- Found ament_cmake_ros: 0.10.0 (/opt/ros/humble/share/ament_cmake_ros/cmake)
-- Using all available rosidl_typesupport_c: rosidl_typesupport_fastrtps_c;rosidl_typesupport_introspection_c
-- Using all available rosidl_typesupport_cpp: rosidl_typesupport_fastrtps_cpp;rosidl_typesupport_introspection_cpp
-- Found PythonInterp: /usr/bin/python3 (found suitable version "3.10.12", minimum required is "3.6") 
-- Found python_cmake_module: 0.10.0 (/opt/ros/humble/share/python_cmake_module/cmake)
-- Found PythonLibs: /usr/lib/x86_64-linux-gnu/libpython3.10.so (found suitable version "3.10.12", minimum required is "3.5") 
-- Using PYTHON_EXECUTABLE: /usr/bin/python3
-- Using PYTHON_INCLUDE_DIRS: /usr/include/python3.10
-- Using PYTHON_LIBRARIES: /usr/lib/x86_64-linux-gnu/libpython3.10.so
-- Found PythonExtra: .so  
-- Found ament_cmake_flake8: 0.12.15 (/opt/ros/humble/share/ament_cmake_flake8/cmake)
-- Found ament_cmake_pep257: 0.12.15 (/opt/ros/humble/share/ament_cmake_pep257/cmake)
-- Configuring done
-- Generating done
-- Build files have been written to: /home/user/dobot_ws/build/ariac_interfaces
[  1%] [34m[1mGenerating C code for ROS interfaces[0m
[  2%] [34m[1mGenerating Rust code for ROS interfaces[0m
[  2%] [34m[1mGenerating C++ code for ROS interfaces[0m
[  2%] Built target ament_cmake_python_copy_ariac_interfaces
running egg_info
creating ariac_interfaces.egg-info
writing ariac_interfaces.egg-info/PKG-INFO
writing dependency_links to ariac_interfaces.egg-info/dependency_links.txt
writing top-level names to ariac_interfaces.egg-info/top_level.txt
writing manifest file 'ariac_interfaces.egg-info/SOURCES.txt'
reading manifest file 'ariac_interfaces.egg-info/SOURCES.txt'
writing manifest file 'ariac_interfaces.egg-info/SOURCES.txt'
[  2%] Built target ament_cmake_python_build_ariac_interfaces_egg
[  2%] Built target ariac_interfaces__rs
[  2%] Built target ariac_interfaces__cpp
[  2%] [34m[1mGenerating C++ type support dispatch for ROS interfaces[0m
[  2%] [34m[1mGenerating C++ introspection for ROS interfaces[0m
[  2%] [34m[1mGenerating C++ type support for eProsima Fast-RTPS[0m
[  3%] [32mBuilding C object CMakeFiles/ariac_interfaces__rosidl_generator_c.dir/rosidl_generator_c/ariac_interfaces/msg/detail/agv_stations__functions.c.o[0m
[  3%] [32mBuilding C object CMakeFiles/ariac_interfaces__rosidl_generator_c.dir/rosidl_generator_c/ariac_interfaces/action/detail/move_agv__functions.c.o[0m
[  3%] [32mBuilding C object CMakeFiles/ariac_interfaces__rosidl_generator_c.dir/rosidl_generator_c/ariac_interfaces/msg/detail/distance_sensor__functions.c.o[0m
[  3%] [32mBuilding C object CMakeFiles/ariac_interfaces__rosidl_generator_c.dir/rosidl_generator_c/ariac_interfaces/action/detail/gripper_command__functions.c.o[0m
[  4%] [32mBuilding C object CMakeFiles/ariac_interfaces__rosidl_generator_c.dir/rosidl_generator_c/ariac_interfaces/msg/detail/break_beam_status__functions.c.o[0m
[  5%] [32mBuilding C object CMakeFiles/ariac_interfaces__rosidl_generator_c.dir/rosidl_generator_c/ariac_interfaces/msg/detail/agv_tray_status__functions.c.o[0m
[  5%] [32mBuilding C object CMakeFiles/ariac_interfaces__rosidl_generator_c.dir/rosidl_generator_c/ariac_interfaces/msg/detail/cell_defect__functions.c.o[0m
[  6%] [32mBuilding C object CMakeFiles/ariac_interfaces__rosidl_generator_c.dir/rosidl_generator_c/ariac_interfaces/msg/detail/cell_types__functions.c.o[0m
[  6%] [32mBuilding C object CMakeFiles/ariac_interfaces__rosidl_generator_c.dir/rosidl_generator_c/ariac_interfaces/msg/detail/competition_status__functions.c.o[0m
[  7%] [32mBuilding C object CMakeFiles/ariac_interfaces__rosidl_generator_c.dir/rosidl_generator_c/ariac_interfaces/msg/detail/competition_time__functions.c.o[0m
[  7%] [32mBuilding C object CMakeFiles/ariac_interfaces__rosidl_generator_c.dir/rosidl_generator_c/ariac_interfaces/msg/detail/agv_status__functions.c.o[0m
[  7%] [32mBuilding C object CMakeFiles/ariac_interfaces__rosidl_generator_c.dir/rosidl_generator_c/ariac_interfaces/msg/detail/competition_states__functions.c.o[0m
[  7%] [32mBuilding C object CMakeFiles/ariac_interfaces__rosidl_generator_c.dir/rosidl_generator_c/ariac_interfaces/msg/detail/cell_feeder_status__functions.c.o[0m
[  7%] [32mBuilding C object CMakeFiles/ariac_interfaces__rosidl_generator_c.dir/rosidl_generator_c/ariac_interfaces/msg/detail/conveyor_status__functions.c.o[0m
[  8%] [32mBuilding C object CMakeFiles/ariac_interfaces__rosidl_generator_c.dir/rosidl_generator_c/ariac_interfaces/msg/detail/high_priority_order__functions.c.o[0m
[  8%] [32mBuilding C object CMakeFiles/ariac_interfaces__rosidl_generator_c.dir/rosidl_generator_c/ariac_interfaces/msg/detail/inspection_report__functions.c.o[0m
[  8%] [32mBuilding C object CMakeFiles/ariac_interfaces__rosidl_generator_c.dir/rosidl_generator_c/ariac_interfaces/msg/detail/vacuum_tools__functions.c.o[0m
[  9%] [32mBuilding C object CMakeFiles/ariac_interfaces__rosidl_generator_c.dir/rosidl_generator_c/ariac_interfaces/msg/detail/tool_changer_status__functions.c.o[0m
[  9%] [32mBuilding C object CMakeFiles/ariac_interfaces__rosidl_generator_c.dir/rosidl_generator_c/ariac_interfaces/msg/detail/operation_states__functions.c.o[0m
[ 10%] [32mBuilding C object CMakeFiles/ariac_interfaces__rosidl_generator_c.dir/rosidl_generator_c/ariac_interfaces/srv/detail/attach_tool__functions.c.o[0m
[ 10%] [32mBuilding C object CMakeFiles/ariac_interfaces__rosidl_generator_c.dir/rosidl_generator_c/ariac_interfaces/msg/detail/voltage_reading__functions.c.o[0m
[ 10%] [32mBuilding C object CMakeFiles/ariac_interfaces__rosidl_generator_c.dir/rosidl_generator_c/ariac_interfaces/srv/detail/bidirectional_conveyor_control__functions.c.o[0m
[ 11%] [32mBuilding C object CMakeFiles/ariac_interfaces__rosidl_generator_c.dir/rosidl_generator_c/ariac_interfaces/srv/detail/check_kit_quality__functions.c.o[0m
[ 11%] [32mBuilding C object CMakeFiles/ariac_interfaces__rosidl_generator_c.dir/rosidl_generator_c/ariac_interfaces/srv/detail/control_cell_feeder__functions.c.o[0m
[ 12%] [32mBuilding C object CMakeFiles/ariac_interfaces__rosidl_generator_c.dir/rosidl_generator_c/ariac_interfaces/srv/detail/end_competition__functions.c.o[0m
[ 12%] [32mBuilding C object CMakeFiles/ariac_interfaces__rosidl_generator_c.dir/rosidl_generator_c/ariac_interfaces/srv/detail/conveyor_control__functions.c.o[0m
[ 13%] [32mBuilding C object CMakeFiles/ariac_interfaces__rosidl_generator_c.dir/rosidl_generator_c/ariac_interfaces/srv/detail/submit_inspection_report__functions.c.o[0m
[ 13%] [32mBuilding C object CMakeFiles/ariac_interfaces__rosidl_generator_c.dir/rosidl_generator_c/ariac_interfaces/srv/detail/trigger__functions.c.o[0m
[ 13%] [32mBuilding C object CMakeFiles/ariac_interfaces__rosidl_generator_c.dir/rosidl_generator_c/ariac_interfaces/srv/detail/submit_high_priority_order__functions.c.o[0m
[ 13%] [32m[1mLinking C shared library libariac_interfaces__rosidl_generator_c.so[0m
[ 13%] Built target ariac_interfaces__rosidl_generator_c
[ 15%] [34m[1mGenerating C introspection for ROS interfaces[0m
[ 15%] [34m[1mGenerating C type support for eProsima Fast-RTPS[0m
[ 16%] [34m[1mGenerating C type support dispatch for ROS interfaces[0m
[ 16%] [32mBuilding CXX object CMakeFiles/ariac_interfaces__rosidl_typesupport_cpp.dir/rosidl_typesupport_cpp/ariac_interfaces/msg/agv_status__type_support.cpp.o[0m
[ 16%] [32mBuilding CXX object CMakeFiles/ariac_interfaces__rosidl_typesupport_cpp.dir/rosidl_typesupport_cpp/ariac_interfaces/action/move_agv__type_support.cpp.o[0m
[ 18%] [32mBuilding CXX object CMakeFiles/ariac_interfaces__rosidl_typesupport_cpp.dir/rosidl_typesupport_cpp/ariac_interfaces/msg/agv_stations__type_support.cpp.o[0m
[ 18%] [32mBuilding CXX object CMakeFiles/ariac_interfaces__rosidl_typesupport_cpp.dir/rosidl_typesupport_cpp/ariac_interfaces/msg/agv_tray_status__type_support.cpp.o[0m
[ 19%] [32mBuilding CXX object CMakeFiles/ariac_interfaces__rosidl_typesupport_cpp.dir/rosidl_typesupport_cpp/ariac_interfaces/action/gripper_command__type_support.cpp.o[0m
[ 19%] [32mBuilding CXX object CMakeFiles/ariac_interfaces__rosidl_typesupport_cpp.dir/rosidl_typesupport_cpp/ariac_interfaces/msg/cell_defect__type_support.cpp.o[0m
[ 19%] [32mBuilding CXX object CMakeFiles/ariac_interfaces__rosidl_typesupport_cpp.dir/rosidl_typesupport_cpp/ariac_interfaces/msg/distance_sensor__type_support.cpp.o[0m
[ 20%] [32mBuilding CXX object CMakeFiles/ariac_interfaces__rosidl_typesupport_cpp.dir/rosidl_typesupport_cpp/ariac_interfaces/msg/break_beam_status__type_support.cpp.o[0m
[ 20%] [32mBuilding CXX object CMakeFiles/ariac_interfaces__rosidl_typesupport_cpp.dir/rosidl_typesupport_cpp/ariac_interfaces/msg/cell_feeder_status__type_support.cpp.o[0m
[ 20%] [32mBuilding CXX object CMakeFiles/ariac_interfaces__rosidl_typesupport_cpp.dir/rosidl_typesupport_cpp/ariac_interfaces/msg/cell_types__type_support.cpp.o[0m
[ 21%] [32mBuilding CXX object CMakeFiles/ariac_interfaces__rosidl_typesupport_cpp.dir/rosidl_typesupport_cpp/ariac_interfaces/msg/competition_states__type_support.cpp.o[0m
[ 21%] [32mBuilding CXX object CMakeFiles/ariac_interfaces__rosidl_typesupport_cpp.dir/rosidl_typesupport_cpp/ariac_interfaces/msg/competition_status__type_support.cpp.o[0m
[ 22%] [32mBuilding CXX object CMakeFiles/ariac_interfaces__rosidl_typesupport_cpp.dir/rosidl_typesupport_cpp/ariac_interfaces/msg/conveyor_status__type_support.cpp.o[0m
[ 22%] [32mBuilding CXX object CMakeFiles/ariac_interfaces__rosidl_typesupport_cpp.dir/rosidl_typesupport_cpp/ariac_interfaces/msg/competition_time__type_support.cpp.o[0m
[ 23%] [32mBuilding CXX object CMakeFiles/ariac_interfaces__rosidl_typesupport_cpp.dir/rosidl_typesupport_cpp/ariac_interfaces/msg/high_priority_order__type_support.cpp.o[0m
[ 23%] [32mBuilding CXX object CMakeFiles/ariac_interfaces__rosidl_typesupport_cpp.dir/rosidl_typesupport_cpp/ariac_interfaces/msg/inspection_report__type_support.cpp.o[0m
[ 23%] [32mBuilding CXX object CMakeFiles/ariac_interfaces__rosidl_typesupport_cpp.dir/rosidl_typesupport_cpp/ariac_interfaces/msg/operation_states__type_support.cpp.o[0m
[ 23%] [32mBuilding CXX object CMakeFiles/ariac_interfaces__rosidl_typesupport_cpp.dir/rosidl_typesupport_cpp/ariac_interfaces/msg/tool_changer_status__type_support.cpp.o[0m
[ 24%] [32mBuilding CXX object CMakeFiles/ariac_interfaces__rosidl_typesupport_cpp.dir/rosidl_typesupport_cpp/ariac_interfaces/msg/vacuum_tools__type_support.cpp.o[0m
[ 24%] [32mBuilding CXX object CMakeFiles/ariac_interfaces__rosidl_typesupport_cpp.dir/rosidl_typesupport_cpp/ariac_interfaces/msg/voltage_reading__type_support.cpp.o[0m
[ 25%] [32mBuilding CXX object CMakeFiles/ariac_interfaces__rosidl_typesupport_cpp.dir/rosidl_typesupport_cpp/ariac_interfaces/srv/attach_tool__type_support.cpp.o[0m
[ 25%] [32mBuilding CXX object CMakeFiles/ariac_interfaces__rosidl_typesupport_cpp.dir/rosidl_typesupport_cpp/ariac_interfaces/srv/bidirectional_conveyor_control__type_support.cpp.o[0m
[ 25%] [32mBuilding CXX object CMakeFiles/ariac_interfaces__rosidl_typesupport_cpp.dir/rosidl_typesupport_cpp/ariac_interfaces/srv/check_kit_quality__type_support.cpp.o[0m
[ 26%] [32mBuilding CXX object CMakeFiles/ariac_interfaces__rosidl_typesupport_cpp.dir/rosidl_typesupport_cpp/ariac_interfaces/srv/control_cell_feeder__type_support.cpp.o[0m
[ 26%] [32mBuilding CXX object CMakeFiles/ariac_interfaces__rosidl_typesupport_cpp.dir/rosidl_typesupport_cpp/ariac_interfaces/srv/conveyor_control__type_support.cpp.o[0m
[ 26%] [32mBuilding CXX object CMakeFiles/ariac_interfaces__rosidl_typesupport_c.dir/rosidl_typesupport_c/ariac_interfaces/action/gripper_command__type_support.cpp.o[0m
[ 27%] [32mBuilding CXX object CMakeFiles/ariac_interfaces__rosidl_typesupport_cpp.dir/rosidl_typesupport_cpp/ariac_interfaces/srv/end_competition__type_support.cpp.o[0m
[ 27%] [32mBuilding CXX object CMakeFiles/ariac_interfaces__rosidl_typesupport_cpp.dir/rosidl_typesupport_cpp/ariac_interfaces/srv/submit_high_priority_order__type_support.cpp.o[0m
[ 27%] [32mBuilding CXX object CMakeFiles/ariac_interfaces__rosidl_typesupport_c.dir/rosidl_typesupport_c/ariac_interfaces/action/move_agv__type_support.cpp.o[0m
[ 28%] [32mBuilding CXX object CMakeFiles/ariac_interfaces__rosidl_typesupport_c.dir/rosidl_typesupport_c/ariac_interfaces/msg/agv_stations__type_support.cpp.o[0m
[ 28%] [32mBuilding CXX object CMakeFiles/ariac_interfaces__rosidl_typesupport_c.dir/rosidl_typesupport_c/ariac_interfaces/msg/agv_status__type_support.cpp.o[0m
[ 28%] [32mBuilding CXX object CMakeFiles/ariac_interfaces__rosidl_typesupport_c.dir/rosidl_typesupport_c/ariac_interfaces/msg/agv_tray_status__type_support.cpp.o[0m
[ 28%] [32mBuilding CXX object CMakeFiles/ariac_interfaces__rosidl_typesupport_cpp.dir/rosidl_typesupport_cpp/ariac_interfaces/srv/submit_inspection_report__type_support.cpp.o[0m
[ 29%] [32mBuilding CXX object CMakeFiles/ariac_interfaces__rosidl_typesupport_c.dir/rosidl_typesupport_c/ariac_interfaces/msg/break_beam_status__type_support.cpp.o[0m
[ 30%] [32mBuilding CXX object CMakeFiles/ariac_interfaces__rosidl_typesupport_cpp.dir/rosidl_typesupport_cpp/ariac_interfaces/srv/trigger__type_support.cpp.o[0m
[ 30%] [32mBuilding CXX object CMakeFiles/ariac_interfaces__rosidl_typesupport_c.dir/rosidl_typesupport_c/ariac_interfaces/msg/distance_sensor__type_support.cpp.o[0m
[ 31%] [32mBuilding CXX object CMakeFiles/ariac_interfaces__rosidl_typesupport_c.dir/rosidl_typesupport_c/ariac_interfaces/msg/cell_defect__type_support.cpp.o[0m
[ 31%] [32mBuilding CXX object CMakeFiles/ariac_interfaces__rosidl_typesupport_c.dir/rosidl_typesupport_c/ariac_interfaces/msg/cell_feeder_status__type_support.cpp.o[0m
[ 31%] [32mBuilding CXX object CMakeFiles/ariac_interfaces__rosidl_typesupport_c.dir/rosidl_typesupport_c/ariac_interfaces/msg/cell_types__type_support.cpp.o[0m
[ 32%] [32mBuilding CXX object CMakeFiles/ariac_interfaces__rosidl_typesupport_c.dir/rosidl_typesupport_c/ariac_interfaces/msg/competition_states__type_support.cpp.o[0m
[ 33%] [32mBuilding CXX object CMakeFiles/ariac_interfaces__rosidl_typesupport_c.dir/rosidl_typesupport_c/ariac_interfaces/msg/competition_time__type_support.cpp.o[0m
[ 33%] [32mBuilding CXX object CMakeFiles/ariac_interfaces__rosidl_typesupport_c.dir/rosidl_typesupport_c/ariac_interfaces/msg/competition_status__type_support.cpp.o[0m
[ 33%] [32mBuilding CXX object CMakeFiles/ariac_interfaces__rosidl_typesupport_c.dir/rosidl_typesupport_c/ariac_interfaces/msg/conveyor_status__type_support.cpp.o[0m
[ 33%] [32mBuilding CXX object CMakeFiles/ariac_interfaces__rosidl_typesupport_c.dir/rosidl_typesupport_c/ariac_interfaces/msg/high_priority_order__type_support.cpp.o[0m
[ 34%] [32mBuilding CXX object CMakeFiles/ariac_interfaces__rosidl_typesupport_introspection_cpp.dir/rosidl_typesupport_introspection_cpp/ariac_interfaces/action/detail/gripper_command__type_support.cpp.o[0m
[ 35%] [32mBuilding CXX object CMakeFiles/ariac_interfaces__rosidl_typesupport_c.dir/rosidl_typesupport_c/ariac_interfaces/msg/inspection_report__type_support.cpp.o[0m
[ 35%] [32mBuilding CXX object CMakeFiles/ariac_interfaces__rosidl_typesupport_introspection_cpp.dir/rosidl_typesupport_introspection_cpp/ariac_interfaces/action/detail/move_agv__type_support.cpp.o[0m
[ 35%] [32mBuilding CXX object CMakeFiles/ariac_interfaces__rosidl_typesupport_c.dir/rosidl_typesupport_c/ariac_interfaces/msg/operation_states__type_support.cpp.o[0m
[ 36%] [32mBuilding CXX object CMakeFiles/ariac_interfaces__rosidl_typesupport_introspection_cpp.dir/rosidl_typesupport_introspection_cpp/ariac_interfaces/msg/detail/agv_stations__type_support.cpp.o[0m
[ 37%] [32mBuilding CXX object CMakeFiles/ariac_interfaces__rosidl_typesupport_c.dir/rosidl_typesupport_c/ariac_interfaces/msg/tool_changer_status__type_support.cpp.o[0m
[ 37%] [32mBuilding CXX object CMakeFiles/ariac_interfaces__rosidl_typesupport_introspection_cpp.dir/rosidl_typesupport_introspection_cpp/ariac_interfaces/msg/detail/agv_status__type_support.cpp.o[0m
[ 37%] [32mBuilding CXX object CMakeFiles/ariac_interfaces__rosidl_typesupport_introspection_cpp.dir/rosidl_typesupport_introspection_cpp/ariac_interfaces/msg/detail/agv_tray_status__type_support.cpp.o[0m
[ 37%] [32mBuilding CXX object CMakeFiles/ariac_interfaces__rosidl_typesupport_c.dir/rosidl_typesupport_c/ariac_interfaces/msg/vacuum_tools__type_support.cpp.o[0m
[ 38%] [32mBuilding CXX object CMakeFiles/ariac_interfaces__rosidl_typesupport_introspection_cpp.dir/rosidl_typesupport_introspection_cpp/ariac_interfaces/msg/detail/break_beam_status__type_support.cpp.o[0m
[ 38%] [32mBuilding CXX object CMakeFiles/ariac_interfaces__rosidl_typesupport_c.dir/rosidl_typesupport_c/ariac_interfaces/msg/voltage_reading__type_support.cpp.o[0m
[ 38%] [32mBuilding CXX object CMakeFiles/ariac_interfaces__rosidl_typesupport_introspection_cpp.dir/rosidl_typesupport_introspection_cpp/ariac_interfaces/msg/detail/distance_sensor__type_support.cpp.o[0m
[ 39%] [32mBuilding CXX object CMakeFiles/ariac_interfaces__rosidl_typesupport_c.dir/rosidl_typesupport_c/ariac_interfaces/srv/attach_tool__type_support.cpp.o[0m
[ 39%] [32mBuilding CXX object CMakeFiles/ariac_interfaces__rosidl_typesupport_c.dir/rosidl_typesupport_c/ariac_interfaces/srv/bidirectional_conveyor_control__type_support.cpp.o[0m
[ 40%] [32mBuilding CXX object CMakeFiles/ariac_interfaces__rosidl_typesupport_introspection_cpp.dir/rosidl_typesupport_introspection_cpp/ariac_interfaces/msg/detail/cell_defect__type_support.cpp.o[0m
[ 40%] [32mBuilding CXX object CMakeFiles/ariac_interfaces__rosidl_typesupport_introspection_cpp.dir/rosidl_typesupport_introspection_cpp/ariac_interfaces/msg/detail/cell_feeder_status__type_support.cpp.o[0m
[ 40%] [32mBuilding CXX object CMakeFiles/ariac_interfaces__rosidl_typesupport_c.dir/rosidl_typesupport_c/ariac_interfaces/srv/check_kit_quality__type_support.cpp.o[0m
[ 41%] [32mBuilding CXX object CMakeFiles/ariac_interfaces__rosidl_typesupport_c.dir/rosidl_typesupport_c/ariac_interfaces/srv/control_cell_feeder__type_support.cpp.o[0m
[ 41%] [32mBuilding CXX object CMakeFiles/ariac_interfaces__rosidl_typesupport_introspection_cpp.dir/rosidl_typesupport_introspection_cpp/ariac_interfaces/msg/detail/cell_types__type_support.cpp.o[0m
[ 41%] [32mBuilding CXX object CMakeFiles/ariac_interfaces__rosidl_typesupport_c.dir/rosidl_typesupport_c/ariac_interfaces/srv/conveyor_control__type_support.cpp.o[0m
[ 42%] [32mBuilding CXX object CMakeFiles/ariac_interfaces__rosidl_typesupport_introspection_cpp.dir/rosidl_typesupport_introspection_cpp/ariac_interfaces/msg/detail/competition_states__type_support.cpp.o[0m
[ 42%] [32m[1mLinking CXX shared library libariac_interfaces__rosidl_typesupport_cpp.so[0m
[ 43%] [32mBuilding CXX object CMakeFiles/ariac_interfaces__rosidl_typesupport_c.dir/rosidl_typesupport_c/ariac_interfaces/srv/end_competition__type_support.cpp.o[0m
[ 43%] [32mBuilding CXX object CMakeFiles/ariac_interfaces__rosidl_typesupport_c.dir/rosidl_typesupport_c/ariac_interfaces/srv/submit_high_priority_order__type_support.cpp.o[0m
[ 43%] Built target ariac_interfaces__rosidl_typesupport_cpp
[ 43%] [32mBuilding CXX object CMakeFiles/ariac_interfaces__rosidl_typesupport_introspection_cpp.dir/rosidl_typesupport_introspection_cpp/ariac_interfaces/msg/detail/competition_status__type_support.cpp.o[0m
[ 43%] [32mBuilding CXX object CMakeFiles/ariac_interfaces__rosidl_typesupport_c.dir/rosidl_typesupport_c/ariac_interfaces/srv/submit_inspection_report__type_support.cpp.o[0m
[ 44%] [32mBuilding CXX object CMakeFiles/ariac_interfaces__rosidl_typesupport_c.dir/rosidl_typesupport_c/ariac_interfaces/srv/trigger__type_support.cpp.o[0m
[ 44%] [32m[1mLinking CXX shared library libariac_interfaces__rosidl_typesupport_c.so[0m
[ 44%] [32mBuilding CXX object CMakeFiles/ariac_interfaces__rosidl_typesupport_introspection_cpp.dir/rosidl_typesupport_introspection_cpp/ariac_interfaces/msg/detail/competition_time__type_support.cpp.o[0m
[ 45%] [32mBuilding CXX object CMakeFiles/ariac_interfaces__rosidl_typesupport_introspection_cpp.dir/rosidl_typesupport_introspection_cpp/ariac_interfaces/msg/detail/conveyor_status__type_support.cpp.o[0m
[ 45%] [32mBuilding C object CMakeFiles/ariac_interfaces__rosidl_typesupport_introspection_c.dir/rosidl_typesupport_introspection_c/ariac_interfaces/action/detail/gripper_command__type_support.c.o[0m
[ 45%] Built target ariac_interfaces__rosidl_typesupport_c
[ 45%] [32mBuilding CXX object CMakeFiles/ariac_interfaces__rosidl_typesupport_introspection_cpp.dir/rosidl_typesupport_introspection_cpp/ariac_interfaces/msg/detail/high_priority_order__type_support.cpp.o[0m
[ 45%] [32mBuilding C object CMakeFiles/ariac_interfaces__rosidl_typesupport_introspection_c.dir/rosidl_typesupport_introspection_c/ariac_interfaces/action/detail/move_agv__type_support.c.o[0m
[ 46%] [32mBuilding C object CMakeFiles/ariac_interfaces__rosidl_typesupport_introspection_c.dir/rosidl_typesupport_introspection_c/ariac_interfaces/msg/detail/agv_stations__type_support.c.o[0m
[ 46%] [32mBuilding C object CMakeFiles/ariac_interfaces__rosidl_typesupport_introspection_c.dir/rosidl_typesupport_introspection_c/ariac_interfaces/msg/detail/agv_status__type_support.c.o[0m
[ 46%] [32mBuilding C object CMakeFiles/ariac_interfaces__rosidl_typesupport_introspection_c.dir/rosidl_typesupport_introspection_c/ariac_interfaces/msg/detail/agv_tray_status__type_support.c.o[0m
[ 47%] [32mBuilding C object CMakeFiles/ariac_interfaces__rosidl_typesupport_introspection_c.dir/rosidl_typesupport_introspection_c/ariac_interfaces/msg/detail/break_beam_status__type_support.c.o[0m
[ 48%] [32mBuilding CXX object CMakeFiles/ariac_interfaces__rosidl_typesupport_fastrtps_cpp.dir/rosidl_typesupport_fastrtps_cpp/ariac_interfaces/action/detail/dds_fastrtps/gripper_command__type_support.cpp.o[0m
[ 48%] [32mBuilding C object CMakeFiles/ariac_interfaces__rosidl_typesupport_introspection_c.dir/rosidl_typesupport_introspection_c/ariac_interfaces/msg/detail/distance_sensor__type_support.c.o[0m
[ 49%] [32mBuilding C object CMakeFiles/ariac_interfaces__rosidl_typesupport_introspection_c.dir/rosidl_typesupport_introspection_c/ariac_interfaces/msg/detail/cell_defect__type_support.c.o[0m
[ 50%] [32mBuilding CXX object CMakeFiles/ariac_interfaces__rosidl_typesupport_fastrtps_cpp.dir/rosidl_typesupport_fastrtps_cpp/ariac_interfaces/action/detail/dds_fastrtps/move_agv__type_support.cpp.o[0m
[ 50%] [32mBuilding CXX object CMakeFiles/ariac_interfaces__rosidl_typesupport_introspection_cpp.dir/rosidl_typesupport_introspection_cpp/ariac_interfaces/msg/detail/inspection_report__type_support.cpp.o[0m
[ 50%] [32mBuilding CXX object CMakeFiles/ariac_interfaces__rosidl_typesupport_introspection_cpp.dir/rosidl_typesupport_introspection_cpp/ariac_interfaces/msg/detail/operation_states__type_support.cpp.o[0m
[ 50%] [32mBuilding CXX object CMakeFiles/ariac_interfaces__rosidl_typesupport_introspection_cpp.dir/rosidl_typesupport_introspection_cpp/ariac_interfaces/msg/detail/tool_changer_status__type_support.cpp.o[0m
[ 51%] [32mBuilding CXX object CMakeFiles/ariac_interfaces__rosidl_typesupport_fastrtps_cpp.dir/rosidl_typesupport_fastrtps_cpp/ariac_interfaces/msg/detail/dds_fastrtps/agv_stations__type_support.cpp.o[0m
[ 51%] [32mBuilding C object CMakeFiles/ariac_interfaces__rosidl_typesupport_introspection_c.dir/rosidl_typesupport_introspection_c/ariac_interfaces/msg/detail/cell_feeder_status__type_support.c.o[0m
[ 51%] [32mBuilding C object CMakeFiles/ariac_interfaces__rosidl_typesupport_introspection_c.dir/rosidl_typesupport_introspection_c/ariac_interfaces/msg/detail/cell_types__type_support.c.o[0m
[ 51%] [32mBuilding CXX object CMakeFiles/ariac_interfaces__rosidl_typesupport_fastrtps_cpp.dir/rosidl_typesupport_fastrtps_cpp/ariac_interfaces/msg/detail/dds_fastrtps/agv_tray_status__type_support.cpp.o[0m
[ 51%] [32mBuilding CXX object CMakeFiles/ariac_interfaces__rosidl_typesupport_fastrtps_cpp.dir/rosidl_typesupport_fastrtps_cpp/ariac_interfaces/msg/detail/dds_fastrtps/agv_status__type_support.cpp.o[0m
[ 52%] [32mBuilding CXX object CMakeFiles/ariac_interfaces__rosidl_typesupport_fastrtps_cpp.dir/rosidl_typesupport_fastrtps_cpp/ariac_interfaces/msg/detail/dds_fastrtps/break_beam_status__type_support.cpp.o[0m
[ 53%] [32mBuilding C object CMakeFiles/ariac_interfaces__rosidl_typesupport_introspection_c.dir/rosidl_typesupport_introspection_c/ariac_interfaces/msg/detail/competition_states__type_support.c.o[0m
[ 53%] [32mBuilding CXX object CMakeFiles/ariac_interfaces__rosidl_typesupport_fastrtps_cpp.dir/rosidl_typesupport_fastrtps_cpp/ariac_interfaces/msg/detail/dds_fastrtps/distance_sensor__type_support.cpp.o[0m
[ 53%] [32mBuilding C object CMakeFiles/ariac_interfaces__rosidl_typesupport_introspection_c.dir/rosidl_typesupport_introspection_c/ariac_interfaces/msg/detail/competition_status__type_support.c.o[0m
[ 54%] [32mBuilding C object CMakeFiles/ariac_interfaces__rosidl_typesupport_introspection_c.dir/rosidl_typesupport_introspection_c/ariac_interfaces/msg/detail/competition_time__type_support.c.o[0m
[ 54%] [32mBuilding CXX object CMakeFiles/ariac_interfaces__rosidl_typesupport_fastrtps_c.dir/rosidl_typesupport_fastrtps_c/ariac_interfaces/action/detail/gripper_command__type_support_c.cpp.o[0m
[ 54%] [32mBuilding CXX object CMakeFiles/ariac_interfaces__rosidl_typesupport_fastrtps_c.dir/rosidl_typesupport_fastrtps_c/ariac_interfaces/action/detail/move_agv__type_support_c.cpp.o[0m
[ 54%] [32mBuilding C object CMakeFiles/ariac_interfaces__rosidl_typesupport_introspection_c.dir/rosidl_typesupport_introspection_c/ariac_interfaces/msg/detail/conveyor_status__type_support.c.o[0m
[ 54%] [32mBuilding C object CMakeFiles/ariac_interfaces__rosidl_typesupport_introspection_c.dir/rosidl_typesupport_introspection_c/ariac_interfaces/msg/detail/high_priority_order__type_support.c.o[0m
[ 55%] [32mBuilding CXX object CMakeFiles/ariac_interfaces__rosidl_typesupport_fastrtps_cpp.dir/rosidl_typesupport_fastrtps_cpp/ariac_interfaces/msg/detail/dds_fastrtps/cell_defect__type_support.cpp.o[0m
[ 56%] [32mBuilding CXX object CMakeFiles/ariac_interfaces__rosidl_typesupport_fastrtps_c.dir/rosidl_typesupport_fastrtps_c/ariac_interfaces/msg/detail/agv_stations__type_support_c.cpp.o[0m
[ 57%] [32mBuilding C object CMakeFiles/ariac_interfaces__rosidl_typesupport_introspection_c.dir/rosidl_typesupport_introspection_c/ariac_interfaces/msg/detail/inspection_report__type_support.c.o[0m
[ 57%] [32mBuilding CXX object CMakeFiles/ariac_interfaces__rosidl_typesupport_fastrtps_cpp.dir/rosidl_typesupport_fastrtps_cpp/ariac_interfaces/msg/detail/dds_fastrtps/cell_feeder_status__type_support.cpp.o[0m
[ 57%] [32mBuilding C object CMakeFiles/ariac_interfaces__rosidl_typesupport_introspection_c.dir/rosidl_typesupport_introspection_c/ariac_interfaces/msg/detail/operation_states__type_support.c.o[0m
[ 58%] [32mBuilding C object CMakeFiles/ariac_interfaces__rosidl_typesupport_introspection_c.dir/rosidl_typesupport_introspection_c/ariac_interfaces/msg/detail/tool_changer_status__type_support.c.o[0m
[ 58%] [32mBuilding CXX object CMakeFiles/ariac_interfaces__rosidl_typesupport_fastrtps_c.dir/rosidl_typesupport_fastrtps_c/ariac_interfaces/msg/detail/agv_status__type_support_c.cpp.o[0m
[ 58%] [32mBuilding C object CMakeFiles/ariac_interfaces__rosidl_typesupport_introspection_c.dir/rosidl_typesupport_introspection_c/ariac_interfaces/msg/detail/vacuum_tools__type_support.c.o[0m
[ 58%] [32mBuilding CXX object CMakeFiles/ariac_interfaces__rosidl_typesupport_fastrtps_cpp.dir/rosidl_typesupport_fastrtps_cpp/ariac_interfaces/msg/detail/dds_fastrtps/cell_types__type_support.cpp.o[0m
[ 59%] [32mBuilding CXX object CMakeFiles/ariac_interfaces__rosidl_typesupport_introspection_cpp.dir/rosidl_typesupport_introspection_cpp/ariac_interfaces/msg/detail/vacuum_tools__type_support.cpp.o[0m
[ 59%] [32mBuilding C object CMakeFiles/ariac_interfaces__rosidl_typesupport_introspection_c.dir/rosidl_typesupport_introspection_c/ariac_interfaces/msg/detail/voltage_reading__type_support.c.o[0m
[ 60%] [32mBuilding C object CMakeFiles/ariac_interfaces__rosidl_typesupport_introspection_c.dir/rosidl_typesupport_introspection_c/ariac_interfaces/srv/detail/attach_tool__type_support.c.o[0m
[ 60%] [32mBuilding C object CMakeFiles/ariac_interfaces__rosidl_typesupport_introspection_c.dir/rosidl_typesupport_introspection_c/ariac_interfaces/srv/detail/bidirectional_conveyor_control__type_support.c.o[0m
[ 61%] [32mBuilding CXX object CMakeFiles/ariac_interfaces__rosidl_typesupport_fastrtps_cpp.dir/rosidl_typesupport_fastrtps_cpp/ariac_interfaces/msg/detail/dds_fastrtps/competition_states__type_support.cpp.o[0m
[ 61%] [32mBuilding C object CMakeFiles/ariac_interfaces__rosidl_typesupport_introspection_c.dir/rosidl_typesupport_introspection_c/ariac_interfaces/srv/detail/check_kit_quality__type_support.c.o[0m
[ 61%] [32mBuilding CXX object CMakeFiles/ariac_interfaces__rosidl_typesupport_introspection_cpp.dir/rosidl_typesupport_introspection_cpp/ariac_interfaces/msg/detail/voltage_reading__type_support.cpp.o[0m
[ 62%] [32mBuilding C object CMakeFiles/ariac_interfaces__rosidl_typesupport_introspection_c.dir/rosidl_typesupport_introspection_c/ariac_interfaces/srv/detail/control_cell_feeder__type_support.c.o[0m
[ 62%] [32mBuilding CXX object CMakeFiles/ariac_interfaces__rosidl_typesupport_fastrtps_cpp.dir/rosidl_typesupport_fastrtps_cpp/ariac_interfaces/msg/detail/dds_fastrtps/competition_status__type_support.cpp.o[0m
[ 62%] [32mBuilding CXX object CMakeFiles/ariac_interfaces__rosidl_typesupport_fastrtps_c.dir/rosidl_typesupport_fastrtps_c/ariac_interfaces/msg/detail/agv_tray_status__type_support_c.cpp.o[0m
[ 62%] [32mBuilding C object CMakeFiles/ariac_interfaces__rosidl_typesupport_introspection_c.dir/rosidl_typesupport_introspection_c/ariac_interfaces/srv/detail/conveyor_control__type_support.c.o[0m
[ 63%] [32mBuilding CXX object CMakeFiles/ariac_interfaces__rosidl_typesupport_introspection_cpp.dir/rosidl_typesupport_introspection_cpp/ariac_interfaces/srv/detail/attach_tool__type_support.cpp.o[0m
[ 64%] [32mBuilding CXX object CMakeFiles/ariac_interfaces__rosidl_typesupport_fastrtps_c.dir/rosidl_typesupport_fastrtps_c/ariac_interfaces/msg/detail/break_beam_status__type_support_c.cpp.o[0m
[ 65%] [32mBuilding C object CMakeFiles/ariac_interfaces__rosidl_typesupport_introspection_c.dir/rosidl_typesupport_introspection_c/ariac_interfaces/srv/detail/end_competition__type_support.c.o[0m
[ 65%] [32mBuilding CXX object CMakeFiles/ariac_interfaces__rosidl_typesupport_fastrtps_cpp.dir/rosidl_typesupport_fastrtps_cpp/ariac_interfaces/msg/detail/dds_fastrtps/competition_time__type_support.cpp.o[0m
[ 65%] [32mBuilding C object CMakeFiles/ariac_interfaces__rosidl_typesupport_introspection_c.dir/rosidl_typesupport_introspection_c/ariac_interfaces/srv/detail/submit_high_priority_order__type_support.c.o[0m
[ 65%] [32mBuilding CXX object CMakeFiles/ariac_interfaces__rosidl_typesupport_fastrtps_c.dir/rosidl_typesupport_fastrtps_c/ariac_interfaces/msg/detail/distance_sensor__type_support_c.cpp.o[0m
[ 66%] [32mBuilding CXX object CMakeFiles/ariac_interfaces__rosidl_typesupport_introspection_cpp.dir/rosidl_typesupport_introspection_cpp/ariac_interfaces/srv/detail/bidirectional_conveyor_control__type_support.cpp.o[0m
[ 66%] [32mBuilding CXX object CMakeFiles/ariac_interfaces__rosidl_typesupport_fastrtps_c.dir/rosidl_typesupport_fastrtps_c/ariac_interfaces/msg/detail/cell_defect__type_support_c.cpp.o[0m
[ 66%] [32mBuilding C object CMakeFiles/ariac_interfaces__rosidl_typesupport_introspection_c.dir/rosidl_typesupport_introspection_c/ariac_interfaces/srv/detail/submit_inspection_report__type_support.c.o[0m
[ 67%] [32mBuilding C object CMakeFiles/ariac_interfaces__rosidl_typesupport_introspection_c.dir/rosidl_typesupport_introspection_c/ariac_interfaces/srv/detail/trigger__type_support.c.o[0m
[ 68%] [32mBuilding CXX object CMakeFiles/ariac_interfaces__rosidl_typesupport_fastrtps_cpp.dir/rosidl_typesupport_fastrtps_cpp/ariac_interfaces/msg/detail/dds_fastrtps/conveyor_status__type_support.cpp.o[0m
[ 68%] [32mBuilding CXX object CMakeFiles/ariac_interfaces__rosidl_typesupport_fastrtps_c.dir/rosidl_typesupport_fastrtps_c/ariac_interfaces/msg/detail/cell_feeder_status__type_support_c.cpp.o[0m
[ 68%] [32mBuilding CXX object CMakeFiles/ariac_interfaces__rosidl_typesupport_introspection_cpp.dir/rosidl_typesupport_introspection_cpp/ariac_interfaces/srv/detail/check_kit_quality__type_support.cpp.o[0m
[ 68%] [32mBuilding CXX object CMakeFiles/ariac_interfaces__rosidl_typesupport_fastrtps_cpp.dir/rosidl_typesupport_fastrtps_cpp/ariac_interfaces/msg/detail/dds_fastrtps/high_priority_order__type_support.cpp.o[0m
[ 68%] [32m[1mLinking C shared library libariac_interfaces__rosidl_typesupport_introspection_c.so[0m
[ 68%] Built target ariac_interfaces__rosidl_typesupport_introspection_c
[ 68%] [32mBuilding CXX object CMakeFiles/ariac_interfaces__rosidl_typesupport_fastrtps_c.dir/rosidl_typesupport_fastrtps_c/ariac_interfaces/msg/detail/cell_types__type_support_c.cpp.o[0m
[ 69%] [32mBuilding CXX object CMakeFiles/ariac_interfaces__rosidl_typesupport_fastrtps_c.dir/rosidl_typesupport_fastrtps_c/ariac_interfaces/msg/detail/competition_states__type_support_c.cpp.o[0m
[ 69%] [32mBuilding CXX object CMakeFiles/ariac_interfaces__rosidl_typesupport_fastrtps_c.dir/rosidl_typesupport_fastrtps_c/ariac_interfaces/msg/detail/competition_status__type_support_c.cpp.o[0m
[ 70%] [32mBuilding CXX object CMakeFiles/ariac_interfaces__rosidl_typesupport_fastrtps_cpp.dir/rosidl_typesupport_fastrtps_cpp/ariac_interfaces/msg/detail/dds_fastrtps/inspection_report__type_support.cpp.o[0m
[ 70%] [32mBuilding CXX object CMakeFiles/ariac_interfaces__rosidl_typesupport_fastrtps_cpp.dir/rosidl_typesupport_fastrtps_cpp/ariac_interfaces/msg/detail/dds_fastrtps/operation_states__type_support.cpp.o[0m
[ 71%] [32mBuilding CXX object CMakeFiles/ariac_interfaces__rosidl_typesupport_fastrtps_c.dir/rosidl_typesupport_fastrtps_c/ariac_interfaces/msg/detail/competition_time__type_support_c.cpp.o[0m
[ 71%] [32mBuilding CXX object CMakeFiles/ariac_interfaces__rosidl_typesupport_fastrtps_cpp.dir/rosidl_typesupport_fastrtps_cpp/ariac_interfaces/msg/detail/dds_fastrtps/tool_changer_status__type_support.cpp.o[0m
[ 72%] [32mBuilding CXX object CMakeFiles/ariac_interfaces__rosidl_typesupport_introspection_cpp.dir/rosidl_typesupport_introspection_cpp/ariac_interfaces/srv/detail/control_cell_feeder__type_support.cpp.o[0m
[ 72%] [32mBuilding CXX object CMakeFiles/ariac_interfaces__rosidl_typesupport_fastrtps_c.dir/rosidl_typesupport_fastrtps_c/ariac_interfaces/msg/detail/conveyor_status__type_support_c.cpp.o[0m
[ 73%] [32mBuilding CXX object CMakeFiles/ariac_interfaces__rosidl_typesupport_introspection_cpp.dir/rosidl_typesupport_introspection_cpp/ariac_interfaces/srv/detail/end_competition__type_support.cpp.o[0m
[ 73%] [32mBuilding CXX object CMakeFiles/ariac_interfaces__rosidl_typesupport_introspection_cpp.dir/rosidl_typesupport_introspection_cpp/ariac_interfaces/srv/detail/conveyor_control__type_support.cpp.o[0m
[ 73%] [32mBuilding CXX object CMakeFiles/ariac_interfaces__rosidl_typesupport_fastrtps_c.dir/rosidl_typesupport_fastrtps_c/ariac_interfaces/msg/detail/high_priority_order__type_support_c.cpp.o[0m
[ 74%] [32mBuilding CXX object CMakeFiles/ariac_interfaces__rosidl_typesupport_fastrtps_cpp.dir/rosidl_typesupport_fastrtps_cpp/ariac_interfaces/msg/detail/dds_fastrtps/vacuum_tools__type_support.cpp.o[0m
[ 74%] [32mBuilding CXX object CMakeFiles/ariac_interfaces__rosidl_typesupport_fastrtps_cpp.dir/rosidl_typesupport_fastrtps_cpp/ariac_interfaces/msg/detail/dds_fastrtps/voltage_reading__type_support.cpp.o[0m
[ 74%] [32mBuilding CXX object CMakeFiles/ariac_interfaces__rosidl_typesupport_introspection_cpp.dir/rosidl_typesupport_introspection_cpp/ariac_interfaces/srv/detail/submit_high_priority_order__type_support.cpp.o[0m
[ 74%] [32mBuilding CXX object CMakeFiles/ariac_interfaces__rosidl_typesupport_introspection_cpp.dir/rosidl_typesupport_introspection_cpp/ariac_interfaces/srv/detail/submit_inspection_report__type_support.cpp.o[0m
[ 75%] [32mBuilding CXX object CMakeFiles/ariac_interfaces__rosidl_typesupport_fastrtps_c.dir/rosidl_typesupport_fastrtps_c/ariac_interfaces/msg/detail/inspection_report__type_support_c.cpp.o[0m
[ 76%] [32mBuilding CXX object CMakeFiles/ariac_interfaces__rosidl_typesupport_introspection_cpp.dir/rosidl_typesupport_introspection_cpp/ariac_interfaces/srv/detail/trigger__type_support.cpp.o[0m
[ 76%] [32mBuilding CXX object CMakeFiles/ariac_interfaces__rosidl_typesupport_fastrtps_c.dir/rosidl_typesupport_fastrtps_c/ariac_interfaces/msg/detail/operation_states__type_support_c.cpp.o[0m
[ 77%] [32mBuilding CXX object CMakeFiles/ariac_interfaces__rosidl_typesupport_fastrtps_cpp.dir/rosidl_typesupport_fastrtps_cpp/ariac_interfaces/srv/detail/dds_fastrtps/attach_tool__type_support.cpp.o[0m
[ 77%] [32mBuilding CXX object CMakeFiles/ariac_interfaces__rosidl_typesupport_fastrtps_cpp.dir/rosidl_typesupport_fastrtps_cpp/ariac_interfaces/srv/detail/dds_fastrtps/bidirectional_conveyor_control__type_support.cpp.o[0m
[ 77%] [32mBuilding CXX object CMakeFiles/ariac_interfaces__rosidl_typesupport_fastrtps_cpp.dir/rosidl_typesupport_fastrtps_cpp/ariac_interfaces/srv/detail/dds_fastrtps/check_kit_quality__type_support.cpp.o[0m
[ 78%] [32mBuilding CXX object CMakeFiles/ariac_interfaces__rosidl_typesupport_fastrtps_cpp.dir/rosidl_typesupport_fastrtps_cpp/ariac_interfaces/srv/detail/dds_fastrtps/control_cell_feeder__type_support.cpp.o[0m
[ 78%] [32mBuilding CXX object CMakeFiles/ariac_interfaces__rosidl_typesupport_fastrtps_cpp.dir/rosidl_typesupport_fastrtps_cpp/ariac_interfaces/srv/detail/dds_fastrtps/conveyor_control__type_support.cpp.o[0m
[ 79%] [32mBuilding CXX object CMakeFiles/ariac_interfaces__rosidl_typesupport_fastrtps_cpp.dir/rosidl_typesupport_fastrtps_cpp/ariac_interfaces/srv/detail/dds_fastrtps/end_competition__type_support.cpp.o[0m
[ 80%] [32mBuilding CXX object CMakeFiles/ariac_interfaces__rosidl_typesupport_fastrtps_c.dir/rosidl_typesupport_fastrtps_c/ariac_interfaces/msg/detail/tool_changer_status__type_support_c.cpp.o[0m
[ 80%] [32mBuilding CXX object CMakeFiles/ariac_interfaces__rosidl_typesupport_fastrtps_c.dir/rosidl_typesupport_fastrtps_c/ariac_interfaces/msg/detail/vacuum_tools__type_support_c.cpp.o[0m
[ 80%] [32mBuilding CXX object CMakeFiles/ariac_interfaces__rosidl_typesupport_fastrtps_cpp.dir/rosidl_typesupport_fastrtps_cpp/ariac_interfaces/srv/detail/dds_fastrtps/submit_high_priority_order__type_support.cpp.o[0m
[ 80%] [32mBuilding CXX object CMakeFiles/ariac_interfaces__rosidl_typesupport_fastrtps_cpp.dir/rosidl_typesupport_fastrtps_cpp/ariac_interfaces/srv/detail/dds_fastrtps/submit_inspection_report__type_support.cpp.o[0m
[ 80%] [32mBuilding CXX object CMakeFiles/ariac_interfaces__rosidl_typesupport_fastrtps_c.dir/rosidl_typesupport_fastrtps_c/ariac_interfaces/msg/detail/voltage_reading__type_support_c.cpp.o[0m
[ 81%] [32mBuilding CXX object CMakeFiles/ariac_interfaces__rosidl_typesupport_fastrtps_c.dir/rosidl_typesupport_fastrtps_c/ariac_interfaces/srv/detail/attach_tool__type_support_c.cpp.o[0m
[ 81%] [32m[1mLinking CXX shared library libariac_interfaces__rosidl_typesupport_introspection_cpp.so[0m
[ 81%] [32mBuilding CXX object CMakeFiles/ariac_interfaces__rosidl_typesupport_fastrtps_c.dir/rosidl_typesupport_fastrtps_c/ariac_interfaces/srv/detail/bidirectional_conveyor_control__type_support_c.cpp.o[0m
[ 81%] [32mBuilding CXX object CMakeFiles/ariac_interfaces__rosidl_typesupport_fastrtps_c.dir/rosidl_typesupport_fastrtps_c/ariac_interfaces/srv/detail/check_kit_quality__type_support_c.cpp.o[0m
[ 82%] [32mBuilding CXX object CMakeFiles/ariac_interfaces__rosidl_typesupport_fastrtps_cpp.dir/rosidl_typesupport_fastrtps_cpp/ariac_interfaces/srv/detail/dds_fastrtps/trigger__type_support.cpp.o[0m
[ 82%] Built target ariac_interfaces__rosidl_typesupport_introspection_cpp
[ 83%] [32mBuilding CXX object CMakeFiles/ariac_interfaces__rosidl_typesupport_fastrtps_c.dir/rosidl_typesupport_fastrtps_c/ariac_interfaces/srv/detail/control_cell_feeder__type_support_c.cpp.o[0m
[ 83%] [32mBuilding CXX object CMakeFiles/ariac_interfaces__rosidl_typesupport_fastrtps_c.dir/rosidl_typesupport_fastrtps_c/ariac_interfaces/srv/detail/conveyor_control__type_support_c.cpp.o[0m
[ 84%] [32mBuilding CXX object CMakeFiles/ariac_interfaces__rosidl_typesupport_fastrtps_c.dir/rosidl_typesupport_fastrtps_c/ariac_interfaces/srv/detail/end_competition__type_support_c.cpp.o[0m
[ 84%] [32mBuilding CXX object CMakeFiles/ariac_interfaces__rosidl_typesupport_fastrtps_c.dir/rosidl_typesupport_fastrtps_c/ariac_interfaces/srv/detail/submit_high_priority_order__type_support_c.cpp.o[0m
[ 84%] [32mBuilding CXX object CMakeFiles/ariac_interfaces__rosidl_typesupport_fastrtps_c.dir/rosidl_typesupport_fastrtps_c/ariac_interfaces/srv/detail/submit_inspection_report__type_support_c.cpp.o[0m
[ 85%] [32mBuilding CXX object CMakeFiles/ariac_interfaces__rosidl_typesupport_fastrtps_c.dir/rosidl_typesupport_fastrtps_c/ariac_interfaces/srv/detail/trigger__type_support_c.cpp.o[0m
[ 85%] [32m[1mLinking CXX shared library libariac_interfaces__rosidl_typesupport_fastrtps_cpp.so[0m
[ 85%] [32m[1mLinking CXX shared library libariac_interfaces__rosidl_typesupport_fastrtps_c.so[0m
[ 85%] Built target ariac_interfaces__rosidl_typesupport_fastrtps_cpp
[ 85%] Built target ariac_interfaces__rosidl_typesupport_fastrtps_c
[ 85%] Built target ariac_interfaces
[ 85%] [34m[1mGenerating Python code for ROS interfaces[0m
[ 85%] Built target ariac_interfaces__py
[ 86%] [32mBuilding C object CMakeFiles/ariac_interfaces__rosidl_generator_py.dir/rosidl_generator_py/ariac_interfaces/action/_move_agv_s.c.o[0m
[ 86%] [32mBuilding C object CMakeFiles/ariac_interfaces__rosidl_generator_py.dir/rosidl_generator_py/ariac_interfaces/action/_gripper_command_s.c.o[0m
[ 86%] [32mBuilding C object CMakeFiles/ariac_interfaces__rosidl_generator_py.dir/rosidl_generator_py/ariac_interfaces/msg/_agv_status_s.c.o[0m
[ 88%] [32mBuilding C object CMakeFiles/ariac_interfaces__rosidl_generator_py.dir/rosidl_generator_py/ariac_interfaces/msg/_break_beam_status_s.c.o[0m
[ 88%] [32mBuilding C object CMakeFiles/ariac_interfaces__rosidl_generator_py.dir/rosidl_generator_py/ariac_interfaces/msg/_agv_stations_s.c.o[0m
[ 88%] [32mBuilding C object CMakeFiles/ariac_interfaces__rosidl_generator_py.dir/rosidl_generator_py/ariac_interfaces/msg/_distance_sensor_s.c.o[0m
[ 88%] [32mBuilding C object CMakeFiles/ariac_interfaces__rosidl_generator_py.dir/rosidl_generator_py/ariac_interfaces/msg/_cell_types_s.c.o[0m
[ 88%] [32mBuilding C object CMakeFiles/ariac_interfaces__rosidl_generator_py.dir/rosidl_generator_py/ariac_interfaces/msg/_competition_status_s.c.o[0m
[ 89%] [32mBuilding C object CMakeFiles/ariac_interfaces__rosidl_generator_py.dir/rosidl_generator_py/ariac_interfaces/msg/_competition_states_s.c.o[0m
[ 89%] [32mBuilding C object CMakeFiles/ariac_interfaces__rosidl_generator_py.dir/rosidl_generator_py/ariac_interfaces/msg/_competition_time_s.c.o[0m
[ 90%] [32mBuilding C object CMakeFiles/ariac_interfaces__rosidl_generator_py.dir/rosidl_generator_py/ariac_interfaces/msg/_conveyor_status_s.c.o[0m
[ 90%] [32mBuilding C object CMakeFiles/ariac_interfaces__rosidl_generator_py.dir/rosidl_generator_py/ariac_interfaces/msg/_high_priority_order_s.c.o[0m
[ 91%] [32mBuilding C object CMakeFiles/ariac_interfaces__rosidl_generator_py.dir/rosidl_generator_py/ariac_interfaces/msg/_cell_defect_s.c.o[0m
[ 91%] [32mBuilding C object CMakeFiles/ariac_interfaces__rosidl_generator_py.dir/rosidl_generator_py/ariac_interfaces/msg/_cell_feeder_status_s.c.o[0m
[ 91%] [32mBuilding C object CMakeFiles/ariac_interfaces__rosidl_generator_py.dir/rosidl_generator_py/ariac_interfaces/msg/_agv_tray_status_s.c.o[0m
[ 92%] [32mBuilding C object CMakeFiles/ariac_interfaces__rosidl_generator_py.dir/rosidl_generator_py/ariac_interfaces/msg/_inspection_report_s.c.o[0m
[ 92%] [32mBuilding C object CMakeFiles/ariac_interfaces__rosidl_generator_py.dir/rosidl_generator_py/ariac_interfaces/msg/_operation_states_s.c.o[0m
[ 92%] [32mBuilding C object CMakeFiles/ariac_interfaces__rosidl_generator_py.dir/rosidl_generator_py/ariac_interfaces/msg/_tool_changer_status_s.c.o[0m
[ 93%] [32mBuilding C object CMakeFiles/ariac_interfaces__rosidl_generator_py.dir/rosidl_generator_py/ariac_interfaces/msg/_vacuum_tools_s.c.o[0m
[ 94%] [32mBuilding C object CMakeFiles/ariac_interfaces__rosidl_generator_py.dir/rosidl_generator_py/ariac_interfaces/msg/_voltage_reading_s.c.o[0m
[ 94%] [32mBuilding C object CMakeFiles/ariac_interfaces__rosidl_generator_py.dir/rosidl_generator_py/ariac_interfaces/srv/_attach_tool_s.c.o[0m
[ 94%] [32mBuilding C object CMakeFiles/ariac_interfaces__rosidl_generator_py.dir/rosidl_generator_py/ariac_interfaces/srv/_bidirectional_conveyor_control_s.c.o[0m
[ 94%] [32mBuilding C object CMakeFiles/ariac_interfaces__rosidl_generator_py.dir/rosidl_generator_py/ariac_interfaces/srv/_check_kit_quality_s.c.o[0m
[ 95%] [32mBuilding C object CMakeFiles/ariac_interfaces__rosidl_generator_py.dir/rosidl_generator_py/ariac_interfaces/srv/_control_cell_feeder_s.c.o[0m
[ 95%] [32mBuilding C object CMakeFiles/ariac_interfaces__rosidl_generator_py.dir/rosidl_generator_py/ariac_interfaces/srv/_conveyor_control_s.c.o[0m
[ 96%] [32mBuilding C object CMakeFiles/ariac_interfaces__rosidl_generator_py.dir/rosidl_generator_py/ariac_interfaces/srv/_end_competition_s.c.o[0m
[ 96%] [32mBuilding C object CMakeFiles/ariac_interfaces__rosidl_generator_py.dir/rosidl_generator_py/ariac_interfaces/srv/_submit_high_priority_order_s.c.o[0m
[ 96%] [32mBuilding C object CMakeFiles/ariac_interfaces__rosidl_generator_py.dir/rosidl_generator_py/ariac_interfaces/srv/_submit_inspection_report_s.c.o[0m
[ 97%] [32mBuilding C object CMakeFiles/ariac_interfaces__rosidl_generator_py.dir/rosidl_generator_py/ariac_interfaces/srv/_trigger_s.c.o[0m
[ 97%] [32m[1mLinking C shared library rosidl_generator_py/ariac_interfaces/libariac_interfaces__rosidl_generator_py.so[0m
[ 97%] Built target ariac_interfaces__rosidl_generator_py
[100%] [32mBuilding C object CMakeFiles/ariac_interfaces__rosidl_typesupport_fastrtps_c__pyext.dir/rosidl_generator_py/ariac_interfaces/_ariac_interfaces_s.ep.rosidl_typesupport_fastrtps_c.c.o[0m
[100%] [32mBuilding C object CMakeFiles/ariac_interfaces__rosidl_typesupport_introspection_c__pyext.dir/rosidl_generator_py/ariac_interfaces/_ariac_interfaces_s.ep.rosidl_typesupport_introspection_c.c.o[0m
[100%] [32mBuilding C object CMakeFiles/ariac_interfaces__rosidl_typesupport_c__pyext.dir/rosidl_generator_py/ariac_interfaces/_ariac_interfaces_s.ep.rosidl_typesupport_c.c.o[0m
[100%] [32m[1mLinking C shared library rosidl_generator_py/ariac_interfaces/ariac_interfaces_s__rosidl_typesupport_introspection_c.cpython-310-x86_64-linux-gnu.so[0m
[100%] [32m[1mLinking C shared library rosidl_generator_py/ariac_interfaces/ariac_interfaces_s__rosidl_typesupport_fastrtps_c.cpython-310-x86_64-linux-gnu.so[0m
[100%] Built target ariac_interfaces__rosidl_typesupport_introspection_c__pyext
[100%] [32m[1mLinking C shared library rosidl_generator_py/ariac_interfaces/ariac_interfaces_s__rosidl_typesupport_c.cpython-310-x86_64-linux-gnu.so[0m
[100%] Built target ariac_interfaces__rosidl_typesupport_fastrtps_c__pyext
[100%] Built target ariac_interfaces__rosidl_typesupport_c__pyext
