[0.050s] Invoking command in '/home/user/dobot_ws/build/ariac_interfaces': CMAKE_PREFIX_PATH=${CMAKE_PREFIX_PATH}:/home/user/dobot_ws/install/servo_action:/home/user/dobot_ws/install/dobot_moveit:/home/user/dobot_ws/install/dobot_demo:/opt/ros/humble /usr/bin/cmake /home/user/dobot_ws/src/ARIAC/ariac_interfaces -DCMAKE_INSTALL_PREFIX=/home/user/dobot_ws/install/ariac_interfaces
[1.100s] -- The C compiler identification is GNU 12.3.0
[1.100s] -- The CXX compiler identification is GNU 12.3.0
[1.101s] -- Detecting C compiler ABI info
[1.101s] -- Detecting C compiler ABI info - done
[1.101s] -- Check for working C compiler: /usr/bin/cc - skipped
[1.102s] -- Detecting C compile features
[1.103s] -- Detecting C compile features - done
[1.103s] -- Detecting CXX compiler ABI info
[1.103s] -- Detecting CXX compiler ABI info - done
[1.103s] -- Check for working CXX compiler: /usr/bin/c++ - skipped
[1.103s] -- Detecting CXX compile features
[1.104s] -- Detecting CXX compile features - done
[1.105s] -- Found ament_cmake: 1.3.14 (/opt/ros/humble/share/ament_cmake/cmake)
[1.106s] -- Found Python3: /usr/bin/python3 (found version "3.10.12") found components: Interpreter 
[1.106s] -- Found builtin_interfaces: 1.2.2 (/opt/ros/humble/share/builtin_interfaces/cmake)
[1.106s] -- Found rosidl_generator_c: 3.1.8 (/opt/ros/humble/share/rosidl_generator_c/cmake)
[1.106s] -- Found rosidl_adapter: 3.1.8 (/opt/ros/humble/share/rosidl_adapter/cmake)
[1.106s] -- Found rosidl_generator_cpp: 3.1.8 (/opt/ros/humble/share/rosidl_generator_cpp/cmake)
[1.107s] -- Using all available rosidl_typesupport_c: rosidl_typesupport_fastrtps_c;rosidl_typesupport_introspection_c
[1.107s] -- Using all available rosidl_typesupport_cpp: rosidl_typesupport_fastrtps_cpp;rosidl_typesupport_introspection_cpp
[1.107s] -- Found rosidl_default_generators: 1.2.1 (/opt/ros/humble/share/rosidl_default_generators/cmake)
[1.107s] -- Found geometry_msgs: 4.9.1 (/opt/ros/humble/share/geometry_msgs/cmake)
[1.107s] -- Found ament_cmake_cppcheck: 0.12.15 (/opt/ros/humble/share/ament_cmake_cppcheck/cmake)
[1.107s] -- Found ament_cmake_cpplint: 0.12.15 (/opt/ros/humble/share/ament_cmake_cpplint/cmake)
[1.107s] -- Found ament_cmake_uncrustify: 0.12.15 (/opt/ros/humble/share/ament_cmake_uncrustify/cmake)
[1.107s] -- Found ament_cmake_ros: 0.10.0 (/opt/ros/humble/share/ament_cmake_ros/cmake)
[1.778s] -- Using all available rosidl_typesupport_c: rosidl_typesupport_fastrtps_c;rosidl_typesupport_introspection_c
[1.790s] -- Using all available rosidl_typesupport_cpp: rosidl_typesupport_fastrtps_cpp;rosidl_typesupport_introspection_cpp
[1.790s] -- Found PythonInterp: /usr/bin/python3 (found suitable version "3.10.12", minimum required is "3.6") 
[1.790s] -- Found python_cmake_module: 0.10.0 (/opt/ros/humble/share/python_cmake_module/cmake)
[1.791s] -- Found PythonLibs: /usr/lib/x86_64-linux-gnu/libpython3.10.so (found suitable version "3.10.12", minimum required is "3.5") 
[1.791s] -- Using PYTHON_EXECUTABLE: /usr/bin/python3
[1.792s] -- Using PYTHON_INCLUDE_DIRS: /usr/include/python3.10
[1.792s] -- Using PYTHON_LIBRARIES: /usr/lib/x86_64-linux-gnu/libpython3.10.so
[1.799s] -- Found PythonExtra: .so  
[1.865s] -- Found ament_cmake_flake8: 0.12.15 (/opt/ros/humble/share/ament_cmake_flake8/cmake)
[1.867s] -- Found ament_cmake_pep257: 0.12.15 (/opt/ros/humble/share/ament_cmake_pep257/cmake)
[1.942s] -- Configuring done
[2.027s] -- Generating done
[2.042s] -- Build files have been written to: /home/user/dobot_ws/build/ariac_interfaces
[2.050s] Invoked command in '/home/user/dobot_ws/build/ariac_interfaces' returned '0': CMAKE_PREFIX_PATH=${CMAKE_PREFIX_PATH}:/home/user/dobot_ws/install/servo_action:/home/user/dobot_ws/install/dobot_moveit:/home/user/dobot_ws/install/dobot_demo:/opt/ros/humble /usr/bin/cmake /home/user/dobot_ws/src/ARIAC/ariac_interfaces -DCMAKE_INSTALL_PREFIX=/home/user/dobot_ws/install/ariac_interfaces
[2.051s] Invoking command in '/home/user/dobot_ws/build/ariac_interfaces': CMAKE_PREFIX_PATH=${CMAKE_PREFIX_PATH}:/home/user/dobot_ws/install/servo_action:/home/user/dobot_ws/install/dobot_moveit:/home/user/dobot_ws/install/dobot_demo:/opt/ros/humble /usr/bin/cmake --build /home/user/dobot_ws/build/ariac_interfaces -- -j16 -l16
[2.102s] [  1%] [34m[1mGenerating C code for ROS interfaces[0m
[2.111s] [  2%] [34m[1mGenerating Rust code for ROS interfaces[0m
[2.115s] [  2%] [34m[1mGenerating C++ code for ROS interfaces[0m
[2.120s] [  2%] Built target ament_cmake_python_copy_ariac_interfaces
[2.322s] running egg_info
[2.323s] creating ariac_interfaces.egg-info
[2.323s] writing ariac_interfaces.egg-info/PKG-INFO
[2.323s] writing dependency_links to ariac_interfaces.egg-info/dependency_links.txt
[2.324s] writing top-level names to ariac_interfaces.egg-info/top_level.txt
[2.324s] writing manifest file 'ariac_interfaces.egg-info/SOURCES.txt'
[2.326s] reading manifest file 'ariac_interfaces.egg-info/SOURCES.txt'
[2.326s] writing manifest file 'ariac_interfaces.egg-info/SOURCES.txt'
[2.350s] [  2%] Built target ament_cmake_python_build_ariac_interfaces_egg
[3.109s] [  2%] Built target ariac_interfaces__rs
[4.342s] [  2%] Built target ariac_interfaces__cpp
[4.359s] [  2%] [34m[1mGenerating C++ type support dispatch for ROS interfaces[0m
[4.359s] [  2%] [34m[1mGenerating C++ introspection for ROS interfaces[0m
[4.359s] [  2%] [34m[1mGenerating C++ type support for eProsima Fast-RTPS[0m
[4.499s] [  3%] [32mBuilding C object CMakeFiles/ariac_interfaces__rosidl_generator_c.dir/rosidl_generator_c/ariac_interfaces/msg/detail/agv_stations__functions.c.o[0m
[4.502s] [  3%] [32mBuilding C object CMakeFiles/ariac_interfaces__rosidl_generator_c.dir/rosidl_generator_c/ariac_interfaces/action/detail/move_agv__functions.c.o[0m
[4.502s] [  3%] [32mBuilding C object CMakeFiles/ariac_interfaces__rosidl_generator_c.dir/rosidl_generator_c/ariac_interfaces/msg/detail/distance_sensor__functions.c.o[0m
[4.502s] [  3%] [32mBuilding C object CMakeFiles/ariac_interfaces__rosidl_generator_c.dir/rosidl_generator_c/ariac_interfaces/action/detail/gripper_command__functions.c.o[0m
[4.502s] [  4%] [32mBuilding C object CMakeFiles/ariac_interfaces__rosidl_generator_c.dir/rosidl_generator_c/ariac_interfaces/msg/detail/break_beam_status__functions.c.o[0m
[4.502s] [  5%] [32mBuilding C object CMakeFiles/ariac_interfaces__rosidl_generator_c.dir/rosidl_generator_c/ariac_interfaces/msg/detail/agv_tray_status__functions.c.o[0m
[4.502s] [  5%] [32mBuilding C object CMakeFiles/ariac_interfaces__rosidl_generator_c.dir/rosidl_generator_c/ariac_interfaces/msg/detail/cell_defect__functions.c.o[0m
[4.502s] [  6%] [32mBuilding C object CMakeFiles/ariac_interfaces__rosidl_generator_c.dir/rosidl_generator_c/ariac_interfaces/msg/detail/cell_types__functions.c.o[0m
[4.503s] [  6%] [32mBuilding C object CMakeFiles/ariac_interfaces__rosidl_generator_c.dir/rosidl_generator_c/ariac_interfaces/msg/detail/competition_status__functions.c.o[0m
[4.503s] [  7%] [32mBuilding C object CMakeFiles/ariac_interfaces__rosidl_generator_c.dir/rosidl_generator_c/ariac_interfaces/msg/detail/competition_time__functions.c.o[0m
[4.503s] [  7%] [32mBuilding C object CMakeFiles/ariac_interfaces__rosidl_generator_c.dir/rosidl_generator_c/ariac_interfaces/msg/detail/agv_status__functions.c.o[0m
[4.503s] [  7%] [32mBuilding C object CMakeFiles/ariac_interfaces__rosidl_generator_c.dir/rosidl_generator_c/ariac_interfaces/msg/detail/competition_states__functions.c.o[0m
[4.504s] [  7%] [32mBuilding C object CMakeFiles/ariac_interfaces__rosidl_generator_c.dir/rosidl_generator_c/ariac_interfaces/msg/detail/cell_feeder_status__functions.c.o[0m
[4.572s] [  7%] [32mBuilding C object CMakeFiles/ariac_interfaces__rosidl_generator_c.dir/rosidl_generator_c/ariac_interfaces/msg/detail/conveyor_status__functions.c.o[0m
[4.576s] [  8%] [32mBuilding C object CMakeFiles/ariac_interfaces__rosidl_generator_c.dir/rosidl_generator_c/ariac_interfaces/msg/detail/high_priority_order__functions.c.o[0m
[4.576s] [  8%] [32mBuilding C object CMakeFiles/ariac_interfaces__rosidl_generator_c.dir/rosidl_generator_c/ariac_interfaces/msg/detail/inspection_report__functions.c.o[0m
[4.583s] [  8%] [32mBuilding C object CMakeFiles/ariac_interfaces__rosidl_generator_c.dir/rosidl_generator_c/ariac_interfaces/msg/detail/vacuum_tools__functions.c.o[0m
[4.583s] [  9%] [32mBuilding C object CMakeFiles/ariac_interfaces__rosidl_generator_c.dir/rosidl_generator_c/ariac_interfaces/msg/detail/tool_changer_status__functions.c.o[0m
[4.583s] [  9%] [32mBuilding C object CMakeFiles/ariac_interfaces__rosidl_generator_c.dir/rosidl_generator_c/ariac_interfaces/msg/detail/operation_states__functions.c.o[0m
[4.589s] [ 10%] [32mBuilding C object CMakeFiles/ariac_interfaces__rosidl_generator_c.dir/rosidl_generator_c/ariac_interfaces/srv/detail/attach_tool__functions.c.o[0m
[4.594s] [ 10%] [32mBuilding C object CMakeFiles/ariac_interfaces__rosidl_generator_c.dir/rosidl_generator_c/ariac_interfaces/msg/detail/voltage_reading__functions.c.o[0m
[4.605s] [ 10%] [32mBuilding C object CMakeFiles/ariac_interfaces__rosidl_generator_c.dir/rosidl_generator_c/ariac_interfaces/srv/detail/bidirectional_conveyor_control__functions.c.o[0m
[4.610s] [ 11%] [32mBuilding C object CMakeFiles/ariac_interfaces__rosidl_generator_c.dir/rosidl_generator_c/ariac_interfaces/srv/detail/check_kit_quality__functions.c.o[0m
[4.610s] [ 11%] [32mBuilding C object CMakeFiles/ariac_interfaces__rosidl_generator_c.dir/rosidl_generator_c/ariac_interfaces/srv/detail/control_cell_feeder__functions.c.o[0m
[4.655s] [ 12%] [32mBuilding C object CMakeFiles/ariac_interfaces__rosidl_generator_c.dir/rosidl_generator_c/ariac_interfaces/srv/detail/end_competition__functions.c.o[0m
[4.655s] [ 12%] [32mBuilding C object CMakeFiles/ariac_interfaces__rosidl_generator_c.dir/rosidl_generator_c/ariac_interfaces/srv/detail/conveyor_control__functions.c.o[0m
[4.657s] [ 13%] [32mBuilding C object CMakeFiles/ariac_interfaces__rosidl_generator_c.dir/rosidl_generator_c/ariac_interfaces/srv/detail/submit_inspection_report__functions.c.o[0m
[4.660s] [ 13%] [32mBuilding C object CMakeFiles/ariac_interfaces__rosidl_generator_c.dir/rosidl_generator_c/ariac_interfaces/srv/detail/trigger__functions.c.o[0m
[4.661s] [ 13%] [32mBuilding C object CMakeFiles/ariac_interfaces__rosidl_generator_c.dir/rosidl_generator_c/ariac_interfaces/srv/detail/submit_high_priority_order__functions.c.o[0m
[4.740s] [ 13%] [32m[1mLinking C shared library libariac_interfaces__rosidl_generator_c.so[0m
[4.778s] [ 13%] Built target ariac_interfaces__rosidl_generator_c
[4.787s] [ 15%] [34m[1mGenerating C introspection for ROS interfaces[0m
[4.787s] [ 15%] [34m[1mGenerating C type support for eProsima Fast-RTPS[0m
[4.788s] [ 16%] [34m[1mGenerating C type support dispatch for ROS interfaces[0m
[5.773s] [ 16%] [32mBuilding CXX object CMakeFiles/ariac_interfaces__rosidl_typesupport_cpp.dir/rosidl_typesupport_cpp/ariac_interfaces/msg/agv_status__type_support.cpp.o[0m
[5.773s] [ 16%] [32mBuilding CXX object CMakeFiles/ariac_interfaces__rosidl_typesupport_cpp.dir/rosidl_typesupport_cpp/ariac_interfaces/action/move_agv__type_support.cpp.o[0m
[5.773s] [ 18%] [32mBuilding CXX object CMakeFiles/ariac_interfaces__rosidl_typesupport_cpp.dir/rosidl_typesupport_cpp/ariac_interfaces/msg/agv_stations__type_support.cpp.o[0m
[5.773s] [ 18%] [32mBuilding CXX object CMakeFiles/ariac_interfaces__rosidl_typesupport_cpp.dir/rosidl_typesupport_cpp/ariac_interfaces/msg/agv_tray_status__type_support.cpp.o[0m
[5.773s] [ 19%] [32mBuilding CXX object CMakeFiles/ariac_interfaces__rosidl_typesupport_cpp.dir/rosidl_typesupport_cpp/ariac_interfaces/action/gripper_command__type_support.cpp.o[0m
[5.773s] [ 19%] [32mBuilding CXX object CMakeFiles/ariac_interfaces__rosidl_typesupport_cpp.dir/rosidl_typesupport_cpp/ariac_interfaces/msg/cell_defect__type_support.cpp.o[0m
[5.774s] [ 19%] [32mBuilding CXX object CMakeFiles/ariac_interfaces__rosidl_typesupport_cpp.dir/rosidl_typesupport_cpp/ariac_interfaces/msg/distance_sensor__type_support.cpp.o[0m
[5.775s] [ 20%] [32mBuilding CXX object CMakeFiles/ariac_interfaces__rosidl_typesupport_cpp.dir/rosidl_typesupport_cpp/ariac_interfaces/msg/break_beam_status__type_support.cpp.o[0m
[5.775s] [ 20%] [32mBuilding CXX object CMakeFiles/ariac_interfaces__rosidl_typesupport_cpp.dir/rosidl_typesupport_cpp/ariac_interfaces/msg/cell_feeder_status__type_support.cpp.o[0m
[5.776s] [ 20%] [32mBuilding CXX object CMakeFiles/ariac_interfaces__rosidl_typesupport_cpp.dir/rosidl_typesupport_cpp/ariac_interfaces/msg/cell_types__type_support.cpp.o[0m
[5.784s] [ 21%] [32mBuilding CXX object CMakeFiles/ariac_interfaces__rosidl_typesupport_cpp.dir/rosidl_typesupport_cpp/ariac_interfaces/msg/competition_states__type_support.cpp.o[0m
[6.195s] [ 21%] [32mBuilding CXX object CMakeFiles/ariac_interfaces__rosidl_typesupport_cpp.dir/rosidl_typesupport_cpp/ariac_interfaces/msg/competition_status__type_support.cpp.o[0m
[6.209s] [ 22%] [32mBuilding CXX object CMakeFiles/ariac_interfaces__rosidl_typesupport_cpp.dir/rosidl_typesupport_cpp/ariac_interfaces/msg/conveyor_status__type_support.cpp.o[0m
[6.212s] [ 22%] [32mBuilding CXX object CMakeFiles/ariac_interfaces__rosidl_typesupport_cpp.dir/rosidl_typesupport_cpp/ariac_interfaces/msg/competition_time__type_support.cpp.o[0m
[6.228s] [ 23%] [32mBuilding CXX object CMakeFiles/ariac_interfaces__rosidl_typesupport_cpp.dir/rosidl_typesupport_cpp/ariac_interfaces/msg/high_priority_order__type_support.cpp.o[0m
[6.228s] [ 23%] [32mBuilding CXX object CMakeFiles/ariac_interfaces__rosidl_typesupport_cpp.dir/rosidl_typesupport_cpp/ariac_interfaces/msg/inspection_report__type_support.cpp.o[0m
[6.275s] [ 23%] [32mBuilding CXX object CMakeFiles/ariac_interfaces__rosidl_typesupport_cpp.dir/rosidl_typesupport_cpp/ariac_interfaces/msg/operation_states__type_support.cpp.o[0m
[6.285s] [ 23%] [32mBuilding CXX object CMakeFiles/ariac_interfaces__rosidl_typesupport_cpp.dir/rosidl_typesupport_cpp/ariac_interfaces/msg/tool_changer_status__type_support.cpp.o[0m
[6.321s] [ 24%] [32mBuilding CXX object CMakeFiles/ariac_interfaces__rosidl_typesupport_cpp.dir/rosidl_typesupport_cpp/ariac_interfaces/msg/vacuum_tools__type_support.cpp.o[0m
[6.332s] [ 24%] [32mBuilding CXX object CMakeFiles/ariac_interfaces__rosidl_typesupport_cpp.dir/rosidl_typesupport_cpp/ariac_interfaces/msg/voltage_reading__type_support.cpp.o[0m
[6.479s] [ 25%] [32mBuilding CXX object CMakeFiles/ariac_interfaces__rosidl_typesupport_cpp.dir/rosidl_typesupport_cpp/ariac_interfaces/srv/attach_tool__type_support.cpp.o[0m
[6.494s] [ 25%] [32mBuilding CXX object CMakeFiles/ariac_interfaces__rosidl_typesupport_cpp.dir/rosidl_typesupport_cpp/ariac_interfaces/srv/bidirectional_conveyor_control__type_support.cpp.o[0m
[6.623s] [ 25%] [32mBuilding CXX object CMakeFiles/ariac_interfaces__rosidl_typesupport_cpp.dir/rosidl_typesupport_cpp/ariac_interfaces/srv/check_kit_quality__type_support.cpp.o[0m
[6.638s] [ 26%] [32mBuilding CXX object CMakeFiles/ariac_interfaces__rosidl_typesupport_cpp.dir/rosidl_typesupport_cpp/ariac_interfaces/srv/control_cell_feeder__type_support.cpp.o[0m
[6.650s] [ 26%] [32mBuilding CXX object CMakeFiles/ariac_interfaces__rosidl_typesupport_cpp.dir/rosidl_typesupport_cpp/ariac_interfaces/srv/conveyor_control__type_support.cpp.o[0m
[6.652s] [ 26%] [32mBuilding CXX object CMakeFiles/ariac_interfaces__rosidl_typesupport_c.dir/rosidl_typesupport_c/ariac_interfaces/action/gripper_command__type_support.cpp.o[0m
[6.654s] [ 27%] [32mBuilding CXX object CMakeFiles/ariac_interfaces__rosidl_typesupport_cpp.dir/rosidl_typesupport_cpp/ariac_interfaces/srv/end_competition__type_support.cpp.o[0m
[6.676s] [ 27%] [32mBuilding CXX object CMakeFiles/ariac_interfaces__rosidl_typesupport_cpp.dir/rosidl_typesupport_cpp/ariac_interfaces/srv/submit_high_priority_order__type_support.cpp.o[0m
[6.733s] [ 27%] [32mBuilding CXX object CMakeFiles/ariac_interfaces__rosidl_typesupport_c.dir/rosidl_typesupport_c/ariac_interfaces/action/move_agv__type_support.cpp.o[0m
[6.752s] [ 28%] [32mBuilding CXX object CMakeFiles/ariac_interfaces__rosidl_typesupport_c.dir/rosidl_typesupport_c/ariac_interfaces/msg/agv_stations__type_support.cpp.o[0m
[6.754s] [ 28%] [32mBuilding CXX object CMakeFiles/ariac_interfaces__rosidl_typesupport_c.dir/rosidl_typesupport_c/ariac_interfaces/msg/agv_status__type_support.cpp.o[0m
[6.804s] [ 28%] [32mBuilding CXX object CMakeFiles/ariac_interfaces__rosidl_typesupport_c.dir/rosidl_typesupport_c/ariac_interfaces/msg/agv_tray_status__type_support.cpp.o[0m
[6.805s] [ 28%] [32mBuilding CXX object CMakeFiles/ariac_interfaces__rosidl_typesupport_cpp.dir/rosidl_typesupport_cpp/ariac_interfaces/srv/submit_inspection_report__type_support.cpp.o[0m
[6.805s] [ 29%] [32mBuilding CXX object CMakeFiles/ariac_interfaces__rosidl_typesupport_c.dir/rosidl_typesupport_c/ariac_interfaces/msg/break_beam_status__type_support.cpp.o[0m
[6.814s] [ 30%] [32mBuilding CXX object CMakeFiles/ariac_interfaces__rosidl_typesupport_cpp.dir/rosidl_typesupport_cpp/ariac_interfaces/srv/trigger__type_support.cpp.o[0m
[6.815s] [ 30%] [32mBuilding CXX object CMakeFiles/ariac_interfaces__rosidl_typesupport_c.dir/rosidl_typesupport_c/ariac_interfaces/msg/distance_sensor__type_support.cpp.o[0m
[6.856s] [ 31%] [32mBuilding CXX object CMakeFiles/ariac_interfaces__rosidl_typesupport_c.dir/rosidl_typesupport_c/ariac_interfaces/msg/cell_defect__type_support.cpp.o[0m
[6.869s] [ 31%] [32mBuilding CXX object CMakeFiles/ariac_interfaces__rosidl_typesupport_c.dir/rosidl_typesupport_c/ariac_interfaces/msg/cell_feeder_status__type_support.cpp.o[0m
[6.872s] [ 31%] [32mBuilding CXX object CMakeFiles/ariac_interfaces__rosidl_typesupport_c.dir/rosidl_typesupport_c/ariac_interfaces/msg/cell_types__type_support.cpp.o[0m
[6.906s] [ 32%] [32mBuilding CXX object CMakeFiles/ariac_interfaces__rosidl_typesupport_c.dir/rosidl_typesupport_c/ariac_interfaces/msg/competition_states__type_support.cpp.o[0m
[6.913s] [ 33%] [32mBuilding CXX object CMakeFiles/ariac_interfaces__rosidl_typesupport_c.dir/rosidl_typesupport_c/ariac_interfaces/msg/competition_time__type_support.cpp.o[0m
[6.926s] [ 33%] [32mBuilding CXX object CMakeFiles/ariac_interfaces__rosidl_typesupport_c.dir/rosidl_typesupport_c/ariac_interfaces/msg/competition_status__type_support.cpp.o[0m
[6.926s] [ 33%] [32mBuilding CXX object CMakeFiles/ariac_interfaces__rosidl_typesupport_c.dir/rosidl_typesupport_c/ariac_interfaces/msg/conveyor_status__type_support.cpp.o[0m
[6.934s] [ 33%] [32mBuilding CXX object CMakeFiles/ariac_interfaces__rosidl_typesupport_c.dir/rosidl_typesupport_c/ariac_interfaces/msg/high_priority_order__type_support.cpp.o[0m
[6.934s] [ 34%] [32mBuilding CXX object CMakeFiles/ariac_interfaces__rosidl_typesupport_introspection_cpp.dir/rosidl_typesupport_introspection_cpp/ariac_interfaces/action/detail/gripper_command__type_support.cpp.o[0m
[6.962s] [ 35%] [32mBuilding CXX object CMakeFiles/ariac_interfaces__rosidl_typesupport_c.dir/rosidl_typesupport_c/ariac_interfaces/msg/inspection_report__type_support.cpp.o[0m
[6.971s] [ 35%] [32mBuilding CXX object CMakeFiles/ariac_interfaces__rosidl_typesupport_introspection_cpp.dir/rosidl_typesupport_introspection_cpp/ariac_interfaces/action/detail/move_agv__type_support.cpp.o[0m
[6.974s] [ 35%] [32mBuilding CXX object CMakeFiles/ariac_interfaces__rosidl_typesupport_c.dir/rosidl_typesupport_c/ariac_interfaces/msg/operation_states__type_support.cpp.o[0m
[6.980s] [ 36%] [32mBuilding CXX object CMakeFiles/ariac_interfaces__rosidl_typesupport_introspection_cpp.dir/rosidl_typesupport_introspection_cpp/ariac_interfaces/msg/detail/agv_stations__type_support.cpp.o[0m
[6.987s] [ 37%] [32mBuilding CXX object CMakeFiles/ariac_interfaces__rosidl_typesupport_c.dir/rosidl_typesupport_c/ariac_interfaces/msg/tool_changer_status__type_support.cpp.o[0m
[7.018s] [ 37%] [32mBuilding CXX object CMakeFiles/ariac_interfaces__rosidl_typesupport_introspection_cpp.dir/rosidl_typesupport_introspection_cpp/ariac_interfaces/msg/detail/agv_status__type_support.cpp.o[0m
[7.027s] [ 37%] [32mBuilding CXX object CMakeFiles/ariac_interfaces__rosidl_typesupport_introspection_cpp.dir/rosidl_typesupport_introspection_cpp/ariac_interfaces/msg/detail/agv_tray_status__type_support.cpp.o[0m
[7.038s] [ 37%] [32mBuilding CXX object CMakeFiles/ariac_interfaces__rosidl_typesupport_c.dir/rosidl_typesupport_c/ariac_interfaces/msg/vacuum_tools__type_support.cpp.o[0m
[7.048s] [ 38%] [32mBuilding CXX object CMakeFiles/ariac_interfaces__rosidl_typesupport_introspection_cpp.dir/rosidl_typesupport_introspection_cpp/ariac_interfaces/msg/detail/break_beam_status__type_support.cpp.o[0m
[7.085s] [ 38%] [32mBuilding CXX object CMakeFiles/ariac_interfaces__rosidl_typesupport_c.dir/rosidl_typesupport_c/ariac_interfaces/msg/voltage_reading__type_support.cpp.o[0m
[7.090s] [ 38%] [32mBuilding CXX object CMakeFiles/ariac_interfaces__rosidl_typesupport_introspection_cpp.dir/rosidl_typesupport_introspection_cpp/ariac_interfaces/msg/detail/distance_sensor__type_support.cpp.o[0m
[7.107s] [ 39%] [32mBuilding CXX object CMakeFiles/ariac_interfaces__rosidl_typesupport_c.dir/rosidl_typesupport_c/ariac_interfaces/srv/attach_tool__type_support.cpp.o[0m
[7.109s] [ 39%] [32mBuilding CXX object CMakeFiles/ariac_interfaces__rosidl_typesupport_c.dir/rosidl_typesupport_c/ariac_interfaces/srv/bidirectional_conveyor_control__type_support.cpp.o[0m
[7.110s] [ 40%] [32mBuilding CXX object CMakeFiles/ariac_interfaces__rosidl_typesupport_introspection_cpp.dir/rosidl_typesupport_introspection_cpp/ariac_interfaces/msg/detail/cell_defect__type_support.cpp.o[0m
[7.126s] [ 40%] [32mBuilding CXX object CMakeFiles/ariac_interfaces__rosidl_typesupport_introspection_cpp.dir/rosidl_typesupport_introspection_cpp/ariac_interfaces/msg/detail/cell_feeder_status__type_support.cpp.o[0m
[7.152s] [ 40%] [32mBuilding CXX object CMakeFiles/ariac_interfaces__rosidl_typesupport_c.dir/rosidl_typesupport_c/ariac_interfaces/srv/check_kit_quality__type_support.cpp.o[0m
[7.186s] [ 41%] [32mBuilding CXX object CMakeFiles/ariac_interfaces__rosidl_typesupport_c.dir/rosidl_typesupport_c/ariac_interfaces/srv/control_cell_feeder__type_support.cpp.o[0m
[7.200s] [ 41%] [32mBuilding CXX object CMakeFiles/ariac_interfaces__rosidl_typesupport_introspection_cpp.dir/rosidl_typesupport_introspection_cpp/ariac_interfaces/msg/detail/cell_types__type_support.cpp.o[0m
[7.233s] [ 41%] [32mBuilding CXX object CMakeFiles/ariac_interfaces__rosidl_typesupport_c.dir/rosidl_typesupport_c/ariac_interfaces/srv/conveyor_control__type_support.cpp.o[0m
[7.258s] [ 42%] [32mBuilding CXX object CMakeFiles/ariac_interfaces__rosidl_typesupport_introspection_cpp.dir/rosidl_typesupport_introspection_cpp/ariac_interfaces/msg/detail/competition_states__type_support.cpp.o[0m
[7.275s] [ 42%] [32m[1mLinking CXX shared library libariac_interfaces__rosidl_typesupport_cpp.so[0m
[7.283s] [ 43%] [32mBuilding CXX object CMakeFiles/ariac_interfaces__rosidl_typesupport_c.dir/rosidl_typesupport_c/ariac_interfaces/srv/end_competition__type_support.cpp.o[0m
[7.331s] [ 43%] [32mBuilding CXX object CMakeFiles/ariac_interfaces__rosidl_typesupport_c.dir/rosidl_typesupport_c/ariac_interfaces/srv/submit_high_priority_order__type_support.cpp.o[0m
[7.349s] [ 43%] Built target ariac_interfaces__rosidl_typesupport_cpp
[7.361s] [ 43%] [32mBuilding CXX object CMakeFiles/ariac_interfaces__rosidl_typesupport_introspection_cpp.dir/rosidl_typesupport_introspection_cpp/ariac_interfaces/msg/detail/competition_status__type_support.cpp.o[0m
[7.375s] [ 43%] [32mBuilding CXX object CMakeFiles/ariac_interfaces__rosidl_typesupport_c.dir/rosidl_typesupport_c/ariac_interfaces/srv/submit_inspection_report__type_support.cpp.o[0m
[7.425s] [ 44%] [32mBuilding CXX object CMakeFiles/ariac_interfaces__rosidl_typesupport_c.dir/rosidl_typesupport_c/ariac_interfaces/srv/trigger__type_support.cpp.o[0m
[7.468s] [ 44%] [32m[1mLinking CXX shared library libariac_interfaces__rosidl_typesupport_c.so[0m
[7.486s] [ 44%] [32mBuilding CXX object CMakeFiles/ariac_interfaces__rosidl_typesupport_introspection_cpp.dir/rosidl_typesupport_introspection_cpp/ariac_interfaces/msg/detail/competition_time__type_support.cpp.o[0m
[7.511s] [ 45%] [32mBuilding CXX object CMakeFiles/ariac_interfaces__rosidl_typesupport_introspection_cpp.dir/rosidl_typesupport_introspection_cpp/ariac_interfaces/msg/detail/conveyor_status__type_support.cpp.o[0m
[7.514s] [ 45%] [32mBuilding C object CMakeFiles/ariac_interfaces__rosidl_typesupport_introspection_c.dir/rosidl_typesupport_introspection_c/ariac_interfaces/action/detail/gripper_command__type_support.c.o[0m
[7.543s] [ 45%] Built target ariac_interfaces__rosidl_typesupport_c
[7.550s] [ 45%] [32mBuilding CXX object CMakeFiles/ariac_interfaces__rosidl_typesupport_introspection_cpp.dir/rosidl_typesupport_introspection_cpp/ariac_interfaces/msg/detail/high_priority_order__type_support.cpp.o[0m
[7.550s] [ 45%] [32mBuilding C object CMakeFiles/ariac_interfaces__rosidl_typesupport_introspection_c.dir/rosidl_typesupport_introspection_c/ariac_interfaces/action/detail/move_agv__type_support.c.o[0m
[7.556s] [ 46%] [32mBuilding C object CMakeFiles/ariac_interfaces__rosidl_typesupport_introspection_c.dir/rosidl_typesupport_introspection_c/ariac_interfaces/msg/detail/agv_stations__type_support.c.o[0m
[7.580s] [ 46%] [32mBuilding C object CMakeFiles/ariac_interfaces__rosidl_typesupport_introspection_c.dir/rosidl_typesupport_introspection_c/ariac_interfaces/msg/detail/agv_status__type_support.c.o[0m
[7.587s] [ 46%] [32mBuilding C object CMakeFiles/ariac_interfaces__rosidl_typesupport_introspection_c.dir/rosidl_typesupport_introspection_c/ariac_interfaces/msg/detail/agv_tray_status__type_support.c.o[0m
[7.592s] [ 47%] [32mBuilding C object CMakeFiles/ariac_interfaces__rosidl_typesupport_introspection_c.dir/rosidl_typesupport_introspection_c/ariac_interfaces/msg/detail/break_beam_status__type_support.c.o[0m
[7.603s] [ 48%] [32mBuilding CXX object CMakeFiles/ariac_interfaces__rosidl_typesupport_fastrtps_cpp.dir/rosidl_typesupport_fastrtps_cpp/ariac_interfaces/action/detail/dds_fastrtps/gripper_command__type_support.cpp.o[0m
[7.612s] [ 48%] [32mBuilding C object CMakeFiles/ariac_interfaces__rosidl_typesupport_introspection_c.dir/rosidl_typesupport_introspection_c/ariac_interfaces/msg/detail/distance_sensor__type_support.c.o[0m
[7.625s] [ 49%] [32mBuilding C object CMakeFiles/ariac_interfaces__rosidl_typesupport_introspection_c.dir/rosidl_typesupport_introspection_c/ariac_interfaces/msg/detail/cell_defect__type_support.c.o[0m
[7.629s] [ 50%] [32mBuilding CXX object CMakeFiles/ariac_interfaces__rosidl_typesupport_fastrtps_cpp.dir/rosidl_typesupport_fastrtps_cpp/ariac_interfaces/action/detail/dds_fastrtps/move_agv__type_support.cpp.o[0m
[7.630s] [ 50%] [32mBuilding CXX object CMakeFiles/ariac_interfaces__rosidl_typesupport_introspection_cpp.dir/rosidl_typesupport_introspection_cpp/ariac_interfaces/msg/detail/inspection_report__type_support.cpp.o[0m
[7.634s] [ 50%] [32mBuilding CXX object CMakeFiles/ariac_interfaces__rosidl_typesupport_introspection_cpp.dir/rosidl_typesupport_introspection_cpp/ariac_interfaces/msg/detail/operation_states__type_support.cpp.o[0m
[7.639s] [ 50%] [32mBuilding CXX object CMakeFiles/ariac_interfaces__rosidl_typesupport_introspection_cpp.dir/rosidl_typesupport_introspection_cpp/ariac_interfaces/msg/detail/tool_changer_status__type_support.cpp.o[0m
[7.664s] [ 51%] [32mBuilding CXX object CMakeFiles/ariac_interfaces__rosidl_typesupport_fastrtps_cpp.dir/rosidl_typesupport_fastrtps_cpp/ariac_interfaces/msg/detail/dds_fastrtps/agv_stations__type_support.cpp.o[0m
[7.676s] [ 51%] [32mBuilding C object CMakeFiles/ariac_interfaces__rosidl_typesupport_introspection_c.dir/rosidl_typesupport_introspection_c/ariac_interfaces/msg/detail/cell_feeder_status__type_support.c.o[0m
[7.720s] [ 51%] [32mBuilding C object CMakeFiles/ariac_interfaces__rosidl_typesupport_introspection_c.dir/rosidl_typesupport_introspection_c/ariac_interfaces/msg/detail/cell_types__type_support.c.o[0m
[7.731s] [ 51%] [32mBuilding CXX object CMakeFiles/ariac_interfaces__rosidl_typesupport_fastrtps_cpp.dir/rosidl_typesupport_fastrtps_cpp/ariac_interfaces/msg/detail/dds_fastrtps/agv_tray_status__type_support.cpp.o[0m
[7.734s] [ 51%] [32mBuilding CXX object CMakeFiles/ariac_interfaces__rosidl_typesupport_fastrtps_cpp.dir/rosidl_typesupport_fastrtps_cpp/ariac_interfaces/msg/detail/dds_fastrtps/agv_status__type_support.cpp.o[0m
[7.755s] [ 52%] [32mBuilding CXX object CMakeFiles/ariac_interfaces__rosidl_typesupport_fastrtps_cpp.dir/rosidl_typesupport_fastrtps_cpp/ariac_interfaces/msg/detail/dds_fastrtps/break_beam_status__type_support.cpp.o[0m
[7.796s] [ 53%] [32mBuilding C object CMakeFiles/ariac_interfaces__rosidl_typesupport_introspection_c.dir/rosidl_typesupport_introspection_c/ariac_interfaces/msg/detail/competition_states__type_support.c.o[0m
[7.801s] [ 53%] [32mBuilding CXX object CMakeFiles/ariac_interfaces__rosidl_typesupport_fastrtps_cpp.dir/rosidl_typesupport_fastrtps_cpp/ariac_interfaces/msg/detail/dds_fastrtps/distance_sensor__type_support.cpp.o[0m
[7.851s] [ 53%] [32mBuilding C object CMakeFiles/ariac_interfaces__rosidl_typesupport_introspection_c.dir/rosidl_typesupport_introspection_c/ariac_interfaces/msg/detail/competition_status__type_support.c.o[0m
[7.857s] [ 54%] [32mBuilding C object CMakeFiles/ariac_interfaces__rosidl_typesupport_introspection_c.dir/rosidl_typesupport_introspection_c/ariac_interfaces/msg/detail/competition_time__type_support.c.o[0m
[7.875s] [ 54%] [32mBuilding CXX object CMakeFiles/ariac_interfaces__rosidl_typesupport_fastrtps_c.dir/rosidl_typesupport_fastrtps_c/ariac_interfaces/action/detail/gripper_command__type_support_c.cpp.o[0m
[7.898s] [ 54%] [32mBuilding CXX object CMakeFiles/ariac_interfaces__rosidl_typesupport_fastrtps_c.dir/rosidl_typesupport_fastrtps_c/ariac_interfaces/action/detail/move_agv__type_support_c.cpp.o[0m
[7.906s] [ 54%] [32mBuilding C object CMakeFiles/ariac_interfaces__rosidl_typesupport_introspection_c.dir/rosidl_typesupport_introspection_c/ariac_interfaces/msg/detail/conveyor_status__type_support.c.o[0m
[7.955s] [ 54%] [32mBuilding C object CMakeFiles/ariac_interfaces__rosidl_typesupport_introspection_c.dir/rosidl_typesupport_introspection_c/ariac_interfaces/msg/detail/high_priority_order__type_support.c.o[0m
[7.991s] [ 55%] [32mBuilding CXX object CMakeFiles/ariac_interfaces__rosidl_typesupport_fastrtps_cpp.dir/rosidl_typesupport_fastrtps_cpp/ariac_interfaces/msg/detail/dds_fastrtps/cell_defect__type_support.cpp.o[0m
[8.000s] [ 56%] [32mBuilding CXX object CMakeFiles/ariac_interfaces__rosidl_typesupport_fastrtps_c.dir/rosidl_typesupport_fastrtps_c/ariac_interfaces/msg/detail/agv_stations__type_support_c.cpp.o[0m
[8.004s] [ 57%] [32mBuilding C object CMakeFiles/ariac_interfaces__rosidl_typesupport_introspection_c.dir/rosidl_typesupport_introspection_c/ariac_interfaces/msg/detail/inspection_report__type_support.c.o[0m
[8.034s] [ 57%] [32mBuilding CXX object CMakeFiles/ariac_interfaces__rosidl_typesupport_fastrtps_cpp.dir/rosidl_typesupport_fastrtps_cpp/ariac_interfaces/msg/detail/dds_fastrtps/cell_feeder_status__type_support.cpp.o[0m
[8.057s] [ 57%] [32mBuilding C object CMakeFiles/ariac_interfaces__rosidl_typesupport_introspection_c.dir/rosidl_typesupport_introspection_c/ariac_interfaces/msg/detail/operation_states__type_support.c.o[0m
[8.102s] [ 58%] [32mBuilding C object CMakeFiles/ariac_interfaces__rosidl_typesupport_introspection_c.dir/rosidl_typesupport_introspection_c/ariac_interfaces/msg/detail/tool_changer_status__type_support.c.o[0m
[8.118s] [ 58%] [32mBuilding CXX object CMakeFiles/ariac_interfaces__rosidl_typesupport_fastrtps_c.dir/rosidl_typesupport_fastrtps_c/ariac_interfaces/msg/detail/agv_status__type_support_c.cpp.o[0m
[8.128s] [ 58%] [32mBuilding C object CMakeFiles/ariac_interfaces__rosidl_typesupport_introspection_c.dir/rosidl_typesupport_introspection_c/ariac_interfaces/msg/detail/vacuum_tools__type_support.c.o[0m
[8.147s] [ 58%] [32mBuilding CXX object CMakeFiles/ariac_interfaces__rosidl_typesupport_fastrtps_cpp.dir/rosidl_typesupport_fastrtps_cpp/ariac_interfaces/msg/detail/dds_fastrtps/cell_types__type_support.cpp.o[0m
[8.177s] [ 59%] [32mBuilding CXX object CMakeFiles/ariac_interfaces__rosidl_typesupport_introspection_cpp.dir/rosidl_typesupport_introspection_cpp/ariac_interfaces/msg/detail/vacuum_tools__type_support.cpp.o[0m
[8.192s] [ 59%] [32mBuilding C object CMakeFiles/ariac_interfaces__rosidl_typesupport_introspection_c.dir/rosidl_typesupport_introspection_c/ariac_interfaces/msg/detail/voltage_reading__type_support.c.o[0m
[8.234s] [ 60%] [32mBuilding C object CMakeFiles/ariac_interfaces__rosidl_typesupport_introspection_c.dir/rosidl_typesupport_introspection_c/ariac_interfaces/srv/detail/attach_tool__type_support.c.o[0m
[8.275s] [ 60%] [32mBuilding C object CMakeFiles/ariac_interfaces__rosidl_typesupport_introspection_c.dir/rosidl_typesupport_introspection_c/ariac_interfaces/srv/detail/bidirectional_conveyor_control__type_support.c.o[0m
[8.284s] [ 61%] [32mBuilding CXX object CMakeFiles/ariac_interfaces__rosidl_typesupport_fastrtps_cpp.dir/rosidl_typesupport_fastrtps_cpp/ariac_interfaces/msg/detail/dds_fastrtps/competition_states__type_support.cpp.o[0m
[8.323s] [ 61%] [32mBuilding C object CMakeFiles/ariac_interfaces__rosidl_typesupport_introspection_c.dir/rosidl_typesupport_introspection_c/ariac_interfaces/srv/detail/check_kit_quality__type_support.c.o[0m
[8.341s] [ 61%] [32mBuilding CXX object CMakeFiles/ariac_interfaces__rosidl_typesupport_introspection_cpp.dir/rosidl_typesupport_introspection_cpp/ariac_interfaces/msg/detail/voltage_reading__type_support.cpp.o[0m
[8.363s] [ 62%] [32mBuilding C object CMakeFiles/ariac_interfaces__rosidl_typesupport_introspection_c.dir/rosidl_typesupport_introspection_c/ariac_interfaces/srv/detail/control_cell_feeder__type_support.c.o[0m
[8.374s] [ 62%] [32mBuilding CXX object CMakeFiles/ariac_interfaces__rosidl_typesupport_fastrtps_cpp.dir/rosidl_typesupport_fastrtps_cpp/ariac_interfaces/msg/detail/dds_fastrtps/competition_status__type_support.cpp.o[0m
[8.389s] [ 62%] [32mBuilding CXX object CMakeFiles/ariac_interfaces__rosidl_typesupport_fastrtps_c.dir/rosidl_typesupport_fastrtps_c/ariac_interfaces/msg/detail/agv_tray_status__type_support_c.cpp.o[0m
[8.411s] [ 62%] [32mBuilding C object CMakeFiles/ariac_interfaces__rosidl_typesupport_introspection_c.dir/rosidl_typesupport_introspection_c/ariac_interfaces/srv/detail/conveyor_control__type_support.c.o[0m
[8.421s] [ 63%] [32mBuilding CXX object CMakeFiles/ariac_interfaces__rosidl_typesupport_introspection_cpp.dir/rosidl_typesupport_introspection_cpp/ariac_interfaces/srv/detail/attach_tool__type_support.cpp.o[0m
[8.445s] [ 64%] [32mBuilding CXX object CMakeFiles/ariac_interfaces__rosidl_typesupport_fastrtps_c.dir/rosidl_typesupport_fastrtps_c/ariac_interfaces/msg/detail/break_beam_status__type_support_c.cpp.o[0m
[8.459s] [ 65%] [32mBuilding C object CMakeFiles/ariac_interfaces__rosidl_typesupport_introspection_c.dir/rosidl_typesupport_introspection_c/ariac_interfaces/srv/detail/end_competition__type_support.c.o[0m
[8.462s] [ 65%] [32mBuilding CXX object CMakeFiles/ariac_interfaces__rosidl_typesupport_fastrtps_cpp.dir/rosidl_typesupport_fastrtps_cpp/ariac_interfaces/msg/detail/dds_fastrtps/competition_time__type_support.cpp.o[0m
[8.513s] [ 65%] [32mBuilding C object CMakeFiles/ariac_interfaces__rosidl_typesupport_introspection_c.dir/rosidl_typesupport_introspection_c/ariac_interfaces/srv/detail/submit_high_priority_order__type_support.c.o[0m
[8.519s] [ 65%] [32mBuilding CXX object CMakeFiles/ariac_interfaces__rosidl_typesupport_fastrtps_c.dir/rosidl_typesupport_fastrtps_c/ariac_interfaces/msg/detail/distance_sensor__type_support_c.cpp.o[0m
[8.526s] [ 66%] [32mBuilding CXX object CMakeFiles/ariac_interfaces__rosidl_typesupport_introspection_cpp.dir/rosidl_typesupport_introspection_cpp/ariac_interfaces/srv/detail/bidirectional_conveyor_control__type_support.cpp.o[0m
[8.527s] [ 66%] [32mBuilding CXX object CMakeFiles/ariac_interfaces__rosidl_typesupport_fastrtps_c.dir/rosidl_typesupport_fastrtps_c/ariac_interfaces/msg/detail/cell_defect__type_support_c.cpp.o[0m
[8.567s] [ 66%] [32mBuilding C object CMakeFiles/ariac_interfaces__rosidl_typesupport_introspection_c.dir/rosidl_typesupport_introspection_c/ariac_interfaces/srv/detail/submit_inspection_report__type_support.c.o[0m
[8.603s] [ 67%] [32mBuilding C object CMakeFiles/ariac_interfaces__rosidl_typesupport_introspection_c.dir/rosidl_typesupport_introspection_c/ariac_interfaces/srv/detail/trigger__type_support.c.o[0m
[8.621s] [ 68%] [32mBuilding CXX object CMakeFiles/ariac_interfaces__rosidl_typesupport_fastrtps_cpp.dir/rosidl_typesupport_fastrtps_cpp/ariac_interfaces/msg/detail/dds_fastrtps/conveyor_status__type_support.cpp.o[0m
[8.648s] [ 68%] [32mBuilding CXX object CMakeFiles/ariac_interfaces__rosidl_typesupport_fastrtps_c.dir/rosidl_typesupport_fastrtps_c/ariac_interfaces/msg/detail/cell_feeder_status__type_support_c.cpp.o[0m
[8.652s] [ 68%] [32mBuilding CXX object CMakeFiles/ariac_interfaces__rosidl_typesupport_introspection_cpp.dir/rosidl_typesupport_introspection_cpp/ariac_interfaces/srv/detail/check_kit_quality__type_support.cpp.o[0m
[8.653s] [ 68%] [32mBuilding CXX object CMakeFiles/ariac_interfaces__rosidl_typesupport_fastrtps_cpp.dir/rosidl_typesupport_fastrtps_cpp/ariac_interfaces/msg/detail/dds_fastrtps/high_priority_order__type_support.cpp.o[0m
[8.658s] [ 68%] [32m[1mLinking C shared library libariac_interfaces__rosidl_typesupport_introspection_c.so[0m
[8.712s] [ 68%] Built target ariac_interfaces__rosidl_typesupport_introspection_c
[8.723s] [ 68%] [32mBuilding CXX object CMakeFiles/ariac_interfaces__rosidl_typesupport_fastrtps_c.dir/rosidl_typesupport_fastrtps_c/ariac_interfaces/msg/detail/cell_types__type_support_c.cpp.o[0m
[8.765s] [ 69%] [32mBuilding CXX object CMakeFiles/ariac_interfaces__rosidl_typesupport_fastrtps_c.dir/rosidl_typesupport_fastrtps_c/ariac_interfaces/msg/detail/competition_states__type_support_c.cpp.o[0m
[8.835s] [ 69%] [32mBuilding CXX object CMakeFiles/ariac_interfaces__rosidl_typesupport_fastrtps_c.dir/rosidl_typesupport_fastrtps_c/ariac_interfaces/msg/detail/competition_status__type_support_c.cpp.o[0m
[8.898s] [ 70%] [32mBuilding CXX object CMakeFiles/ariac_interfaces__rosidl_typesupport_fastrtps_cpp.dir/rosidl_typesupport_fastrtps_cpp/ariac_interfaces/msg/detail/dds_fastrtps/inspection_report__type_support.cpp.o[0m
[8.905s] [ 70%] [32mBuilding CXX object CMakeFiles/ariac_interfaces__rosidl_typesupport_fastrtps_cpp.dir/rosidl_typesupport_fastrtps_cpp/ariac_interfaces/msg/detail/dds_fastrtps/operation_states__type_support.cpp.o[0m
[8.910s] [ 71%] [32mBuilding CXX object CMakeFiles/ariac_interfaces__rosidl_typesupport_fastrtps_c.dir/rosidl_typesupport_fastrtps_c/ariac_interfaces/msg/detail/competition_time__type_support_c.cpp.o[0m
[8.981s] [ 71%] [32mBuilding CXX object CMakeFiles/ariac_interfaces__rosidl_typesupport_fastrtps_cpp.dir/rosidl_typesupport_fastrtps_cpp/ariac_interfaces/msg/detail/dds_fastrtps/tool_changer_status__type_support.cpp.o[0m
[8.998s] [ 72%] [32mBuilding CXX object CMakeFiles/ariac_interfaces__rosidl_typesupport_introspection_cpp.dir/rosidl_typesupport_introspection_cpp/ariac_interfaces/srv/detail/control_cell_feeder__type_support.cpp.o[0m
[9.001s] [ 72%] [32mBuilding CXX object CMakeFiles/ariac_interfaces__rosidl_typesupport_fastrtps_c.dir/rosidl_typesupport_fastrtps_c/ariac_interfaces/msg/detail/conveyor_status__type_support_c.cpp.o[0m
[9.047s] [ 73%] [32mBuilding CXX object CMakeFiles/ariac_interfaces__rosidl_typesupport_introspection_cpp.dir/rosidl_typesupport_introspection_cpp/ariac_interfaces/srv/detail/end_competition__type_support.cpp.o[0m
[9.050s] [ 73%] [32mBuilding CXX object CMakeFiles/ariac_interfaces__rosidl_typesupport_introspection_cpp.dir/rosidl_typesupport_introspection_cpp/ariac_interfaces/srv/detail/conveyor_control__type_support.cpp.o[0m
[9.079s] [ 73%] [32mBuilding CXX object CMakeFiles/ariac_interfaces__rosidl_typesupport_fastrtps_c.dir/rosidl_typesupport_fastrtps_c/ariac_interfaces/msg/detail/high_priority_order__type_support_c.cpp.o[0m
[9.145s] [ 74%] [32mBuilding CXX object CMakeFiles/ariac_interfaces__rosidl_typesupport_fastrtps_cpp.dir/rosidl_typesupport_fastrtps_cpp/ariac_interfaces/msg/detail/dds_fastrtps/vacuum_tools__type_support.cpp.o[0m
[9.193s] [ 74%] [32mBuilding CXX object CMakeFiles/ariac_interfaces__rosidl_typesupport_fastrtps_cpp.dir/rosidl_typesupport_fastrtps_cpp/ariac_interfaces/msg/detail/dds_fastrtps/voltage_reading__type_support.cpp.o[0m
[9.236s] [ 74%] [32mBuilding CXX object CMakeFiles/ariac_interfaces__rosidl_typesupport_introspection_cpp.dir/rosidl_typesupport_introspection_cpp/ariac_interfaces/srv/detail/submit_high_priority_order__type_support.cpp.o[0m
[9.256s] [ 74%] [32mBuilding CXX object CMakeFiles/ariac_interfaces__rosidl_typesupport_introspection_cpp.dir/rosidl_typesupport_introspection_cpp/ariac_interfaces/srv/detail/submit_inspection_report__type_support.cpp.o[0m
[9.256s] [ 75%] [32mBuilding CXX object CMakeFiles/ariac_interfaces__rosidl_typesupport_fastrtps_c.dir/rosidl_typesupport_fastrtps_c/ariac_interfaces/msg/detail/inspection_report__type_support_c.cpp.o[0m
[9.277s] [ 76%] [32mBuilding CXX object CMakeFiles/ariac_interfaces__rosidl_typesupport_introspection_cpp.dir/rosidl_typesupport_introspection_cpp/ariac_interfaces/srv/detail/trigger__type_support.cpp.o[0m
[9.366s] [ 76%] [32mBuilding CXX object CMakeFiles/ariac_interfaces__rosidl_typesupport_fastrtps_c.dir/rosidl_typesupport_fastrtps_c/ariac_interfaces/msg/detail/operation_states__type_support_c.cpp.o[0m
[9.424s] [ 77%] [32mBuilding CXX object CMakeFiles/ariac_interfaces__rosidl_typesupport_fastrtps_cpp.dir/rosidl_typesupport_fastrtps_cpp/ariac_interfaces/srv/detail/dds_fastrtps/attach_tool__type_support.cpp.o[0m
[9.491s] [ 77%] [32mBuilding CXX object CMakeFiles/ariac_interfaces__rosidl_typesupport_fastrtps_cpp.dir/rosidl_typesupport_fastrtps_cpp/ariac_interfaces/srv/detail/dds_fastrtps/bidirectional_conveyor_control__type_support.cpp.o[0m
[9.509s] [ 77%] [32mBuilding CXX object CMakeFiles/ariac_interfaces__rosidl_typesupport_fastrtps_cpp.dir/rosidl_typesupport_fastrtps_cpp/ariac_interfaces/srv/detail/dds_fastrtps/check_kit_quality__type_support.cpp.o[0m
[9.515s] [ 78%] [32mBuilding CXX object CMakeFiles/ariac_interfaces__rosidl_typesupport_fastrtps_cpp.dir/rosidl_typesupport_fastrtps_cpp/ariac_interfaces/srv/detail/dds_fastrtps/control_cell_feeder__type_support.cpp.o[0m
[9.535s] [ 78%] [32mBuilding CXX object CMakeFiles/ariac_interfaces__rosidl_typesupport_fastrtps_cpp.dir/rosidl_typesupport_fastrtps_cpp/ariac_interfaces/srv/detail/dds_fastrtps/conveyor_control__type_support.cpp.o[0m
[9.538s] [ 79%] [32mBuilding CXX object CMakeFiles/ariac_interfaces__rosidl_typesupport_fastrtps_cpp.dir/rosidl_typesupport_fastrtps_cpp/ariac_interfaces/srv/detail/dds_fastrtps/end_competition__type_support.cpp.o[0m
[9.571s] [ 80%] [32mBuilding CXX object CMakeFiles/ariac_interfaces__rosidl_typesupport_fastrtps_c.dir/rosidl_typesupport_fastrtps_c/ariac_interfaces/msg/detail/tool_changer_status__type_support_c.cpp.o[0m
[9.581s] [ 80%] [32mBuilding CXX object CMakeFiles/ariac_interfaces__rosidl_typesupport_fastrtps_c.dir/rosidl_typesupport_fastrtps_c/ariac_interfaces/msg/detail/vacuum_tools__type_support_c.cpp.o[0m
[9.600s] [ 80%] [32mBuilding CXX object CMakeFiles/ariac_interfaces__rosidl_typesupport_fastrtps_cpp.dir/rosidl_typesupport_fastrtps_cpp/ariac_interfaces/srv/detail/dds_fastrtps/submit_high_priority_order__type_support.cpp.o[0m
[9.722s] [ 80%] [32mBuilding CXX object CMakeFiles/ariac_interfaces__rosidl_typesupport_fastrtps_cpp.dir/rosidl_typesupport_fastrtps_cpp/ariac_interfaces/srv/detail/dds_fastrtps/submit_inspection_report__type_support.cpp.o[0m
[9.754s] [ 80%] [32mBuilding CXX object CMakeFiles/ariac_interfaces__rosidl_typesupport_fastrtps_c.dir/rosidl_typesupport_fastrtps_c/ariac_interfaces/msg/detail/voltage_reading__type_support_c.cpp.o[0m
[9.756s] [ 81%] [32mBuilding CXX object CMakeFiles/ariac_interfaces__rosidl_typesupport_fastrtps_c.dir/rosidl_typesupport_fastrtps_c/ariac_interfaces/srv/detail/attach_tool__type_support_c.cpp.o[0m
[9.766s] [ 81%] [32m[1mLinking CXX shared library libariac_interfaces__rosidl_typesupport_introspection_cpp.so[0m
[9.782s] [ 81%] [32mBuilding CXX object CMakeFiles/ariac_interfaces__rosidl_typesupport_fastrtps_c.dir/rosidl_typesupport_fastrtps_c/ariac_interfaces/srv/detail/bidirectional_conveyor_control__type_support_c.cpp.o[0m
[9.806s] [ 81%] [32mBuilding CXX object CMakeFiles/ariac_interfaces__rosidl_typesupport_fastrtps_c.dir/rosidl_typesupport_fastrtps_c/ariac_interfaces/srv/detail/check_kit_quality__type_support_c.cpp.o[0m
[9.886s] [ 82%] [32mBuilding CXX object CMakeFiles/ariac_interfaces__rosidl_typesupport_fastrtps_cpp.dir/rosidl_typesupport_fastrtps_cpp/ariac_interfaces/srv/detail/dds_fastrtps/trigger__type_support.cpp.o[0m
[9.895s] [ 82%] Built target ariac_interfaces__rosidl_typesupport_introspection_cpp
[9.905s] [ 83%] [32mBuilding CXX object CMakeFiles/ariac_interfaces__rosidl_typesupport_fastrtps_c.dir/rosidl_typesupport_fastrtps_c/ariac_interfaces/srv/detail/control_cell_feeder__type_support_c.cpp.o[0m
[10.082s] [ 83%] [32mBuilding CXX object CMakeFiles/ariac_interfaces__rosidl_typesupport_fastrtps_c.dir/rosidl_typesupport_fastrtps_c/ariac_interfaces/srv/detail/conveyor_control__type_support_c.cpp.o[0m
[10.112s] [ 84%] [32mBuilding CXX object CMakeFiles/ariac_interfaces__rosidl_typesupport_fastrtps_c.dir/rosidl_typesupport_fastrtps_c/ariac_interfaces/srv/detail/end_competition__type_support_c.cpp.o[0m
[10.140s] [ 84%] [32mBuilding CXX object CMakeFiles/ariac_interfaces__rosidl_typesupport_fastrtps_c.dir/rosidl_typesupport_fastrtps_c/ariac_interfaces/srv/detail/submit_high_priority_order__type_support_c.cpp.o[0m
[10.146s] [ 84%] [32mBuilding CXX object CMakeFiles/ariac_interfaces__rosidl_typesupport_fastrtps_c.dir/rosidl_typesupport_fastrtps_c/ariac_interfaces/srv/detail/submit_inspection_report__type_support_c.cpp.o[0m
[10.164s] [ 85%] [32mBuilding CXX object CMakeFiles/ariac_interfaces__rosidl_typesupport_fastrtps_c.dir/rosidl_typesupport_fastrtps_c/ariac_interfaces/srv/detail/trigger__type_support_c.cpp.o[0m
[10.479s] [ 85%] [32m[1mLinking CXX shared library libariac_interfaces__rosidl_typesupport_fastrtps_cpp.so[0m
[10.543s] [ 85%] [32m[1mLinking CXX shared library libariac_interfaces__rosidl_typesupport_fastrtps_c.so[0m
[10.544s] [ 85%] Built target ariac_interfaces__rosidl_typesupport_fastrtps_cpp
[10.603s] [ 85%] Built target ariac_interfaces__rosidl_typesupport_fastrtps_c
[10.617s] [ 85%] Built target ariac_interfaces
[10.632s] [ 85%] [34m[1mGenerating Python code for ROS interfaces[0m
[14.368s] [ 85%] Built target ariac_interfaces__py
[14.388s] [ 86%] [32mBuilding C object CMakeFiles/ariac_interfaces__rosidl_generator_py.dir/rosidl_generator_py/ariac_interfaces/action/_move_agv_s.c.o[0m
[14.388s] [ 86%] [32mBuilding C object CMakeFiles/ariac_interfaces__rosidl_generator_py.dir/rosidl_generator_py/ariac_interfaces/action/_gripper_command_s.c.o[0m
[14.389s] [ 86%] [32mBuilding C object CMakeFiles/ariac_interfaces__rosidl_generator_py.dir/rosidl_generator_py/ariac_interfaces/msg/_agv_status_s.c.o[0m
[14.389s] [ 88%] [32mBuilding C object CMakeFiles/ariac_interfaces__rosidl_generator_py.dir/rosidl_generator_py/ariac_interfaces/msg/_break_beam_status_s.c.o[0m
[14.389s] [ 88%] [32mBuilding C object CMakeFiles/ariac_interfaces__rosidl_generator_py.dir/rosidl_generator_py/ariac_interfaces/msg/_agv_stations_s.c.o[0m
[14.390s] [ 88%] [32mBuilding C object CMakeFiles/ariac_interfaces__rosidl_generator_py.dir/rosidl_generator_py/ariac_interfaces/msg/_distance_sensor_s.c.o[0m
[14.390s] [ 88%] [32mBuilding C object CMakeFiles/ariac_interfaces__rosidl_generator_py.dir/rosidl_generator_py/ariac_interfaces/msg/_cell_types_s.c.o[0m
[14.390s] [ 88%] [32mBuilding C object CMakeFiles/ariac_interfaces__rosidl_generator_py.dir/rosidl_generator_py/ariac_interfaces/msg/_competition_status_s.c.o[0m
[14.390s] [ 89%] [32mBuilding C object CMakeFiles/ariac_interfaces__rosidl_generator_py.dir/rosidl_generator_py/ariac_interfaces/msg/_competition_states_s.c.o[0m
[14.390s] [ 89%] [32mBuilding C object CMakeFiles/ariac_interfaces__rosidl_generator_py.dir/rosidl_generator_py/ariac_interfaces/msg/_competition_time_s.c.o[0m
[14.390s] [ 90%] [32mBuilding C object CMakeFiles/ariac_interfaces__rosidl_generator_py.dir/rosidl_generator_py/ariac_interfaces/msg/_conveyor_status_s.c.o[0m
[14.390s] [ 90%] [32mBuilding C object CMakeFiles/ariac_interfaces__rosidl_generator_py.dir/rosidl_generator_py/ariac_interfaces/msg/_high_priority_order_s.c.o[0m
[14.391s] [ 91%] [32mBuilding C object CMakeFiles/ariac_interfaces__rosidl_generator_py.dir/rosidl_generator_py/ariac_interfaces/msg/_cell_defect_s.c.o[0m
[14.393s] [ 91%] [32mBuilding C object CMakeFiles/ariac_interfaces__rosidl_generator_py.dir/rosidl_generator_py/ariac_interfaces/msg/_cell_feeder_status_s.c.o[0m
[14.393s] [ 91%] [32mBuilding C object CMakeFiles/ariac_interfaces__rosidl_generator_py.dir/rosidl_generator_py/ariac_interfaces/msg/_agv_tray_status_s.c.o[0m
[14.395s] [ 92%] [32mBuilding C object CMakeFiles/ariac_interfaces__rosidl_generator_py.dir/rosidl_generator_py/ariac_interfaces/msg/_inspection_report_s.c.o[0m
[14.544s] [ 92%] [32mBuilding C object CMakeFiles/ariac_interfaces__rosidl_generator_py.dir/rosidl_generator_py/ariac_interfaces/msg/_operation_states_s.c.o[0m
[14.544s] [ 92%] [32mBuilding C object CMakeFiles/ariac_interfaces__rosidl_generator_py.dir/rosidl_generator_py/ariac_interfaces/msg/_tool_changer_status_s.c.o[0m
[14.545s] [ 93%] [32mBuilding C object CMakeFiles/ariac_interfaces__rosidl_generator_py.dir/rosidl_generator_py/ariac_interfaces/msg/_vacuum_tools_s.c.o[0m
[14.554s] [ 94%] [32mBuilding C object CMakeFiles/ariac_interfaces__rosidl_generator_py.dir/rosidl_generator_py/ariac_interfaces/msg/_voltage_reading_s.c.o[0m
[14.555s] [ 94%] [32mBuilding C object CMakeFiles/ariac_interfaces__rosidl_generator_py.dir/rosidl_generator_py/ariac_interfaces/srv/_attach_tool_s.c.o[0m
[14.555s] [ 94%] [32mBuilding C object CMakeFiles/ariac_interfaces__rosidl_generator_py.dir/rosidl_generator_py/ariac_interfaces/srv/_bidirectional_conveyor_control_s.c.o[0m
[14.555s] [ 94%] [32mBuilding C object CMakeFiles/ariac_interfaces__rosidl_generator_py.dir/rosidl_generator_py/ariac_interfaces/srv/_check_kit_quality_s.c.o[0m
[14.555s] [ 95%] [32mBuilding C object CMakeFiles/ariac_interfaces__rosidl_generator_py.dir/rosidl_generator_py/ariac_interfaces/srv/_control_cell_feeder_s.c.o[0m
[14.557s] [ 95%] [32mBuilding C object CMakeFiles/ariac_interfaces__rosidl_generator_py.dir/rosidl_generator_py/ariac_interfaces/srv/_conveyor_control_s.c.o[0m
[14.565s] [ 96%] [32mBuilding C object CMakeFiles/ariac_interfaces__rosidl_generator_py.dir/rosidl_generator_py/ariac_interfaces/srv/_end_competition_s.c.o[0m
[14.570s] [ 96%] [32mBuilding C object CMakeFiles/ariac_interfaces__rosidl_generator_py.dir/rosidl_generator_py/ariac_interfaces/srv/_submit_high_priority_order_s.c.o[0m
[14.579s] [ 96%] [32mBuilding C object CMakeFiles/ariac_interfaces__rosidl_generator_py.dir/rosidl_generator_py/ariac_interfaces/srv/_submit_inspection_report_s.c.o[0m
[14.594s] [ 97%] [32mBuilding C object CMakeFiles/ariac_interfaces__rosidl_generator_py.dir/rosidl_generator_py/ariac_interfaces/srv/_trigger_s.c.o[0m
[14.740s] [ 97%] [32m[1mLinking C shared library rosidl_generator_py/ariac_interfaces/libariac_interfaces__rosidl_generator_py.so[0m
[14.782s] [ 97%] Built target ariac_interfaces__rosidl_generator_py
[14.798s] [100%] [32mBuilding C object CMakeFiles/ariac_interfaces__rosidl_typesupport_fastrtps_c__pyext.dir/rosidl_generator_py/ariac_interfaces/_ariac_interfaces_s.ep.rosidl_typesupport_fastrtps_c.c.o[0m
[14.798s] [100%] [32mBuilding C object CMakeFiles/ariac_interfaces__rosidl_typesupport_introspection_c__pyext.dir/rosidl_generator_py/ariac_interfaces/_ariac_interfaces_s.ep.rosidl_typesupport_introspection_c.c.o[0m
[14.798s] [100%] [32mBuilding C object CMakeFiles/ariac_interfaces__rosidl_typesupport_c__pyext.dir/rosidl_generator_py/ariac_interfaces/_ariac_interfaces_s.ep.rosidl_typesupport_c.c.o[0m
[15.025s] [100%] [32m[1mLinking C shared library rosidl_generator_py/ariac_interfaces/ariac_interfaces_s__rosidl_typesupport_introspection_c.cpython-310-x86_64-linux-gnu.so[0m
[15.051s] [100%] [32m[1mLinking C shared library rosidl_generator_py/ariac_interfaces/ariac_interfaces_s__rosidl_typesupport_fastrtps_c.cpython-310-x86_64-linux-gnu.so[0m
[15.065s] [100%] Built target ariac_interfaces__rosidl_typesupport_introspection_c__pyext
[15.070s] [100%] [32m[1mLinking C shared library rosidl_generator_py/ariac_interfaces/ariac_interfaces_s__rosidl_typesupport_c.cpython-310-x86_64-linux-gnu.so[0m
[15.089s] [100%] Built target ariac_interfaces__rosidl_typesupport_fastrtps_c__pyext
[15.107s] [100%] Built target ariac_interfaces__rosidl_typesupport_c__pyext
