-- Install configuration: ""
-- Up-to-date: /home/user/dobot_ws/install/cra_description/share/ament_index/resource_index/package_run_dependencies/cra_description
-- Up-to-date: /home/user/dobot_ws/install/cra_description/share/ament_index/resource_index/parent_prefix_path/cra_description
-- Up-to-date: /home/user/dobot_ws/install/cra_description/share/cra_description/environment/ament_prefix_path.sh
-- Up-to-date: /home/user/dobot_ws/install/cra_description/share/cra_description/environment/ament_prefix_path.dsv
-- Up-to-date: /home/user/dobot_ws/install/cra_description/share/cra_description/environment/path.sh
-- Up-to-date: /home/user/dobot_ws/install/cra_description/share/cra_description/environment/path.dsv
-- Up-to-date: /home/user/dobot_ws/install/cra_description/share/cra_description/local_setup.bash
-- Up-to-date: /home/user/dobot_ws/install/cra_description/share/cra_description/local_setup.sh
-- Up-to-date: /home/user/dobot_ws/install/cra_description/share/cra_description/local_setup.zsh
-- Up-to-date: /home/user/dobot_ws/install/cra_description/share/cra_description/local_setup.dsv
-- Installing: /home/user/dobot_ws/install/cra_description/share/cra_description/package.dsv
-- Up-to-date: /home/user/dobot_ws/install/cra_description/share/ament_index/resource_index/packages/cra_description
-- Up-to-date: /home/user/dobot_ws/install/cra_description/share/cra_description/cmake/cra_descriptionConfig.cmake
-- Up-to-date: /home/user/dobot_ws/install/cra_description/share/cra_description/cmake/cra_descriptionConfig-version.cmake
-- Up-to-date: /home/user/dobot_ws/install/cra_description/share/cra_description/package.xml
-- Up-to-date: /home/user/dobot_ws/install/cra_description/share/cra_description/urdf
-- Up-to-date: /home/user/dobot_ws/install/cra_description/share/cra_description/urdf/cr10_robot.xacro
-- Up-to-date: /home/user/dobot_ws/install/cra_description/share/cra_description/urdf/gripper.xacro
-- Up-to-date: /home/user/dobot_ws/install/cra_description/share/cra_description/urdf/nova5_robot.xacro
-- Up-to-date: /home/user/dobot_ws/install/cra_description/share/cra_description/urdf/cr20_robot.xacro
-- Up-to-date: /home/user/dobot_ws/install/cra_description/share/cra_description/urdf/cr3_robot.xacro
-- Up-to-date: /home/user/dobot_ws/install/cra_description/share/cra_description/urdf/cr30h_robot.xacro
-- Up-to-date: /home/user/dobot_ws/install/cra_description/share/cra_description/urdf/me6_robot.xacro
-- Up-to-date: /home/user/dobot_ws/install/cra_description/share/cra_description/urdf/cr16_robot.xacro
-- Up-to-date: /home/user/dobot_ws/install/cra_description/share/cra_description/urdf/cr12_robot.xacro
-- Up-to-date: /home/user/dobot_ws/install/cra_description/share/cra_description/urdf/nova2_robot.xacro
-- Up-to-date: /home/user/dobot_ws/install/cra_description/share/cra_description/urdf/cr10af_robot.xacro
-- Up-to-date: /home/user/dobot_ws/install/cra_description/share/cra_description/urdf/cr5_robot.xacro
-- Installing: /home/user/dobot_ws/install/cra_description/share/cra_description/urdf/cr7_robot.xacro
-- Up-to-date: /home/user/dobot_ws/install/cra_description/share/cra_description/urdf/cr7_robot.xacro.bak
-- Up-to-date: /home/user/dobot_ws/install/cra_description/share/cra_description/meshes
-- Up-to-date: /home/user/dobot_ws/install/cra_description/share/cra_description/meshes/cr3
-- Up-to-date: /home/user/dobot_ws/install/cra_description/share/cra_description/meshes/cr3/J3.STL
-- Up-to-date: /home/user/dobot_ws/install/cra_description/share/cra_description/meshes/cr3/J6.STL
-- Up-to-date: /home/user/dobot_ws/install/cra_description/share/cra_description/meshes/cr3/J1.STL
-- Up-to-date: /home/user/dobot_ws/install/cra_description/share/cra_description/meshes/cr3/base_link.STL
-- Up-to-date: /home/user/dobot_ws/install/cra_description/share/cra_description/meshes/cr3/J4.STL
-- Up-to-date: /home/user/dobot_ws/install/cra_description/share/cra_description/meshes/cr3/J2.STL
-- Up-to-date: /home/user/dobot_ws/install/cra_description/share/cra_description/meshes/cr3/J5.STL
-- Up-to-date: /home/user/dobot_ws/install/cra_description/share/cra_description/meshes/cr5
-- Up-to-date: /home/user/dobot_ws/install/cra_description/share/cra_description/meshes/cr5/J3.STL
-- Up-to-date: /home/user/dobot_ws/install/cra_description/share/cra_description/meshes/cr5/J6.STL
-- Up-to-date: /home/user/dobot_ws/install/cra_description/share/cra_description/meshes/cr5/J1.STL
-- Up-to-date: /home/user/dobot_ws/install/cra_description/share/cra_description/meshes/cr5/base_link.STL
-- Up-to-date: /home/user/dobot_ws/install/cra_description/share/cra_description/meshes/cr5/J4.STL
-- Up-to-date: /home/user/dobot_ws/install/cra_description/share/cra_description/meshes/cr5/J2.STL
-- Up-to-date: /home/user/dobot_ws/install/cra_description/share/cra_description/meshes/cr5/J5.STL
-- Up-to-date: /home/user/dobot_ws/install/cra_description/share/cra_description/meshes/nova2
-- Up-to-date: /home/user/dobot_ws/install/cra_description/share/cra_description/meshes/nova2/Link3.STL
-- Up-to-date: /home/user/dobot_ws/install/cra_description/share/cra_description/meshes/nova2/Link5.STL
-- Up-to-date: /home/user/dobot_ws/install/cra_description/share/cra_description/meshes/nova2/Link1.STL
-- Up-to-date: /home/user/dobot_ws/install/cra_description/share/cra_description/meshes/nova2/Link2.STL
-- Up-to-date: /home/user/dobot_ws/install/cra_description/share/cra_description/meshes/nova2/Link6.STL
-- Up-to-date: /home/user/dobot_ws/install/cra_description/share/cra_description/meshes/nova2/Link4.STL
-- Up-to-date: /home/user/dobot_ws/install/cra_description/share/cra_description/meshes/nova2/base_link.STL
-- Up-to-date: /home/user/dobot_ws/install/cra_description/share/cra_description/meshes/cr12
-- Up-to-date: /home/user/dobot_ws/install/cra_description/share/cra_description/meshes/cr12/J3.STL
-- Up-to-date: /home/user/dobot_ws/install/cra_description/share/cra_description/meshes/cr12/J6.STL
-- Up-to-date: /home/user/dobot_ws/install/cra_description/share/cra_description/meshes/cr12/J1.STL
-- Up-to-date: /home/user/dobot_ws/install/cra_description/share/cra_description/meshes/cr12/base_link0.STL
-- Up-to-date: /home/user/dobot_ws/install/cra_description/share/cra_description/meshes/cr12/J4.STL
-- Up-to-date: /home/user/dobot_ws/install/cra_description/share/cra_description/meshes/cr12/J2.STL
-- Up-to-date: /home/user/dobot_ws/install/cra_description/share/cra_description/meshes/cr12/J5.STL
-- Up-to-date: /home/user/dobot_ws/install/cra_description/share/cra_description/meshes/cr10
-- Up-to-date: /home/user/dobot_ws/install/cra_description/share/cra_description/meshes/cr10/Link3.STL
-- Up-to-date: /home/user/dobot_ws/install/cra_description/share/cra_description/meshes/cr10/Link5.STL
-- Up-to-date: /home/user/dobot_ws/install/cra_description/share/cra_description/meshes/cr10/Link1.STL
-- Up-to-date: /home/user/dobot_ws/install/cra_description/share/cra_description/meshes/cr10/Link2.STL
-- Up-to-date: /home/user/dobot_ws/install/cra_description/share/cra_description/meshes/cr10/Link6.STL
-- Up-to-date: /home/user/dobot_ws/install/cra_description/share/cra_description/meshes/cr10/Link4.STL
-- Up-to-date: /home/user/dobot_ws/install/cra_description/share/cra_description/meshes/cr10/base_link.STL
-- Up-to-date: /home/user/dobot_ws/install/cra_description/share/cra_description/meshes/me6
-- Up-to-date: /home/user/dobot_ws/install/cra_description/share/cra_description/meshes/me6/Link3.STL
-- Up-to-date: /home/user/dobot_ws/install/cra_description/share/cra_description/meshes/me6/Link5.STL
-- Up-to-date: /home/user/dobot_ws/install/cra_description/share/cra_description/meshes/me6/Link1.STL
-- Up-to-date: /home/user/dobot_ws/install/cra_description/share/cra_description/meshes/me6/Link2.STL
-- Up-to-date: /home/user/dobot_ws/install/cra_description/share/cra_description/meshes/me6/Link6.STL
-- Up-to-date: /home/user/dobot_ws/install/cra_description/share/cra_description/meshes/me6/Link4.STL
-- Up-to-date: /home/user/dobot_ws/install/cra_description/share/cra_description/meshes/me6/base_link.STL
-- Up-to-date: /home/user/dobot_ws/install/cra_description/share/cra_description/meshes/cr20
-- Up-to-date: /home/user/dobot_ws/install/cra_description/share/cra_description/meshes/cr20/Link3.STL
-- Up-to-date: /home/user/dobot_ws/install/cra_description/share/cra_description/meshes/cr20/Link5.STL
-- Up-to-date: /home/user/dobot_ws/install/cra_description/share/cra_description/meshes/cr20/Link1.STL
-- Up-to-date: /home/user/dobot_ws/install/cra_description/share/cra_description/meshes/cr20/Link2.STL
-- Up-to-date: /home/user/dobot_ws/install/cra_description/share/cra_description/meshes/cr20/Link6.STL
-- Up-to-date: /home/user/dobot_ws/install/cra_description/share/cra_description/meshes/cr20/Link4.STL
-- Up-to-date: /home/user/dobot_ws/install/cra_description/share/cra_description/meshes/cr20/base_link.STL
-- Up-to-date: /home/user/dobot_ws/install/cra_description/share/cra_description/meshes/cr30h
-- Up-to-date: /home/user/dobot_ws/install/cra_description/share/cra_description/meshes/cr30h/Link3.STL
-- Up-to-date: /home/user/dobot_ws/install/cra_description/share/cra_description/meshes/cr30h/Link5.STL
-- Up-to-date: /home/user/dobot_ws/install/cra_description/share/cra_description/meshes/cr30h/Link1.STL
-- Up-to-date: /home/user/dobot_ws/install/cra_description/share/cra_description/meshes/cr30h/Link2.STL
-- Up-to-date: /home/user/dobot_ws/install/cra_description/share/cra_description/meshes/cr30h/Link6.STL
-- Up-to-date: /home/user/dobot_ws/install/cra_description/share/cra_description/meshes/cr30h/Link4.STL
-- Up-to-date: /home/user/dobot_ws/install/cra_description/share/cra_description/meshes/cr30h/base_link.STL
-- Up-to-date: /home/user/dobot_ws/install/cra_description/share/cra_description/meshes/nova5
-- Up-to-date: /home/user/dobot_ws/install/cra_description/share/cra_description/meshes/nova5/Link3.STL
-- Up-to-date: /home/user/dobot_ws/install/cra_description/share/cra_description/meshes/nova5/Link5.STL
-- Up-to-date: /home/user/dobot_ws/install/cra_description/share/cra_description/meshes/nova5/Link1.STL
-- Up-to-date: /home/user/dobot_ws/install/cra_description/share/cra_description/meshes/nova5/Link2.STL
-- Up-to-date: /home/user/dobot_ws/install/cra_description/share/cra_description/meshes/nova5/Link6.STL
-- Up-to-date: /home/user/dobot_ws/install/cra_description/share/cra_description/meshes/nova5/Link4.STL
-- Up-to-date: /home/user/dobot_ws/install/cra_description/share/cra_description/meshes/nova5/base_link.STL
-- Up-to-date: /home/user/dobot_ws/install/cra_description/share/cra_description/meshes/cr7
-- Up-to-date: /home/user/dobot_ws/install/cra_description/share/cra_description/meshes/cr7/J3.STL
-- Up-to-date: /home/user/dobot_ws/install/cra_description/share/cra_description/meshes/cr7/J6.STL
-- Up-to-date: /home/user/dobot_ws/install/cra_description/share/cra_description/meshes/cr7/J1.STL
-- Up-to-date: /home/user/dobot_ws/install/cra_description/share/cra_description/meshes/cr7/base_link0.STL
-- Up-to-date: /home/user/dobot_ws/install/cra_description/share/cra_description/meshes/cr7/J4.STL
-- Up-to-date: /home/user/dobot_ws/install/cra_description/share/cra_description/meshes/cr7/J2.STL
-- Up-to-date: /home/user/dobot_ws/install/cra_description/share/cra_description/meshes/cr7/J5.STL
-- Up-to-date: /home/user/dobot_ws/install/cra_description/share/cra_description/meshes/cr16
-- Up-to-date: /home/user/dobot_ws/install/cra_description/share/cra_description/meshes/cr16/Link3.STL
-- Up-to-date: /home/user/dobot_ws/install/cra_description/share/cra_description/meshes/cr16/Link5.STL
-- Up-to-date: /home/user/dobot_ws/install/cra_description/share/cra_description/meshes/cr16/Link1.STL
-- Up-to-date: /home/user/dobot_ws/install/cra_description/share/cra_description/meshes/cr16/Link2.STL
-- Up-to-date: /home/user/dobot_ws/install/cra_description/share/cra_description/meshes/cr16/Link6.STL
-- Up-to-date: /home/user/dobot_ws/install/cra_description/share/cra_description/meshes/cr16/Link4.STL
-- Up-to-date: /home/user/dobot_ws/install/cra_description/share/cra_description/meshes/cr16/base_link.STL
-- Up-to-date: /home/user/dobot_ws/install/cra_description/share/cra_description/meshes/cr10af
-- Up-to-date: /home/user/dobot_ws/install/cra_description/share/cra_description/meshes/cr10af/J3.STL
-- Up-to-date: /home/user/dobot_ws/install/cra_description/share/cra_description/meshes/cr10af/J6.STL
-- Up-to-date: /home/user/dobot_ws/install/cra_description/share/cra_description/meshes/cr10af/J1.STL
-- Up-to-date: /home/user/dobot_ws/install/cra_description/share/cra_description/meshes/cr10af/base_link.STL
-- Up-to-date: /home/user/dobot_ws/install/cra_description/share/cra_description/meshes/cr10af/J4.STL
-- Up-to-date: /home/user/dobot_ws/install/cra_description/share/cra_description/meshes/cr10af/J2.STL
-- Up-to-date: /home/user/dobot_ws/install/cra_description/share/cra_description/meshes/cr10af/J5.STL
