[0.950s] Invoking command in '/home/user/dobot_ws/src/DOBOT_6Axis_ROS2_V4/servo_action': PYTHONPATH=/home/user/dobot_ws/build/servo_action/prefix_override:/usr/lib/python3/dist-packages/colcon_core/task/python/colcon_distutils_commands:/home/user/dobot_ws/install/servo_action/lib/python3.10/site-packages:${PYTHONPATH} /usr/bin/python3 -W ignore:setup.py install is deprecated -W ignore:easy_install command is deprecated setup.py egg_info --egg-base ../../../build/servo_action build --build-base /home/user/dobot_ws/build/servo_action/build install --record /home/user/dobot_ws/build/servo_action/install.log --single-version-externally-managed install_data
[1.135s] running egg_info
[1.135s] creating ../../../build/servo_action/servo_action.egg-info
[1.136s] writing ../../../build/servo_action/servo_action.egg-info/PKG-INFO
[1.136s] writing dependency_links to ../../../build/servo_action/servo_action.egg-info/dependency_links.txt
[1.136s] writing entry points to ../../../build/servo_action/servo_action.egg-info/entry_points.txt
[1.136s] writing requirements to ../../../build/servo_action/servo_action.egg-info/requires.txt
[1.136s] writing top-level names to ../../../build/servo_action/servo_action.egg-info/top_level.txt
[1.136s] writing manifest file '../../../build/servo_action/servo_action.egg-info/SOURCES.txt'
[1.138s] reading manifest file '../../../build/servo_action/servo_action.egg-info/SOURCES.txt'
[1.140s] writing manifest file '../../../build/servo_action/servo_action.egg-info/SOURCES.txt'
[1.140s] running build
[1.140s] running build_py
[1.140s] creating /home/user/dobot_ws/build/servo_action/build
[1.140s] creating /home/user/dobot_ws/build/servo_action/build/lib
[1.140s] creating /home/user/dobot_ws/build/servo_action/build/lib/servo_action
[1.140s] copying servo_action/Joint_Position.py -> /home/user/dobot_ws/build/servo_action/build/lib/servo_action
[1.140s] copying servo_action/action_move_client.py -> /home/user/dobot_ws/build/servo_action/build/lib/servo_action
[1.140s] copying servo_action/__init__.py -> /home/user/dobot_ws/build/servo_action/build/lib/servo_action
[1.141s] running install
[1.141s] running install_lib
[1.142s] creating /home/user/dobot_ws/install/servo_action/lib/python3.10/site-packages/servo_action
[1.142s] copying /home/user/dobot_ws/build/servo_action/build/lib/servo_action/Joint_Position.py -> /home/user/dobot_ws/install/servo_action/lib/python3.10/site-packages/servo_action
[1.142s] copying /home/user/dobot_ws/build/servo_action/build/lib/servo_action/action_move_client.py -> /home/user/dobot_ws/install/servo_action/lib/python3.10/site-packages/servo_action
[1.142s] copying /home/user/dobot_ws/build/servo_action/build/lib/servo_action/__init__.py -> /home/user/dobot_ws/install/servo_action/lib/python3.10/site-packages/servo_action
[1.143s] byte-compiling /home/user/dobot_ws/install/servo_action/lib/python3.10/site-packages/servo_action/Joint_Position.py to Joint_Position.cpython-310.pyc
[1.143s] byte-compiling /home/user/dobot_ws/install/servo_action/lib/python3.10/site-packages/servo_action/action_move_client.py to action_move_client.cpython-310.pyc
[1.144s] byte-compiling /home/user/dobot_ws/install/servo_action/lib/python3.10/site-packages/servo_action/__init__.py to __init__.cpython-310.pyc
[1.144s] running install_data
[1.144s] creating /home/user/dobot_ws/install/servo_action/share/ament_index
[1.145s] creating /home/user/dobot_ws/install/servo_action/share/ament_index/resource_index
[1.145s] creating /home/user/dobot_ws/install/servo_action/share/ament_index/resource_index/packages
[1.145s] copying resource/servo_action -> /home/user/dobot_ws/install/servo_action/share/ament_index/resource_index/packages
[1.145s] copying package.xml -> /home/user/dobot_ws/install/servo_action/share/servo_action
[1.145s] running install_egg_info
[1.147s] Copying ../../../build/servo_action/servo_action.egg-info to /home/user/dobot_ws/install/servo_action/lib/python3.10/site-packages/servo_action-0.0.0-py3.10.egg-info
[1.148s] running install_scripts
[1.169s] Installing Joint_Position script to /home/user/dobot_ws/install/servo_action/lib/servo_action
[1.169s] Installing action_move_client script to /home/user/dobot_ws/install/servo_action/lib/servo_action
[1.169s] writing list of installed files to '/home/user/dobot_ws/build/servo_action/install.log'
[1.190s] Invoked command in '/home/user/dobot_ws/src/DOBOT_6Axis_ROS2_V4/servo_action' returned '0': PYTHONPATH=/home/user/dobot_ws/build/servo_action/prefix_override:/usr/lib/python3/dist-packages/colcon_core/task/python/colcon_distutils_commands:/home/user/dobot_ws/install/servo_action/lib/python3.10/site-packages:${PYTHONPATH} /usr/bin/python3 -W ignore:setup.py install is deprecated -W ignore:easy_install command is deprecated setup.py egg_info --egg-base ../../../build/servo_action build --build-base /home/user/dobot_ws/build/servo_action/build install --record /home/user/dobot_ws/build/servo_action/install.log --single-version-externally-managed install_data
