[0.008s] Invoking command in '/home/user/dobot_ws/build/onrobot_2fg7_description': CMAKE_PREFIX_PATH=${CMAKE_PREFIX_PATH}:/home/user/dobot_ws/install/servo_action:/home/user/dobot_ws/install/dobot_moveit:/home/user/dobot_ws/install/dobot_demo:/opt/ros/humble /usr/bin/cmake --build /home/user/dobot_ws/build/onrobot_2fg7_description -- -j16 -l16
[0.034s] Invoked command in '/home/user/dobot_ws/build/onrobot_2fg7_description' returned '0': CMAKE_PREFIX_PATH=${CMAKE_PREFIX_PATH}:/home/user/dobot_ws/install/servo_action:/home/user/dobot_ws/install/dobot_moveit:/home/user/dobot_ws/install/dobot_demo:/opt/ros/humble /usr/bin/cmake --build /home/user/dobot_ws/build/onrobot_2fg7_description -- -j16 -l16
[0.040s] Invoking command in '/home/user/dobot_ws/build/onrobot_2fg7_description': CMAKE_PREFIX_PATH=${CMAKE_PREFIX_PATH}:/home/user/dobot_ws/install/servo_action:/home/user/dobot_ws/install/dobot_moveit:/home/user/dobot_ws/install/dobot_demo:/opt/ros/humble /usr/bin/cmake --install /home/user/dobot_ws/build/onrobot_2fg7_description
[0.045s] -- Install configuration: ""
[0.045s] -- Up-to-date: /home/user/dobot_ws/install/onrobot_2fg7_description/share/onrobot_2fg7_description/config
[0.045s] -- Up-to-date: /home/user/dobot_ws/install/onrobot_2fg7_description/share/onrobot_2fg7_description/config/onrobot_2fg7_config.rviz
[0.045s] -- Up-to-date: /home/user/dobot_ws/install/onrobot_2fg7_description/share/onrobot_2fg7_description/urdf
[0.045s] -- Up-to-date: /home/user/dobot_ws/install/onrobot_2fg7_description/share/onrobot_2fg7_description/urdf/materials.xacro
[0.045s] -- Up-to-date: /home/user/dobot_ws/install/onrobot_2fg7_description/share/onrobot_2fg7_description/urdf/onrobot_2fg7.urdf.xacro
[0.045s] -- Up-to-date: /home/user/dobot_ws/install/onrobot_2fg7_description/share/onrobot_2fg7_description/urdf/onrobot_2fg7.xacro
[0.045s] -- Up-to-date: /home/user/dobot_ws/install/onrobot_2fg7_description/share/onrobot_2fg7_description/launch
[0.046s] -- Up-to-date: /home/user/dobot_ws/install/onrobot_2fg7_description/share/onrobot_2fg7_description/launch/rviz.launch.py
[0.046s] -- Up-to-date: /home/user/dobot_ws/install/onrobot_2fg7_description/share/onrobot_2fg7_description/meshes
[0.046s] -- Up-to-date: /home/user/dobot_ws/install/onrobot_2fg7_description/share/onrobot_2fg7_description/meshes/finger_link.stl
[0.046s] -- Up-to-date: /home/user/dobot_ws/install/onrobot_2fg7_description/share/onrobot_2fg7_description/meshes/base_link.stl
[0.046s] -- Up-to-date: /home/user/dobot_ws/install/onrobot_2fg7_description/share/onrobot_2fg7_description/ros2_control
[0.046s] -- Up-to-date: /home/user/dobot_ws/install/onrobot_2fg7_description/share/onrobot_2fg7_description/ros2_control/onrobot_2fg7.ros2_control.xacro
[0.046s] -- Up-to-date: /home/user/dobot_ws/install/onrobot_2fg7_description/share/ament_index/resource_index/package_run_dependencies/onrobot_2fg7_description
[0.046s] -- Up-to-date: /home/user/dobot_ws/install/onrobot_2fg7_description/share/ament_index/resource_index/parent_prefix_path/onrobot_2fg7_description
[0.046s] -- Up-to-date: /home/user/dobot_ws/install/onrobot_2fg7_description/share/onrobot_2fg7_description/environment/ament_prefix_path.sh
[0.046s] -- Up-to-date: /home/user/dobot_ws/install/onrobot_2fg7_description/share/onrobot_2fg7_description/environment/ament_prefix_path.dsv
[0.046s] -- Up-to-date: /home/user/dobot_ws/install/onrobot_2fg7_description/share/onrobot_2fg7_description/environment/path.sh
[0.046s] -- Up-to-date: /home/user/dobot_ws/install/onrobot_2fg7_description/share/onrobot_2fg7_description/environment/path.dsv
[0.046s] -- Up-to-date: /home/user/dobot_ws/install/onrobot_2fg7_description/share/onrobot_2fg7_description/local_setup.bash
[0.046s] -- Up-to-date: /home/user/dobot_ws/install/onrobot_2fg7_description/share/onrobot_2fg7_description/local_setup.sh
[0.046s] -- Up-to-date: /home/user/dobot_ws/install/onrobot_2fg7_description/share/onrobot_2fg7_description/local_setup.zsh
[0.046s] -- Up-to-date: /home/user/dobot_ws/install/onrobot_2fg7_description/share/onrobot_2fg7_description/local_setup.dsv
[0.047s] -- Installing: /home/user/dobot_ws/install/onrobot_2fg7_description/share/onrobot_2fg7_description/package.dsv
[0.047s] -- Up-to-date: /home/user/dobot_ws/install/onrobot_2fg7_description/share/ament_index/resource_index/packages/onrobot_2fg7_description
[0.047s] -- Up-to-date: /home/user/dobot_ws/install/onrobot_2fg7_description/share/onrobot_2fg7_description/cmake/onrobot_2fg7_descriptionConfig.cmake
[0.047s] -- Up-to-date: /home/user/dobot_ws/install/onrobot_2fg7_description/share/onrobot_2fg7_description/cmake/onrobot_2fg7_descriptionConfig-version.cmake
[0.047s] -- Up-to-date: /home/user/dobot_ws/install/onrobot_2fg7_description/share/onrobot_2fg7_description/package.xml
[0.048s] Invoked command in '/home/user/dobot_ws/build/onrobot_2fg7_description' returned '0': CMAKE_PREFIX_PATH=${CMAKE_PREFIX_PATH}:/home/user/dobot_ws/install/servo_action:/home/user/dobot_ws/install/dobot_moveit:/home/user/dobot_ws/install/dobot_demo:/opt/ros/humble /usr/bin/cmake --install /home/user/dobot_ws/build/onrobot_2fg7_description
