[0.214s] Invoking command in '/home/user/dobot_ws/build/dobot_rviz': CMAKE_PREFIX_PATH=${CMAKE_PREFIX_PATH}:/home/user/dobot_ws/install/servo_action:/home/user/dobot_ws/install/dobot_moveit:/home/user/dobot_ws/install/dobot_demo:/opt/ros/humble /usr/bin/cmake --build /home/user/dobot_ws/build/dobot_rviz -- -j16 -l16
[0.941s] Invoked command in '/home/user/dobot_ws/build/dobot_rviz' returned '0': CMAKE_PREFIX_PATH=${CMAKE_PREFIX_PATH}:/home/user/dobot_ws/install/servo_action:/home/user/dobot_ws/install/dobot_moveit:/home/user/dobot_ws/install/dobot_demo:/opt/ros/humble /usr/bin/cmake --build /home/user/dobot_ws/build/dobot_rviz -- -j16 -l16
[0.943s] Invoking command in '/home/user/dobot_ws/build/dobot_rviz': CMAKE_PREFIX_PATH=${CMAKE_PREFIX_PATH}:/home/user/dobot_ws/install/servo_action:/home/user/dobot_ws/install/dobot_moveit:/home/user/dobot_ws/install/dobot_demo:/opt/ros/humble /usr/bin/cmake --install /home/user/dobot_ws/build/dobot_rviz
[0.973s] -- Install configuration: ""
[0.974s] -- Up-to-date: /home/user/dobot_ws/install/dobot_rviz/share/dobot_rviz/launch
[0.974s] -- Up-to-date: /home/user/dobot_ws/install/dobot_rviz/share/dobot_rviz/launch/dobot_rviz.launch.py
[0.975s] -- Up-to-date: /home/user/dobot_ws/install/dobot_rviz/share/dobot_rviz/urdf
[0.976s] -- Up-to-date: /home/user/dobot_ws/install/dobot_rviz/share/dobot_rviz/urdf/cr20_robot.urdf
[0.976s] -- Up-to-date: /home/user/dobot_ws/install/dobot_rviz/share/dobot_rviz/urdf/cr12_robot.urdf
[0.977s] -- Up-to-date: /home/user/dobot_ws/install/dobot_rviz/share/dobot_rviz/urdf/cr5_robot.urdf
[0.978s] -- Up-to-date: /home/user/dobot_ws/install/dobot_rviz/share/dobot_rviz/urdf/nova5_robot.urdf
[0.978s] -- Up-to-date: /home/user/dobot_ws/install/dobot_rviz/share/dobot_rviz/urdf/me6_robot.urdf
[0.979s] -- Up-to-date: /home/user/dobot_ws/install/dobot_rviz/share/dobot_rviz/urdf/cr10_robot.urdf
[0.979s] -- Up-to-date: /home/user/dobot_ws/install/dobot_rviz/share/dobot_rviz/urdf/cr16_robot.urdf
[0.979s] -- Up-to-date: /home/user/dobot_ws/install/dobot_rviz/share/dobot_rviz/urdf/cr7_robot.urdf
[0.980s] -- Up-to-date: /home/user/dobot_ws/install/dobot_rviz/share/dobot_rviz/urdf/cr3_robot.urdf
[0.980s] -- Up-to-date: /home/user/dobot_ws/install/dobot_rviz/share/dobot_rviz/urdf/nova2_robot.urdf
[0.980s] -- Up-to-date: /home/user/dobot_ws/install/dobot_rviz/share/dobot_rviz/urdf/cr30h_robot.urdf
[0.981s] -- Up-to-date: /home/user/dobot_ws/install/dobot_rviz/share/dobot_rviz/urdf/cr10af_robot.urdf
[0.982s] -- Up-to-date: /home/user/dobot_ws/install/dobot_rviz/share/dobot_rviz/rviz
[0.982s] -- Up-to-date: /home/user/dobot_ws/install/dobot_rviz/share/dobot_rviz/rviz/urdf.rviz
[0.982s] -- Up-to-date: /home/user/dobot_ws/install/dobot_rviz/share/dobot_rviz/meshes
[0.983s] -- Up-to-date: /home/user/dobot_ws/install/dobot_rviz/share/dobot_rviz/meshes/cr3
[0.983s] -- Up-to-date: /home/user/dobot_ws/install/dobot_rviz/share/dobot_rviz/meshes/cr3/J3.STL
[0.983s] -- Up-to-date: /home/user/dobot_ws/install/dobot_rviz/share/dobot_rviz/meshes/cr3/J6.STL
[0.984s] -- Up-to-date: /home/user/dobot_ws/install/dobot_rviz/share/dobot_rviz/meshes/cr3/J1.STL
[0.984s] -- Up-to-date: /home/user/dobot_ws/install/dobot_rviz/share/dobot_rviz/meshes/cr3/base_link.STL
[0.984s] -- Up-to-date: /home/user/dobot_ws/install/dobot_rviz/share/dobot_rviz/meshes/cr3/J4.STL
[0.985s] -- Up-to-date: /home/user/dobot_ws/install/dobot_rviz/share/dobot_rviz/meshes/cr3/J2.STL
[0.987s] -- Up-to-date: /home/user/dobot_ws/install/dobot_rviz/share/dobot_rviz/meshes/cr3/J5.STL
[0.987s] -- Up-to-date: /home/user/dobot_ws/install/dobot_rviz/share/dobot_rviz/meshes/cr5
[0.988s] -- Up-to-date: /home/user/dobot_ws/install/dobot_rviz/share/dobot_rviz/meshes/cr5/J3.STL
[0.988s] -- Up-to-date: /home/user/dobot_ws/install/dobot_rviz/share/dobot_rviz/meshes/cr5/J6.STL
[0.989s] -- Up-to-date: /home/user/dobot_ws/install/dobot_rviz/share/dobot_rviz/meshes/cr5/J1.STL
[0.989s] -- Up-to-date: /home/user/dobot_ws/install/dobot_rviz/share/dobot_rviz/meshes/cr5/base_link.STL
[0.989s] -- Up-to-date: /home/user/dobot_ws/install/dobot_rviz/share/dobot_rviz/meshes/cr5/J4.STL
[0.990s] -- Up-to-date: /home/user/dobot_ws/install/dobot_rviz/share/dobot_rviz/meshes/cr5/J2.STL
[0.991s] -- Up-to-date: /home/user/dobot_ws/install/dobot_rviz/share/dobot_rviz/meshes/cr5/J5.STL
[0.993s] -- Up-to-date: /home/user/dobot_ws/install/dobot_rviz/share/dobot_rviz/meshes/nova2
[0.994s] -- Up-to-date: /home/user/dobot_ws/install/dobot_rviz/share/dobot_rviz/meshes/nova2/Link3.STL
[0.995s] -- Up-to-date: /home/user/dobot_ws/install/dobot_rviz/share/dobot_rviz/meshes/nova2/Link5.STL
[0.995s] -- Up-to-date: /home/user/dobot_ws/install/dobot_rviz/share/dobot_rviz/meshes/nova2/Link1.STL
[0.997s] -- Up-to-date: /home/user/dobot_ws/install/dobot_rviz/share/dobot_rviz/meshes/nova2/Link2.STL
[0.997s] -- Up-to-date: /home/user/dobot_ws/install/dobot_rviz/share/dobot_rviz/meshes/nova2/Link6.STL
[0.997s] -- Up-to-date: /home/user/dobot_ws/install/dobot_rviz/share/dobot_rviz/meshes/nova2/Link4.STL
[0.998s] -- Up-to-date: /home/user/dobot_ws/install/dobot_rviz/share/dobot_rviz/meshes/nova2/base_link.STL
[0.999s] -- Up-to-date: /home/user/dobot_ws/install/dobot_rviz/share/dobot_rviz/meshes/cr12
[0.999s] -- Up-to-date: /home/user/dobot_ws/install/dobot_rviz/share/dobot_rviz/meshes/cr12/J3.STL
[1.001s] -- Up-to-date: /home/user/dobot_ws/install/dobot_rviz/share/dobot_rviz/meshes/cr12/J6.STL
[1.001s] -- Up-to-date: /home/user/dobot_ws/install/dobot_rviz/share/dobot_rviz/meshes/cr12/J1.STL
[1.002s] -- Up-to-date: /home/user/dobot_ws/install/dobot_rviz/share/dobot_rviz/meshes/cr12/base_link0.STL
[1.002s] -- Up-to-date: /home/user/dobot_ws/install/dobot_rviz/share/dobot_rviz/meshes/cr12/J4.STL
[1.003s] -- Up-to-date: /home/user/dobot_ws/install/dobot_rviz/share/dobot_rviz/meshes/cr12/J2.STL
[1.004s] -- Up-to-date: /home/user/dobot_ws/install/dobot_rviz/share/dobot_rviz/meshes/cr12/J5.STL
[1.005s] -- Up-to-date: /home/user/dobot_ws/install/dobot_rviz/share/dobot_rviz/meshes/cr10
[1.005s] -- Up-to-date: /home/user/dobot_ws/install/dobot_rviz/share/dobot_rviz/meshes/cr10/Link3.STL
[1.005s] -- Up-to-date: /home/user/dobot_ws/install/dobot_rviz/share/dobot_rviz/meshes/cr10/Link5.STL
[1.006s] -- Up-to-date: /home/user/dobot_ws/install/dobot_rviz/share/dobot_rviz/meshes/cr10/Link1.STL
[1.006s] -- Up-to-date: /home/user/dobot_ws/install/dobot_rviz/share/dobot_rviz/meshes/cr10/Link2.STL
[1.006s] -- Up-to-date: /home/user/dobot_ws/install/dobot_rviz/share/dobot_rviz/meshes/cr10/Link6.STL
[1.006s] -- Up-to-date: /home/user/dobot_ws/install/dobot_rviz/share/dobot_rviz/meshes/cr10/Link4.STL
[1.007s] -- Up-to-date: /home/user/dobot_ws/install/dobot_rviz/share/dobot_rviz/meshes/cr10/base_link.STL
[1.007s] -- Up-to-date: /home/user/dobot_ws/install/dobot_rviz/share/dobot_rviz/meshes/me6
[1.007s] -- Up-to-date: /home/user/dobot_ws/install/dobot_rviz/share/dobot_rviz/meshes/me6/Link3.STL
[1.007s] -- Up-to-date: /home/user/dobot_ws/install/dobot_rviz/share/dobot_rviz/meshes/me6/Link5.STL
[1.007s] -- Up-to-date: /home/user/dobot_ws/install/dobot_rviz/share/dobot_rviz/meshes/me6/Link1.STL
[1.008s] -- Up-to-date: /home/user/dobot_ws/install/dobot_rviz/share/dobot_rviz/meshes/me6/Link2.STL
[1.008s] -- Up-to-date: /home/user/dobot_ws/install/dobot_rviz/share/dobot_rviz/meshes/me6/Link6.STL
[1.009s] -- Up-to-date: /home/user/dobot_ws/install/dobot_rviz/share/dobot_rviz/meshes/me6/Link4.STL
[1.009s] -- Up-to-date: /home/user/dobot_ws/install/dobot_rviz/share/dobot_rviz/meshes/me6/base_link.STL
[1.009s] -- Up-to-date: /home/user/dobot_ws/install/dobot_rviz/share/dobot_rviz/meshes/cr20
[1.010s] -- Up-to-date: /home/user/dobot_ws/install/dobot_rviz/share/dobot_rviz/meshes/cr20/Link3.STL
[1.010s] -- Up-to-date: /home/user/dobot_ws/install/dobot_rviz/share/dobot_rviz/meshes/cr20/Link5.STL
[1.011s] -- Up-to-date: /home/user/dobot_ws/install/dobot_rviz/share/dobot_rviz/meshes/cr20/Link1.STL
[1.011s] -- Up-to-date: /home/user/dobot_ws/install/dobot_rviz/share/dobot_rviz/meshes/cr20/Link2.STL
[1.011s] -- Up-to-date: /home/user/dobot_ws/install/dobot_rviz/share/dobot_rviz/meshes/cr20/Link6.STL
[1.012s] -- Up-to-date: /home/user/dobot_ws/install/dobot_rviz/share/dobot_rviz/meshes/cr20/Link4.STL
[1.012s] -- Up-to-date: /home/user/dobot_ws/install/dobot_rviz/share/dobot_rviz/meshes/cr20/base_link.STL
[1.013s] -- Up-to-date: /home/user/dobot_ws/install/dobot_rviz/share/dobot_rviz/meshes/cr30h
[1.013s] -- Up-to-date: /home/user/dobot_ws/install/dobot_rviz/share/dobot_rviz/meshes/cr30h/Link3.STL
[1.014s] -- Up-to-date: /home/user/dobot_ws/install/dobot_rviz/share/dobot_rviz/meshes/cr30h/Link5.STL
[1.015s] -- Up-to-date: /home/user/dobot_ws/install/dobot_rviz/share/dobot_rviz/meshes/cr30h/Link1.STL
[1.016s] -- Up-to-date: /home/user/dobot_ws/install/dobot_rviz/share/dobot_rviz/meshes/cr30h/Link2.STL
[1.016s] -- Up-to-date: /home/user/dobot_ws/install/dobot_rviz/share/dobot_rviz/meshes/cr30h/Link6.STL
[1.016s] -- Up-to-date: /home/user/dobot_ws/install/dobot_rviz/share/dobot_rviz/meshes/cr30h/Link4.STL
[1.016s] -- Up-to-date: /home/user/dobot_ws/install/dobot_rviz/share/dobot_rviz/meshes/cr30h/base_link.STL
[1.016s] -- Up-to-date: /home/user/dobot_ws/install/dobot_rviz/share/dobot_rviz/meshes/nova5
[1.016s] -- Up-to-date: /home/user/dobot_ws/install/dobot_rviz/share/dobot_rviz/meshes/nova5/Link3.STL
[1.016s] -- Up-to-date: /home/user/dobot_ws/install/dobot_rviz/share/dobot_rviz/meshes/nova5/Link5.STL
[1.016s] -- Up-to-date: /home/user/dobot_ws/install/dobot_rviz/share/dobot_rviz/meshes/nova5/Link1.STL
[1.016s] -- Up-to-date: /home/user/dobot_ws/install/dobot_rviz/share/dobot_rviz/meshes/nova5/Link2.STL
[1.017s] -- Up-to-date: /home/user/dobot_ws/install/dobot_rviz/share/dobot_rviz/meshes/nova5/Link6.STL
[1.017s] -- Up-to-date: /home/user/dobot_ws/install/dobot_rviz/share/dobot_rviz/meshes/nova5/Link4.STL
[1.017s] -- Up-to-date: /home/user/dobot_ws/install/dobot_rviz/share/dobot_rviz/meshes/nova5/base_link.STL
[1.017s] -- Up-to-date: /home/user/dobot_ws/install/dobot_rviz/share/dobot_rviz/meshes/cr7
[1.017s] -- Up-to-date: /home/user/dobot_ws/install/dobot_rviz/share/dobot_rviz/meshes/cr7/J3.STL
[1.017s] -- Up-to-date: /home/user/dobot_ws/install/dobot_rviz/share/dobot_rviz/meshes/cr7/J6.STL
[1.017s] -- Up-to-date: /home/user/dobot_ws/install/dobot_rviz/share/dobot_rviz/meshes/cr7/J1.STL
[1.017s] -- Up-to-date: /home/user/dobot_ws/install/dobot_rviz/share/dobot_rviz/meshes/cr7/base_link0.STL
[1.018s] -- Up-to-date: /home/user/dobot_ws/install/dobot_rviz/share/dobot_rviz/meshes/cr7/J4.STL
[1.018s] -- Up-to-date: /home/user/dobot_ws/install/dobot_rviz/share/dobot_rviz/meshes/cr7/J2.STL
[1.018s] -- Up-to-date: /home/user/dobot_ws/install/dobot_rviz/share/dobot_rviz/meshes/cr7/J5.STL
[1.018s] -- Up-to-date: /home/user/dobot_ws/install/dobot_rviz/share/dobot_rviz/meshes/cr16
[1.018s] -- Up-to-date: /home/user/dobot_ws/install/dobot_rviz/share/dobot_rviz/meshes/cr16/Link3.STL
[1.018s] -- Up-to-date: /home/user/dobot_ws/install/dobot_rviz/share/dobot_rviz/meshes/cr16/Link5.STL
[1.019s] -- Up-to-date: /home/user/dobot_ws/install/dobot_rviz/share/dobot_rviz/meshes/cr16/Link1.STL
[1.019s] -- Up-to-date: /home/user/dobot_ws/install/dobot_rviz/share/dobot_rviz/meshes/cr16/Link2.STL
[1.019s] -- Up-to-date: /home/user/dobot_ws/install/dobot_rviz/share/dobot_rviz/meshes/cr16/Link6.STL
[1.019s] -- Up-to-date: /home/user/dobot_ws/install/dobot_rviz/share/dobot_rviz/meshes/cr16/Link4.STL
[1.019s] -- Up-to-date: /home/user/dobot_ws/install/dobot_rviz/share/dobot_rviz/meshes/cr16/base_link.STL
[1.019s] -- Up-to-date: /home/user/dobot_ws/install/dobot_rviz/share/dobot_rviz/meshes/cr10af
[1.020s] -- Up-to-date: /home/user/dobot_ws/install/dobot_rviz/share/dobot_rviz/meshes/cr10af/J3.STL
[1.020s] -- Up-to-date: /home/user/dobot_ws/install/dobot_rviz/share/dobot_rviz/meshes/cr10af/J6.STL
[1.020s] -- Up-to-date: /home/user/dobot_ws/install/dobot_rviz/share/dobot_rviz/meshes/cr10af/J1.STL
[1.020s] -- Up-to-date: /home/user/dobot_ws/install/dobot_rviz/share/dobot_rviz/meshes/cr10af/base_link.STL
[1.020s] -- Up-to-date: /home/user/dobot_ws/install/dobot_rviz/share/dobot_rviz/meshes/cr10af/J4.STL
[1.020s] -- Up-to-date: /home/user/dobot_ws/install/dobot_rviz/share/dobot_rviz/meshes/cr10af/J2.STL
[1.021s] -- Up-to-date: /home/user/dobot_ws/install/dobot_rviz/share/dobot_rviz/meshes/cr10af/J5.STL
[1.021s] -- Up-to-date: /home/user/dobot_ws/install/dobot_rviz/share/ament_index/resource_index/package_run_dependencies/dobot_rviz
[1.021s] -- Up-to-date: /home/user/dobot_ws/install/dobot_rviz/share/ament_index/resource_index/parent_prefix_path/dobot_rviz
[1.021s] -- Up-to-date: /home/user/dobot_ws/install/dobot_rviz/share/dobot_rviz/environment/ament_prefix_path.sh
[1.021s] -- Up-to-date: /home/user/dobot_ws/install/dobot_rviz/share/dobot_rviz/environment/ament_prefix_path.dsv
[1.021s] -- Up-to-date: /home/user/dobot_ws/install/dobot_rviz/share/dobot_rviz/environment/path.sh
[1.022s] -- Up-to-date: /home/user/dobot_ws/install/dobot_rviz/share/dobot_rviz/environment/path.dsv
[1.022s] -- Up-to-date: /home/user/dobot_ws/install/dobot_rviz/share/dobot_rviz/local_setup.bash
[1.022s] -- Up-to-date: /home/user/dobot_ws/install/dobot_rviz/share/dobot_rviz/local_setup.sh
[1.022s] -- Up-to-date: /home/user/dobot_ws/install/dobot_rviz/share/dobot_rviz/local_setup.zsh
[1.022s] -- Up-to-date: /home/user/dobot_ws/install/dobot_rviz/share/dobot_rviz/local_setup.dsv
[1.023s] -- Installing: /home/user/dobot_ws/install/dobot_rviz/share/dobot_rviz/package.dsv
[1.023s] -- Up-to-date: /home/user/dobot_ws/install/dobot_rviz/share/ament_index/resource_index/packages/dobot_rviz
[1.023s] -- Up-to-date: /home/user/dobot_ws/install/dobot_rviz/share/dobot_rviz/cmake/dobot_rvizConfig.cmake
[1.024s] -- Up-to-date: /home/user/dobot_ws/install/dobot_rviz/share/dobot_rviz/cmake/dobot_rvizConfig-version.cmake
[1.024s] -- Up-to-date: /home/user/dobot_ws/install/dobot_rviz/share/dobot_rviz/package.xml
[1.445s] Invoked command in '/home/user/dobot_ws/build/dobot_rviz' returned '0': CMAKE_PREFIX_PATH=${CMAKE_PREFIX_PATH}:/home/user/dobot_ws/install/servo_action:/home/user/dobot_ws/install/dobot_moveit:/home/user/dobot_ws/install/dobot_demo:/opt/ros/humble /usr/bin/cmake --install /home/user/dobot_ws/build/dobot_rviz
