-- The C compiler identification is GNU 12.3.0
-- The CXX compiler identification is GNU 12.3.0
-- Detecting C compiler ABI info
-- Detecting C compiler ABI info - done
-- Check for working C compiler: /usr/bin/cc - skipped
-- Detecting C compile features
-- Detecting C compile features - done
-- Detecting CXX compiler ABI info
-- Detecting CXX compiler ABI info - done
-- Check for working CXX compiler: /usr/bin/c++ - skipped
-- Detecting CXX compile features
-- Detecting CXX compile features - done
-- Found ament_cmake: 1.3.14 (/opt/ros/humble/share/ament_cmake/cmake)
-- Found Python3: /usr/bin/python3 (found version "3.10.12") found components: Interpreter 
-- Found rclcpp: 16.0.19 (/opt/ros/humble/share/rclcpp/cmake)
-- Found rosidl_generator_c: 3.1.8 (/opt/ros/humble/share/rosidl_generator_c/cmake)
-- Found rosidl_adapter: 3.1.8 (/opt/ros/humble/share/rosidl_adapter/cmake)
-- Found rosidl_generator_cpp: 3.1.8 (/opt/ros/humble/share/rosidl_generator_cpp/cmake)
-- Using all available rosidl_typesupport_c: rosidl_typesupport_fastrtps_c;rosidl_typesupport_introspection_c
-- Using all available rosidl_typesupport_cpp: rosidl_typesupport_fastrtps_cpp;rosidl_typesupport_introspection_cpp
-- Found rmw_implementation_cmake: 6.1.2 (/opt/ros/humble/share/rmw_implementation_cmake/cmake)
-- Found rmw_fastrtps_cpp: 6.2.10 (/opt/ros/humble/share/rmw_fastrtps_cpp/cmake)
-- Found OpenSSL: /usr/lib/x86_64-linux-gnu/libcrypto.so (found version "3.0.2")  
-- Found FastRTPS: /opt/ros/humble/include  
-- Using RMW implementation 'rmw_fastrtps_cpp' as default
-- Looking for pthread.h
-- Looking for pthread.h - found
-- Performing Test CMAKE_HAVE_LIBC_PTHREAD
-- Performing Test CMAKE_HAVE_LIBC_PTHREAD - Success
-- Found Threads: TRUE  
-- Found rclcpp_action: 16.0.19 (/opt/ros/humble/share/rclcpp_action/cmake)
-- Found sensor_msgs: 4.9.1 (/opt/ros/humble/share/sensor_msgs/cmake)
-- Found dobot_msgs_v4: 0.0.0 (/home/user/dobot_ws/install/dobot_msgs_v4/share/dobot_msgs_v4/cmake)
-- Found ament_lint_auto: 0.12.15 (/opt/ros/humble/share/ament_lint_auto/cmake)
-- Added test 'copyright' to check source files copyright and LICENSE
-- Added test 'cppcheck' to perform static code analysis on C / C++ code
-- Configured cppcheck include dirs: /home/user/dobot_ws/src/DOBOT_6Axis_ROS2_V4/dobot_bringup_v4/include;/home/user/dobot_ws/src/DOBOT_6Axis_ROS2_V4/dobot_bringup_v4/../../../install/dobot_msgs_v4/include;$<BUILD_INTERFACE:/home/user/dobot_ws/src/DOBOT_6Axis_ROS2_V4/dobot_bringup_v4/include>
-- Configured cppcheck exclude dirs and/or files: 
-- Added test 'cpplint' to check C / C++ code against the Google style
-- Configured cpplint exclude dirs and/or files: 
-- Added test 'flake8' to check Python code syntax and style conventions
-- Added test 'lint_cmake' to check CMake code style
-- Added test 'pep257' to check Python code against some of the docstring style conventions in PEP 257
-- Added test 'uncrustify' to check C / C++ code style
-- Configured uncrustify additional arguments: 
-- Added test 'xmllint' to check XML markup files
-- Configuring done
-- Generating done
-- Build files have been written to: /home/user/dobot_ws/build/cr_robot_ros2
[ 50%] [32mBuilding CXX object CMakeFiles/cr_robot_ros2_node.dir/src/command.cpp.o[0m
[ 50%] [32mBuilding CXX object CMakeFiles/cr_robot_ros2_node.dir/src/cr_robot_ros2.cpp.o[0m
[ 50%] [32mBuilding CXX object CMakeFiles/cr_robot_ros2_node.dir/src/tcp_socket.cpp.o[0m
[ 66%] [32mBuilding CXX object CMakeFiles/cr_robot_ros2_node.dir/src/main.cpp.o[0m
[ 83%] [32mBuilding CXX object CMakeFiles/cr_robot_ros2_node.dir/src/parseTool.cpp.o[0m
[100%] [32m[1mLinking CXX executable cr_robot_ros2_node[0m
[100%] Built target cr_robot_ros2_node
-- Install configuration: ""
-- Installing: /home/user/dobot_ws/install/cr_robot_ros2/lib/cr_robot_ros2/cr_robot_ros2_node
-- Set runtime path of "/home/user/dobot_ws/install/cr_robot_ros2/lib/cr_robot_ros2/cr_robot_ros2_node" to ""
-- Installing: /home/user/dobot_ws/install/cr_robot_ros2/share/cr_robot_ros2/launch
-- Installing: /home/user/dobot_ws/install/cr_robot_ros2/share/cr_robot_ros2/launch/dobot_bringup_ros2.launch.py
-- Installing: /home/user/dobot_ws/install/cr_robot_ros2/share/cr_robot_ros2/config
-- Installing: /home/user/dobot_ws/install/cr_robot_ros2/share/cr_robot_ros2/config/param.json
-- Installing: /home/user/dobot_ws/install/cr_robot_ros2/share/ament_index/resource_index/package_run_dependencies/cr_robot_ros2
-- Installing: /home/user/dobot_ws/install/cr_robot_ros2/share/ament_index/resource_index/parent_prefix_path/cr_robot_ros2
-- Installing: /home/user/dobot_ws/install/cr_robot_ros2/share/cr_robot_ros2/environment/ament_prefix_path.sh
-- Installing: /home/user/dobot_ws/install/cr_robot_ros2/share/cr_robot_ros2/environment/ament_prefix_path.dsv
-- Installing: /home/user/dobot_ws/install/cr_robot_ros2/share/cr_robot_ros2/environment/path.sh
-- Installing: /home/user/dobot_ws/install/cr_robot_ros2/share/cr_robot_ros2/environment/path.dsv
-- Installing: /home/user/dobot_ws/install/cr_robot_ros2/share/cr_robot_ros2/local_setup.bash
-- Installing: /home/user/dobot_ws/install/cr_robot_ros2/share/cr_robot_ros2/local_setup.sh
-- Installing: /home/user/dobot_ws/install/cr_robot_ros2/share/cr_robot_ros2/local_setup.zsh
-- Installing: /home/user/dobot_ws/install/cr_robot_ros2/share/cr_robot_ros2/local_setup.dsv
-- Installing: /home/user/dobot_ws/install/cr_robot_ros2/share/cr_robot_ros2/package.dsv
-- Installing: /home/user/dobot_ws/install/cr_robot_ros2/share/ament_index/resource_index/packages/cr_robot_ros2
-- Installing: /home/user/dobot_ws/install/cr_robot_ros2/share/cr_robot_ros2/cmake/cr_robot_ros2Config.cmake
-- Installing: /home/user/dobot_ws/install/cr_robot_ros2/share/cr_robot_ros2/cmake/cr_robot_ros2Config-version.cmake
-- Installing: /home/user/dobot_ws/install/cr_robot_ros2/share/cr_robot_ros2/package.xml
