[0.241s] Invoking command in '/home/user/dobot_ws/build/dobot_rviz': CMAKE_PREFIX_PATH=${CMAKE_PREFIX_PATH}:/home/user/dobot_ws/install/ariac_setup:/home/user/dobot_ws/install/servo_action:/home/user/dobot_ws/install/dobot_moveit:/home/user/dobot_ws/install/dobot_demo:/opt/ros/humble /usr/bin/cmake --build /home/user/dobot_ws/build/dobot_rviz -- -j16 -l16
[1.056s] Invoked command in '/home/user/dobot_ws/build/dobot_rviz' returned '0': CMAKE_PREFIX_PATH=${CMAKE_PREFIX_PATH}:/home/user/dobot_ws/install/ariac_setup:/home/user/dobot_ws/install/servo_action:/home/user/dobot_ws/install/dobot_moveit:/home/user/dobot_ws/install/dobot_demo:/opt/ros/humble /usr/bin/cmake --build /home/user/dobot_ws/build/dobot_rviz -- -j16 -l16
[1.057s] Invoking command in '/home/user/dobot_ws/build/dobot_rviz': CMAKE_PREFIX_PATH=${CMAKE_PREFIX_PATH}:/home/user/dobot_ws/install/ariac_setup:/home/user/dobot_ws/install/servo_action:/home/user/dobot_ws/install/dobot_moveit:/home/user/dobot_ws/install/dobot_demo:/opt/ros/humble /usr/bin/cmake --install /home/user/dobot_ws/build/dobot_rviz
[1.091s] -- Install configuration: ""
[1.091s] -- Up-to-date: /home/user/dobot_ws/install/dobot_rviz/share/dobot_rviz/launch
[1.092s] -- Up-to-date: /home/user/dobot_ws/install/dobot_rviz/share/dobot_rviz/launch/dobot_rviz.launch.py
[1.092s] -- Up-to-date: /home/user/dobot_ws/install/dobot_rviz/share/dobot_rviz/urdf
[1.093s] -- Up-to-date: /home/user/dobot_ws/install/dobot_rviz/share/dobot_rviz/urdf/cr20_robot.urdf
[1.093s] -- Up-to-date: /home/user/dobot_ws/install/dobot_rviz/share/dobot_rviz/urdf/cr12_robot.urdf
[1.094s] -- Up-to-date: /home/user/dobot_ws/install/dobot_rviz/share/dobot_rviz/urdf/cr5_robot.urdf
[1.094s] -- Up-to-date: /home/user/dobot_ws/install/dobot_rviz/share/dobot_rviz/urdf/nova5_robot.urdf
[1.095s] -- Up-to-date: /home/user/dobot_ws/install/dobot_rviz/share/dobot_rviz/urdf/me6_robot.urdf
[1.096s] -- Up-to-date: /home/user/dobot_ws/install/dobot_rviz/share/dobot_rviz/urdf/cr10_robot.urdf
[1.096s] -- Up-to-date: /home/user/dobot_ws/install/dobot_rviz/share/dobot_rviz/urdf/cr16_robot.urdf
[1.097s] -- Up-to-date: /home/user/dobot_ws/install/dobot_rviz/share/dobot_rviz/urdf/cr7_robot.urdf
[1.097s] -- Up-to-date: /home/user/dobot_ws/install/dobot_rviz/share/dobot_rviz/urdf/cr3_robot.urdf
[1.097s] -- Up-to-date: /home/user/dobot_ws/install/dobot_rviz/share/dobot_rviz/urdf/nova2_robot.urdf
[1.098s] -- Up-to-date: /home/user/dobot_ws/install/dobot_rviz/share/dobot_rviz/urdf/cr30h_robot.urdf
[1.098s] -- Up-to-date: /home/user/dobot_ws/install/dobot_rviz/share/dobot_rviz/urdf/cr10af_robot.urdf
[1.099s] -- Up-to-date: /home/user/dobot_ws/install/dobot_rviz/share/dobot_rviz/rviz
[1.099s] -- Up-to-date: /home/user/dobot_ws/install/dobot_rviz/share/dobot_rviz/rviz/urdf.rviz
[1.100s] -- Up-to-date: /home/user/dobot_ws/install/dobot_rviz/share/dobot_rviz/meshes
[1.101s] -- Up-to-date: /home/user/dobot_ws/install/dobot_rviz/share/dobot_rviz/meshes/cr3
[1.101s] -- Up-to-date: /home/user/dobot_ws/install/dobot_rviz/share/dobot_rviz/meshes/cr3/J3.STL
[1.102s] -- Up-to-date: /home/user/dobot_ws/install/dobot_rviz/share/dobot_rviz/meshes/cr3/J6.STL
[1.102s] -- Up-to-date: /home/user/dobot_ws/install/dobot_rviz/share/dobot_rviz/meshes/cr3/J1.STL
[1.102s] -- Up-to-date: /home/user/dobot_ws/install/dobot_rviz/share/dobot_rviz/meshes/cr3/base_link.STL
[1.103s] -- Up-to-date: /home/user/dobot_ws/install/dobot_rviz/share/dobot_rviz/meshes/cr3/J4.STL
[1.103s] -- Up-to-date: /home/user/dobot_ws/install/dobot_rviz/share/dobot_rviz/meshes/cr3/J2.STL
[1.103s] -- Up-to-date: /home/user/dobot_ws/install/dobot_rviz/share/dobot_rviz/meshes/cr3/J5.STL
[1.104s] -- Up-to-date: /home/user/dobot_ws/install/dobot_rviz/share/dobot_rviz/meshes/cr5
[1.104s] -- Up-to-date: /home/user/dobot_ws/install/dobot_rviz/share/dobot_rviz/meshes/cr5/J3.STL
[1.104s] -- Up-to-date: /home/user/dobot_ws/install/dobot_rviz/share/dobot_rviz/meshes/cr5/J6.STL
[1.104s] -- Up-to-date: /home/user/dobot_ws/install/dobot_rviz/share/dobot_rviz/meshes/cr5/J1.STL
[1.105s] -- Up-to-date: /home/user/dobot_ws/install/dobot_rviz/share/dobot_rviz/meshes/cr5/base_link.STL
[1.106s] -- Up-to-date: /home/user/dobot_ws/install/dobot_rviz/share/dobot_rviz/meshes/cr5/J4.STL
[1.106s] -- Up-to-date: /home/user/dobot_ws/install/dobot_rviz/share/dobot_rviz/meshes/cr5/J2.STL
[1.107s] -- Up-to-date: /home/user/dobot_ws/install/dobot_rviz/share/dobot_rviz/meshes/cr5/J5.STL
[1.107s] -- Up-to-date: /home/user/dobot_ws/install/dobot_rviz/share/dobot_rviz/meshes/nova2
[1.108s] -- Up-to-date: /home/user/dobot_ws/install/dobot_rviz/share/dobot_rviz/meshes/nova2/Link3.STL
[1.108s] -- Up-to-date: /home/user/dobot_ws/install/dobot_rviz/share/dobot_rviz/meshes/nova2/Link5.STL
[1.108s] -- Up-to-date: /home/user/dobot_ws/install/dobot_rviz/share/dobot_rviz/meshes/nova2/Link1.STL
[1.108s] -- Up-to-date: /home/user/dobot_ws/install/dobot_rviz/share/dobot_rviz/meshes/nova2/Link2.STL
[1.108s] -- Up-to-date: /home/user/dobot_ws/install/dobot_rviz/share/dobot_rviz/meshes/nova2/Link6.STL
[1.108s] -- Up-to-date: /home/user/dobot_ws/install/dobot_rviz/share/dobot_rviz/meshes/nova2/Link4.STL
[1.109s] -- Up-to-date: /home/user/dobot_ws/install/dobot_rviz/share/dobot_rviz/meshes/nova2/base_link.STL
[1.109s] -- Up-to-date: /home/user/dobot_ws/install/dobot_rviz/share/dobot_rviz/meshes/cr12
[1.109s] -- Up-to-date: /home/user/dobot_ws/install/dobot_rviz/share/dobot_rviz/meshes/cr12/J3.STL
[1.130s] -- Up-to-date: /home/user/dobot_ws/install/dobot_rviz/share/dobot_rviz/meshes/cr12/J6.STL
[1.130s] -- Up-to-date: /home/user/dobot_ws/install/dobot_rviz/share/dobot_rviz/meshes/cr12/J1.STL
[1.130s] -- Up-to-date: /home/user/dobot_ws/install/dobot_rviz/share/dobot_rviz/meshes/cr12/base_link0.STL
[1.130s] -- Up-to-date: /home/user/dobot_ws/install/dobot_rviz/share/dobot_rviz/meshes/cr12/J4.STL
[1.130s] -- Up-to-date: /home/user/dobot_ws/install/dobot_rviz/share/dobot_rviz/meshes/cr12/J2.STL
[1.130s] -- Up-to-date: /home/user/dobot_ws/install/dobot_rviz/share/dobot_rviz/meshes/cr12/J5.STL
[1.130s] -- Up-to-date: /home/user/dobot_ws/install/dobot_rviz/share/dobot_rviz/meshes/cr10
[1.131s] -- Up-to-date: /home/user/dobot_ws/install/dobot_rviz/share/dobot_rviz/meshes/cr10/Link3.STL
[1.131s] -- Up-to-date: /home/user/dobot_ws/install/dobot_rviz/share/dobot_rviz/meshes/cr10/Link5.STL
[1.131s] -- Up-to-date: /home/user/dobot_ws/install/dobot_rviz/share/dobot_rviz/meshes/cr10/Link1.STL
[1.131s] -- Up-to-date: /home/user/dobot_ws/install/dobot_rviz/share/dobot_rviz/meshes/cr10/Link2.STL
[1.131s] -- Up-to-date: /home/user/dobot_ws/install/dobot_rviz/share/dobot_rviz/meshes/cr10/Link6.STL
[1.131s] -- Up-to-date: /home/user/dobot_ws/install/dobot_rviz/share/dobot_rviz/meshes/cr10/Link4.STL
[1.132s] -- Up-to-date: /home/user/dobot_ws/install/dobot_rviz/share/dobot_rviz/meshes/cr10/base_link.STL
[1.132s] -- Up-to-date: /home/user/dobot_ws/install/dobot_rviz/share/dobot_rviz/meshes/me6
[1.132s] -- Up-to-date: /home/user/dobot_ws/install/dobot_rviz/share/dobot_rviz/meshes/me6/Link3.STL
[1.132s] -- Up-to-date: /home/user/dobot_ws/install/dobot_rviz/share/dobot_rviz/meshes/me6/Link5.STL
[1.132s] -- Up-to-date: /home/user/dobot_ws/install/dobot_rviz/share/dobot_rviz/meshes/me6/Link1.STL
[1.132s] -- Up-to-date: /home/user/dobot_ws/install/dobot_rviz/share/dobot_rviz/meshes/me6/Link2.STL
[1.132s] -- Up-to-date: /home/user/dobot_ws/install/dobot_rviz/share/dobot_rviz/meshes/me6/Link6.STL
[1.132s] -- Up-to-date: /home/user/dobot_ws/install/dobot_rviz/share/dobot_rviz/meshes/me6/Link4.STL
[1.132s] -- Up-to-date: /home/user/dobot_ws/install/dobot_rviz/share/dobot_rviz/meshes/me6/base_link.STL
[1.132s] -- Up-to-date: /home/user/dobot_ws/install/dobot_rviz/share/dobot_rviz/meshes/cr20
[1.133s] -- Up-to-date: /home/user/dobot_ws/install/dobot_rviz/share/dobot_rviz/meshes/cr20/Link3.STL
[1.133s] -- Up-to-date: /home/user/dobot_ws/install/dobot_rviz/share/dobot_rviz/meshes/cr20/Link5.STL
[1.133s] -- Up-to-date: /home/user/dobot_ws/install/dobot_rviz/share/dobot_rviz/meshes/cr20/Link1.STL
[1.133s] -- Up-to-date: /home/user/dobot_ws/install/dobot_rviz/share/dobot_rviz/meshes/cr20/Link2.STL
[1.133s] -- Up-to-date: /home/user/dobot_ws/install/dobot_rviz/share/dobot_rviz/meshes/cr20/Link6.STL
[1.134s] -- Up-to-date: /home/user/dobot_ws/install/dobot_rviz/share/dobot_rviz/meshes/cr20/Link4.STL
[1.134s] -- Up-to-date: /home/user/dobot_ws/install/dobot_rviz/share/dobot_rviz/meshes/cr20/base_link.STL
[1.134s] -- Up-to-date: /home/user/dobot_ws/install/dobot_rviz/share/dobot_rviz/meshes/cr30h
[1.134s] -- Up-to-date: /home/user/dobot_ws/install/dobot_rviz/share/dobot_rviz/meshes/cr30h/Link3.STL
[1.134s] -- Up-to-date: /home/user/dobot_ws/install/dobot_rviz/share/dobot_rviz/meshes/cr30h/Link5.STL
[1.134s] -- Up-to-date: /home/user/dobot_ws/install/dobot_rviz/share/dobot_rviz/meshes/cr30h/Link1.STL
[1.134s] -- Up-to-date: /home/user/dobot_ws/install/dobot_rviz/share/dobot_rviz/meshes/cr30h/Link2.STL
[1.134s] -- Up-to-date: /home/user/dobot_ws/install/dobot_rviz/share/dobot_rviz/meshes/cr30h/Link6.STL
[1.134s] -- Up-to-date: /home/user/dobot_ws/install/dobot_rviz/share/dobot_rviz/meshes/cr30h/Link4.STL
[1.135s] -- Up-to-date: /home/user/dobot_ws/install/dobot_rviz/share/dobot_rviz/meshes/cr30h/base_link.STL
[1.135s] -- Up-to-date: /home/user/dobot_ws/install/dobot_rviz/share/dobot_rviz/meshes/nova5
[1.135s] -- Up-to-date: /home/user/dobot_ws/install/dobot_rviz/share/dobot_rviz/meshes/nova5/Link3.STL
[1.135s] -- Up-to-date: /home/user/dobot_ws/install/dobot_rviz/share/dobot_rviz/meshes/nova5/Link5.STL
[1.135s] -- Up-to-date: /home/user/dobot_ws/install/dobot_rviz/share/dobot_rviz/meshes/nova5/Link1.STL
[1.135s] -- Up-to-date: /home/user/dobot_ws/install/dobot_rviz/share/dobot_rviz/meshes/nova5/Link2.STL
[1.135s] -- Up-to-date: /home/user/dobot_ws/install/dobot_rviz/share/dobot_rviz/meshes/nova5/Link6.STL
[1.135s] -- Up-to-date: /home/user/dobot_ws/install/dobot_rviz/share/dobot_rviz/meshes/nova5/Link4.STL
[1.135s] -- Up-to-date: /home/user/dobot_ws/install/dobot_rviz/share/dobot_rviz/meshes/nova5/base_link.STL
[1.136s] -- Up-to-date: /home/user/dobot_ws/install/dobot_rviz/share/dobot_rviz/meshes/cr7
[1.136s] -- Up-to-date: /home/user/dobot_ws/install/dobot_rviz/share/dobot_rviz/meshes/cr7/J3.STL
[1.136s] -- Up-to-date: /home/user/dobot_ws/install/dobot_rviz/share/dobot_rviz/meshes/cr7/J6.STL
[1.136s] -- Up-to-date: /home/user/dobot_ws/install/dobot_rviz/share/dobot_rviz/meshes/cr7/J1.STL
[1.136s] -- Up-to-date: /home/user/dobot_ws/install/dobot_rviz/share/dobot_rviz/meshes/cr7/base_link0.STL
[1.136s] -- Up-to-date: /home/user/dobot_ws/install/dobot_rviz/share/dobot_rviz/meshes/cr7/J4.STL
[1.136s] -- Up-to-date: /home/user/dobot_ws/install/dobot_rviz/share/dobot_rviz/meshes/cr7/J2.STL
[1.137s] -- Up-to-date: /home/user/dobot_ws/install/dobot_rviz/share/dobot_rviz/meshes/cr7/J5.STL
[1.137s] -- Up-to-date: /home/user/dobot_ws/install/dobot_rviz/share/dobot_rviz/meshes/cr16
[1.137s] -- Up-to-date: /home/user/dobot_ws/install/dobot_rviz/share/dobot_rviz/meshes/cr16/Link3.STL
[1.137s] -- Up-to-date: /home/user/dobot_ws/install/dobot_rviz/share/dobot_rviz/meshes/cr16/Link5.STL
[1.137s] -- Up-to-date: /home/user/dobot_ws/install/dobot_rviz/share/dobot_rviz/meshes/cr16/Link1.STL
[1.137s] -- Up-to-date: /home/user/dobot_ws/install/dobot_rviz/share/dobot_rviz/meshes/cr16/Link2.STL
[1.137s] -- Up-to-date: /home/user/dobot_ws/install/dobot_rviz/share/dobot_rviz/meshes/cr16/Link6.STL
[1.137s] -- Up-to-date: /home/user/dobot_ws/install/dobot_rviz/share/dobot_rviz/meshes/cr16/Link4.STL
[1.137s] -- Up-to-date: /home/user/dobot_ws/install/dobot_rviz/share/dobot_rviz/meshes/cr16/base_link.STL
[1.137s] -- Up-to-date: /home/user/dobot_ws/install/dobot_rviz/share/dobot_rviz/meshes/cr10af
[1.137s] -- Up-to-date: /home/user/dobot_ws/install/dobot_rviz/share/dobot_rviz/meshes/cr10af/J3.STL
[1.137s] -- Up-to-date: /home/user/dobot_ws/install/dobot_rviz/share/dobot_rviz/meshes/cr10af/J6.STL
[1.138s] -- Up-to-date: /home/user/dobot_ws/install/dobot_rviz/share/dobot_rviz/meshes/cr10af/J1.STL
[1.138s] -- Up-to-date: /home/user/dobot_ws/install/dobot_rviz/share/dobot_rviz/meshes/cr10af/base_link.STL
[1.138s] -- Up-to-date: /home/user/dobot_ws/install/dobot_rviz/share/dobot_rviz/meshes/cr10af/J4.STL
[1.138s] -- Up-to-date: /home/user/dobot_ws/install/dobot_rviz/share/dobot_rviz/meshes/cr10af/J2.STL
[1.138s] -- Up-to-date: /home/user/dobot_ws/install/dobot_rviz/share/dobot_rviz/meshes/cr10af/J5.STL
[1.138s] -- Up-to-date: /home/user/dobot_ws/install/dobot_rviz/share/ament_index/resource_index/package_run_dependencies/dobot_rviz
[1.138s] -- Up-to-date: /home/user/dobot_ws/install/dobot_rviz/share/ament_index/resource_index/parent_prefix_path/dobot_rviz
[1.138s] -- Up-to-date: /home/user/dobot_ws/install/dobot_rviz/share/dobot_rviz/environment/ament_prefix_path.sh
[1.138s] -- Up-to-date: /home/user/dobot_ws/install/dobot_rviz/share/dobot_rviz/environment/ament_prefix_path.dsv
[1.138s] -- Up-to-date: /home/user/dobot_ws/install/dobot_rviz/share/dobot_rviz/environment/path.sh
[1.138s] -- Up-to-date: /home/user/dobot_ws/install/dobot_rviz/share/dobot_rviz/environment/path.dsv
[1.138s] -- Up-to-date: /home/user/dobot_ws/install/dobot_rviz/share/dobot_rviz/local_setup.bash
[1.138s] -- Up-to-date: /home/user/dobot_ws/install/dobot_rviz/share/dobot_rviz/local_setup.sh
[1.138s] -- Up-to-date: /home/user/dobot_ws/install/dobot_rviz/share/dobot_rviz/local_setup.zsh
[1.138s] -- Up-to-date: /home/user/dobot_ws/install/dobot_rviz/share/dobot_rviz/local_setup.dsv
[1.138s] -- Installing: /home/user/dobot_ws/install/dobot_rviz/share/dobot_rviz/package.dsv
[1.138s] -- Up-to-date: /home/user/dobot_ws/install/dobot_rviz/share/ament_index/resource_index/packages/dobot_rviz
[1.138s] -- Up-to-date: /home/user/dobot_ws/install/dobot_rviz/share/dobot_rviz/cmake/dobot_rvizConfig.cmake
[1.138s] -- Up-to-date: /home/user/dobot_ws/install/dobot_rviz/share/dobot_rviz/cmake/dobot_rvizConfig-version.cmake
[1.139s] -- Up-to-date: /home/user/dobot_ws/install/dobot_rviz/share/dobot_rviz/package.xml
[1.571s] Invoked command in '/home/user/dobot_ws/build/dobot_rviz' returned '0': CMAKE_PREFIX_PATH=${CMAKE_PREFIX_PATH}:/home/user/dobot_ws/install/ariac_setup:/home/user/dobot_ws/install/servo_action:/home/user/dobot_ws/install/dobot_moveit:/home/user/dobot_ws/install/dobot_demo:/opt/ros/humble /usr/bin/cmake --install /home/user/dobot_ws/build/dobot_rviz
