[0.011s] Invoking command in '/home/user/dobot_ws/build/ros2_linkattacher': CMAKE_PREFIX_PATH=/home/user/dobot_ws/install/linkattacher_msgs:/home/user/dobot_ws/install/ros2_linkattacher:/home/user/dobot_ws/install/dobot_gazebo:/home/user/dobot_ws/install/cra_description:/home/user/dobot_ws/install/onrobot_2fg7_description:/home/user/dobot_ws/install/cr7_moveit:/home/user/dobot_ws/install/dobot_rviz:/home/user/dobot_ws/install/cr_robot_ros2:/home/user/dobot_ws/install/dobot_msgs_v4:/home/user/dobot_ws/install/dobot_demo_cpp:/home/user/dobot_ws/install/servo_action:/home/user/dobot_ws/install/dobot_moveit:/home/user/dobot_ws/install/dobot_demo:/opt/ros/humble LD_LIBRARY_PATH=/home/user/dobot_ws/install/linkattacher_msgs/lib:/home/user/dobot_ws/install/ros2_linkattacher/lib:/home/user/dobot_ws/install/dobot_msgs_v4/lib:/usr/lib/x86_64-linux-gnu/gazebo-11/plugins:/opt/ros/humble/opt/rviz_ogre_vendor/lib:/opt/ros/humble/lib/x86_64-linux-gnu:/opt/ros/humble/lib /usr/bin/cmake --build /home/user/dobot_ws/build/ros2_linkattacher -- -j16 -l16
[0.012s] [100%] Built target gazebo_link_attacher
[0.085s] Invoked command in '/home/user/dobot_ws/build/ros2_linkattacher' returned '0': CMAKE_PREFIX_PATH=/home/user/dobot_ws/install/linkattacher_msgs:/home/user/dobot_ws/install/ros2_linkattacher:/home/user/dobot_ws/install/dobot_gazebo:/home/user/dobot_ws/install/cra_description:/home/user/dobot_ws/install/onrobot_2fg7_description:/home/user/dobot_ws/install/cr7_moveit:/home/user/dobot_ws/install/dobot_rviz:/home/user/dobot_ws/install/cr_robot_ros2:/home/user/dobot_ws/install/dobot_msgs_v4:/home/user/dobot_ws/install/dobot_demo_cpp:/home/user/dobot_ws/install/servo_action:/home/user/dobot_ws/install/dobot_moveit:/home/user/dobot_ws/install/dobot_demo:/opt/ros/humble LD_LIBRARY_PATH=/home/user/dobot_ws/install/linkattacher_msgs/lib:/home/user/dobot_ws/install/ros2_linkattacher/lib:/home/user/dobot_ws/install/dobot_msgs_v4/lib:/usr/lib/x86_64-linux-gnu/gazebo-11/plugins:/opt/ros/humble/opt/rviz_ogre_vendor/lib:/opt/ros/humble/lib/x86_64-linux-gnu:/opt/ros/humble/lib /usr/bin/cmake --build /home/user/dobot_ws/build/ros2_linkattacher -- -j16 -l16
[0.086s] Invoking command in '/home/user/dobot_ws/build/ros2_linkattacher': CMAKE_PREFIX_PATH=/home/user/dobot_ws/install/linkattacher_msgs:/home/user/dobot_ws/install/ros2_linkattacher:/home/user/dobot_ws/install/dobot_gazebo:/home/user/dobot_ws/install/cra_description:/home/user/dobot_ws/install/onrobot_2fg7_description:/home/user/dobot_ws/install/cr7_moveit:/home/user/dobot_ws/install/dobot_rviz:/home/user/dobot_ws/install/cr_robot_ros2:/home/user/dobot_ws/install/dobot_msgs_v4:/home/user/dobot_ws/install/dobot_demo_cpp:/home/user/dobot_ws/install/servo_action:/home/user/dobot_ws/install/dobot_moveit:/home/user/dobot_ws/install/dobot_demo:/opt/ros/humble LD_LIBRARY_PATH=/home/user/dobot_ws/install/linkattacher_msgs/lib:/home/user/dobot_ws/install/ros2_linkattacher/lib:/home/user/dobot_ws/install/dobot_msgs_v4/lib:/usr/lib/x86_64-linux-gnu/gazebo-11/plugins:/opt/ros/humble/opt/rviz_ogre_vendor/lib:/opt/ros/humble/lib/x86_64-linux-gnu:/opt/ros/humble/lib /usr/bin/cmake --install /home/user/dobot_ws/build/ros2_linkattacher
[0.097s] -- Install configuration: ""
[0.097s] -- Up-to-date: /home/user/dobot_ws/install/ros2_linkattacher/share/ros2_linkattacher/environment/library_path.sh
[0.097s] -- Up-to-date: /home/user/dobot_ws/install/ros2_linkattacher/share/ros2_linkattacher/environment/library_path.dsv
[0.097s] -- Up-to-date: /home/user/dobot_ws/install/ros2_linkattacher/lib/libgazebo_link_attacher.so
[0.098s] -- Up-to-date: /home/user/dobot_ws/install/ros2_linkattacher/share/ament_index/resource_index/package_run_dependencies/ros2_linkattacher
[0.098s] -- Up-to-date: /home/user/dobot_ws/install/ros2_linkattacher/share/ament_index/resource_index/parent_prefix_path/ros2_linkattacher
[0.098s] -- Up-to-date: /home/user/dobot_ws/install/ros2_linkattacher/share/ros2_linkattacher/environment/ament_prefix_path.sh
[0.099s] -- Up-to-date: /home/user/dobot_ws/install/ros2_linkattacher/share/ros2_linkattacher/environment/ament_prefix_path.dsv
[0.099s] -- Up-to-date: /home/user/dobot_ws/install/ros2_linkattacher/share/ros2_linkattacher/environment/path.sh
[0.099s] -- Up-to-date: /home/user/dobot_ws/install/ros2_linkattacher/share/ros2_linkattacher/environment/path.dsv
[0.100s] -- Up-to-date: /home/user/dobot_ws/install/ros2_linkattacher/share/ros2_linkattacher/local_setup.bash
[0.100s] -- Up-to-date: /home/user/dobot_ws/install/ros2_linkattacher/share/ros2_linkattacher/local_setup.sh
[0.101s] -- Up-to-date: /home/user/dobot_ws/install/ros2_linkattacher/share/ros2_linkattacher/local_setup.zsh
[0.101s] -- Up-to-date: /home/user/dobot_ws/install/ros2_linkattacher/share/ros2_linkattacher/local_setup.dsv
[0.101s] -- Installing: /home/user/dobot_ws/install/ros2_linkattacher/share/ros2_linkattacher/package.dsv
[0.101s] -- Up-to-date: /home/user/dobot_ws/install/ros2_linkattacher/share/ament_index/resource_index/packages/ros2_linkattacher
[0.102s] -- Up-to-date: /home/user/dobot_ws/install/ros2_linkattacher/share/ros2_linkattacher/cmake/ament_cmake_export_libraries-extras.cmake
[0.102s] -- Up-to-date: /home/user/dobot_ws/install/ros2_linkattacher/share/ros2_linkattacher/cmake/ros2_linkattacherConfig.cmake
[0.102s] -- Up-to-date: /home/user/dobot_ws/install/ros2_linkattacher/share/ros2_linkattacher/cmake/ros2_linkattacherConfig-version.cmake
[0.103s] -- Up-to-date: /home/user/dobot_ws/install/ros2_linkattacher/share/ros2_linkattacher/package.xml
[0.118s] Invoked command in '/home/user/dobot_ws/build/ros2_linkattacher' returned '0': CMAKE_PREFIX_PATH=/home/user/dobot_ws/install/linkattacher_msgs:/home/user/dobot_ws/install/ros2_linkattacher:/home/user/dobot_ws/install/dobot_gazebo:/home/user/dobot_ws/install/cra_description:/home/user/dobot_ws/install/onrobot_2fg7_description:/home/user/dobot_ws/install/cr7_moveit:/home/user/dobot_ws/install/dobot_rviz:/home/user/dobot_ws/install/cr_robot_ros2:/home/user/dobot_ws/install/dobot_msgs_v4:/home/user/dobot_ws/install/dobot_demo_cpp:/home/user/dobot_ws/install/servo_action:/home/user/dobot_ws/install/dobot_moveit:/home/user/dobot_ws/install/dobot_demo:/opt/ros/humble LD_LIBRARY_PATH=/home/user/dobot_ws/install/linkattacher_msgs/lib:/home/user/dobot_ws/install/ros2_linkattacher/lib:/home/user/dobot_ws/install/dobot_msgs_v4/lib:/usr/lib/x86_64-linux-gnu/gazebo-11/plugins:/opt/ros/humble/opt/rviz_ogre_vendor/lib:/opt/ros/humble/lib/x86_64-linux-gnu:/opt/ros/humble/lib /usr/bin/cmake --install /home/user/dobot_ws/build/ros2_linkattacher
