[0.010s] Invoking command in '/home/user/dobot_ws/build/cr7_moveit': CMAKE_PREFIX_PATH=/home/user/dobot_ws/install/dobot_rviz:/home/user/dobot_ws/install/ros2_linkattacher:/home/user/dobot_ws/install/dobot_gazebo:/home/user/dobot_ws/install/cra_description:/home/user/dobot_ws/install/onrobot_2fg7_description:/home/user/dobot_ws/install/linkattacher_msgs:/home/user/dobot_ws/install/cr7_moveit:/home/user/dobot_ws/install/cr_robot_ros2:/home/user/dobot_ws/install/dobot_msgs_v4:/home/user/dobot_ws/install/dobot_demo_cpp:/home/user/dobot_ws/install/ariac_gz:/home/user/dobot_ws/install/ariac_interfaces:/home/user/dobot_ws/install/ariac_description:/home/user/dobot_ws/install/servo_action:/home/user/dobot_ws/install/dobot_moveit:/home/user/dobot_ws/install/dobot_demo:/home/user/dobot_ws/install/ariac_setup:/home/user/dobot_ws/install/ariac_db:/opt/ros/humble /usr/bin/cmake /home/user/dobot_ws/src/DOBOT_6Axis_ROS2_V4/cr7_moveit -DAMENT_CMAKE_SYMLINK_INSTALL=1 -DCMAKE_INSTALL_PREFIX=/home/user/dobot_ws/install/cr7_moveit
[0.019s] -- Found ament_cmake: 1.3.14 (/opt/ros/humble/share/ament_cmake/cmake)
[0.116s] -- Override CMake install command with custom implementation using symlinks instead of copying resources
[0.176s] -- Configuring done
[0.178s] -- Generating done
[0.179s] -- Build files have been written to: /home/user/dobot_ws/build/cr7_moveit
[0.180s] Invoked command in '/home/user/dobot_ws/build/cr7_moveit' returned '0': CMAKE_PREFIX_PATH=/home/user/dobot_ws/install/dobot_rviz:/home/user/dobot_ws/install/ros2_linkattacher:/home/user/dobot_ws/install/dobot_gazebo:/home/user/dobot_ws/install/cra_description:/home/user/dobot_ws/install/onrobot_2fg7_description:/home/user/dobot_ws/install/linkattacher_msgs:/home/user/dobot_ws/install/cr7_moveit:/home/user/dobot_ws/install/cr_robot_ros2:/home/user/dobot_ws/install/dobot_msgs_v4:/home/user/dobot_ws/install/dobot_demo_cpp:/home/user/dobot_ws/install/ariac_gz:/home/user/dobot_ws/install/ariac_interfaces:/home/user/dobot_ws/install/ariac_description:/home/user/dobot_ws/install/servo_action:/home/user/dobot_ws/install/dobot_moveit:/home/user/dobot_ws/install/dobot_demo:/home/user/dobot_ws/install/ariac_setup:/home/user/dobot_ws/install/ariac_db:/opt/ros/humble /usr/bin/cmake /home/user/dobot_ws/src/DOBOT_6Axis_ROS2_V4/cr7_moveit -DAMENT_CMAKE_SYMLINK_INSTALL=1 -DCMAKE_INSTALL_PREFIX=/home/user/dobot_ws/install/cr7_moveit
[0.181s] Invoking command in '/home/user/dobot_ws/build/cr7_moveit': CMAKE_PREFIX_PATH=/home/user/dobot_ws/install/dobot_rviz:/home/user/dobot_ws/install/ros2_linkattacher:/home/user/dobot_ws/install/dobot_gazebo:/home/user/dobot_ws/install/cra_description:/home/user/dobot_ws/install/onrobot_2fg7_description:/home/user/dobot_ws/install/linkattacher_msgs:/home/user/dobot_ws/install/cr7_moveit:/home/user/dobot_ws/install/cr_robot_ros2:/home/user/dobot_ws/install/dobot_msgs_v4:/home/user/dobot_ws/install/dobot_demo_cpp:/home/user/dobot_ws/install/ariac_gz:/home/user/dobot_ws/install/ariac_interfaces:/home/user/dobot_ws/install/ariac_description:/home/user/dobot_ws/install/servo_action:/home/user/dobot_ws/install/dobot_moveit:/home/user/dobot_ws/install/dobot_demo:/home/user/dobot_ws/install/ariac_setup:/home/user/dobot_ws/install/ariac_db:/opt/ros/humble /usr/bin/cmake --build /home/user/dobot_ws/build/cr7_moveit -- -j16 -l16
[0.212s] Invoked command in '/home/user/dobot_ws/build/cr7_moveit' returned '0': CMAKE_PREFIX_PATH=/home/user/dobot_ws/install/dobot_rviz:/home/user/dobot_ws/install/ros2_linkattacher:/home/user/dobot_ws/install/dobot_gazebo:/home/user/dobot_ws/install/cra_description:/home/user/dobot_ws/install/onrobot_2fg7_description:/home/user/dobot_ws/install/linkattacher_msgs:/home/user/dobot_ws/install/cr7_moveit:/home/user/dobot_ws/install/cr_robot_ros2:/home/user/dobot_ws/install/dobot_msgs_v4:/home/user/dobot_ws/install/dobot_demo_cpp:/home/user/dobot_ws/install/ariac_gz:/home/user/dobot_ws/install/ariac_interfaces:/home/user/dobot_ws/install/ariac_description:/home/user/dobot_ws/install/servo_action:/home/user/dobot_ws/install/dobot_moveit:/home/user/dobot_ws/install/dobot_demo:/home/user/dobot_ws/install/ariac_setup:/home/user/dobot_ws/install/ariac_db:/opt/ros/humble /usr/bin/cmake --build /home/user/dobot_ws/build/cr7_moveit -- -j16 -l16
[0.213s] Invoking command in '/home/user/dobot_ws/build/cr7_moveit': CMAKE_PREFIX_PATH=/home/user/dobot_ws/install/dobot_rviz:/home/user/dobot_ws/install/ros2_linkattacher:/home/user/dobot_ws/install/dobot_gazebo:/home/user/dobot_ws/install/cra_description:/home/user/dobot_ws/install/onrobot_2fg7_description:/home/user/dobot_ws/install/linkattacher_msgs:/home/user/dobot_ws/install/cr7_moveit:/home/user/dobot_ws/install/cr_robot_ros2:/home/user/dobot_ws/install/dobot_msgs_v4:/home/user/dobot_ws/install/dobot_demo_cpp:/home/user/dobot_ws/install/ariac_gz:/home/user/dobot_ws/install/ariac_interfaces:/home/user/dobot_ws/install/ariac_description:/home/user/dobot_ws/install/servo_action:/home/user/dobot_ws/install/dobot_moveit:/home/user/dobot_ws/install/dobot_demo:/home/user/dobot_ws/install/ariac_setup:/home/user/dobot_ws/install/ariac_db:/opt/ros/humble /usr/bin/cmake --install /home/user/dobot_ws/build/cr7_moveit
[0.218s] -- Install configuration: ""
[0.218s] -- Execute custom install script
[0.218s] -- Symlinking: /home/user/dobot_ws/install/cr7_moveit/share/ament_index/resource_index/package_run_dependencies/cr7_moveit
[0.225s] -- Symlinking: /home/user/dobot_ws/install/cr7_moveit/share/ament_index/resource_index/parent_prefix_path/cr7_moveit
[0.231s] -- Symlinking: /home/user/dobot_ws/install/cr7_moveit/share/cr7_moveit/environment/ament_prefix_path.sh
[0.237s] -- Symlinking: /home/user/dobot_ws/install/cr7_moveit/share/cr7_moveit/environment/ament_prefix_path.dsv
[0.243s] -- Symlinking: /home/user/dobot_ws/install/cr7_moveit/share/cr7_moveit/environment/path.sh
[0.249s] -- Symlinking: /home/user/dobot_ws/install/cr7_moveit/share/cr7_moveit/environment/path.dsv
[0.255s] -- Symlinking: /home/user/dobot_ws/install/cr7_moveit/share/cr7_moveit/local_setup.bash
[0.261s] -- Symlinking: /home/user/dobot_ws/install/cr7_moveit/share/cr7_moveit/local_setup.sh
[0.267s] -- Symlinking: /home/user/dobot_ws/install/cr7_moveit/share/cr7_moveit/local_setup.zsh
[0.273s] -- Symlinking: /home/user/dobot_ws/install/cr7_moveit/share/cr7_moveit/local_setup.dsv
[0.280s] -- Symlinking: /home/user/dobot_ws/install/cr7_moveit/share/cr7_moveit/package.dsv
[0.286s] -- Symlinking: /home/user/dobot_ws/install/cr7_moveit/share/ament_index/resource_index/packages/cr7_moveit
[0.292s] -- Symlinking: /home/user/dobot_ws/install/cr7_moveit/share/cr7_moveit/cmake/cr7_moveitConfig.cmake
[0.298s] -- Symlinking: /home/user/dobot_ws/install/cr7_moveit/share/cr7_moveit/cmake/cr7_moveitConfig-version.cmake
[0.304s] -- Symlinking: /home/user/dobot_ws/install/cr7_moveit/share/cr7_moveit/package.xml
[0.310s] -- Symlinking: /home/user/dobot_ws/install/cr7_moveit/share/cr7_moveit/launch/demo.launch.py
[0.316s] -- Symlinking: /home/user/dobot_ws/install/cr7_moveit/share/cr7_moveit/launch/dobot_moveit.launch.py
[0.322s] -- Symlinking: /home/user/dobot_ws/install/cr7_moveit/share/cr7_moveit/launch/move_group.launch.py
[0.328s] -- Symlinking: /home/user/dobot_ws/install/cr7_moveit/share/cr7_moveit/launch/moveit_gazebo.launch.py
[0.334s] -- Symlinking: /home/user/dobot_ws/install/cr7_moveit/share/cr7_moveit/launch/moveit_rviz.launch.py
[0.340s] -- Symlinking: /home/user/dobot_ws/install/cr7_moveit/share/cr7_moveit/launch/rsp.launch.py
[0.346s] -- Symlinking: /home/user/dobot_ws/install/cr7_moveit/share/cr7_moveit/launch/setup_assistant.launch.py
[0.352s] -- Symlinking: /home/user/dobot_ws/install/cr7_moveit/share/cr7_moveit/launch/spawn_controllers.launch.py
[0.358s] -- Symlinking: /home/user/dobot_ws/install/cr7_moveit/share/cr7_moveit/launch/static_virtual_joint_tfs.launch.py
[0.364s] -- Symlinking: /home/user/dobot_ws/install/cr7_moveit/share/cr7_moveit/launch/warehouse_db.launch.py
[0.371s] -- Symlinking: /home/user/dobot_ws/install/cr7_moveit/share/cr7_moveit/config/cr7_robot.ros2_control.xacro
[0.377s] -- Symlinking: /home/user/dobot_ws/install/cr7_moveit/share/cr7_moveit/config/cr7_robot.srdf
[0.383s] -- Symlinking: /home/user/dobot_ws/install/cr7_moveit/share/cr7_moveit/config/cr7_robot.urdf.xacro
[0.390s] -- Symlinking: /home/user/dobot_ws/install/cr7_moveit/share/cr7_moveit/config/initial_positions.yaml
[0.396s] -- Symlinking: /home/user/dobot_ws/install/cr7_moveit/share/cr7_moveit/config/joint_limits.yaml
[0.403s] -- Symlinking: /home/user/dobot_ws/install/cr7_moveit/share/cr7_moveit/config/kinematics.yaml
[0.409s] -- Symlinking: /home/user/dobot_ws/install/cr7_moveit/share/cr7_moveit/config/moveit.rviz
[0.415s] -- Symlinking: /home/user/dobot_ws/install/cr7_moveit/share/cr7_moveit/config/moveit_controllers.yaml
[0.421s] -- Symlinking: /home/user/dobot_ws/install/cr7_moveit/share/cr7_moveit/config/pilz_cartesian_limits.yaml
[0.428s] -- Symlinking: /home/user/dobot_ws/install/cr7_moveit/share/cr7_moveit/config/ros2_controllers.yaml
[0.434s] -- Symlinking: /home/user/dobot_ws/install/cr7_moveit/share/cr7_moveit/.setup_assistant
[0.442s] Invoked command in '/home/user/dobot_ws/build/cr7_moveit' returned '0': CMAKE_PREFIX_PATH=/home/user/dobot_ws/install/dobot_rviz:/home/user/dobot_ws/install/ros2_linkattacher:/home/user/dobot_ws/install/dobot_gazebo:/home/user/dobot_ws/install/cra_description:/home/user/dobot_ws/install/onrobot_2fg7_description:/home/user/dobot_ws/install/linkattacher_msgs:/home/user/dobot_ws/install/cr7_moveit:/home/user/dobot_ws/install/cr_robot_ros2:/home/user/dobot_ws/install/dobot_msgs_v4:/home/user/dobot_ws/install/dobot_demo_cpp:/home/user/dobot_ws/install/ariac_gz:/home/user/dobot_ws/install/ariac_interfaces:/home/user/dobot_ws/install/ariac_description:/home/user/dobot_ws/install/servo_action:/home/user/dobot_ws/install/dobot_moveit:/home/user/dobot_ws/install/dobot_demo:/home/user/dobot_ws/install/ariac_setup:/home/user/dobot_ws/install/ariac_db:/opt/ros/humble /usr/bin/cmake --install /home/user/dobot_ws/build/cr7_moveit
