[0.008s] Invoking command in '/home/user/dobot_ws/build/dobot_gazebo': CMAKE_PREFIX_PATH=/home/user/dobot_ws/install/cra_description:/home/user/dobot_ws/install/onrobot_2fg7_description:/home/user/dobot_ws/install/cr7_moveit:/home/user/dobot_ws/install/dobot_rviz:/home/user/dobot_ws/install/cr_robot_ros2:/home/user/dobot_ws/install/dobot_msgs_v4:/home/user/dobot_ws/install/dobot_gazebo:/home/user/dobot_ws/install/dobot_demo_cpp:/home/user/dobot_ws/install/servo_action:/home/user/dobot_ws/install/dobot_moveit:/home/user/dobot_ws/install/dobot_demo:/opt/ros/humble /usr/bin/cmake /home/user/dobot_ws/src/DOBOT_6Axis_ROS2_V4/dobot_gazebo -DCMAKE_INSTALL_PREFIX=/home/user/dobot_ws/install/dobot_gazebo
[0.052s] -- The C compiler identification is GNU 12.3.0
[0.097s] -- The CXX compiler identification is GNU 12.3.0
[0.103s] -- Detecting C compiler ABI info
[0.158s] -- Detecting C compiler ABI info - done
[0.169s] -- Check for working C compiler: /usr/bin/cc - skipped
[0.169s] -- Detecting C compile features
[0.170s] -- Detecting C compile features - done
[0.173s] -- Detecting CXX compiler ABI info
[0.237s] -- Detecting CXX compiler ABI info - done
[0.244s] -- Check for working CXX compiler: /usr/bin/c++ - skipped
[0.244s] -- Detecting CXX compile features
[0.244s] -- Detecting CXX compile features - done
[0.246s] -- Found ament_cmake: 1.3.14 (/opt/ros/humble/share/ament_cmake/cmake)
[0.356s] -- Found Python3: /usr/bin/python3 (found version "3.10.12") found components: Interpreter 
[0.507s] -- Configuring done
[0.510s] -- Generating done
[0.512s] -- Build files have been written to: /home/user/dobot_ws/build/dobot_gazebo
[0.518s] Invoked command in '/home/user/dobot_ws/build/dobot_gazebo' returned '0': CMAKE_PREFIX_PATH=/home/user/dobot_ws/install/cra_description:/home/user/dobot_ws/install/onrobot_2fg7_description:/home/user/dobot_ws/install/cr7_moveit:/home/user/dobot_ws/install/dobot_rviz:/home/user/dobot_ws/install/cr_robot_ros2:/home/user/dobot_ws/install/dobot_msgs_v4:/home/user/dobot_ws/install/dobot_gazebo:/home/user/dobot_ws/install/dobot_demo_cpp:/home/user/dobot_ws/install/servo_action:/home/user/dobot_ws/install/dobot_moveit:/home/user/dobot_ws/install/dobot_demo:/opt/ros/humble /usr/bin/cmake /home/user/dobot_ws/src/DOBOT_6Axis_ROS2_V4/dobot_gazebo -DCMAKE_INSTALL_PREFIX=/home/user/dobot_ws/install/dobot_gazebo
[0.518s] Invoking command in '/home/user/dobot_ws/build/dobot_gazebo': CMAKE_PREFIX_PATH=/home/user/dobot_ws/install/cra_description:/home/user/dobot_ws/install/onrobot_2fg7_description:/home/user/dobot_ws/install/cr7_moveit:/home/user/dobot_ws/install/dobot_rviz:/home/user/dobot_ws/install/cr_robot_ros2:/home/user/dobot_ws/install/dobot_msgs_v4:/home/user/dobot_ws/install/dobot_gazebo:/home/user/dobot_ws/install/dobot_demo_cpp:/home/user/dobot_ws/install/servo_action:/home/user/dobot_ws/install/dobot_moveit:/home/user/dobot_ws/install/dobot_demo:/opt/ros/humble /usr/bin/cmake --build /home/user/dobot_ws/build/dobot_gazebo -- -j16 -l16
[0.547s] Invoked command in '/home/user/dobot_ws/build/dobot_gazebo' returned '0': CMAKE_PREFIX_PATH=/home/user/dobot_ws/install/cra_description:/home/user/dobot_ws/install/onrobot_2fg7_description:/home/user/dobot_ws/install/cr7_moveit:/home/user/dobot_ws/install/dobot_rviz:/home/user/dobot_ws/install/cr_robot_ros2:/home/user/dobot_ws/install/dobot_msgs_v4:/home/user/dobot_ws/install/dobot_gazebo:/home/user/dobot_ws/install/dobot_demo_cpp:/home/user/dobot_ws/install/servo_action:/home/user/dobot_ws/install/dobot_moveit:/home/user/dobot_ws/install/dobot_demo:/opt/ros/humble /usr/bin/cmake --build /home/user/dobot_ws/build/dobot_gazebo -- -j16 -l16
[0.548s] Invoking command in '/home/user/dobot_ws/build/dobot_gazebo': CMAKE_PREFIX_PATH=/home/user/dobot_ws/install/cra_description:/home/user/dobot_ws/install/onrobot_2fg7_description:/home/user/dobot_ws/install/cr7_moveit:/home/user/dobot_ws/install/dobot_rviz:/home/user/dobot_ws/install/cr_robot_ros2:/home/user/dobot_ws/install/dobot_msgs_v4:/home/user/dobot_ws/install/dobot_gazebo:/home/user/dobot_ws/install/dobot_demo_cpp:/home/user/dobot_ws/install/servo_action:/home/user/dobot_ws/install/dobot_moveit:/home/user/dobot_ws/install/dobot_demo:/opt/ros/humble /usr/bin/cmake --install /home/user/dobot_ws/build/dobot_gazebo
[0.554s] -- Install configuration: ""
[0.555s] -- Installing: /home/user/dobot_ws/install/dobot_gazebo/share/dobot_gazebo/launch
[0.555s] -- Installing: /home/user/dobot_ws/install/dobot_gazebo/share/dobot_gazebo/launch/gazebo_moveit.launch.py
[0.555s] -- Installing: /home/user/dobot_ws/install/dobot_gazebo/share/dobot_gazebo/launch/dobot_gazebo.launch.py
[0.555s] -- Installing: /home/user/dobot_ws/install/dobot_gazebo/share/dobot_gazebo/worlds
[0.555s] -- Installing: /home/user/dobot_ws/install/dobot_gazebo/share/dobot_gazebo/worlds/small_warehouse
[0.555s] -- Installing: /home/user/dobot_ws/install/dobot_gazebo/share/dobot_gazebo/worlds/cr.world
[0.555s] -- Installing: /home/user/dobot_ws/install/dobot_gazebo/share/dobot_gazebo/worlds/no_roof_small_warehouse
[0.555s] -- Installing: /home/user/dobot_ws/install/dobot_gazebo/share/dobot_gazebo/config
[0.555s] -- Installing: /home/user/dobot_ws/install/dobot_gazebo/share/dobot_gazebo/config/moveitcpp.rviz
[0.555s] -- Installing: /home/user/dobot_ws/install/dobot_gazebo/share/ament_index/resource_index/package_run_dependencies/dobot_gazebo
[0.556s] -- Installing: /home/user/dobot_ws/install/dobot_gazebo/share/ament_index/resource_index/parent_prefix_path/dobot_gazebo
[0.556s] -- Installing: /home/user/dobot_ws/install/dobot_gazebo/share/dobot_gazebo/environment/ament_prefix_path.sh
[0.556s] -- Installing: /home/user/dobot_ws/install/dobot_gazebo/share/dobot_gazebo/environment/ament_prefix_path.dsv
[0.556s] -- Installing: /home/user/dobot_ws/install/dobot_gazebo/share/dobot_gazebo/environment/path.sh
[0.556s] -- Installing: /home/user/dobot_ws/install/dobot_gazebo/share/dobot_gazebo/environment/path.dsv
[0.556s] -- Installing: /home/user/dobot_ws/install/dobot_gazebo/share/dobot_gazebo/local_setup.bash
[0.556s] -- Installing: /home/user/dobot_ws/install/dobot_gazebo/share/dobot_gazebo/local_setup.sh
[0.556s] -- Installing: /home/user/dobot_ws/install/dobot_gazebo/share/dobot_gazebo/local_setup.zsh
[0.556s] -- Installing: /home/user/dobot_ws/install/dobot_gazebo/share/dobot_gazebo/local_setup.dsv
[0.556s] -- Installing: /home/user/dobot_ws/install/dobot_gazebo/share/dobot_gazebo/package.dsv
[0.557s] -- Installing: /home/user/dobot_ws/install/dobot_gazebo/share/ament_index/resource_index/packages/dobot_gazebo
[0.557s] -- Installing: /home/user/dobot_ws/install/dobot_gazebo/share/dobot_gazebo/cmake/dobot_gazeboConfig.cmake
[0.557s] -- Installing: /home/user/dobot_ws/install/dobot_gazebo/share/dobot_gazebo/cmake/dobot_gazeboConfig-version.cmake
[0.557s] -- Installing: /home/user/dobot_ws/install/dobot_gazebo/share/dobot_gazebo/package.xml
[0.559s] Invoked command in '/home/user/dobot_ws/build/dobot_gazebo' returned '0': CMAKE_PREFIX_PATH=/home/user/dobot_ws/install/cra_description:/home/user/dobot_ws/install/onrobot_2fg7_description:/home/user/dobot_ws/install/cr7_moveit:/home/user/dobot_ws/install/dobot_rviz:/home/user/dobot_ws/install/cr_robot_ros2:/home/user/dobot_ws/install/dobot_msgs_v4:/home/user/dobot_ws/install/dobot_gazebo:/home/user/dobot_ws/install/dobot_demo_cpp:/home/user/dobot_ws/install/servo_action:/home/user/dobot_ws/install/dobot_moveit:/home/user/dobot_ws/install/dobot_demo:/opt/ros/humble /usr/bin/cmake --install /home/user/dobot_ws/build/dobot_gazebo
