[0.041s] Invoking command in '/home/user/dobot_ws/build/robotiq_gripper_controller': AMENT_PREFIX_PATH=/home/user/dobot_ws/install/ariac_interfaces:${AMENT_PREFIX_PATH} CMAKE_PREFIX_PATH=/home/user/dobot_ws/install/ariac_interfaces:/home/user/dobot_ws/install/ros2_linkattacher:/home/user/dobot_ws/install/dobot_gazebo:/home/user/dobot_ws/install/cra_description:/home/user/dobot_ws/install/onrobot_2fg7_description:/home/user/dobot_ws/install/linkattacher_msgs:/home/user/dobot_ws/install/cr7_moveit:/home/user/dobot_ws/install/dobot_rviz:/home/user/dobot_ws/install/cr_robot_ros2:/home/user/dobot_ws/install/dobot_msgs_v4:/home/user/dobot_ws/install/dobot_demo_cpp:/home/user/dobot_ws/install/servo_action:/home/user/dobot_ws/install/dobot_moveit:/home/user/dobot_ws/install/dobot_demo:/opt/ros/humble LD_LIBRARY_PATH=/home/user/dobot_ws/install/ariac_interfaces/lib:${LD_LIBRARY_PATH} PYTHONPATH=/home/user/dobot_ws/install/ariac_interfaces/local/lib/python3.10/dist-packages:${PYTHONPATH} /usr/bin/cmake /home/user/dobot_ws/src/ARIAC/robotiq_gripper_controller -DCMAKE_INSTALL_PREFIX=/home/user/dobot_ws/install/robotiq_gripper_controller
[0.089s] -- The C compiler identification is GNU 12.3.0
[0.150s] -- The CXX compiler identification is GNU 12.3.0
[0.162s] -- Detecting C compiler ABI info
[0.220s] -- Detecting C compiler ABI info - done
[0.231s] -- Check for working C compiler: /usr/bin/cc - skipped
[0.231s] -- Detecting C compile features
[0.232s] -- Detecting C compile features - done
[0.236s] -- Detecting CXX compiler ABI info
[0.308s] -- Detecting CXX compiler ABI info - done
[0.319s] -- Check for working CXX compiler: /usr/bin/c++ - skipped
[0.320s] -- Detecting CXX compile features
[0.320s] -- Detecting CXX compile features - done
[0.325s] -- Found ament_cmake: 1.3.14 (/opt/ros/humble/share/ament_cmake/cmake)
[0.454s] -- Found Python3: /usr/bin/python3 (found version "3.10.12") found components: Interpreter 
[0.538s] -- Found rclcpp: 16.0.19 (/opt/ros/humble/share/rclcpp/cmake)
[0.582s] -- Found rosidl_generator_c: 3.1.8 (/opt/ros/humble/share/rosidl_generator_c/cmake)
[0.588s] -- Found rosidl_adapter: 3.1.8 (/opt/ros/humble/share/rosidl_adapter/cmake)
[0.596s] -- Found rosidl_generator_cpp: 3.1.8 (/opt/ros/humble/share/rosidl_generator_cpp/cmake)
[0.607s] -- Using all available rosidl_typesupport_c: rosidl_typesupport_fastrtps_c;rosidl_typesupport_introspection_c
[0.623s] -- Using all available rosidl_typesupport_cpp: rosidl_typesupport_fastrtps_cpp;rosidl_typesupport_introspection_cpp
[0.671s] -- Found rmw_implementation_cmake: 6.1.2 (/opt/ros/humble/share/rmw_implementation_cmake/cmake)
[0.675s] -- Found rmw_fastrtps_cpp: 6.2.10 (/opt/ros/humble/share/rmw_fastrtps_cpp/cmake)
[0.747s] -- Found OpenSSL: /usr/lib/x86_64-linux-gnu/libcrypto.so (found version "3.0.2")  
[0.767s] -- Found FastRTPS: /opt/ros/humble/include  
[0.800s] -- Using RMW implementation 'rmw_fastrtps_cpp' as default
[0.809s] -- Looking for pthread.h
[0.866s] -- Looking for pthread.h - found
[0.866s] -- Performing Test CMAKE_HAVE_LIBC_PTHREAD
[0.931s] -- Performing Test CMAKE_HAVE_LIBC_PTHREAD - Success
[0.931s] -- Found Threads: TRUE  
[0.977s] -- Found rclcpp_action: 16.0.19 (/opt/ros/humble/share/rclcpp_action/cmake)
[1.009s] -- Found hardware_interface: 2.53.1 (/opt/ros/humble/share/hardware_interface/cmake)
[1.134s] -- Found controller_interface: 2.53.1 (/opt/ros/humble/share/controller_interface/cmake)
[1.140s] -- Found generate_parameter_library: 0.7.1 (/opt/ros/humble/share/generate_parameter_library/cmake)
[1.143s] -- Found parameter_traits: 0.7.1 (/opt/ros/humble/share/parameter_traits/cmake)
[1.166s] -- Found ariac_interfaces: 2025.3.4 (/home/user/dobot_ws/install/ariac_interfaces/share/ariac_interfaces/cmake)
[1.247s] -- Configuring done
[1.261s] -- Generating done
[1.267s] -- Build files have been written to: /home/user/dobot_ws/build/robotiq_gripper_controller
