[0.219s] Invoking command in '/home/user/dobot_ws/build/linkattacher_msgs': CMAKE_PREFIX_PATH=${CMAKE_PREFIX_PATH}:/home/user/dobot_ws/install/servo_action:/home/user/dobot_ws/install/dobot_moveit:/home/user/dobot_ws/install/dobot_demo:/opt/ros/humble /usr/bin/cmake --build /home/user/dobot_ws/build/linkattacher_msgs -- -j16 -l16
[1.017s] [  5%] Built target linkattacher_msgs__cpp
[1.018s] [  5%] Built target linkattacher_msgs__rs
[1.018s] [ 15%] Built target linkattacher_msgs__rosidl_generator_c
[1.018s] [ 15%] Built target ament_cmake_python_copy_linkattacher_msgs
[1.018s] [ 25%] Built target linkattacher_msgs__rosidl_typesupport_introspection_cpp
[1.018s] [ 35%] Built target linkattacher_msgs__rosidl_typesupport_cpp
[1.018s] [ 45%] Built target linkattacher_msgs__rosidl_typesupport_c
[1.018s] [ 55%] Built target linkattacher_msgs__rosidl_typesupport_fastrtps_cpp
[1.018s] [ 65%] Built target linkattacher_msgs__rosidl_typesupport_fastrtps_c
[1.018s] [ 75%] Built target linkattacher_msgs__rosidl_typesupport_introspection_c
[1.018s] [ 75%] Built target linkattacher_msgs
[1.018s] [ 77%] Built target linkattacher_msgs__py
[1.018s] [ 85%] Built target linkattacher_msgs__rosidl_generator_py
[1.018s] [100%] Built target linkattacher_msgs__rosidl_typesupport_introspection_c__pyext
[1.018s] [100%] Built target linkattacher_msgs__rosidl_typesupport_fastrtps_c__pyext
[1.018s] [100%] Built target linkattacher_msgs__rosidl_typesupport_c__pyext
[1.018s] running egg_info
[1.018s] writing linkattacher_msgs.egg-info/PKG-INFO
[1.018s] writing dependency_links to linkattacher_msgs.egg-info/dependency_links.txt
[1.018s] writing top-level names to linkattacher_msgs.egg-info/top_level.txt
[1.018s] reading manifest file 'linkattacher_msgs.egg-info/SOURCES.txt'
[1.019s] writing manifest file 'linkattacher_msgs.egg-info/SOURCES.txt'
[1.019s] [100%] Built target ament_cmake_python_build_linkattacher_msgs_egg
[1.026s] Invoked command in '/home/user/dobot_ws/build/linkattacher_msgs' returned '0': CMAKE_PREFIX_PATH=${CMAKE_PREFIX_PATH}:/home/user/dobot_ws/install/servo_action:/home/user/dobot_ws/install/dobot_moveit:/home/user/dobot_ws/install/dobot_demo:/opt/ros/humble /usr/bin/cmake --build /home/user/dobot_ws/build/linkattacher_msgs -- -j16 -l16
[1.027s] Invoking command in '/home/user/dobot_ws/build/linkattacher_msgs': CMAKE_PREFIX_PATH=${CMAKE_PREFIX_PATH}:/home/user/dobot_ws/install/servo_action:/home/user/dobot_ws/install/dobot_moveit:/home/user/dobot_ws/install/dobot_demo:/opt/ros/humble /usr/bin/cmake --install /home/user/dobot_ws/build/linkattacher_msgs
[1.128s] -- Install configuration: ""
[1.128s] -- Up-to-date: /home/user/dobot_ws/install/linkattacher_msgs/share/linkattacher_msgs/srv
[1.129s] -- Up-to-date: /home/user/dobot_ws/install/linkattacher_msgs/share/linkattacher_msgs/srv/AttachLink.srv
[1.129s] -- Up-to-date: /home/user/dobot_ws/install/linkattacher_msgs/share/linkattacher_msgs/srv/DetachLink.srv
[1.129s] -- Up-to-date: /home/user/dobot_ws/install/linkattacher_msgs/share/ament_index/resource_index/rosidl_interfaces/linkattacher_msgs
[1.129s] -- Up-to-date: /home/user/dobot_ws/install/linkattacher_msgs/include/linkattacher_msgs/linkattacher_msgs
[1.129s] -- Up-to-date: /home/user/dobot_ws/install/linkattacher_msgs/include/linkattacher_msgs/linkattacher_msgs/msg
[1.130s] -- Up-to-date: /home/user/dobot_ws/install/linkattacher_msgs/include/linkattacher_msgs/linkattacher_msgs/msg/rosidl_generator_c__visibility_control.h
[1.130s] -- Up-to-date: /home/user/dobot_ws/install/linkattacher_msgs/include/linkattacher_msgs/linkattacher_msgs/srv
[1.130s] -- Up-to-date: /home/user/dobot_ws/install/linkattacher_msgs/include/linkattacher_msgs/linkattacher_msgs/srv/detach_link.h
[1.130s] -- Up-to-date: /home/user/dobot_ws/install/linkattacher_msgs/include/linkattacher_msgs/linkattacher_msgs/srv/detail
[1.130s] -- Up-to-date: /home/user/dobot_ws/install/linkattacher_msgs/include/linkattacher_msgs/linkattacher_msgs/srv/detail/detach_link__functions.h
[1.131s] -- Up-to-date: /home/user/dobot_ws/install/linkattacher_msgs/include/linkattacher_msgs/linkattacher_msgs/srv/detail/detach_link__functions.c
[1.131s] -- Up-to-date: /home/user/dobot_ws/install/linkattacher_msgs/include/linkattacher_msgs/linkattacher_msgs/srv/detail/attach_link__functions.c
[1.131s] -- Up-to-date: /home/user/dobot_ws/install/linkattacher_msgs/include/linkattacher_msgs/linkattacher_msgs/srv/detail/attach_link__type_support.h
[1.132s] -- Up-to-date: /home/user/dobot_ws/install/linkattacher_msgs/include/linkattacher_msgs/linkattacher_msgs/srv/detail/detach_link__struct.h
[1.132s] -- Up-to-date: /home/user/dobot_ws/install/linkattacher_msgs/include/linkattacher_msgs/linkattacher_msgs/srv/detail/attach_link__functions.h
[1.133s] -- Up-to-date: /home/user/dobot_ws/install/linkattacher_msgs/include/linkattacher_msgs/linkattacher_msgs/srv/detail/attach_link__struct.h
[1.134s] -- Up-to-date: /home/user/dobot_ws/install/linkattacher_msgs/include/linkattacher_msgs/linkattacher_msgs/srv/detail/detach_link__type_support.h
[1.134s] -- Up-to-date: /home/user/dobot_ws/install/linkattacher_msgs/include/linkattacher_msgs/linkattacher_msgs/srv/attach_link.h
[1.134s] -- Up-to-date: /home/user/dobot_ws/install/linkattacher_msgs/share/linkattacher_msgs/environment/library_path.sh
[1.134s] -- Up-to-date: /home/user/dobot_ws/install/linkattacher_msgs/share/linkattacher_msgs/environment/library_path.dsv
[1.134s] -- Up-to-date: /home/user/dobot_ws/install/linkattacher_msgs/lib/liblinkattacher_msgs__rosidl_generator_c.so
[1.134s] -- Up-to-date: /home/user/dobot_ws/install/linkattacher_msgs/include/linkattacher_msgs/linkattacher_msgs
[1.134s] -- Up-to-date: /home/user/dobot_ws/install/linkattacher_msgs/include/linkattacher_msgs/linkattacher_msgs/msg
[1.134s] -- Up-to-date: /home/user/dobot_ws/install/linkattacher_msgs/include/linkattacher_msgs/linkattacher_msgs/msg/rosidl_typesupport_fastrtps_c__visibility_control.h
[1.135s] -- Up-to-date: /home/user/dobot_ws/install/linkattacher_msgs/include/linkattacher_msgs/linkattacher_msgs/srv
[1.135s] -- Up-to-date: /home/user/dobot_ws/install/linkattacher_msgs/include/linkattacher_msgs/linkattacher_msgs/srv/detail
[1.135s] -- Up-to-date: /home/user/dobot_ws/install/linkattacher_msgs/include/linkattacher_msgs/linkattacher_msgs/srv/detail/attach_link__rosidl_typesupport_fastrtps_c.h
[1.135s] -- Up-to-date: /home/user/dobot_ws/install/linkattacher_msgs/include/linkattacher_msgs/linkattacher_msgs/srv/detail/detach_link__rosidl_typesupport_fastrtps_c.h
[1.135s] -- Up-to-date: /home/user/dobot_ws/install/linkattacher_msgs/lib/liblinkattacher_msgs__rosidl_typesupport_fastrtps_c.so
[1.135s] -- Up-to-date: /home/user/dobot_ws/install/linkattacher_msgs/include/linkattacher_msgs/linkattacher_msgs
[1.135s] -- Up-to-date: /home/user/dobot_ws/install/linkattacher_msgs/include/linkattacher_msgs/linkattacher_msgs/msg
[1.149s] -- Up-to-date: /home/user/dobot_ws/install/linkattacher_msgs/include/linkattacher_msgs/linkattacher_msgs/msg/rosidl_typesupport_introspection_c__visibility_control.h
[1.149s] -- Up-to-date: /home/user/dobot_ws/install/linkattacher_msgs/include/linkattacher_msgs/linkattacher_msgs/srv
[1.150s] -- Up-to-date: /home/user/dobot_ws/install/linkattacher_msgs/include/linkattacher_msgs/linkattacher_msgs/srv/detail
[1.150s] -- Up-to-date: /home/user/dobot_ws/install/linkattacher_msgs/include/linkattacher_msgs/linkattacher_msgs/srv/detail/attach_link__type_support.c
[1.150s] -- Up-to-date: /home/user/dobot_ws/install/linkattacher_msgs/include/linkattacher_msgs/linkattacher_msgs/srv/detail/detach_link__type_support.c
[1.150s] -- Up-to-date: /home/user/dobot_ws/install/linkattacher_msgs/include/linkattacher_msgs/linkattacher_msgs/srv/detail/detach_link__rosidl_typesupport_introspection_c.h
[1.150s] -- Up-to-date: /home/user/dobot_ws/install/linkattacher_msgs/include/linkattacher_msgs/linkattacher_msgs/srv/detail/attach_link__rosidl_typesupport_introspection_c.h
[1.150s] -- Up-to-date: /home/user/dobot_ws/install/linkattacher_msgs/lib/liblinkattacher_msgs__rosidl_typesupport_introspection_c.so
[1.150s] -- Up-to-date: /home/user/dobot_ws/install/linkattacher_msgs/lib/liblinkattacher_msgs__rosidl_typesupport_c.so
[1.151s] -- Up-to-date: /home/user/dobot_ws/install/linkattacher_msgs/include/linkattacher_msgs/linkattacher_msgs
[1.151s] -- Up-to-date: /home/user/dobot_ws/install/linkattacher_msgs/include/linkattacher_msgs/linkattacher_msgs/msg
[1.151s] -- Up-to-date: /home/user/dobot_ws/install/linkattacher_msgs/include/linkattacher_msgs/linkattacher_msgs/msg/rosidl_generator_cpp__visibility_control.hpp
[1.151s] -- Up-to-date: /home/user/dobot_ws/install/linkattacher_msgs/include/linkattacher_msgs/linkattacher_msgs/srv
[1.151s] -- Up-to-date: /home/user/dobot_ws/install/linkattacher_msgs/include/linkattacher_msgs/linkattacher_msgs/srv/attach_link.hpp
[1.151s] -- Up-to-date: /home/user/dobot_ws/install/linkattacher_msgs/include/linkattacher_msgs/linkattacher_msgs/srv/detach_link.hpp
[1.151s] -- Up-to-date: /home/user/dobot_ws/install/linkattacher_msgs/include/linkattacher_msgs/linkattacher_msgs/srv/detail
[1.152s] -- Up-to-date: /home/user/dobot_ws/install/linkattacher_msgs/include/linkattacher_msgs/linkattacher_msgs/srv/detail/attach_link__traits.hpp
[1.152s] -- Up-to-date: /home/user/dobot_ws/install/linkattacher_msgs/include/linkattacher_msgs/linkattacher_msgs/srv/detail/attach_link__builder.hpp
[1.152s] -- Up-to-date: /home/user/dobot_ws/install/linkattacher_msgs/include/linkattacher_msgs/linkattacher_msgs/srv/detail/detach_link__type_support.hpp
[1.152s] -- Up-to-date: /home/user/dobot_ws/install/linkattacher_msgs/include/linkattacher_msgs/linkattacher_msgs/srv/detail/detach_link__struct.hpp
[1.152s] -- Up-to-date: /home/user/dobot_ws/install/linkattacher_msgs/include/linkattacher_msgs/linkattacher_msgs/srv/detail/detach_link__traits.hpp
[1.153s] -- Up-to-date: /home/user/dobot_ws/install/linkattacher_msgs/include/linkattacher_msgs/linkattacher_msgs/srv/detail/attach_link__struct.hpp
[1.153s] -- Up-to-date: /home/user/dobot_ws/install/linkattacher_msgs/include/linkattacher_msgs/linkattacher_msgs/srv/detail/detach_link__builder.hpp
[1.153s] -- Up-to-date: /home/user/dobot_ws/install/linkattacher_msgs/include/linkattacher_msgs/linkattacher_msgs/srv/detail/attach_link__type_support.hpp
[1.153s] -- Up-to-date: /home/user/dobot_ws/install/linkattacher_msgs/include/linkattacher_msgs/linkattacher_msgs
[1.153s] -- Up-to-date: /home/user/dobot_ws/install/linkattacher_msgs/include/linkattacher_msgs/linkattacher_msgs/msg
[1.154s] -- Up-to-date: /home/user/dobot_ws/install/linkattacher_msgs/include/linkattacher_msgs/linkattacher_msgs/msg/rosidl_typesupport_fastrtps_cpp__visibility_control.h
[1.154s] -- Up-to-date: /home/user/dobot_ws/install/linkattacher_msgs/include/linkattacher_msgs/linkattacher_msgs/srv
[1.154s] -- Up-to-date: /home/user/dobot_ws/install/linkattacher_msgs/include/linkattacher_msgs/linkattacher_msgs/srv/detail
[1.154s] -- Up-to-date: /home/user/dobot_ws/install/linkattacher_msgs/include/linkattacher_msgs/linkattacher_msgs/srv/detail/dds_fastrtps
[1.156s] -- Up-to-date: /home/user/dobot_ws/install/linkattacher_msgs/include/linkattacher_msgs/linkattacher_msgs/srv/detail/detach_link__rosidl_typesupport_fastrtps_cpp.hpp
[1.157s] -- Up-to-date: /home/user/dobot_ws/install/linkattacher_msgs/include/linkattacher_msgs/linkattacher_msgs/srv/detail/attach_link__rosidl_typesupport_fastrtps_cpp.hpp
[1.157s] -- Up-to-date: /home/user/dobot_ws/install/linkattacher_msgs/lib/liblinkattacher_msgs__rosidl_typesupport_fastrtps_cpp.so
[1.157s] -- Up-to-date: /home/user/dobot_ws/install/linkattacher_msgs/include/linkattacher_msgs/linkattacher_msgs
[1.157s] -- Up-to-date: /home/user/dobot_ws/install/linkattacher_msgs/include/linkattacher_msgs/linkattacher_msgs/srv
[1.158s] -- Up-to-date: /home/user/dobot_ws/install/linkattacher_msgs/include/linkattacher_msgs/linkattacher_msgs/srv/detail
[1.158s] -- Up-to-date: /home/user/dobot_ws/install/linkattacher_msgs/include/linkattacher_msgs/linkattacher_msgs/srv/detail/attach_link__rosidl_typesupport_introspection_cpp.hpp
[1.159s] -- Up-to-date: /home/user/dobot_ws/install/linkattacher_msgs/include/linkattacher_msgs/linkattacher_msgs/srv/detail/detach_link__type_support.cpp
[1.160s] -- Up-to-date: /home/user/dobot_ws/install/linkattacher_msgs/include/linkattacher_msgs/linkattacher_msgs/srv/detail/detach_link__rosidl_typesupport_introspection_cpp.hpp
[1.160s] -- Up-to-date: /home/user/dobot_ws/install/linkattacher_msgs/include/linkattacher_msgs/linkattacher_msgs/srv/detail/attach_link__type_support.cpp
[1.160s] -- Up-to-date: /home/user/dobot_ws/install/linkattacher_msgs/lib/liblinkattacher_msgs__rosidl_typesupport_introspection_cpp.so
[1.161s] -- Up-to-date: /home/user/dobot_ws/install/linkattacher_msgs/lib/liblinkattacher_msgs__rosidl_typesupport_cpp.so
[1.161s] -- Up-to-date: /home/user/dobot_ws/install/linkattacher_msgs/share/linkattacher_msgs/environment/pythonpath.sh
[1.161s] -- Up-to-date: /home/user/dobot_ws/install/linkattacher_msgs/share/linkattacher_msgs/environment/pythonpath.dsv
[1.161s] -- Up-to-date: /home/user/dobot_ws/install/linkattacher_msgs/local/lib/python3.10/dist-packages/linkattacher_msgs-0.0.0-py3.10.egg-info
[1.161s] -- Installing: /home/user/dobot_ws/install/linkattacher_msgs/local/lib/python3.10/dist-packages/linkattacher_msgs-0.0.0-py3.10.egg-info/SOURCES.txt
[1.162s] -- Installing: /home/user/dobot_ws/install/linkattacher_msgs/local/lib/python3.10/dist-packages/linkattacher_msgs-0.0.0-py3.10.egg-info/top_level.txt
[1.162s] -- Installing: /home/user/dobot_ws/install/linkattacher_msgs/local/lib/python3.10/dist-packages/linkattacher_msgs-0.0.0-py3.10.egg-info/PKG-INFO
[1.162s] -- Installing: /home/user/dobot_ws/install/linkattacher_msgs/local/lib/python3.10/dist-packages/linkattacher_msgs-0.0.0-py3.10.egg-info/dependency_links.txt
[1.162s] -- Up-to-date: /home/user/dobot_ws/install/linkattacher_msgs/local/lib/python3.10/dist-packages/linkattacher_msgs
[1.162s] -- Up-to-date: /home/user/dobot_ws/install/linkattacher_msgs/local/lib/python3.10/dist-packages/linkattacher_msgs/linkattacher_msgs_s__rosidl_typesupport_introspection_c.cpython-310-x86_64-linux-gnu.so
[1.163s] -- Up-to-date: /home/user/dobot_ws/install/linkattacher_msgs/local/lib/python3.10/dist-packages/linkattacher_msgs/linkattacher_msgs_s__rosidl_typesupport_fastrtps_c.cpython-310-x86_64-linux-gnu.so
[1.163s] -- Up-to-date: /home/user/dobot_ws/install/linkattacher_msgs/local/lib/python3.10/dist-packages/linkattacher_msgs/_linkattacher_msgs_s.ep.rosidl_typesupport_introspection_c.c
[1.164s] -- Up-to-date: /home/user/dobot_ws/install/linkattacher_msgs/local/lib/python3.10/dist-packages/linkattacher_msgs/__init__.py
[1.164s] -- Up-to-date: /home/user/dobot_ws/install/linkattacher_msgs/local/lib/python3.10/dist-packages/linkattacher_msgs/_linkattacher_msgs_s.ep.rosidl_typesupport_fastrtps_c.c
[1.164s] -- Up-to-date: /home/user/dobot_ws/install/linkattacher_msgs/local/lib/python3.10/dist-packages/linkattacher_msgs/linkattacher_msgs_s__rosidl_typesupport_c.cpython-310-x86_64-linux-gnu.so
[1.164s] -- Up-to-date: /home/user/dobot_ws/install/linkattacher_msgs/local/lib/python3.10/dist-packages/linkattacher_msgs/srv
[1.164s] -- Up-to-date: /home/user/dobot_ws/install/linkattacher_msgs/local/lib/python3.10/dist-packages/linkattacher_msgs/srv/_detach_link.py
[1.165s] -- Up-to-date: /home/user/dobot_ws/install/linkattacher_msgs/local/lib/python3.10/dist-packages/linkattacher_msgs/srv/_detach_link_s.c
[1.169s] -- Up-to-date: /home/user/dobot_ws/install/linkattacher_msgs/local/lib/python3.10/dist-packages/linkattacher_msgs/srv/_attach_link_s.c
[1.169s] -- Up-to-date: /home/user/dobot_ws/install/linkattacher_msgs/local/lib/python3.10/dist-packages/linkattacher_msgs/srv/__init__.py
[1.169s] -- Up-to-date: /home/user/dobot_ws/install/linkattacher_msgs/local/lib/python3.10/dist-packages/linkattacher_msgs/srv/_attach_link.py
[1.169s] -- Up-to-date: /home/user/dobot_ws/install/linkattacher_msgs/local/lib/python3.10/dist-packages/linkattacher_msgs/liblinkattacher_msgs__rosidl_generator_py.so
[1.170s] -- Up-to-date: /home/user/dobot_ws/install/linkattacher_msgs/local/lib/python3.10/dist-packages/linkattacher_msgs/_linkattacher_msgs_s.ep.rosidl_typesupport_c.c
[1.453s] Listing '/home/user/dobot_ws/install/linkattacher_msgs/local/lib/python3.10/dist-packages/linkattacher_msgs'...
[1.453s] Listing '/home/user/dobot_ws/install/linkattacher_msgs/local/lib/python3.10/dist-packages/linkattacher_msgs/srv'...
[1.462s] -- Up-to-date: /home/user/dobot_ws/install/linkattacher_msgs/local/lib/python3.10/dist-packages/linkattacher_msgs/linkattacher_msgs_s__rosidl_typesupport_fastrtps_c.cpython-310-x86_64-linux-gnu.so
[1.464s] -- Up-to-date: /home/user/dobot_ws/install/linkattacher_msgs/local/lib/python3.10/dist-packages/linkattacher_msgs/linkattacher_msgs_s__rosidl_typesupport_introspection_c.cpython-310-x86_64-linux-gnu.so
[1.466s] -- Up-to-date: /home/user/dobot_ws/install/linkattacher_msgs/local/lib/python3.10/dist-packages/linkattacher_msgs/linkattacher_msgs_s__rosidl_typesupport_c.cpython-310-x86_64-linux-gnu.so
[1.469s] -- Up-to-date: /home/user/dobot_ws/install/linkattacher_msgs/lib/liblinkattacher_msgs__rosidl_generator_py.so
[1.469s] -- Up-to-date: /home/user/dobot_ws/install/linkattacher_msgs/share/ament_index/resource_index/rust_packages/linkattacher_msgs
[1.469s] -- Up-to-date: /home/user/dobot_ws/install/linkattacher_msgs/share/linkattacher_msgs/rust
[1.469s] -- Up-to-date: /home/user/dobot_ws/install/linkattacher_msgs/share/linkattacher_msgs/rust/src
[1.469s] -- Up-to-date: /home/user/dobot_ws/install/linkattacher_msgs/share/linkattacher_msgs/rust/src/srv
[1.470s] -- Up-to-date: /home/user/dobot_ws/install/linkattacher_msgs/share/linkattacher_msgs/rust/src/srv/rmw.rs
[1.470s] -- Up-to-date: /home/user/dobot_ws/install/linkattacher_msgs/share/linkattacher_msgs/rust/src/lib.rs
[1.470s] -- Up-to-date: /home/user/dobot_ws/install/linkattacher_msgs/share/linkattacher_msgs/rust/src/srv.rs
[1.470s] -- Up-to-date: /home/user/dobot_ws/install/linkattacher_msgs/share/linkattacher_msgs/rust/build.rs
[1.470s] -- Up-to-date: /home/user/dobot_ws/install/linkattacher_msgs/share/linkattacher_msgs/rust/Cargo.toml
[1.470s] -- Up-to-date: /home/user/dobot_ws/install/linkattacher_msgs/share/linkattacher_msgs/srv/AttachLink.idl
[1.470s] -- Up-to-date: /home/user/dobot_ws/install/linkattacher_msgs/share/linkattacher_msgs/srv/DetachLink.idl
[1.470s] -- Up-to-date: /home/user/dobot_ws/install/linkattacher_msgs/share/linkattacher_msgs/srv/AttachLink.srv
[1.470s] -- Up-to-date: /home/user/dobot_ws/install/linkattacher_msgs/share/linkattacher_msgs/srv/AttachLink_Request.msg
[1.470s] -- Up-to-date: /home/user/dobot_ws/install/linkattacher_msgs/share/linkattacher_msgs/srv/AttachLink_Response.msg
[1.470s] -- Up-to-date: /home/user/dobot_ws/install/linkattacher_msgs/share/linkattacher_msgs/srv/DetachLink.srv
[1.470s] -- Up-to-date: /home/user/dobot_ws/install/linkattacher_msgs/share/linkattacher_msgs/srv/DetachLink_Request.msg
[1.470s] -- Up-to-date: /home/user/dobot_ws/install/linkattacher_msgs/share/linkattacher_msgs/srv/DetachLink_Response.msg
[1.470s] -- Up-to-date: /home/user/dobot_ws/install/linkattacher_msgs/share/ament_index/resource_index/package_run_dependencies/linkattacher_msgs
[1.470s] -- Up-to-date: /home/user/dobot_ws/install/linkattacher_msgs/share/ament_index/resource_index/parent_prefix_path/linkattacher_msgs
[1.470s] -- Up-to-date: /home/user/dobot_ws/install/linkattacher_msgs/share/linkattacher_msgs/environment/ament_prefix_path.sh
[1.470s] -- Up-to-date: /home/user/dobot_ws/install/linkattacher_msgs/share/linkattacher_msgs/environment/ament_prefix_path.dsv
[1.470s] -- Up-to-date: /home/user/dobot_ws/install/linkattacher_msgs/share/linkattacher_msgs/environment/path.sh
[1.471s] -- Up-to-date: /home/user/dobot_ws/install/linkattacher_msgs/share/linkattacher_msgs/environment/path.dsv
[1.471s] -- Up-to-date: /home/user/dobot_ws/install/linkattacher_msgs/share/linkattacher_msgs/local_setup.bash
[1.471s] -- Up-to-date: /home/user/dobot_ws/install/linkattacher_msgs/share/linkattacher_msgs/local_setup.sh
[1.471s] -- Up-to-date: /home/user/dobot_ws/install/linkattacher_msgs/share/linkattacher_msgs/local_setup.zsh
[1.471s] -- Up-to-date: /home/user/dobot_ws/install/linkattacher_msgs/share/linkattacher_msgs/local_setup.dsv
[1.471s] -- Installing: /home/user/dobot_ws/install/linkattacher_msgs/share/linkattacher_msgs/package.dsv
[1.471s] -- Up-to-date: /home/user/dobot_ws/install/linkattacher_msgs/share/ament_index/resource_index/packages/linkattacher_msgs
[1.471s] -- Up-to-date: /home/user/dobot_ws/install/linkattacher_msgs/share/linkattacher_msgs/cmake/export_linkattacher_msgs__rosidl_generator_cExport.cmake
[1.471s] -- Up-to-date: /home/user/dobot_ws/install/linkattacher_msgs/share/linkattacher_msgs/cmake/export_linkattacher_msgs__rosidl_generator_cExport-noconfig.cmake
[1.471s] -- Up-to-date: /home/user/dobot_ws/install/linkattacher_msgs/share/linkattacher_msgs/cmake/export_linkattacher_msgs__rosidl_typesupport_fastrtps_cExport.cmake
[1.471s] -- Up-to-date: /home/user/dobot_ws/install/linkattacher_msgs/share/linkattacher_msgs/cmake/export_linkattacher_msgs__rosidl_typesupport_fastrtps_cExport-noconfig.cmake
[1.474s] -- Up-to-date: /home/user/dobot_ws/install/linkattacher_msgs/share/linkattacher_msgs/cmake/linkattacher_msgs__rosidl_typesupport_introspection_cExport.cmake
[1.474s] -- Up-to-date: /home/user/dobot_ws/install/linkattacher_msgs/share/linkattacher_msgs/cmake/linkattacher_msgs__rosidl_typesupport_introspection_cExport-noconfig.cmake
[1.474s] -- Up-to-date: /home/user/dobot_ws/install/linkattacher_msgs/share/linkattacher_msgs/cmake/linkattacher_msgs__rosidl_typesupport_cExport.cmake
[1.474s] -- Up-to-date: /home/user/dobot_ws/install/linkattacher_msgs/share/linkattacher_msgs/cmake/linkattacher_msgs__rosidl_typesupport_cExport-noconfig.cmake
[1.474s] -- Up-to-date: /home/user/dobot_ws/install/linkattacher_msgs/share/linkattacher_msgs/cmake/export_linkattacher_msgs__rosidl_generator_cppExport.cmake
[1.475s] -- Up-to-date: /home/user/dobot_ws/install/linkattacher_msgs/share/linkattacher_msgs/cmake/export_linkattacher_msgs__rosidl_typesupport_fastrtps_cppExport.cmake
[1.475s] -- Up-to-date: /home/user/dobot_ws/install/linkattacher_msgs/share/linkattacher_msgs/cmake/export_linkattacher_msgs__rosidl_typesupport_fastrtps_cppExport-noconfig.cmake
[1.475s] -- Up-to-date: /home/user/dobot_ws/install/linkattacher_msgs/share/linkattacher_msgs/cmake/linkattacher_msgs__rosidl_typesupport_introspection_cppExport.cmake
[1.475s] -- Up-to-date: /home/user/dobot_ws/install/linkattacher_msgs/share/linkattacher_msgs/cmake/linkattacher_msgs__rosidl_typesupport_introspection_cppExport-noconfig.cmake
[1.475s] -- Up-to-date: /home/user/dobot_ws/install/linkattacher_msgs/share/linkattacher_msgs/cmake/linkattacher_msgs__rosidl_typesupport_cppExport.cmake
[1.475s] -- Up-to-date: /home/user/dobot_ws/install/linkattacher_msgs/share/linkattacher_msgs/cmake/linkattacher_msgs__rosidl_typesupport_cppExport-noconfig.cmake
[1.475s] -- Up-to-date: /home/user/dobot_ws/install/linkattacher_msgs/share/linkattacher_msgs/cmake/export_linkattacher_msgs__rosidl_generator_pyExport.cmake
[1.478s] -- Up-to-date: /home/user/dobot_ws/install/linkattacher_msgs/share/linkattacher_msgs/cmake/export_linkattacher_msgs__rosidl_generator_pyExport-noconfig.cmake
[1.478s] -- Up-to-date: /home/user/dobot_ws/install/linkattacher_msgs/share/linkattacher_msgs/cmake/rosidl_cmake-extras.cmake
[1.478s] -- Up-to-date: /home/user/dobot_ws/install/linkattacher_msgs/share/linkattacher_msgs/cmake/ament_cmake_export_include_directories-extras.cmake
[1.478s] -- Up-to-date: /home/user/dobot_ws/install/linkattacher_msgs/share/linkattacher_msgs/cmake/ament_cmake_export_libraries-extras.cmake
[1.478s] -- Up-to-date: /home/user/dobot_ws/install/linkattacher_msgs/share/linkattacher_msgs/cmake/ament_cmake_export_targets-extras.cmake
[1.478s] -- Up-to-date: /home/user/dobot_ws/install/linkattacher_msgs/share/linkattacher_msgs/cmake/rosidl_cmake_export_typesupport_targets-extras.cmake
[1.478s] -- Up-to-date: /home/user/dobot_ws/install/linkattacher_msgs/share/linkattacher_msgs/cmake/ament_cmake_export_dependencies-extras.cmake
[1.479s] -- Up-to-date: /home/user/dobot_ws/install/linkattacher_msgs/share/linkattacher_msgs/cmake/rosidl_cmake_export_typesupport_libraries-extras.cmake
[1.479s] -- Up-to-date: /home/user/dobot_ws/install/linkattacher_msgs/share/linkattacher_msgs/cmake/linkattacher_msgsConfig.cmake
[1.479s] -- Up-to-date: /home/user/dobot_ws/install/linkattacher_msgs/share/linkattacher_msgs/cmake/linkattacher_msgsConfig-version.cmake
[1.479s] -- Up-to-date: /home/user/dobot_ws/install/linkattacher_msgs/share/linkattacher_msgs/package.xml
[1.543s] Invoked command in '/home/user/dobot_ws/build/linkattacher_msgs' returned '0': CMAKE_PREFIX_PATH=${CMAKE_PREFIX_PATH}:/home/user/dobot_ws/install/servo_action:/home/user/dobot_ws/install/dobot_moveit:/home/user/dobot_ws/install/dobot_demo:/opt/ros/humble /usr/bin/cmake --install /home/user/dobot_ws/build/linkattacher_msgs
