[0.219s] Invoking command in '/home/user/dobot_ws/build/dobot_rviz': CMAKE_PREFIX_PATH=${CMAKE_PREFIX_PATH}:/home/user/dobot_ws/install/servo_action:/home/user/dobot_ws/install/dobot_moveit:/home/user/dobot_ws/install/dobot_demo:/opt/ros/humble /usr/bin/cmake --build /home/user/dobot_ws/build/dobot_rviz -- -j16 -l16
[1.117s] Invoked command in '/home/user/dobot_ws/build/dobot_rviz' returned '0': CMAKE_PREFIX_PATH=${CMAKE_PREFIX_PATH}:/home/user/dobot_ws/install/servo_action:/home/user/dobot_ws/install/dobot_moveit:/home/user/dobot_ws/install/dobot_demo:/opt/ros/humble /usr/bin/cmake --build /home/user/dobot_ws/build/dobot_rviz -- -j16 -l16
[1.118s] Invoking command in '/home/user/dobot_ws/build/dobot_rviz': CMAKE_PREFIX_PATH=${CMAKE_PREFIX_PATH}:/home/user/dobot_ws/install/servo_action:/home/user/dobot_ws/install/dobot_moveit:/home/user/dobot_ws/install/dobot_demo:/opt/ros/humble /usr/bin/cmake --install /home/user/dobot_ws/build/dobot_rviz
[1.182s] -- Install configuration: ""
[1.182s] -- Up-to-date: /home/user/dobot_ws/install/dobot_rviz/share/dobot_rviz/launch
[1.182s] -- Up-to-date: /home/user/dobot_ws/install/dobot_rviz/share/dobot_rviz/launch/dobot_rviz.launch.py
[1.183s] -- Up-to-date: /home/user/dobot_ws/install/dobot_rviz/share/dobot_rviz/urdf
[1.184s] -- Up-to-date: /home/user/dobot_ws/install/dobot_rviz/share/dobot_rviz/urdf/cr20_robot.urdf
[1.184s] -- Up-to-date: /home/user/dobot_ws/install/dobot_rviz/share/dobot_rviz/urdf/cr12_robot.urdf
[1.184s] -- Up-to-date: /home/user/dobot_ws/install/dobot_rviz/share/dobot_rviz/urdf/cr5_robot.urdf
[1.184s] -- Up-to-date: /home/user/dobot_ws/install/dobot_rviz/share/dobot_rviz/urdf/nova5_robot.urdf
[1.184s] -- Up-to-date: /home/user/dobot_ws/install/dobot_rviz/share/dobot_rviz/urdf/me6_robot.urdf
[1.185s] -- Up-to-date: /home/user/dobot_ws/install/dobot_rviz/share/dobot_rviz/urdf/cr10_robot.urdf
[1.185s] -- Up-to-date: /home/user/dobot_ws/install/dobot_rviz/share/dobot_rviz/urdf/cr16_robot.urdf
[1.185s] -- Up-to-date: /home/user/dobot_ws/install/dobot_rviz/share/dobot_rviz/urdf/cr7_robot.urdf
[1.186s] -- Up-to-date: /home/user/dobot_ws/install/dobot_rviz/share/dobot_rviz/urdf/cr3_robot.urdf
[1.186s] -- Up-to-date: /home/user/dobot_ws/install/dobot_rviz/share/dobot_rviz/urdf/nova2_robot.urdf
[1.186s] -- Up-to-date: /home/user/dobot_ws/install/dobot_rviz/share/dobot_rviz/urdf/cr30h_robot.urdf
[1.186s] -- Up-to-date: /home/user/dobot_ws/install/dobot_rviz/share/dobot_rviz/urdf/cr10af_robot.urdf
[1.186s] -- Up-to-date: /home/user/dobot_ws/install/dobot_rviz/share/dobot_rviz/rviz
[1.187s] -- Up-to-date: /home/user/dobot_ws/install/dobot_rviz/share/dobot_rviz/rviz/urdf.rviz
[1.187s] -- Up-to-date: /home/user/dobot_ws/install/dobot_rviz/share/dobot_rviz/meshes
[1.187s] -- Up-to-date: /home/user/dobot_ws/install/dobot_rviz/share/dobot_rviz/meshes/cr3
[1.187s] -- Up-to-date: /home/user/dobot_ws/install/dobot_rviz/share/dobot_rviz/meshes/cr3/J3.STL
[1.188s] -- Up-to-date: /home/user/dobot_ws/install/dobot_rviz/share/dobot_rviz/meshes/cr3/J6.STL
[1.188s] -- Up-to-date: /home/user/dobot_ws/install/dobot_rviz/share/dobot_rviz/meshes/cr3/J1.STL
[1.188s] -- Up-to-date: /home/user/dobot_ws/install/dobot_rviz/share/dobot_rviz/meshes/cr3/base_link.STL
[1.188s] -- Up-to-date: /home/user/dobot_ws/install/dobot_rviz/share/dobot_rviz/meshes/cr3/J4.STL
[1.188s] -- Up-to-date: /home/user/dobot_ws/install/dobot_rviz/share/dobot_rviz/meshes/cr3/J2.STL
[1.188s] -- Up-to-date: /home/user/dobot_ws/install/dobot_rviz/share/dobot_rviz/meshes/cr3/J5.STL
[1.188s] -- Up-to-date: /home/user/dobot_ws/install/dobot_rviz/share/dobot_rviz/meshes/cr5
[1.189s] -- Up-to-date: /home/user/dobot_ws/install/dobot_rviz/share/dobot_rviz/meshes/cr5/J3.STL
[1.189s] -- Up-to-date: /home/user/dobot_ws/install/dobot_rviz/share/dobot_rviz/meshes/cr5/J6.STL
[1.189s] -- Up-to-date: /home/user/dobot_ws/install/dobot_rviz/share/dobot_rviz/meshes/cr5/J1.STL
[1.189s] -- Up-to-date: /home/user/dobot_ws/install/dobot_rviz/share/dobot_rviz/meshes/cr5/base_link.STL
[1.190s] -- Up-to-date: /home/user/dobot_ws/install/dobot_rviz/share/dobot_rviz/meshes/cr5/J4.STL
[1.190s] -- Up-to-date: /home/user/dobot_ws/install/dobot_rviz/share/dobot_rviz/meshes/cr5/J2.STL
[1.190s] -- Up-to-date: /home/user/dobot_ws/install/dobot_rviz/share/dobot_rviz/meshes/cr5/J5.STL
[1.190s] -- Up-to-date: /home/user/dobot_ws/install/dobot_rviz/share/dobot_rviz/meshes/nova2
[1.191s] -- Up-to-date: /home/user/dobot_ws/install/dobot_rviz/share/dobot_rviz/meshes/nova2/Link3.STL
[1.191s] -- Up-to-date: /home/user/dobot_ws/install/dobot_rviz/share/dobot_rviz/meshes/nova2/Link5.STL
[1.192s] -- Up-to-date: /home/user/dobot_ws/install/dobot_rviz/share/dobot_rviz/meshes/nova2/Link1.STL
[1.192s] -- Up-to-date: /home/user/dobot_ws/install/dobot_rviz/share/dobot_rviz/meshes/nova2/Link2.STL
[1.192s] -- Up-to-date: /home/user/dobot_ws/install/dobot_rviz/share/dobot_rviz/meshes/nova2/Link6.STL
[1.193s] -- Up-to-date: /home/user/dobot_ws/install/dobot_rviz/share/dobot_rviz/meshes/nova2/Link4.STL
[1.193s] -- Up-to-date: /home/user/dobot_ws/install/dobot_rviz/share/dobot_rviz/meshes/nova2/base_link.STL
[1.193s] -- Up-to-date: /home/user/dobot_ws/install/dobot_rviz/share/dobot_rviz/meshes/cr12
[1.193s] -- Up-to-date: /home/user/dobot_ws/install/dobot_rviz/share/dobot_rviz/meshes/cr12/J3.STL
[1.194s] -- Up-to-date: /home/user/dobot_ws/install/dobot_rviz/share/dobot_rviz/meshes/cr12/J6.STL
[1.194s] -- Up-to-date: /home/user/dobot_ws/install/dobot_rviz/share/dobot_rviz/meshes/cr12/J1.STL
[1.194s] -- Up-to-date: /home/user/dobot_ws/install/dobot_rviz/share/dobot_rviz/meshes/cr12/base_link0.STL
[1.194s] -- Up-to-date: /home/user/dobot_ws/install/dobot_rviz/share/dobot_rviz/meshes/cr12/J4.STL
[1.195s] -- Up-to-date: /home/user/dobot_ws/install/dobot_rviz/share/dobot_rviz/meshes/cr12/J2.STL
[1.195s] -- Up-to-date: /home/user/dobot_ws/install/dobot_rviz/share/dobot_rviz/meshes/cr12/J5.STL
[1.195s] -- Up-to-date: /home/user/dobot_ws/install/dobot_rviz/share/dobot_rviz/meshes/cr10
[1.195s] -- Up-to-date: /home/user/dobot_ws/install/dobot_rviz/share/dobot_rviz/meshes/cr10/Link3.STL
[1.196s] -- Up-to-date: /home/user/dobot_ws/install/dobot_rviz/share/dobot_rviz/meshes/cr10/Link5.STL
[1.196s] -- Up-to-date: /home/user/dobot_ws/install/dobot_rviz/share/dobot_rviz/meshes/cr10/Link1.STL
[1.196s] -- Up-to-date: /home/user/dobot_ws/install/dobot_rviz/share/dobot_rviz/meshes/cr10/Link2.STL
[1.196s] -- Up-to-date: /home/user/dobot_ws/install/dobot_rviz/share/dobot_rviz/meshes/cr10/Link6.STL
[1.196s] -- Up-to-date: /home/user/dobot_ws/install/dobot_rviz/share/dobot_rviz/meshes/cr10/Link4.STL
[1.197s] -- Up-to-date: /home/user/dobot_ws/install/dobot_rviz/share/dobot_rviz/meshes/cr10/base_link.STL
[1.197s] -- Up-to-date: /home/user/dobot_ws/install/dobot_rviz/share/dobot_rviz/meshes/me6
[1.197s] -- Up-to-date: /home/user/dobot_ws/install/dobot_rviz/share/dobot_rviz/meshes/me6/Link3.STL
[1.197s] -- Up-to-date: /home/user/dobot_ws/install/dobot_rviz/share/dobot_rviz/meshes/me6/Link5.STL
[1.197s] -- Up-to-date: /home/user/dobot_ws/install/dobot_rviz/share/dobot_rviz/meshes/me6/Link1.STL
[1.197s] -- Up-to-date: /home/user/dobot_ws/install/dobot_rviz/share/dobot_rviz/meshes/me6/Link2.STL
[1.197s] -- Up-to-date: /home/user/dobot_ws/install/dobot_rviz/share/dobot_rviz/meshes/me6/Link6.STL
[1.197s] -- Up-to-date: /home/user/dobot_ws/install/dobot_rviz/share/dobot_rviz/meshes/me6/Link4.STL
[1.198s] -- Up-to-date: /home/user/dobot_ws/install/dobot_rviz/share/dobot_rviz/meshes/me6/base_link.STL
[1.198s] -- Up-to-date: /home/user/dobot_ws/install/dobot_rviz/share/dobot_rviz/meshes/cr20
[1.198s] -- Up-to-date: /home/user/dobot_ws/install/dobot_rviz/share/dobot_rviz/meshes/cr20/Link3.STL
[1.198s] -- Up-to-date: /home/user/dobot_ws/install/dobot_rviz/share/dobot_rviz/meshes/cr20/Link5.STL
[1.198s] -- Up-to-date: /home/user/dobot_ws/install/dobot_rviz/share/dobot_rviz/meshes/cr20/Link1.STL
[1.198s] -- Up-to-date: /home/user/dobot_ws/install/dobot_rviz/share/dobot_rviz/meshes/cr20/Link2.STL
[1.198s] -- Up-to-date: /home/user/dobot_ws/install/dobot_rviz/share/dobot_rviz/meshes/cr20/Link6.STL
[1.198s] -- Up-to-date: /home/user/dobot_ws/install/dobot_rviz/share/dobot_rviz/meshes/cr20/Link4.STL
[1.199s] -- Up-to-date: /home/user/dobot_ws/install/dobot_rviz/share/dobot_rviz/meshes/cr20/base_link.STL
[1.199s] -- Up-to-date: /home/user/dobot_ws/install/dobot_rviz/share/dobot_rviz/meshes/cr30h
[1.199s] -- Up-to-date: /home/user/dobot_ws/install/dobot_rviz/share/dobot_rviz/meshes/cr30h/Link3.STL
[1.199s] -- Up-to-date: /home/user/dobot_ws/install/dobot_rviz/share/dobot_rviz/meshes/cr30h/Link5.STL
[1.199s] -- Up-to-date: /home/user/dobot_ws/install/dobot_rviz/share/dobot_rviz/meshes/cr30h/Link1.STL
[1.199s] -- Up-to-date: /home/user/dobot_ws/install/dobot_rviz/share/dobot_rviz/meshes/cr30h/Link2.STL
[1.199s] -- Up-to-date: /home/user/dobot_ws/install/dobot_rviz/share/dobot_rviz/meshes/cr30h/Link6.STL
[1.200s] -- Up-to-date: /home/user/dobot_ws/install/dobot_rviz/share/dobot_rviz/meshes/cr30h/Link4.STL
[1.200s] -- Up-to-date: /home/user/dobot_ws/install/dobot_rviz/share/dobot_rviz/meshes/cr30h/base_link.STL
[1.200s] -- Up-to-date: /home/user/dobot_ws/install/dobot_rviz/share/dobot_rviz/meshes/nova5
[1.200s] -- Up-to-date: /home/user/dobot_ws/install/dobot_rviz/share/dobot_rviz/meshes/nova5/Link3.STL
[1.200s] -- Up-to-date: /home/user/dobot_ws/install/dobot_rviz/share/dobot_rviz/meshes/nova5/Link5.STL
[1.201s] -- Up-to-date: /home/user/dobot_ws/install/dobot_rviz/share/dobot_rviz/meshes/nova5/Link1.STL
[1.201s] -- Up-to-date: /home/user/dobot_ws/install/dobot_rviz/share/dobot_rviz/meshes/nova5/Link2.STL
[1.201s] -- Up-to-date: /home/user/dobot_ws/install/dobot_rviz/share/dobot_rviz/meshes/nova5/Link6.STL
[1.201s] -- Up-to-date: /home/user/dobot_ws/install/dobot_rviz/share/dobot_rviz/meshes/nova5/Link4.STL
[1.201s] -- Up-to-date: /home/user/dobot_ws/install/dobot_rviz/share/dobot_rviz/meshes/nova5/base_link.STL
[1.201s] -- Up-to-date: /home/user/dobot_ws/install/dobot_rviz/share/dobot_rviz/meshes/cr7
[1.201s] -- Up-to-date: /home/user/dobot_ws/install/dobot_rviz/share/dobot_rviz/meshes/cr7/J3.STL
[1.202s] -- Up-to-date: /home/user/dobot_ws/install/dobot_rviz/share/dobot_rviz/meshes/cr7/J6.STL
[1.202s] -- Up-to-date: /home/user/dobot_ws/install/dobot_rviz/share/dobot_rviz/meshes/cr7/J1.STL
[1.202s] -- Up-to-date: /home/user/dobot_ws/install/dobot_rviz/share/dobot_rviz/meshes/cr7/base_link0.STL
[1.202s] -- Up-to-date: /home/user/dobot_ws/install/dobot_rviz/share/dobot_rviz/meshes/cr7/J4.STL
[1.202s] -- Up-to-date: /home/user/dobot_ws/install/dobot_rviz/share/dobot_rviz/meshes/cr7/J2.STL
[1.202s] -- Up-to-date: /home/user/dobot_ws/install/dobot_rviz/share/dobot_rviz/meshes/cr7/J5.STL
[1.202s] -- Up-to-date: /home/user/dobot_ws/install/dobot_rviz/share/dobot_rviz/meshes/cr16
[1.202s] -- Up-to-date: /home/user/dobot_ws/install/dobot_rviz/share/dobot_rviz/meshes/cr16/Link3.STL
[1.202s] -- Up-to-date: /home/user/dobot_ws/install/dobot_rviz/share/dobot_rviz/meshes/cr16/Link5.STL
[1.202s] -- Up-to-date: /home/user/dobot_ws/install/dobot_rviz/share/dobot_rviz/meshes/cr16/Link1.STL
[1.203s] -- Up-to-date: /home/user/dobot_ws/install/dobot_rviz/share/dobot_rviz/meshes/cr16/Link2.STL
[1.203s] -- Up-to-date: /home/user/dobot_ws/install/dobot_rviz/share/dobot_rviz/meshes/cr16/Link6.STL
[1.203s] -- Up-to-date: /home/user/dobot_ws/install/dobot_rviz/share/dobot_rviz/meshes/cr16/Link4.STL
[1.203s] -- Up-to-date: /home/user/dobot_ws/install/dobot_rviz/share/dobot_rviz/meshes/cr16/base_link.STL
[1.203s] -- Up-to-date: /home/user/dobot_ws/install/dobot_rviz/share/dobot_rviz/meshes/cr10af
[1.203s] -- Up-to-date: /home/user/dobot_ws/install/dobot_rviz/share/dobot_rviz/meshes/cr10af/J3.STL
[1.204s] -- Up-to-date: /home/user/dobot_ws/install/dobot_rviz/share/dobot_rviz/meshes/cr10af/J6.STL
[1.204s] -- Up-to-date: /home/user/dobot_ws/install/dobot_rviz/share/dobot_rviz/meshes/cr10af/J1.STL
[1.204s] -- Up-to-date: /home/user/dobot_ws/install/dobot_rviz/share/dobot_rviz/meshes/cr10af/base_link.STL
[1.204s] -- Up-to-date: /home/user/dobot_ws/install/dobot_rviz/share/dobot_rviz/meshes/cr10af/J4.STL
[1.205s] -- Up-to-date: /home/user/dobot_ws/install/dobot_rviz/share/dobot_rviz/meshes/cr10af/J2.STL
[1.205s] -- Up-to-date: /home/user/dobot_ws/install/dobot_rviz/share/dobot_rviz/meshes/cr10af/J5.STL
[1.205s] -- Up-to-date: /home/user/dobot_ws/install/dobot_rviz/share/ament_index/resource_index/package_run_dependencies/dobot_rviz
[1.206s] -- Up-to-date: /home/user/dobot_ws/install/dobot_rviz/share/ament_index/resource_index/parent_prefix_path/dobot_rviz
[1.206s] -- Up-to-date: /home/user/dobot_ws/install/dobot_rviz/share/dobot_rviz/environment/ament_prefix_path.sh
[1.207s] -- Up-to-date: /home/user/dobot_ws/install/dobot_rviz/share/dobot_rviz/environment/ament_prefix_path.dsv
[1.207s] -- Up-to-date: /home/user/dobot_ws/install/dobot_rviz/share/dobot_rviz/environment/path.sh
[1.207s] -- Up-to-date: /home/user/dobot_ws/install/dobot_rviz/share/dobot_rviz/environment/path.dsv
[1.208s] -- Up-to-date: /home/user/dobot_ws/install/dobot_rviz/share/dobot_rviz/local_setup.bash
[1.208s] -- Up-to-date: /home/user/dobot_ws/install/dobot_rviz/share/dobot_rviz/local_setup.sh
[1.208s] -- Up-to-date: /home/user/dobot_ws/install/dobot_rviz/share/dobot_rviz/local_setup.zsh
[1.208s] -- Up-to-date: /home/user/dobot_ws/install/dobot_rviz/share/dobot_rviz/local_setup.dsv
[1.208s] -- Up-to-date: /home/user/dobot_ws/install/dobot_rviz/share/dobot_rviz/package.dsv
[1.209s] -- Up-to-date: /home/user/dobot_ws/install/dobot_rviz/share/ament_index/resource_index/packages/dobot_rviz
[1.209s] -- Up-to-date: /home/user/dobot_ws/install/dobot_rviz/share/dobot_rviz/cmake/dobot_rvizConfig.cmake
[1.209s] -- Up-to-date: /home/user/dobot_ws/install/dobot_rviz/share/dobot_rviz/cmake/dobot_rvizConfig-version.cmake
[1.209s] -- Up-to-date: /home/user/dobot_ws/install/dobot_rviz/share/dobot_rviz/package.xml
[1.678s] Invoked command in '/home/user/dobot_ws/build/dobot_rviz' returned '0': CMAKE_PREFIX_PATH=${CMAKE_PREFIX_PATH}:/home/user/dobot_ws/install/servo_action:/home/user/dobot_ws/install/dobot_moveit:/home/user/dobot_ws/install/dobot_demo:/opt/ros/humble /usr/bin/cmake --install /home/user/dobot_ws/build/dobot_rviz
