[0.008s] Invoking command in '/home/user/dobot_ws/build/ariac_gz': AMENT_PREFIX_PATH=/home/user/dobot_ws/install/ariac_setup:${AMENT_PREFIX_PATH} CMAKE_PREFIX_PATH=${CMAKE_PREFIX_PATH}:/home/user/dobot_ws/install/servo_action:/home/user/dobot_ws/install/dobot_moveit:/home/user/dobot_ws/install/dobot_demo:/opt/ros/humble PYTHONPATH=/home/user/dobot_ws/install/ariac_setup/lib/python3.10/site-packages:${PYTHONPATH} /usr/bin/cmake /home/user/dobot_ws/src/ARIAC/ariac_gz -DCMAKE_INSTALL_PREFIX=/home/user/dobot_ws/install/ariac_gz
[0.051s] -- The C compiler identification is GNU 12.3.0
[0.096s] -- The CXX compiler identification is GNU 12.3.0
[0.101s] -- Detecting C compiler ABI info
[0.153s] -- Detecting C compiler ABI info - done
[0.159s] -- Check for working C compiler: /usr/bin/cc - skipped
[0.159s] -- Detecting C compile features
[0.159s] -- Detecting C compile features - done
[0.162s] -- Detecting CXX compiler ABI info
[0.224s] -- Detecting CXX compiler ABI info - done
[0.235s] -- Check for working CXX compiler: /usr/bin/c++ - skipped
[0.235s] -- Detecting CXX compile features
[0.236s] -- Detecting CXX compile features - done
[0.240s] -- Found ament_cmake: 1.3.14 (/opt/ros/humble/share/ament_cmake/cmake)
[0.352s] -- Found Python3: /usr/bin/python3 (found version "3.10.12") found components: Interpreter 
[0.440s] [31mCMake Error at CMakeLists.txt:16 (find_package):
[0.440s]   By not providing "Findros_gz.cmake" in CMAKE_MODULE_PATH this project has
[0.441s]   asked CMake to find a package configuration file provided by "ros_gz", but
[0.441s]   CMake did not find one.
[0.441s] 
[0.441s]   Could not find a package configuration file provided by "ros_gz" with any
[0.441s]   of the following names:
[0.441s] 
[0.441s]     ros_gzConfig.cmake
[0.441s]     ros_gz-config.cmake
[0.441s] 
[0.441s]   Add the installation prefix of "ros_gz" to CMAKE_PREFIX_PATH or set
[0.442s]   "ros_gz_DIR" to a directory containing one of the above files.  If "ros_gz"
[0.442s]   provides a separate development package or SDK, be sure it has been
[0.442s]   installed.
[0.442s] 
[0.442s] [0m
[0.442s] -- Configuring incomplete, errors occurred!
[0.442s] See also "/home/user/dobot_ws/build/ariac_gz/CMakeFiles/CMakeOutput.log".
[0.444s] Invoked command in '/home/user/dobot_ws/build/ariac_gz' returned '1': AMENT_PREFIX_PATH=/home/user/dobot_ws/install/ariac_setup:${AMENT_PREFIX_PATH} CMAKE_PREFIX_PATH=${CMAKE_PREFIX_PATH}:/home/user/dobot_ws/install/servo_action:/home/user/dobot_ws/install/dobot_moveit:/home/user/dobot_ws/install/dobot_demo:/opt/ros/humble PYTHONPATH=/home/user/dobot_ws/install/ariac_setup/lib/python3.10/site-packages:${PYTHONPATH} /usr/bin/cmake /home/user/dobot_ws/src/ARIAC/ariac_gz -DCMAKE_INSTALL_PREFIX=/home/user/dobot_ws/install/ariac_gz
