[0.007s] Invoking command in '/home/user/dobot_ws/build/ros2_linkattacher': AMENT_PREFIX_PATH=/home/user/dobot_ws/install/linkattacher_msgs:${AMENT_PREFIX_PATH} CMAKE_PREFIX_PATH=/home/user/dobot_ws/install/linkattacher_msgs:/home/user/dobot_ws/install/onrobot_2fg7_description:/home/user/dobot_ws/install/cr7_moveit:/home/user/dobot_ws/install/dobot_rviz:/home/user/dobot_ws/install/cr_robot_ros2:/home/user/dobot_ws/install/dobot_msgs_v4:/home/user/dobot_ws/install/dobot_gazebo:/home/user/dobot_ws/install/dobot_demo_cpp:/home/user/dobot_ws/install/cra_description:/home/user/dobot_ws/install/servo_action:/home/user/dobot_ws/install/dobot_moveit:/home/user/dobot_ws/install/dobot_demo:/opt/ros/humble LD_LIBRARY_PATH=/home/user/dobot_ws/install/linkattacher_msgs/lib:${LD_LIBRARY_PATH} PYTHONPATH=/home/user/dobot_ws/install/linkattacher_msgs/local/lib/python3.10/dist-packages:${PYTHONPATH} /usr/bin/cmake /home/user/dobot_ws/src/IFRA_LinkAttacher/ros2_LinkAttacher -DCMAKE_INSTALL_PREFIX=/home/user/dobot_ws/install/ros2_linkattacher
[0.048s] -- The C compiler identification is GNU 12.3.0
[0.093s] -- The CXX compiler identification is GNU 12.3.0
[0.098s] -- Detecting C compiler ABI info
[0.155s] -- Detecting C compiler ABI info - done
[0.163s] -- Check for working C compiler: /usr/bin/cc - skipped
[0.163s] -- Detecting C compile features
[0.164s] -- Detecting C compile features - done
[0.166s] -- Detecting CXX compiler ABI info
[0.243s] -- Detecting CXX compiler ABI info - done
[0.249s] -- Check for working CXX compiler: /usr/bin/c++ - skipped
[0.250s] -- Detecting CXX compile features
[0.250s] -- Detecting CXX compile features - done
[0.253s] -- Found ament_cmake: 1.3.14 (/opt/ros/humble/share/ament_cmake/cmake)
[0.363s] -- Found Python3: /usr/bin/python3 (found version "3.10.12") found components: Interpreter 
[0.442s] -- Found ament_lint_auto: 0.12.15 (/opt/ros/humble/share/ament_lint_auto/cmake)
[0.514s] -- Found gazebo_ros: 3.9.0 (/opt/ros/humble/share/gazebo_ros/cmake)
[0.557s] -- Found rosidl_generator_c: 3.1.8 (/opt/ros/humble/share/rosidl_generator_c/cmake)
[0.563s] -- Found rosidl_adapter: 3.1.8 (/opt/ros/humble/share/rosidl_adapter/cmake)
[0.571s] -- Found rosidl_generator_cpp: 3.1.8 (/opt/ros/humble/share/rosidl_generator_cpp/cmake)
[0.582s] -- Using all available rosidl_typesupport_c: rosidl_typesupport_fastrtps_c;rosidl_typesupport_introspection_c
[0.598s] -- Using all available rosidl_typesupport_cpp: rosidl_typesupport_fastrtps_cpp;rosidl_typesupport_introspection_cpp
[0.640s] -- Found rmw_implementation_cmake: 6.1.2 (/opt/ros/humble/share/rmw_implementation_cmake/cmake)
[0.643s] -- Found rmw_fastrtps_cpp: 6.2.10 (/opt/ros/humble/share/rmw_fastrtps_cpp/cmake)
[0.711s] -- Found OpenSSL: /usr/lib/x86_64-linux-gnu/libcrypto.so (found version "3.0.2")  
[0.731s] -- Found FastRTPS: /opt/ros/humble/include  
[0.761s] -- Using RMW implementation 'rmw_fastrtps_cpp' as default
[0.770s] -- Looking for pthread.h
[0.826s] -- Looking for pthread.h - found
[0.826s] -- Performing Test CMAKE_HAVE_LIBC_PTHREAD
[0.881s] -- Performing Test CMAKE_HAVE_LIBC_PTHREAD - Success
[0.882s] -- Found Threads: TRUE  
[0.935s] -- Found PkgConfig: /usr/bin/pkg-config (found version "0.29.2") 
[0.936s] -- Checking for module 'bullet>=2.82'
[0.945s] --   Found bullet, version 3.05
[1.024s] -- Found fcl: /usr/include (found suitable version "0.7.0", minimum required is "0.5.0") 
[1.060s] -- Found assimp: /usr/include (found version "5.2.0") 
[1.080s] -- Found DART: /usr/include (Required is at least version "6.6") found components: dart 
[1.109s] -- Found Boost: /usr/lib/x86_64-linux-gnu/cmake/Boost-1.74.0/BoostConfig.cmake (found suitable version "1.74.0", minimum required is "1.40.0") found components: thread system filesystem program_options regex iostreams date_time 
[1.127s] -- Found Protobuf: /usr/lib/x86_64-linux-gnu/libprotobuf.so (found version "3.12.4") 
[1.133s] -- Looking for ignition-math6 -- found version 6.15.1
[1.141s] -- Searching for dependencies of ignition-math6
[1.143s] -- Looking for OGRE...
[1.143s] -- OGRE_PREFIX_WATCH changed.
[1.147s] -- Checking for module 'OGRE'
[1.156s] --   Found OGRE, version 1.9.0
[1.179s] -- Found Ogre Ghadamon (1.9.0)
[1.185s] -- Found OGRE: optimized;/usr/lib/x86_64-linux-gnu/libOgreMain.so;debug;/usr/lib/x86_64-linux-gnu/libOgreMain.so
[1.192s] -- Looking for OGRE_Paging...
[1.197s] -- Found OGRE_Paging: optimized;/usr/lib/x86_64-linux-gnu/libOgrePaging.so;debug;/usr/lib/x86_64-linux-gnu/libOgrePaging.so
[1.197s] -- Looking for OGRE_Terrain...
[1.201s] -- Found OGRE_Terrain: optimized;/usr/lib/x86_64-linux-gnu/libOgreTerrain.so;debug;/usr/lib/x86_64-linux-gnu/libOgreTerrain.so
[1.201s] -- Looking for OGRE_Property...
[1.205s] -- Found OGRE_Property: optimized;/usr/lib/x86_64-linux-gnu/libOgreProperty.so;debug;/usr/lib/x86_64-linux-gnu/libOgreProperty.so
[1.205s] -- Looking for OGRE_RTShaderSystem...
[1.209s] -- Found OGRE_RTShaderSystem: optimized;/usr/lib/x86_64-linux-gnu/libOgreRTShaderSystem.so;debug;/usr/lib/x86_64-linux-gnu/libOgreRTShaderSystem.so
[1.209s] -- Looking for OGRE_Volume...
[1.213s] -- Found OGRE_Volume: optimized;/usr/lib/x86_64-linux-gnu/libOgreVolume.so;debug;/usr/lib/x86_64-linux-gnu/libOgreVolume.so
[1.213s] -- Looking for OGRE_Overlay...
[1.217s] -- Found OGRE_Overlay: optimized;/usr/lib/x86_64-linux-gnu/libOgreOverlay.so;debug;/usr/lib/x86_64-linux-gnu/libOgreOverlay.so
[1.316s] -- Looking for ignition-math6 -- found version 6.15.1
[1.319s] -- Looking for ignition-transport8 -- found version 8.2.1
[1.320s] -- Searching for dependencies of ignition-transport8
[1.333s] -- Found Protobuf: /usr/lib/x86_64-linux-gnu/libprotobuf.so (found suitable version "3.12.4", minimum required is "3") 
[1.341s] -- Config-file not installed for ZeroMQ -- checking for pkg-config
[1.345s] -- Checking for module 'libzmq >= 4'
[1.357s] --   Found libzmq , version 4.3.4
[1.382s] -- Found ZeroMQ: TRUE (Required is at least version "4") 
[1.387s] -- Checking for module 'uuid'
[1.396s] --   Found uuid, version 2.37.2
[1.419s] -- Found UUID: TRUE  
[1.422s] -- Looking for ignition-msgs5 -- found version 5.8.1
[1.423s] -- Searching for dependencies of ignition-msgs5
[1.437s] -- Looking for ignition-math6 -- found version 6.15.1
[1.441s] -- Checking for module 'tinyxml2'
[1.451s] --   Found tinyxml2, version 9.0.0
[1.477s] -- Looking for ignition-msgs5 -- found version 5.8.1
[1.480s] -- Looking for ignition-common3 -- found version 3.14.0
[1.480s] -- Searching for dependencies of ignition-common3
[1.481s] -- Looking for dlfcn.h - found
[1.481s] -- Looking for libdl - found
[1.483s] -- Found DL: TRUE  
[1.493s] -- Found tinyobjloader: /usr/lib/x86_64-linux-gnu/cmake/tinyobjloader/tinyobjloader-config.cmake (found version "2.0.0") 
[1.494s] -- Searching for <ignition-common3> component [graphics]
[1.497s] -- Looking for ignition-common3-graphics -- found version 3.14.0
[1.497s] -- Searching for dependencies of ignition-common3-graphics
[1.497s] -- Looking for ignition-math6 -- found version 6.15.1
[1.501s] -- Looking for ignition-fuel_tools4 -- found version 4.4.0
[1.501s] -- Searching for dependencies of ignition-fuel_tools4
[1.557s] -- Found CURL: /usr/lib/x86_64-linux-gnu/libcurl.so (found version "7.81.0")  
[1.565s] -- Checking for module 'jsoncpp'
[1.575s] --   Found jsoncpp, version 1.9.5
[1.599s] -- Found JSONCPP: TRUE  
[1.603s] -- Checking for module 'libzip'
[1.613s] --   Found libzip, version 1.7.3
[1.636s] -- Found ZIP: TRUE  
[1.637s] -- Looking for ignition-common3 -- found version 3.14.0
[1.637s] -- Looking for ignition-math6 -- found version 6.15.1
[1.637s] -- Looking for ignition-msgs5 -- found version 5.8.1
[1.642s] -- Gazebo version: 11.10
[1.642s] -- Checking for module 'tbb'
[1.652s] --   Found tbb, version 2021.5.0
[1.678s] -- Found gazebo_msgs: 3.9.0 (/opt/ros/humble/share/gazebo_msgs/cmake)
[1.730s] -- Found linkattacher_msgs: 0.0.0 (/home/user/dobot_ws/install/linkattacher_msgs/share/linkattacher_msgs/cmake)
[1.747s] -- Added test 'copyright' to check source files copyright and LICENSE
[1.748s] -- Added test 'cppcheck' to perform static code analysis on C / C++ code
[1.749s] -- Configured cppcheck include dirs: /home/user/dobot_ws/src/IFRA_LinkAttacher/ros2_LinkAttacher/include
[1.749s] -- Configured cppcheck exclude dirs and/or files: 
[1.750s] -- Added test 'cpplint' to check C / C++ code against the Google style
[1.750s] -- Configured cpplint exclude dirs and/or files: 
[1.751s] -- Added test 'lint_cmake' to check CMake code style
[1.752s] -- Added test 'uncrustify' to check C / C++ code style
[1.752s] -- Configured uncrustify additional arguments: 
[1.753s] -- Added test 'xmllint' to check XML markup files
[1.755s] -- Configuring done
[1.788s] -- Generating done
[1.793s] -- Build files have been written to: /home/user/dobot_ws/build/ros2_linkattacher
[1.802s] Invoked command in '/home/user/dobot_ws/build/ros2_linkattacher' returned '0': AMENT_PREFIX_PATH=/home/user/dobot_ws/install/linkattacher_msgs:${AMENT_PREFIX_PATH} CMAKE_PREFIX_PATH=/home/user/dobot_ws/install/linkattacher_msgs:/home/user/dobot_ws/install/onrobot_2fg7_description:/home/user/dobot_ws/install/cr7_moveit:/home/user/dobot_ws/install/dobot_rviz:/home/user/dobot_ws/install/cr_robot_ros2:/home/user/dobot_ws/install/dobot_msgs_v4:/home/user/dobot_ws/install/dobot_gazebo:/home/user/dobot_ws/install/dobot_demo_cpp:/home/user/dobot_ws/install/cra_description:/home/user/dobot_ws/install/servo_action:/home/user/dobot_ws/install/dobot_moveit:/home/user/dobot_ws/install/dobot_demo:/opt/ros/humble LD_LIBRARY_PATH=/home/user/dobot_ws/install/linkattacher_msgs/lib:${LD_LIBRARY_PATH} PYTHONPATH=/home/user/dobot_ws/install/linkattacher_msgs/local/lib/python3.10/dist-packages:${PYTHONPATH} /usr/bin/cmake /home/user/dobot_ws/src/IFRA_LinkAttacher/ros2_LinkAttacher -DCMAKE_INSTALL_PREFIX=/home/user/dobot_ws/install/ros2_linkattacher
[1.803s] Invoking command in '/home/user/dobot_ws/build/ros2_linkattacher': AMENT_PREFIX_PATH=/home/user/dobot_ws/install/linkattacher_msgs:${AMENT_PREFIX_PATH} CMAKE_PREFIX_PATH=/home/user/dobot_ws/install/linkattacher_msgs:/home/user/dobot_ws/install/onrobot_2fg7_description:/home/user/dobot_ws/install/cr7_moveit:/home/user/dobot_ws/install/dobot_rviz:/home/user/dobot_ws/install/cr_robot_ros2:/home/user/dobot_ws/install/dobot_msgs_v4:/home/user/dobot_ws/install/dobot_gazebo:/home/user/dobot_ws/install/dobot_demo_cpp:/home/user/dobot_ws/install/cra_description:/home/user/dobot_ws/install/servo_action:/home/user/dobot_ws/install/dobot_moveit:/home/user/dobot_ws/install/dobot_demo:/opt/ros/humble LD_LIBRARY_PATH=/home/user/dobot_ws/install/linkattacher_msgs/lib:${LD_LIBRARY_PATH} PYTHONPATH=/home/user/dobot_ws/install/linkattacher_msgs/local/lib/python3.10/dist-packages:${PYTHONPATH} /usr/bin/cmake --build /home/user/dobot_ws/build/ros2_linkattacher -- -j16 -l16
[1.841s] [ 50%] [32mBuilding CXX object CMakeFiles/gazebo_link_attacher.dir/src/gazebo_link_attacher.cpp.o[0m
[5.457s] In file included from [01m[K/usr/include/gazebo-11/gazebo/sensors/SensorTypes.hh:23[m[K,
[5.457s]                  from [01m[K/usr/include/gazebo-11/gazebo/common/Plugin.hh:42[m[K,
[5.457s]                  from [01m[K/home/user/dobot_ws/src/IFRA_LinkAttacher/ros2_LinkAttacher/src/gazebo_link_attacher.cpp:31[m[K:
[5.458s] [01m[K/usr/include/gazebo-11/gazebo/common/EnumIface.hh:180:12:[m[K [01;35m[Kwarning: [m[K‘[01m[Ktemplate<class _Category, class _Tp, class _Distance, class _Pointer, class _Reference> struct std::iterator[m[K’ is deprecated [[01;35m[K]8;;https://gcc.gnu.org/onlinedocs/gcc/Warning-Options.html#index-Wdeprecated-declarations-Wdeprecated-declarations]8;;[m[K]
[5.458s]   180 |     : std::[01;35m[Kiterator[m[K<std::bidirectional_iterator_tag, Enum>
[5.458s]       |            [01;35m[K^~~~~~~~[m[K
[5.458s] In file included from [01m[K/usr/include/c++/12/bits/stl_algobase.h:65[m[K,
[5.458s]                  from [01m[K/usr/include/c++/12/list:60[m[K,
[5.458s]                  from [01m[K/usr/include/gazebo-11/gazebo/common/Plugin.hh:30[m[K:
[5.458s] [01m[K/usr/include/c++/12/bits/stl_iterator_base_types.h:127:34:[m[K [01;36m[Knote: [m[Kdeclared here
[5.458s]   127 |     struct _GLIBCXX17_DEPRECATED [01;36m[Kiterator[m[K
[5.458s]       |                                  [01;36m[K^~~~~~~~[m[K
[12.832s] [100%] [32m[1mLinking CXX shared library libgazebo_link_attacher.so[0m
[13.215s] [100%] Built target gazebo_link_attacher
[13.224s] Invoked command in '/home/user/dobot_ws/build/ros2_linkattacher' returned '0': AMENT_PREFIX_PATH=/home/user/dobot_ws/install/linkattacher_msgs:${AMENT_PREFIX_PATH} CMAKE_PREFIX_PATH=/home/user/dobot_ws/install/linkattacher_msgs:/home/user/dobot_ws/install/onrobot_2fg7_description:/home/user/dobot_ws/install/cr7_moveit:/home/user/dobot_ws/install/dobot_rviz:/home/user/dobot_ws/install/cr_robot_ros2:/home/user/dobot_ws/install/dobot_msgs_v4:/home/user/dobot_ws/install/dobot_gazebo:/home/user/dobot_ws/install/dobot_demo_cpp:/home/user/dobot_ws/install/cra_description:/home/user/dobot_ws/install/servo_action:/home/user/dobot_ws/install/dobot_moveit:/home/user/dobot_ws/install/dobot_demo:/opt/ros/humble LD_LIBRARY_PATH=/home/user/dobot_ws/install/linkattacher_msgs/lib:${LD_LIBRARY_PATH} PYTHONPATH=/home/user/dobot_ws/install/linkattacher_msgs/local/lib/python3.10/dist-packages:${PYTHONPATH} /usr/bin/cmake --build /home/user/dobot_ws/build/ros2_linkattacher -- -j16 -l16
[13.226s] Invoking command in '/home/user/dobot_ws/build/ros2_linkattacher': AMENT_PREFIX_PATH=/home/user/dobot_ws/install/linkattacher_msgs:${AMENT_PREFIX_PATH} CMAKE_PREFIX_PATH=/home/user/dobot_ws/install/linkattacher_msgs:/home/user/dobot_ws/install/onrobot_2fg7_description:/home/user/dobot_ws/install/cr7_moveit:/home/user/dobot_ws/install/dobot_rviz:/home/user/dobot_ws/install/cr_robot_ros2:/home/user/dobot_ws/install/dobot_msgs_v4:/home/user/dobot_ws/install/dobot_gazebo:/home/user/dobot_ws/install/dobot_demo_cpp:/home/user/dobot_ws/install/cra_description:/home/user/dobot_ws/install/servo_action:/home/user/dobot_ws/install/dobot_moveit:/home/user/dobot_ws/install/dobot_demo:/opt/ros/humble LD_LIBRARY_PATH=/home/user/dobot_ws/install/linkattacher_msgs/lib:${LD_LIBRARY_PATH} PYTHONPATH=/home/user/dobot_ws/install/linkattacher_msgs/local/lib/python3.10/dist-packages:${PYTHONPATH} /usr/bin/cmake --install /home/user/dobot_ws/build/ros2_linkattacher
[13.231s] -- Install configuration: ""
[13.231s] -- Installing: /home/user/dobot_ws/install/ros2_linkattacher/share/ros2_linkattacher/environment/library_path.sh
[13.231s] -- Installing: /home/user/dobot_ws/install/ros2_linkattacher/share/ros2_linkattacher/environment/library_path.dsv
[13.231s] -- Installing: /home/user/dobot_ws/install/ros2_linkattacher/lib/libgazebo_link_attacher.so
[13.233s] -- Set runtime path of "/home/user/dobot_ws/install/ros2_linkattacher/lib/libgazebo_link_attacher.so" to ""
[13.234s] -- Installing: /home/user/dobot_ws/install/ros2_linkattacher/share/ament_index/resource_index/package_run_dependencies/ros2_linkattacher
[13.234s] -- Installing: /home/user/dobot_ws/install/ros2_linkattacher/share/ament_index/resource_index/parent_prefix_path/ros2_linkattacher
[13.234s] -- Installing: /home/user/dobot_ws/install/ros2_linkattacher/share/ros2_linkattacher/environment/ament_prefix_path.sh
[13.234s] -- Installing: /home/user/dobot_ws/install/ros2_linkattacher/share/ros2_linkattacher/environment/ament_prefix_path.dsv
[13.234s] -- Installing: /home/user/dobot_ws/install/ros2_linkattacher/share/ros2_linkattacher/environment/path.sh
[13.234s] -- Installing: /home/user/dobot_ws/install/ros2_linkattacher/share/ros2_linkattacher/environment/path.dsv
[13.234s] -- Installing: /home/user/dobot_ws/install/ros2_linkattacher/share/ros2_linkattacher/local_setup.bash
[13.234s] -- Installing: /home/user/dobot_ws/install/ros2_linkattacher/share/ros2_linkattacher/local_setup.sh
[13.234s] -- Installing: /home/user/dobot_ws/install/ros2_linkattacher/share/ros2_linkattacher/local_setup.zsh
[13.235s] -- Installing: /home/user/dobot_ws/install/ros2_linkattacher/share/ros2_linkattacher/local_setup.dsv
[13.235s] -- Installing: /home/user/dobot_ws/install/ros2_linkattacher/share/ros2_linkattacher/package.dsv
[13.235s] -- Installing: /home/user/dobot_ws/install/ros2_linkattacher/share/ament_index/resource_index/packages/ros2_linkattacher
[13.235s] -- Installing: /home/user/dobot_ws/install/ros2_linkattacher/share/ros2_linkattacher/cmake/ament_cmake_export_libraries-extras.cmake
[13.235s] -- Installing: /home/user/dobot_ws/install/ros2_linkattacher/share/ros2_linkattacher/cmake/ros2_linkattacherConfig.cmake
[13.235s] -- Installing: /home/user/dobot_ws/install/ros2_linkattacher/share/ros2_linkattacher/cmake/ros2_linkattacherConfig-version.cmake
[13.235s] -- Installing: /home/user/dobot_ws/install/ros2_linkattacher/share/ros2_linkattacher/package.xml
[13.237s] Invoked command in '/home/user/dobot_ws/build/ros2_linkattacher' returned '0': AMENT_PREFIX_PATH=/home/user/dobot_ws/install/linkattacher_msgs:${AMENT_PREFIX_PATH} CMAKE_PREFIX_PATH=/home/user/dobot_ws/install/linkattacher_msgs:/home/user/dobot_ws/install/onrobot_2fg7_description:/home/user/dobot_ws/install/cr7_moveit:/home/user/dobot_ws/install/dobot_rviz:/home/user/dobot_ws/install/cr_robot_ros2:/home/user/dobot_ws/install/dobot_msgs_v4:/home/user/dobot_ws/install/dobot_gazebo:/home/user/dobot_ws/install/dobot_demo_cpp:/home/user/dobot_ws/install/cra_description:/home/user/dobot_ws/install/servo_action:/home/user/dobot_ws/install/dobot_moveit:/home/user/dobot_ws/install/dobot_demo:/opt/ros/humble LD_LIBRARY_PATH=/home/user/dobot_ws/install/linkattacher_msgs/lib:${LD_LIBRARY_PATH} PYTHONPATH=/home/user/dobot_ws/install/linkattacher_msgs/local/lib/python3.10/dist-packages:${PYTHONPATH} /usr/bin/cmake --install /home/user/dobot_ws/build/ros2_linkattacher
