-- Install configuration: ""
-- Up-to-date: /home/user/dobot_ws/install/ariac_gz/share/ariac_gz/config
-- Up-to-date: /home/user/dobot_ws/install/ariac_gz/share/ariac_gz/config/gui.config
-- Up-to-date: /home/user/dobot_ws/install/ariac_gz/share/ariac_gz/launch
-- Up-to-date: /home/user/dobot_ws/install/ariac_gz/share/ariac_gz/launch/robot.launch.py
-- Up-to-date: /home/user/dobot_ws/install/ariac_gz/share/ariac_gz/launch/ariac.launch.py
-- Up-to-date: /home/user/dobot_ws/install/ariac_gz/share/ariac_gz/models
-- Up-to-date: /home/user/dobot_ws/install/ariac_gz/share/ariac_gz/models/tool_holder
-- Up-to-date: /home/user/dobot_ws/install/ariac_gz/share/ariac_gz/models/tool_holder/model.config
-- Up-to-date: /home/user/dobot_ws/install/ariac_gz/share/ariac_gz/models/tool_holder/meshes
-- Up-to-date: /home/user/dobot_ws/install/ariac_gz/share/ariac_gz/models/tool_holder/meshes/tool_holder.stl
-- Up-to-date: /home/user/dobot_ws/install/ariac_gz/share/ariac_gz/models/tool_holder/meshes/textures
-- Up-to-date: /home/user/dobot_ws/install/ariac_gz/share/ariac_gz/models/tool_holder/meshes/textures/Metal009_1K-PNG_Color.png
-- Up-to-date: /home/user/dobot_ws/install/ariac_gz/share/ariac_gz/models/tool_holder/meshes/textures/Plastic011_1K-PNG_Color.png
-- Up-to-date: /home/user/dobot_ws/install/ariac_gz/share/ariac_gz/models/tool_holder/meshes/tool_holder.bin
-- Up-to-date: /home/user/dobot_ws/install/ariac_gz/share/ariac_gz/models/tool_holder/meshes/tool_holder.gltf
-- Up-to-date: /home/user/dobot_ws/install/ariac_gz/share/ariac_gz/models/tool_holder/model.sdf
-- Up-to-date: /home/user/dobot_ws/install/ariac_gz/share/ariac_gz/models/bins
-- Up-to-date: /home/user/dobot_ws/install/ariac_gz/share/ariac_gz/models/bins/recycling_bin
-- Up-to-date: /home/user/dobot_ws/install/ariac_gz/share/ariac_gz/models/bins/recycling_bin/model.config
-- Up-to-date: /home/user/dobot_ws/install/ariac_gz/share/ariac_gz/models/bins/recycling_bin/model.sdf
-- Up-to-date: /home/user/dobot_ws/install/ariac_gz/share/ariac_gz/models/bins/meshes
-- Up-to-date: /home/user/dobot_ws/install/ariac_gz/share/ariac_gz/models/bins/meshes/blue_bin.dae
-- Up-to-date: /home/user/dobot_ws/install/ariac_gz/share/ariac_gz/models/bins/meshes/Plastic015A_1K-PNG_Color.png
-- Up-to-date: /home/user/dobot_ws/install/ariac_gz/share/ariac_gz/models/bins/meshes/Plastic017B_1K-PNG_Color.png
-- Up-to-date: /home/user/dobot_ws/install/ariac_gz/share/ariac_gz/models/bins/meshes/green_bin.dae
-- Up-to-date: /home/user/dobot_ws/install/ariac_gz/share/ariac_gz/models/bins/disposal_bin
-- Up-to-date: /home/user/dobot_ws/install/ariac_gz/share/ariac_gz/models/bins/disposal_bin/model.config
-- Up-to-date: /home/user/dobot_ws/install/ariac_gz/share/ariac_gz/models/bins/disposal_bin/model.sdf
-- Up-to-date: /home/user/dobot_ws/install/ariac_gz/share/ariac_gz/models/assembly_conveyor
-- Up-to-date: /home/user/dobot_ws/install/ariac_gz/share/ariac_gz/models/assembly_conveyor/model.config
-- Up-to-date: /home/user/dobot_ws/install/ariac_gz/share/ariac_gz/models/assembly_conveyor/meshes
-- Up-to-date: /home/user/dobot_ws/install/ariac_gz/share/ariac_gz/models/assembly_conveyor/meshes/belt.stl
-- Up-to-date: /home/user/dobot_ws/install/ariac_gz/share/ariac_gz/models/assembly_conveyor/meshes/textures
-- Up-to-date: /home/user/dobot_ws/install/ariac_gz/share/ariac_gz/models/assembly_conveyor/meshes/textures/metal_assembly_conveyor.png
-- Up-to-date: /home/user/dobot_ws/install/ariac_gz/share/ariac_gz/models/assembly_conveyor/meshes/textures/black_color.png
-- Up-to-date: /home/user/dobot_ws/install/ariac_gz/share/ariac_gz/models/assembly_conveyor/meshes/assembly_conveyor.bin
-- Up-to-date: /home/user/dobot_ws/install/ariac_gz/share/ariac_gz/models/assembly_conveyor/meshes/base.stl
-- Up-to-date: /home/user/dobot_ws/install/ariac_gz/share/ariac_gz/models/assembly_conveyor/meshes/section_1_belt.stl
-- Up-to-date: /home/user/dobot_ws/install/ariac_gz/share/ariac_gz/models/assembly_conveyor/meshes/assembly_conveyor.gltf
-- Up-to-date: /home/user/dobot_ws/install/ariac_gz/share/ariac_gz/models/assembly_conveyor/model.sdf
-- Up-to-date: /home/user/dobot_ws/install/ariac_gz/share/ariac_gz/models/boxes
-- Up-to-date: /home/user/dobot_ws/install/ariac_gz/share/ariac_gz/models/boxes/model.config
-- Up-to-date: /home/user/dobot_ws/install/ariac_gz/share/ariac_gz/models/boxes/thumbnails
-- Up-to-date: /home/user/dobot_ws/install/ariac_gz/share/ariac_gz/models/boxes/thumbnails/1.jpg
-- Up-to-date: /home/user/dobot_ws/install/ariac_gz/share/ariac_gz/models/boxes/thumbnails/2.jpg
-- Up-to-date: /home/user/dobot_ws/install/ariac_gz/share/ariac_gz/models/boxes/thumbnails/4.jpg
-- Up-to-date: /home/user/dobot_ws/install/ariac_gz/share/ariac_gz/models/boxes/thumbnails/3.jpg
-- Up-to-date: /home/user/dobot_ws/install/ariac_gz/share/ariac_gz/models/boxes/thumbnails/0.jpg
-- Up-to-date: /home/user/dobot_ws/install/ariac_gz/share/ariac_gz/models/boxes/metadata.pbtxt
-- Up-to-date: /home/user/dobot_ws/install/ariac_gz/share/ariac_gz/models/boxes/meshes
-- Up-to-date: /home/user/dobot_ws/install/ariac_gz/share/ariac_gz/models/boxes/meshes/texture.png
-- Up-to-date: /home/user/dobot_ws/install/ariac_gz/share/ariac_gz/models/boxes/meshes/model.mtl
-- Up-to-date: /home/user/dobot_ws/install/ariac_gz/share/ariac_gz/models/boxes/meshes/model.obj
-- Up-to-date: /home/user/dobot_ws/install/ariac_gz/share/ariac_gz/models/boxes/model.sdf
-- Up-to-date: /home/user/dobot_ws/install/ariac_gz/share/ariac_gz/models/high_priority_tray_shelves
-- Up-to-date: /home/user/dobot_ws/install/ariac_gz/share/ariac_gz/models/high_priority_tray_shelves/model.config
-- Up-to-date: /home/user/dobot_ws/install/ariac_gz/share/ariac_gz/models/high_priority_tray_shelves/meshes
-- Up-to-date: /home/user/dobot_ws/install/ariac_gz/share/ariac_gz/models/high_priority_tray_shelves/meshes/high_priority_tray_shelf.bin
-- Up-to-date: /home/user/dobot_ws/install/ariac_gz/share/ariac_gz/models/high_priority_tray_shelves/meshes/high_priority_tray_shelf.gltf
-- Up-to-date: /home/user/dobot_ws/install/ariac_gz/share/ariac_gz/models/high_priority_tray_shelves/model.sdf
-- Up-to-date: /home/user/dobot_ws/install/ariac_gz/share/ariac_gz/models/status_light
-- Up-to-date: /home/user/dobot_ws/install/ariac_gz/share/ariac_gz/models/status_light/model.config
-- Up-to-date: /home/user/dobot_ws/install/ariac_gz/share/ariac_gz/models/status_light/model.sdf
-- Up-to-date: /home/user/dobot_ws/install/ariac_gz/share/ariac_gz/models/kit_tray_shelves
-- Up-to-date: /home/user/dobot_ws/install/ariac_gz/share/ariac_gz/models/kit_tray_shelves/model.config
-- Up-to-date: /home/user/dobot_ws/install/ariac_gz/share/ariac_gz/models/kit_tray_shelves/meshes
-- Up-to-date: /home/user/dobot_ws/install/ariac_gz/share/ariac_gz/models/kit_tray_shelves/meshes/kit_tray_shelf.bin
-- Up-to-date: /home/user/dobot_ws/install/ariac_gz/share/ariac_gz/models/kit_tray_shelves/meshes/kit_tray_shelf.gltf
-- Up-to-date: /home/user/dobot_ws/install/ariac_gz/share/ariac_gz/models/kit_tray_shelves/model.sdf
-- Up-to-date: /home/user/dobot_ws/install/ariac_gz/share/ariac_gz/models/battery_cell
-- Up-to-date: /home/user/dobot_ws/install/ariac_gz/share/ariac_gz/models/battery_cell/model.config
-- Up-to-date: /home/user/dobot_ws/install/ariac_gz/share/ariac_gz/models/battery_cell/meshes
-- Up-to-date: /home/user/dobot_ws/install/ariac_gz/share/ariac_gz/models/battery_cell/meshes/li-ion
-- Up-to-date: /home/user/dobot_ws/install/ariac_gz/share/ariac_gz/models/battery_cell/meshes/li-ion/defect_5.glb
-- Up-to-date: /home/user/dobot_ws/install/ariac_gz/share/ariac_gz/models/battery_cell/meshes/li-ion/defect_4.glb
-- Up-to-date: /home/user/dobot_ws/install/ariac_gz/share/ariac_gz/models/battery_cell/meshes/li-ion/defect_1.glb
-- Up-to-date: /home/user/dobot_ws/install/ariac_gz/share/ariac_gz/models/battery_cell/meshes/li-ion/base.glb
-- Up-to-date: /home/user/dobot_ws/install/ariac_gz/share/ariac_gz/models/battery_cell/meshes/li-ion/defect_3.glb
-- Up-to-date: /home/user/dobot_ws/install/ariac_gz/share/ariac_gz/models/battery_cell/meshes/li-ion/defect_8.glb
-- Up-to-date: /home/user/dobot_ws/install/ariac_gz/share/ariac_gz/models/battery_cell/meshes/li-ion/defect_9.glb
-- Up-to-date: /home/user/dobot_ws/install/ariac_gz/share/ariac_gz/models/battery_cell/meshes/li-ion/defect_7.glb
-- Up-to-date: /home/user/dobot_ws/install/ariac_gz/share/ariac_gz/models/battery_cell/meshes/li-ion/defect_2.glb
-- Up-to-date: /home/user/dobot_ws/install/ariac_gz/share/ariac_gz/models/battery_cell/meshes/li-ion/defect_6.glb
-- Up-to-date: /home/user/dobot_ws/install/ariac_gz/share/ariac_gz/models/battery_cell/meshes/li-ion/defect_10.glb
-- Up-to-date: /home/user/dobot_ws/install/ariac_gz/share/ariac_gz/models/battery_cell/meshes/nimh
-- Up-to-date: /home/user/dobot_ws/install/ariac_gz/share/ariac_gz/models/battery_cell/meshes/nimh/defect_5.glb
-- Up-to-date: /home/user/dobot_ws/install/ariac_gz/share/ariac_gz/models/battery_cell/meshes/nimh/defect_4.glb
-- Up-to-date: /home/user/dobot_ws/install/ariac_gz/share/ariac_gz/models/battery_cell/meshes/nimh/defect_1.glb
-- Up-to-date: /home/user/dobot_ws/install/ariac_gz/share/ariac_gz/models/battery_cell/meshes/nimh/base.glb
-- Up-to-date: /home/user/dobot_ws/install/ariac_gz/share/ariac_gz/models/battery_cell/meshes/nimh/defect_3.glb
-- Up-to-date: /home/user/dobot_ws/install/ariac_gz/share/ariac_gz/models/battery_cell/meshes/nimh/defect_8.glb
-- Up-to-date: /home/user/dobot_ws/install/ariac_gz/share/ariac_gz/models/battery_cell/meshes/nimh/defect_9.glb
-- Up-to-date: /home/user/dobot_ws/install/ariac_gz/share/ariac_gz/models/battery_cell/meshes/nimh/defect_7.glb
-- Up-to-date: /home/user/dobot_ws/install/ariac_gz/share/ariac_gz/models/battery_cell/meshes/nimh/defect_2.glb
-- Up-to-date: /home/user/dobot_ws/install/ariac_gz/share/ariac_gz/models/battery_cell/meshes/nimh/defect_6.glb
-- Up-to-date: /home/user/dobot_ws/install/ariac_gz/share/ariac_gz/models/battery_cell/meshes/nimh/defect_10.glb
-- Up-to-date: /home/user/dobot_ws/install/ariac_gz/share/ariac_gz/models/battery_cell/model.sdf
-- Up-to-date: /home/user/dobot_ws/install/ariac_gz/share/ariac_gz/models/vacuum_tools
-- Up-to-date: /home/user/dobot_ws/install/ariac_gz/share/ariac_gz/models/vacuum_tools/vg_4
-- Up-to-date: /home/user/dobot_ws/install/ariac_gz/share/ariac_gz/models/vacuum_tools/vg_4/model.config
-- Up-to-date: /home/user/dobot_ws/install/ariac_gz/share/ariac_gz/models/vacuum_tools/vg_4/model.sdf
-- Up-to-date: /home/user/dobot_ws/install/ariac_gz/share/ariac_gz/models/vacuum_tools/meshes
-- Up-to-date: /home/user/dobot_ws/install/ariac_gz/share/ariac_gz/models/vacuum_tools/meshes/vg_2_visual.gltf
-- Up-to-date: /home/user/dobot_ws/install/ariac_gz/share/ariac_gz/models/vacuum_tools/meshes/textures
-- Up-to-date: /home/user/dobot_ws/install/ariac_gz/share/ariac_gz/models/vacuum_tools/meshes/textures/Plastic011_1K-PNG_Color.png
-- Up-to-date: /home/user/dobot_ws/install/ariac_gz/share/ariac_gz/models/vacuum_tools/meshes/vg_4_visual.gltf
-- Up-to-date: /home/user/dobot_ws/install/ariac_gz/share/ariac_gz/models/vacuum_tools/meshes/vg_2_visual.bin
-- Up-to-date: /home/user/dobot_ws/install/ariac_gz/share/ariac_gz/models/vacuum_tools/meshes/vg_4_visual.bin
-- Up-to-date: /home/user/dobot_ws/install/ariac_gz/share/ariac_gz/models/vacuum_tools/meshes/vg_2_collision.stl
-- Up-to-date: /home/user/dobot_ws/install/ariac_gz/share/ariac_gz/models/vacuum_tools/meshes/vg_4_collision.stl
-- Up-to-date: /home/user/dobot_ws/install/ariac_gz/share/ariac_gz/models/vacuum_tools/vg_2
-- Up-to-date: /home/user/dobot_ws/install/ariac_gz/share/ariac_gz/models/vacuum_tools/vg_2/model.config
-- Up-to-date: /home/user/dobot_ws/install/ariac_gz/share/ariac_gz/models/vacuum_tools/vg_2/model.sdf
-- Up-to-date: /home/user/dobot_ws/install/ariac_gz/share/ariac_gz/models/robot_stand
-- Up-to-date: /home/user/dobot_ws/install/ariac_gz/share/ariac_gz/models/robot_stand/model.config
-- Up-to-date: /home/user/dobot_ws/install/ariac_gz/share/ariac_gz/models/robot_stand/meshes
-- Up-to-date: /home/user/dobot_ws/install/ariac_gz/share/ariac_gz/models/robot_stand/meshes/textures
-- Up-to-date: /home/user/dobot_ws/install/ariac_gz/share/ariac_gz/models/robot_stand/meshes/textures/Metal009_1K-PNG_Color.png
-- Up-to-date: /home/user/dobot_ws/install/ariac_gz/share/ariac_gz/models/robot_stand/meshes/textures/Rubber004_1K-PNG_Color.png
-- Up-to-date: /home/user/dobot_ws/install/ariac_gz/share/ariac_gz/models/robot_stand/meshes/textures/Plastic011_1K-PNG_Color.png
-- Up-to-date: /home/user/dobot_ws/install/ariac_gz/share/ariac_gz/models/robot_stand/meshes/robot_stand.bin
-- Up-to-date: /home/user/dobot_ws/install/ariac_gz/share/ariac_gz/models/robot_stand/meshes/robot_stand.gltf
-- Up-to-date: /home/user/dobot_ws/install/ariac_gz/share/ariac_gz/models/robot_stand/model.sdf
-- Up-to-date: /home/user/dobot_ws/install/ariac_gz/share/ariac_gz/models/TrolleyBox1
-- Up-to-date: /home/user/dobot_ws/install/ariac_gz/share/ariac_gz/models/TrolleyBox1/model.config
-- Up-to-date: /home/user/dobot_ws/install/ariac_gz/share/ariac_gz/models/TrolleyBox1/thumbnails
-- Up-to-date: /home/user/dobot_ws/install/ariac_gz/share/ariac_gz/models/TrolleyBox1/thumbnails/2.png
-- Up-to-date: /home/user/dobot_ws/install/ariac_gz/share/ariac_gz/models/TrolleyBox1/thumbnails/3.png
-- Up-to-date: /home/user/dobot_ws/install/ariac_gz/share/ariac_gz/models/TrolleyBox1/thumbnails/4.png
-- Up-to-date: /home/user/dobot_ws/install/ariac_gz/share/ariac_gz/models/TrolleyBox1/thumbnails/5.png
-- Up-to-date: /home/user/dobot_ws/install/ariac_gz/share/ariac_gz/models/TrolleyBox1/thumbnails/1.png
-- Up-to-date: /home/user/dobot_ws/install/ariac_gz/share/ariac_gz/models/TrolleyBox1/meshes
-- Up-to-date: /home/user/dobot_ws/install/ariac_gz/share/ariac_gz/models/TrolleyBox1/meshes/TrolleyBox1.mtl
-- Up-to-date: /home/user/dobot_ws/install/ariac_gz/share/ariac_gz/models/TrolleyBox1/meshes/blue.png
-- Up-to-date: /home/user/dobot_ws/install/ariac_gz/share/ariac_gz/models/TrolleyBox1/meshes/close.png
-- Up-to-date: /home/user/dobot_ws/install/ariac_gz/share/ariac_gz/models/TrolleyBox1/meshes/sealed.png
-- Up-to-date: /home/user/dobot_ws/install/ariac_gz/share/ariac_gz/models/TrolleyBox1/meshes/TrolleyBox1_Col.mtl
-- Up-to-date: /home/user/dobot_ws/install/ariac_gz/share/ariac_gz/models/TrolleyBox1/meshes/open.png
-- Up-to-date: /home/user/dobot_ws/install/ariac_gz/share/ariac_gz/models/TrolleyBox1/meshes/TrolleyBox1_Col.obj
-- Up-to-date: /home/user/dobot_ws/install/ariac_gz/share/ariac_gz/models/TrolleyBox1/meshes/TrolleyBox1.obj
-- Up-to-date: /home/user/dobot_ws/install/ariac_gz/share/ariac_gz/models/TrolleyBox1/model.sdf
-- Up-to-date: /home/user/dobot_ws/install/ariac_gz/share/ariac_gz/models/recorders
-- Up-to-date: /home/user/dobot_ws/install/ariac_gz/share/ariac_gz/models/recorders/vertical_recorder
-- Up-to-date: /home/user/dobot_ws/install/ariac_gz/share/ariac_gz/models/recorders/vertical_recorder/model.config
-- Up-to-date: /home/user/dobot_ws/install/ariac_gz/share/ariac_gz/models/recorders/vertical_recorder/model.sdf
-- Up-to-date: /home/user/dobot_ws/install/ariac_gz/share/ariac_gz/models/recorders/horizontal_recorder
-- Up-to-date: /home/user/dobot_ws/install/ariac_gz/share/ariac_gz/models/recorders/horizontal_recorder/model.config
-- Up-to-date: /home/user/dobot_ws/install/ariac_gz/share/ariac_gz/models/recorders/horizontal_recorder/model.sdf
-- Up-to-date: /home/user/dobot_ws/install/ariac_gz/share/ariac_gz/models/inspection_conveyor
-- Up-to-date: /home/user/dobot_ws/install/ariac_gz/share/ariac_gz/models/inspection_conveyor/model.config
-- Up-to-date: /home/user/dobot_ws/install/ariac_gz/share/ariac_gz/models/inspection_conveyor/meshes
-- Up-to-date: /home/user/dobot_ws/install/ariac_gz/share/ariac_gz/models/inspection_conveyor/meshes/conveyor.glb
-- Up-to-date: /home/user/dobot_ws/install/ariac_gz/share/ariac_gz/models/inspection_conveyor/meshes/conveyor_door.glb
-- Up-to-date: /home/user/dobot_ws/install/ariac_gz/share/ariac_gz/models/inspection_conveyor/model.sdf
-- Up-to-date: /home/user/dobot_ws/install/ariac_gz/share/ariac_gz/models/floor
-- Up-to-date: /home/user/dobot_ws/install/ariac_gz/share/ariac_gz/models/floor/model.config
-- Up-to-date: /home/user/dobot_ws/install/ariac_gz/share/ariac_gz/models/floor/meshes
-- Up-to-date: /home/user/dobot_ws/install/ariac_gz/share/ariac_gz/models/floor/meshes/floor.glb
-- Up-to-date: /home/user/dobot_ws/install/ariac_gz/share/ariac_gz/models/floor/model.sdf
-- Up-to-date: /home/user/dobot_ws/install/ariac_gz/share/ariac_gz/models/agv
-- Up-to-date: /home/user/dobot_ws/install/ariac_gz/share/ariac_gz/models/agv/model.config
-- Up-to-date: /home/user/dobot_ws/install/ariac_gz/share/ariac_gz/models/agv/meshes
-- Up-to-date: /home/user/dobot_ws/install/ariac_gz/share/ariac_gz/models/agv/meshes/agv.glb
-- Up-to-date: /home/user/dobot_ws/install/ariac_gz/share/ariac_gz/models/agv/model.sdf
-- Up-to-date: /home/user/dobot_ws/install/ariac_gz/share/ariac_gz/models/walls
-- Up-to-date: /home/user/dobot_ws/install/ariac_gz/share/ariac_gz/models/walls/model.config
-- Up-to-date: /home/user/dobot_ws/install/ariac_gz/share/ariac_gz/models/walls/meshes
-- Up-to-date: /home/user/dobot_ws/install/ariac_gz/share/ariac_gz/models/walls/meshes/walls.glb
-- Up-to-date: /home/user/dobot_ws/install/ariac_gz/share/ariac_gz/models/walls/model.sdf
-- Up-to-date: /home/user/dobot_ws/install/ariac_gz/share/ariac_gz/models/module_shelves
-- Up-to-date: /home/user/dobot_ws/install/ariac_gz/share/ariac_gz/models/module_shelves/model.config
-- Up-to-date: /home/user/dobot_ws/install/ariac_gz/share/ariac_gz/models/module_shelves/meshes
-- Up-to-date: /home/user/dobot_ws/install/ariac_gz/share/ariac_gz/models/module_shelves/meshes/module_shelf.bin
-- Up-to-date: /home/user/dobot_ws/install/ariac_gz/share/ariac_gz/models/module_shelves/meshes/module_shelf.gltf
-- Up-to-date: /home/user/dobot_ws/install/ariac_gz/share/ariac_gz/models/module_shelves/model.sdf
-- Up-to-date: /home/user/dobot_ws/install/ariac_gz/share/ariac_gz/models/assembly_table
-- Up-to-date: /home/user/dobot_ws/install/ariac_gz/share/ariac_gz/models/assembly_table/model.config
-- Up-to-date: /home/user/dobot_ws/install/ariac_gz/share/ariac_gz/models/assembly_table/meshes
-- Up-to-date: /home/user/dobot_ws/install/ariac_gz/share/ariac_gz/models/assembly_table/meshes/textures
-- Up-to-date: /home/user/dobot_ws/install/ariac_gz/share/ariac_gz/models/assembly_table/meshes/textures/Metal009_1K-PNG_Color.png
-- Up-to-date: /home/user/dobot_ws/install/ariac_gz/share/ariac_gz/models/assembly_table/meshes/assembly_table.bin
-- Up-to-date: /home/user/dobot_ws/install/ariac_gz/share/ariac_gz/models/assembly_table/meshes/assembly_table.gltf
-- Up-to-date: /home/user/dobot_ws/install/ariac_gz/share/ariac_gz/models/assembly_table/model.sdf
-- Up-to-date: /home/user/dobot_ws/install/ariac_gz/share/ariac_gz/models/sensors
-- Up-to-date: /home/user/dobot_ws/install/ariac_gz/share/ariac_gz/models/sensors/lidar
-- Up-to-date: /home/user/dobot_ws/install/ariac_gz/share/ariac_gz/models/sensors/lidar/model.config
-- Up-to-date: /home/user/dobot_ws/install/ariac_gz/share/ariac_gz/models/sensors/lidar/meshes
-- Up-to-date: /home/user/dobot_ws/install/ariac_gz/share/ariac_gz/models/sensors/lidar/meshes/lidar.glb
-- Up-to-date: /home/user/dobot_ws/install/ariac_gz/share/ariac_gz/models/sensors/lidar/model.sdf
-- Up-to-date: /home/user/dobot_ws/install/ariac_gz/share/ariac_gz/models/sensors/distance
-- Up-to-date: /home/user/dobot_ws/install/ariac_gz/share/ariac_gz/models/sensors/distance/model.config
-- Up-to-date: /home/user/dobot_ws/install/ariac_gz/share/ariac_gz/models/sensors/distance/meshes
-- Up-to-date: /home/user/dobot_ws/install/ariac_gz/share/ariac_gz/models/sensors/distance/meshes/distance_sensor.glb
-- Up-to-date: /home/user/dobot_ws/install/ariac_gz/share/ariac_gz/models/sensors/distance/model.sdf
-- Up-to-date: /home/user/dobot_ws/install/ariac_gz/share/ariac_gz/models/sensors/break_beam
-- Up-to-date: /home/user/dobot_ws/install/ariac_gz/share/ariac_gz/models/sensors/break_beam/model.config
-- Up-to-date: /home/user/dobot_ws/install/ariac_gz/share/ariac_gz/models/sensors/break_beam/meshes
-- Up-to-date: /home/user/dobot_ws/install/ariac_gz/share/ariac_gz/models/sensors/break_beam/meshes/break_beam.glb
-- Up-to-date: /home/user/dobot_ws/install/ariac_gz/share/ariac_gz/models/sensors/break_beam/model.sdf
-- Up-to-date: /home/user/dobot_ws/install/ariac_gz/share/ariac_gz/models/sensors/camera
-- Up-to-date: /home/user/dobot_ws/install/ariac_gz/share/ariac_gz/models/sensors/camera/model.config
-- Up-to-date: /home/user/dobot_ws/install/ariac_gz/share/ariac_gz/models/sensors/camera/meshes
-- Up-to-date: /home/user/dobot_ws/install/ariac_gz/share/ariac_gz/models/sensors/camera/meshes/camera.glb
-- Up-to-date: /home/user/dobot_ws/install/ariac_gz/share/ariac_gz/models/sensors/camera/model.sdf
-- Up-to-date: /home/user/dobot_ws/install/ariac_gz/share/ariac_gz/models/voltage_tester
-- Up-to-date: /home/user/dobot_ws/install/ariac_gz/share/ariac_gz/models/voltage_tester/model.config
-- Up-to-date: /home/user/dobot_ws/install/ariac_gz/share/ariac_gz/models/voltage_tester/meshes
-- Up-to-date: /home/user/dobot_ws/install/ariac_gz/share/ariac_gz/models/voltage_tester/meshes/voltage_tester.glb
-- Up-to-date: /home/user/dobot_ws/install/ariac_gz/share/ariac_gz/models/voltage_tester/model.sdf
-- Up-to-date: /home/user/dobot_ws/install/ariac_gz/share/ariac_gz/models/battery_module
-- Up-to-date: /home/user/dobot_ws/install/ariac_gz/share/ariac_gz/models/battery_module/bottom_shell
-- Up-to-date: /home/user/dobot_ws/install/ariac_gz/share/ariac_gz/models/battery_module/bottom_shell/model.config
-- Up-to-date: /home/user/dobot_ws/install/ariac_gz/share/ariac_gz/models/battery_module/bottom_shell/model.sdf
-- Up-to-date: /home/user/dobot_ws/install/ariac_gz/share/ariac_gz/models/battery_module/meshes
-- Up-to-date: /home/user/dobot_ws/install/ariac_gz/share/ariac_gz/models/battery_module/meshes/collision
-- Up-to-date: /home/user/dobot_ws/install/ariac_gz/share/ariac_gz/models/battery_module/meshes/collision/bottom_shell.stl
-- Up-to-date: /home/user/dobot_ws/install/ariac_gz/share/ariac_gz/models/battery_module/meshes/collision/top_shell_vg_2.stl
-- Up-to-date: /home/user/dobot_ws/install/ariac_gz/share/ariac_gz/models/battery_module/meshes/collision/top_shell_vg_4.stl
-- Up-to-date: /home/user/dobot_ws/install/ariac_gz/share/ariac_gz/models/battery_module/meshes/visual
-- Up-to-date: /home/user/dobot_ws/install/ariac_gz/share/ariac_gz/models/battery_module/meshes/visual/top_shell.glb
-- Up-to-date: /home/user/dobot_ws/install/ariac_gz/share/ariac_gz/models/battery_module/meshes/visual/black_nist_shell_logo.png
-- Up-to-date: /home/user/dobot_ws/install/ariac_gz/share/ariac_gz/models/battery_module/meshes/visual/weld_plate.stl
-- Up-to-date: /home/user/dobot_ws/install/ariac_gz/share/ariac_gz/models/battery_module/meshes/visual/bottom_shell.glb
-- Up-to-date: /home/user/dobot_ws/install/ariac_gz/share/ariac_gz/models/battery_module/meshes/visual/weld_bead.stl
-- Up-to-date: /home/user/dobot_ws/install/ariac_gz/share/ariac_gz/models/battery_module/top_shell
-- Up-to-date: /home/user/dobot_ws/install/ariac_gz/share/ariac_gz/models/battery_module/top_shell/model.config
-- Up-to-date: /home/user/dobot_ws/install/ariac_gz/share/ariac_gz/models/battery_module/top_shell/model.sdf
-- Up-to-date: /home/user/dobot_ws/install/ariac_gz/share/ariac_gz/models/kit_tray
-- Up-to-date: /home/user/dobot_ws/install/ariac_gz/share/ariac_gz/models/kit_tray/model.config
-- Up-to-date: /home/user/dobot_ws/install/ariac_gz/share/ariac_gz/models/kit_tray/meshes
-- Up-to-date: /home/user/dobot_ws/install/ariac_gz/share/ariac_gz/models/kit_tray/meshes/kit_tray_visual.glb
-- Up-to-date: /home/user/dobot_ws/install/ariac_gz/share/ariac_gz/models/kit_tray/meshes/kit_tray_collision.stl
-- Up-to-date: /home/user/dobot_ws/install/ariac_gz/share/ariac_gz/models/kit_tray/meshes/kit_tray_slot_collision.stl
-- Up-to-date: /home/user/dobot_ws/install/ariac_gz/share/ariac_gz/models/kit_tray/model.sdf
-- Up-to-date: /home/user/dobot_ws/install/ariac_gz/share/ariac_gz/models/shelf
-- Up-to-date: /home/user/dobot_ws/install/ariac_gz/share/ariac_gz/models/shelf/model.config
-- Up-to-date: /home/user/dobot_ws/install/ariac_gz/share/ariac_gz/models/shelf/meshes
-- Up-to-date: /home/user/dobot_ws/install/ariac_gz/share/ariac_gz/models/shelf/meshes/Box_paper_04_1_Base_Color.png
-- Up-to-date: /home/user/dobot_ws/install/ariac_gz/share/ariac_gz/models/shelf/meshes/shelf_big_movai.dae
-- Up-to-date: /home/user/dobot_ws/install/ariac_gz/share/ariac_gz/models/shelf/model.sdf
-- Up-to-date: /home/user/dobot_ws/install/ariac_gz/share/ariac_gz/models/voltage_testing_stand
-- Up-to-date: /home/user/dobot_ws/install/ariac_gz/share/ariac_gz/models/voltage_testing_stand/model.config
-- Up-to-date: /home/user/dobot_ws/install/ariac_gz/share/ariac_gz/models/voltage_testing_stand/meshes
-- Up-to-date: /home/user/dobot_ws/install/ariac_gz/share/ariac_gz/models/voltage_testing_stand/meshes/voltage_testing_stand.glb
-- Up-to-date: /home/user/dobot_ws/install/ariac_gz/share/ariac_gz/models/voltage_testing_stand/model.sdf
-- Up-to-date: /home/user/dobot_ws/install/ariac_gz/share/ariac_gz/world
-- Up-to-date: /home/user/dobot_ws/install/ariac_gz/share/ariac_gz/world/ariac.world
-- Up-to-date: /home/user/dobot_ws/install/ariac_gz/share/ariac_gz/environment/ariac_gz.dsv
-- Up-to-date: /home/user/dobot_ws/install/ariac_gz/share/ariac_gz/environment/ariac_gz.sh
-- Up-to-date: /home/user/dobot_ws/install/ariac_gz/share/ament_index/resource_index/package_run_dependencies/ariac_gz
-- Up-to-date: /home/user/dobot_ws/install/ariac_gz/share/ament_index/resource_index/parent_prefix_path/ariac_gz
-- Up-to-date: /home/user/dobot_ws/install/ariac_gz/share/ariac_gz/environment/ament_prefix_path.sh
-- Up-to-date: /home/user/dobot_ws/install/ariac_gz/share/ariac_gz/environment/ament_prefix_path.dsv
-- Up-to-date: /home/user/dobot_ws/install/ariac_gz/share/ariac_gz/environment/path.sh
-- Up-to-date: /home/user/dobot_ws/install/ariac_gz/share/ariac_gz/environment/path.dsv
-- Up-to-date: /home/user/dobot_ws/install/ariac_gz/share/ariac_gz/local_setup.bash
-- Up-to-date: /home/user/dobot_ws/install/ariac_gz/share/ariac_gz/local_setup.sh
-- Up-to-date: /home/user/dobot_ws/install/ariac_gz/share/ariac_gz/local_setup.zsh
-- Up-to-date: /home/user/dobot_ws/install/ariac_gz/share/ariac_gz/local_setup.dsv
-- Up-to-date: /home/user/dobot_ws/install/ariac_gz/share/ariac_gz/package.dsv
-- Up-to-date: /home/user/dobot_ws/install/ariac_gz/share/ament_index/resource_index/packages/ariac_gz
-- Up-to-date: /home/user/dobot_ws/install/ariac_gz/share/ariac_gz/cmake/ariac_gzConfig.cmake
-- Up-to-date: /home/user/dobot_ws/install/ariac_gz/share/ariac_gz/cmake/ariac_gzConfig-version.cmake
-- Up-to-date: /home/user/dobot_ws/install/ariac_gz/share/ariac_gz/package.xml
